Archive member included to satisfy reference by file (symbol)

/usr/local/Cellar/arm-none-eabi-gcc/9-2019-q4-major/gcc/bin/../lib/gcc/arm-none-eabi/9.2.1/../../../../arm-none-eabi/lib/thumb/v6-m/nofp/libc_nano.a(lib_a-exit.o)
                              /usr/local/Cellar/arm-none-eabi-gcc/9-2019-q4-major/gcc/bin/../lib/gcc/arm-none-eabi/9.2.1/../../../../arm-none-eabi/lib/thumb/v6-m/nofp/crt0.o (exit)
/usr/local/Cellar/arm-none-eabi-gcc/9-2019-q4-major/gcc/bin/../lib/gcc/arm-none-eabi/9.2.1/../../../../arm-none-eabi/lib/thumb/v6-m/nofp/libc_nano.a(lib_a-impure.o)
                              /usr/local/Cellar/arm-none-eabi-gcc/9-2019-q4-major/gcc/bin/../lib/gcc/arm-none-eabi/9.2.1/../../../../arm-none-eabi/lib/thumb/v6-m/nofp/libc_nano.a(lib_a-exit.o) (_global_impure_ptr)
/usr/local/Cellar/arm-none-eabi-gcc/9-2019-q4-major/gcc/bin/../lib/gcc/arm-none-eabi/9.2.1/../../../../arm-none-eabi/lib/thumb/v6-m/nofp/libc_nano.a(lib_a-init.o)
                              /usr/local/Cellar/arm-none-eabi-gcc/9-2019-q4-major/gcc/bin/../lib/gcc/arm-none-eabi/9.2.1/../../../../arm-none-eabi/lib/thumb/v6-m/nofp/crt0.o (__libc_init_array)
/usr/local/Cellar/arm-none-eabi-gcc/9-2019-q4-major/gcc/bin/../lib/gcc/arm-none-eabi/9.2.1/../../../../arm-none-eabi/lib/thumb/v6-m/nofp/libc_nano.a(lib_a-memset.o)
                              /usr/local/Cellar/arm-none-eabi-gcc/9-2019-q4-major/gcc/bin/../lib/gcc/arm-none-eabi/9.2.1/../../../../arm-none-eabi/lib/thumb/v6-m/nofp/crt0.o (memset)
/usr/local/Cellar/arm-none-eabi-gcc/9-2019-q4-major/gcc/bin/../lib/gcc/arm-none-eabi/9.2.1/../../../../arm-none-eabi/lib/thumb/v6-m/nofp/libnosys.a(_exit.o)
                              /usr/local/Cellar/arm-none-eabi-gcc/9-2019-q4-major/gcc/bin/../lib/gcc/arm-none-eabi/9.2.1/../../../../arm-none-eabi/lib/thumb/v6-m/nofp/libc_nano.a(lib_a-exit.o) (_exit)
/usr/local/Cellar/arm-none-eabi-gcc/9-2019-q4-major/gcc/bin/../lib/gcc/arm-none-eabi/9.2.1/../../../../arm-none-eabi/lib/thumb/v6-m/nofp/libc_nano.a(lib_a-printf.o)
                              _build/main.o (printf)
/usr/local/Cellar/arm-none-eabi-gcc/9-2019-q4-major/gcc/bin/../lib/gcc/arm-none-eabi/9.2.1/../../../../arm-none-eabi/lib/thumb/v6-m/nofp/libc_nano.a(lib_a-findfp.o)
                              /usr/local/Cellar/arm-none-eabi-gcc/9-2019-q4-major/gcc/bin/../lib/gcc/arm-none-eabi/9.2.1/../../../../arm-none-eabi/lib/thumb/v6-m/nofp/libc_nano.a(lib_a-printf.o) (__sinit)
/usr/local/Cellar/arm-none-eabi-gcc/9-2019-q4-major/gcc/bin/../lib/gcc/arm-none-eabi/9.2.1/../../../../arm-none-eabi/lib/thumb/v6-m/nofp/libc_nano.a(lib_a-fwalk.o)
                              /usr/local/Cellar/arm-none-eabi-gcc/9-2019-q4-major/gcc/bin/../lib/gcc/arm-none-eabi/9.2.1/../../../../arm-none-eabi/lib/thumb/v6-m/nofp/libc_nano.a(lib_a-findfp.o) (_fwalk)
/usr/local/Cellar/arm-none-eabi-gcc/9-2019-q4-major/gcc/bin/../lib/gcc/arm-none-eabi/9.2.1/../../../../arm-none-eabi/lib/thumb/v6-m/nofp/libc_nano.a(lib_a-lock.o)
                              /usr/local/Cellar/arm-none-eabi-gcc/9-2019-q4-major/gcc/bin/../lib/gcc/arm-none-eabi/9.2.1/../../../../arm-none-eabi/lib/thumb/v6-m/nofp/libc_nano.a(lib_a-findfp.o) (__retarget_lock_init_recursive)
/usr/local/Cellar/arm-none-eabi-gcc/9-2019-q4-major/gcc/bin/../lib/gcc/arm-none-eabi/9.2.1/../../../../arm-none-eabi/lib/thumb/v6-m/nofp/libc_nano.a(lib_a-nano-mallocr.o)
                              /usr/local/Cellar/arm-none-eabi-gcc/9-2019-q4-major/gcc/bin/../lib/gcc/arm-none-eabi/9.2.1/../../../../arm-none-eabi/lib/thumb/v6-m/nofp/libc_nano.a(lib_a-findfp.o) (_malloc_r)
/usr/local/Cellar/arm-none-eabi-gcc/9-2019-q4-major/gcc/bin/../lib/gcc/arm-none-eabi/9.2.1/../../../../arm-none-eabi/lib/thumb/v6-m/nofp/libc_nano.a(lib_a-nano-vfprintf.o)
                              /usr/local/Cellar/arm-none-eabi-gcc/9-2019-q4-major/gcc/bin/../lib/gcc/arm-none-eabi/9.2.1/../../../../arm-none-eabi/lib/thumb/v6-m/nofp/libc_nano.a(lib_a-printf.o) (_vfprintf_r)
/usr/local/Cellar/arm-none-eabi-gcc/9-2019-q4-major/gcc/bin/../lib/gcc/arm-none-eabi/9.2.1/../../../../arm-none-eabi/lib/thumb/v6-m/nofp/libc_nano.a(lib_a-nano-vfprintf_i.o)
                              /usr/local/Cellar/arm-none-eabi-gcc/9-2019-q4-major/gcc/bin/../lib/gcc/arm-none-eabi/9.2.1/../../../../arm-none-eabi/lib/thumb/v6-m/nofp/libc_nano.a(lib_a-nano-vfprintf.o) (_printf_i)
/usr/local/Cellar/arm-none-eabi-gcc/9-2019-q4-major/gcc/bin/../lib/gcc/arm-none-eabi/9.2.1/../../../../arm-none-eabi/lib/thumb/v6-m/nofp/libc_nano.a(lib_a-sbrkr.o)
                              /usr/local/Cellar/arm-none-eabi-gcc/9-2019-q4-major/gcc/bin/../lib/gcc/arm-none-eabi/9.2.1/../../../../arm-none-eabi/lib/thumb/v6-m/nofp/libc_nano.a(lib_a-nano-mallocr.o) (_sbrk_r)
/usr/local/Cellar/arm-none-eabi-gcc/9-2019-q4-major/gcc/bin/../lib/gcc/arm-none-eabi/9.2.1/../../../../arm-none-eabi/lib/thumb/v6-m/nofp/libc_nano.a(lib_a-stdio.o)
[...]
Memory Configuration

Name             Origin             Length             Attributes
FLASH            0x0000000000018000 0x0000000000028000 xr
RAM              0x0000000020002000 0x0000000000002000 xrw
*default*        0x0000000000000000 0xffffffffffffffff

Linker script and memory map

LOAD /usr/local/Cellar/arm-none-eabi-gcc/9-2019-q4-major/gcc/bin/../lib/gcc/arm-none-eabi/9.2.1/thumb/v6-m/nofp/crti.o
LOAD /usr/local/Cellar/arm-none-eabi-gcc/9-2019-q4-major/gcc/bin/../lib/gcc/arm-none-eabi/9.2.1/thumb/v6-m/nofp/crtbegin.o
LOAD /usr/local/Cellar/arm-none-eabi-gcc/9-2019-q4-major/gcc/bin/../lib/gcc/arm-none-eabi/9.2.1/../../../../arm-none-eabi/lib/thumb/v6-m/nofp/crt0.o
LOAD /usr/local/Cellar/arm-none-eabi-gcc/9-2019-q4-major/gcc/bin/../lib/gcc/arm-none-eabi/9.2.1/../../../../arm-none-eabi/lib/thumb/v6-m/nofp/libc_nano.a
LOAD /usr/local/Cellar/arm-none-eabi-gcc/9-2019-q4-major/gcc/bin/../lib/gcc/arm-none-eabi/9.2.1/../../../../arm-none-eabi/lib/thumb/v6-m/nofp/libnosys.a
LOAD _build/system_nrf51.o
LOAD _build/main.o
LOAD _build/nrf_delay.o
LOAD _build/app_error.o
LOAD _build/app_fifo.o
LOAD _build/app_util_platform.o
LOAD _build/nrf_assert.o
LOAD _build/retarget.o
LOAD _build/app_uart_fifo.o
LOAD _build/nrf_drv_common.o
LOAD _build/nrf_drv_uart.o
LOAD _build/nrf_drv_twi.o
LOAD _build/gcc_startup_nrf51.o
START GROUP
LOAD /usr/local/Cellar/arm-none-eabi-gcc/9-2019-q4-major/gcc/bin/../lib/gcc/arm-none-eabi/9.2.1/thumb/v6-m/nofp/libgcc.a
LOAD /usr/local/Cellar/arm-none-eabi-gcc/9-2019-q4-major/gcc/bin/../lib/gcc/arm-none-eabi/9.2.1/../../../../arm-none-eabi/lib/thumb/v6-m/nofp/libc_nano.a
END GROUP
START GROUP
LOAD /usr/local/Cellar/arm-none-eabi-gcc/9-2019-q4-major/gcc/bin/../lib/gcc/arm-none-eabi/9.2.1/thumb/v6-m/nofp/libgcc.a
LOAD /usr/local/Cellar/arm-none-eabi-gcc/9-2019-q4-major/gcc/bin/../lib/gcc/arm-none-eabi/9.2.1/../../../../arm-none-eabi/lib/thumb/v6-m/nofp/libc_nano.a
END GROUP
LOAD /usr/local/Cellar/arm-none-eabi-gcc/9-2019-q4-major/gcc/bin/../lib/gcc/arm-none-eabi/9.2.1/thumb/v6-m/nofp/crtend.o
LOAD /usr/local/Cellar/arm-none-eabi-gcc/9-2019-q4-major/gcc/bin/../lib/gcc/arm-none-eabi/9.2.1/thumb/v6-m/nofp/crtn.o
START GROUP
LOAD /usr/local/Cellar/arm-none-eabi-gcc/9-2019-q4-major/gcc/bin/../lib/gcc/arm-none-eabi/9.2.1/thumb/v6-m/nofp/libgcc.a
LOAD /usr/local/Cellar/arm-none-eabi-gcc/9-2019-q4-major/gcc/bin/../lib/gcc/arm-none-eabi/9.2.1/../../../../arm-none-eabi/lib/thumb/v6-m/nofp/libc.a
LOAD /usr/local/Cellar/arm-none-eabi-gcc/9-2019-q4-major/gcc/bin/../lib/gcc/arm-none-eabi/9.2.1/../../../../arm-none-eabi/lib/thumb/v6-m/nofp/libnosys.a
END GROUP

.fs_data_out    0x0000000000000000        0x0
                [!provide]                        PROVIDE (__start_fs_data = .)
 *(fs_data)
                [!provide]                        PROVIDE (__stop_fs_data = .)

.text           0x0000000000018000     0x39e0
 *(.Vectors)
 .Vectors       0x0000000000018000       0xc0 _build/gcc_startup_nrf51.o
                0x0000000000018000                __Vectors
 *(.text*)
 .text          0x00000000000180c0       0x48 /usr/local/Cellar/arm-none-eabi-gcc/9-2019-q4-major/gcc/bin/../lib/gcc/arm-none-eabi/9.2.1/thumb/v6-m/nofp/crtbegin.o
 .text          0x0000000000018108       0x78 /usr/local/Cellar/arm-none-eabi-gcc/9-2019-q4-major/gcc/bin/../lib/gcc/arm-none-eabi/9.2.1/../../../../arm-none-eabi/lib/thumb/v6-m/nofp/crt0.o
                0x0000000000018108                _mainCRTStartup
                0x0000000000018108                _start
 .text.exit     0x0000000000018180       0x2c /usr/local/Cellar/arm-none-eabi-gcc/9-2019-q4-major/gcc/bin/../lib/gcc/arm-none-eabi/9.2.1/../../../../arm-none-eabi/lib/thumb/v6-m/nofp/libc_nano.a(lib_a-exit.o)
                0x0000000000018180                exit
 .text.__libc_init_array
                0x00000000000181ac       0x48 /usr/local/Cellar/arm-none-eabi-gcc/9-2019-q4-major/gcc/bin/../lib/gcc/arm-none-eabi/9.2.1/../../../../arm-none-eabi/lib/thumb/v6-m/nofp/libc_nano.a(lib_a-init.o)
                0x00000000000181ac                __libc_init_array
 .text.memset   0x00000000000181f4       0x10 /usr/local/Cellar/arm-none-eabi-gcc/9-2019-q4-major/gcc/bin/../lib/gcc/arm-none-eabi/9.2.1/../../../../arm-none-eabi/lib/thumb/v6-m/nofp/libc_nano.a(lib_a-memset.o)
                0x00000000000181f4                memset
 .text._exit    0x0000000000018204        0x4 /usr/local/Cellar/arm-none-eabi-gcc/9-2019-q4-major/gcc/bin/../lib/gcc/arm-none-eabi/9.2.1/../../../../arm-none-eabi/lib/thumb/v6-m/nofp/libnosys.a(_exit.o)
                0x0000000000018204                _exit
 .text.SystemInit
                0x0000000000018208       0x40 _build/system_nrf51.o
                0x0000000000018208                SystemInit
 .text.is_manual_peripheral_setup_needed
                0x0000000000018248       0x80 _build/system_nrf51.o
 .text.is_disabled_in_debug_needed
                0x00000000000182c8       0x4c _build/system_nrf51.o
 .text.nrf_gpio_cfg
                0x0000000000018314       0x60 _build/main.o
 .text.nrf_gpio_cfg_output
                0x0000000000018374       0x24 _build/main.o
 .text.nrf_gpio_pin_set
                0x0000000000018398       0x20 _build/main.o
 .text.nrf_gpio_pin_clear
                0x00000000000183b8       0x24 _build/main.o
 .text.uart_error_handle
                0x00000000000183dc       0x3e _build/main.o
                0x00000000000183dc                uart_error_handle
 *fill*         0x000000000001841a        0x2 
 .text.twi_handler
                0x000000000001841c       0x68 _build/main.o
                0x000000000001841c                twi_handler
 .text.i2cInit  0x0000000000018484       0x54 _build/main.o
                0x0000000000018484                i2cInit
 .text.main     0x00000000000184d8      0x1ac _build/main.o
                0x00000000000184d8                main
 .text.nrf_delay_ms
                0x0000000000018684       0x4c _build/nrf_delay.o
                0x0000000000018684                nrf_delay_ms
 .text.NVIC_SystemReset
                0x00000000000186d0       0x20 _build/app_error.o
 .text.app_error_handler
                0x00000000000186f0       0x18 _build/app_error.o
                0x00000000000186f0                app_error_handler
 .text.fifo_length
                0x0000000000018708       0x1e _build/app_fifo.o
 .text.fifo_put
                0x0000000000018726       0x36 _build/app_fifo.o
 .text.fifo_get
                0x000000000001875c       0x32 _build/app_fifo.o
 .text.app_fifo_init
                0x000000000001878e       0x5a _build/app_fifo.o
                0x000000000001878e                app_fifo_init
 .text.app_fifo_put
                0x00000000000187e8       0x3c _build/app_fifo.o
                0x00000000000187e8                app_fifo_put
 .text.app_fifo_get
                0x0000000000018824       0x30 _build/app_fifo.o
                0x0000000000018824                app_fifo_get
 .text._write   0x0000000000018854       0x38 _build/retarget.o
                0x0000000000018854                _write
 .text._read    0x000000000001888c       0x26 _build/retarget.o
                0x000000000001888c                _read
 .text.fifo_length
                0x00000000000188b2       0x1e _build/app_uart_fifo.o
 .text.uart_event_handler
                0x00000000000188d0      0x104 _build/app_uart_fifo.o
 .text.app_uart_init
                0x00000000000189d4      0x11c _build/app_uart_fifo.o
                0x00000000000189d4                app_uart_init
 .text.app_uart_get
                0x0000000000018af0       0x50 _build/app_uart_fifo.o
                0x0000000000018af0                app_uart_get
 .text.app_uart_put
                0x0000000000018b40       0x4c _build/app_uart_fifo.o
                0x0000000000018b40                app_uart_put
 .text.NVIC_EnableIRQ
                0x0000000000018b8c       0x2c _build/nrf_drv_common.o
 .text.NVIC_ClearPendingIRQ
                0x0000000000018bb8       0x34 _build/nrf_drv_common.o
 .text.NVIC_SetPriority
                0x0000000000018bec       0xdc _build/nrf_drv_common.o
 .text.nrf_drv_common_irq_enable
                0x0000000000018cc8       0x44 _build/nrf_drv_common.o
                0x0000000000018cc8                nrf_drv_common_irq_enable
 .text.nrf_uart_event_clear
                0x0000000000018d0c       0x22 _build/nrf_drv_uart.o
 .text.nrf_uart_event_check
                0x0000000000018d2e       0x26 _build/nrf_drv_uart.o
 .text.nrf_uart_int_enable
                0x0000000000018d54       0x1c _build/nrf_drv_uart.o
 .text.nrf_uart_int_enable_check
                0x0000000000018d70       0x24 _build/nrf_drv_uart.o
 .text.nrf_uart_int_disable
                0x0000000000018d94       0x1c _build/nrf_drv_uart.o
 .text.nrf_uart_errorsrc_get_and_clear
                0x0000000000018db0       0x26 _build/nrf_drv_uart.o
 .text.nrf_uart_enable
                0x0000000000018dd6       0x1a _build/nrf_drv_uart.o
 .text.nrf_uart_txrx_pins_set
                0x0000000000018df0       0x2c _build/nrf_drv_uart.o
 .text.nrf_uart_hwfc_pins_set
                0x0000000000018e1c       0x28 _build/nrf_drv_uart.o
 .text.nrf_uart_rxd_get
                0x0000000000018e44       0x1a _build/nrf_drv_uart.o
 *fill*         0x0000000000018e5e        0x2 
 .text.nrf_uart_txd_set
                0x0000000000018e60       0x24 _build/nrf_drv_uart.o
 .text.nrf_uart_task_trigger
                0x0000000000018e84       0x22 _build/nrf_drv_uart.o
 *fill*         0x0000000000018ea6        0x2 
 .text.nrf_uart_configure
                0x0000000000018ea8       0x38 _build/nrf_drv_uart.o
 .text.nrf_uart_baudrate_set
                0x0000000000018ee0       0x20 _build/nrf_drv_uart.o
 .text.nrf_gpio_cfg
                0x0000000000018f00       0x60 _build/nrf_drv_uart.o
 .text.nrf_gpio_cfg_output
                0x0000000000018f60       0x24 _build/nrf_drv_uart.o
 .text.nrf_gpio_cfg_input
                0x0000000000018f84       0x2c _build/nrf_drv_uart.o
 .text.nrf_gpio_pin_set
                0x0000000000018fb0       0x20 _build/nrf_drv_uart.o
 .text.apply_config
                0x0000000000018fd0       0x9c _build/nrf_drv_uart.o
 .text.interrupts_enable
                0x000000000001906c       0x34 _build/nrf_drv_uart.o
 .text.uart_enable
                0x00000000000190a0       0x18 _build/nrf_drv_uart.o
 .text.nrf_drv_uart_init
                0x00000000000190b8       0x78 _build/nrf_drv_uart.o
                0x00000000000190b8                nrf_drv_uart_init
 .text.tx_byte  0x0000000000019130       0x54 _build/nrf_drv_uart.o
 .text.nrf_drv_uart_tx
                0x0000000000019184       0xfc _build/nrf_drv_uart.o
                0x0000000000019184                nrf_drv_uart_tx
 .text.rx_byte  0x0000000000019280       0x48 _build/nrf_drv_uart.o
 .text.rx_enable
                0x00000000000192c8       0x34 _build/nrf_drv_uart.o
 .text.nrf_drv_uart_rx
                0x00000000000192fc      0x15c _build/nrf_drv_uart.o
                0x00000000000192fc                nrf_drv_uart_rx
 .text.nrf_drv_uart_rx_enable
                0x0000000000019458       0x28 _build/nrf_drv_uart.o
                0x0000000000019458                nrf_drv_uart_rx_enable
 .text.rx_done_event
                0x0000000000019480       0x44 _build/nrf_drv_uart.o
 .text.tx_done_event
                0x00000000000194c4       0x44 _build/nrf_drv_uart.o
 .text.UART0_IRQHandler
                0x0000000000019508      0x19c _build/nrf_drv_uart.o
                0x0000000000019508                UART0_IRQHandler
 .text.NVIC_GetPriority
                0x00000000000196a4       0x7c _build/nrf_drv_twi.o
 .text.nrf_twi_task_set
                0x0000000000019720       0x22 _build/nrf_drv_twi.o
 .text.nrf_twi_event_clear
                0x0000000000019742       0x22 _build/nrf_drv_twi.o
 .text.nrf_twi_event_check
                0x0000000000019764       0x26 _build/nrf_drv_twi.o
 .text.nrf_twi_shorts_set
                0x000000000001978a       0x28 _build/nrf_drv_twi.o
 .text.nrf_twi_shorts_clear
                0x00000000000197b2       0x2a _build/nrf_drv_twi.o
 .text.nrf_twi_int_enable
                0x00000000000197dc       0x1c _build/nrf_drv_twi.o
 .text.nrf_twi_int_disable
                0x00000000000197f8       0x1c _build/nrf_drv_twi.o
 .text.nrf_twi_frequency_set
                0x0000000000019814       0x20 _build/nrf_drv_twi.o
 .text.nrf_twi_error_source_get
                0x0000000000019834       0x28 _build/nrf_drv_twi.o
 .text.nrf_twi_enable
                0x000000000001985c       0x1a _build/nrf_drv_twi.o
 *fill*         0x0000000000019876        0x2 
 .text.nrf_twi_pins_set
                0x0000000000019878       0x2c _build/nrf_drv_twi.o
 .text.nrf_twi_rxd_get
                0x00000000000198a4       0x1a _build/nrf_drv_twi.o
 *fill*         0x00000000000198be        0x2 
 .text.nrf_twi_txd_set
                0x00000000000198c0       0x24 _build/nrf_drv_twi.o
 .text.nrf_twi_address_set
                0x00000000000198e4       0x22 _build/nrf_drv_twi.o
 .text.sd_nvic_critical_region_enter
                0x0000000000019906        0x8 _build/nrf_drv_twi.o
 .text.sd_nvic_critical_region_exit
                0x000000000001990e        0x8 _build/nrf_drv_twi.o
 *fill*         0x0000000000019916        0x2 
 .text.current_int_priority_get
                0x0000000000019918       0x3c _build/nrf_drv_twi.o
 .text.nrf_gpio_pin_set
                0x0000000000019954       0x20 _build/nrf_drv_twi.o
 .text.nrf_gpio_pin_clear
                0x0000000000019974       0x24 _build/nrf_drv_twi.o
 .text.nrf_gpio_pin_read
                0x0000000000019998       0x24 _build/nrf_drv_twi.o
 .text.state_machine
                0x00000000000199bc       0xd0 _build/nrf_drv_twi.o
 .text.txrx_shorts_set_task_start
                0x0000000000019a8c       0xe8 _build/nrf_drv_twi.o
 .text.address_req
                0x0000000000019b74       0xa8 _build/nrf_drv_twi.o
 .text.rx_address_req
                0x0000000000019c1c       0xa8 _build/nrf_drv_twi.o
 .text.rx_prepare
                0x0000000000019cc4       0x18 _build/nrf_drv_twi.o
 .text.rx_done  0x0000000000019cdc       0x64 _build/nrf_drv_twi.o
 .text.tx_prepare
                0x0000000000019d40       0x48 _build/nrf_drv_twi.o
 .text.tx_done  0x0000000000019d88       0x4c _build/nrf_drv_twi.o
 .text.on_error
                0x0000000000019dd4       0x94 _build/nrf_drv_twi.o
 .text.ack_error
                0x0000000000019e68       0x30 _build/nrf_drv_twi.o
 .text.twi_action_wait
                0x0000000000019e98       0xb4 _build/nrf_drv_twi.o
 .text.twi_clear_bus
                0x0000000000019f4c      0x160 _build/nrf_drv_twi.o
 .text.twi_transfer
                0x000000000001a0ac      0x1d8 _build/nrf_drv_twi.o
 .text.nrf_drv_twi_init
                0x000000000001a284      0x110 _build/nrf_drv_twi.o
                0x000000000001a284                nrf_drv_twi_init
 .text.nrf_drv_twi_enable
                0x000000000001a394       0xb0 _build/nrf_drv_twi.o
                0x000000000001a394                nrf_drv_twi_enable
 .text.nrf_drv_twi_tx
                0x000000000001a444       0x3a _build/nrf_drv_twi.o
                0x000000000001a444                nrf_drv_twi_tx
 *fill*         0x000000000001a47e        0x2 
 .text.nrf_drv_twi_int_handler
                0x000000000001a480      0x1a0 _build/nrf_drv_twi.o
 .text.SPI0_TWI0_IRQHandler
                0x000000000001a620       0x18 _build/nrf_drv_twi.o
                0x000000000001a620                SPI0_TWI0_IRQHandler
 .text          0x000000000001a638       0x54 _build/gcc_startup_nrf51.o
                0x000000000001a638                Reset_Handler
                0x000000000001a680                NMI_Handler
                0x000000000001a682                HardFault_Handler
                0x000000000001a684                SVC_Handler
                0x000000000001a686                PendSV_Handler
                0x000000000001a688                SysTick_Handler
                0x000000000001a68a                SWI4_IRQHandler
                0x000000000001a68a                TEMP_IRQHandler
                0x000000000001a68a                QDEC_IRQHandler
                0x000000000001a68a                SWI5_IRQHandler
                0x000000000001a68a                TIMER0_IRQHandler
                0x000000000001a68a                SWI0_IRQHandler
                0x000000000001a68a                TIMER1_IRQHandler
                0x000000000001a68a                ECB_IRQHandler
                0x000000000001a68a                Default_Handler
                0x000000000001a68a                ADC_IRQHandler
                0x000000000001a68a                SWI3_IRQHandler
                0x000000000001a68a                CCM_AAR_IRQHandler
                0x000000000001a68a                WDT_IRQHandler
                0x000000000001a68a                SWI2_IRQHandler
                0x000000000001a68a                RNG_IRQHandler
                0x000000000001a68a                SPI1_TWI1_IRQHandler
                0x000000000001a68a                RTC1_IRQHandler
                0x000000000001a68a                TIMER2_IRQHandler
                0x000000000001a68a                SWI1_IRQHandler
                0x000000000001a68a                RTC0_IRQHandler
                0x000000000001a68a                GPIOTE_IRQHandler
                0x000000000001a68a                POWER_CLOCK_IRQHandler
                0x000000000001a68a                RADIO_IRQHandler
                0x000000000001a68a                LPCOMP_IRQHandler
 .text.printf   0x000000000001a68c       0x34 /usr/local/Cellar/arm-none-eabi-gcc/9-2019-q4-major/gcc/bin/../lib/gcc/arm-none-eabi/9.2.1/../../../../arm-none-eabi/lib/thumb/v6-m/nofp/libc_nano.a(lib_a-printf.o)
                0x000000000001a68c                printf
                0x000000000001a68c                iprintf
 .text.std      0x000000000001a6c0       0x48 /usr/local/Cellar/arm-none-eabi-gcc/9-2019-q4-major/gcc/bin/../lib/gcc/arm-none-eabi/9.2.1/../../../../arm-none-eabi/lib/thumb/v6-m/nofp/libc_nano.a(lib_a-findfp.o)
 .text._cleanup_r
                0x000000000001a708       0x10 /usr/local/Cellar/arm-none-eabi-gcc/9-2019-q4-major/gcc/bin/../lib/gcc/arm-none-eabi/9.2.1/../../../../arm-none-eabi/lib/thumb/v6-m/nofp/libc_nano.a(lib_a-findfp.o)
                0x000000000001a708                _cleanup_r
 .text.__sfmoreglue
                0x000000000001a718       0x2c /usr/local/Cellar/arm-none-eabi-gcc/9-2019-q4-major/gcc/bin/../lib/gcc/arm-none-eabi/9.2.1/../../../../arm-none-eabi/lib/thumb/v6-m/nofp/libc_nano.a(lib_a-findfp.o)
                0x000000000001a718                __sfmoreglue
 .text.__sfp_lock_acquire
                0x000000000001a744       0x10 /usr/local/Cellar/arm-none-eabi-gcc/9-2019-q4-major/gcc/bin/../lib/gcc/arm-none-eabi/9.2.1/../../../../arm-none-eabi/lib/thumb/v6-m/nofp/libc_nano.a(lib_a-findfp.o)
                0x000000000001a744                __sfp_lock_acquire
 .text.__sfp_lock_release
                0x000000000001a754       0x10 /usr/local/Cellar/arm-none-eabi-gcc/9-2019-q4-major/gcc/bin/../lib/gcc/arm-none-eabi/9.2.1/../../../../arm-none-eabi/lib/thumb/v6-m/nofp/libc_nano.a(lib_a-findfp.o)
                0x000000000001a754                __sfp_lock_release
 .text.__sinit_lock_acquire
                0x000000000001a764       0x10 /usr/local/Cellar/arm-none-eabi-gcc/9-2019-q4-major/gcc/bin/../lib/gcc/arm-none-eabi/9.2.1/../../../../arm-none-eabi/lib/thumb/v6-m/nofp/libc_nano.a(lib_a-findfp.o)
                0x000000000001a764                __sinit_lock_acquire
 .text.__sinit_lock_release
                0x000000000001a774       0x10 /usr/local/Cellar/arm-none-eabi-gcc/9-2019-q4-major/gcc/bin/../lib/gcc/arm-none-eabi/9.2.1/../../../../arm-none-eabi/lib/thumb/v6-m/nofp/libc_nano.a(lib_a-findfp.o)
                0x000000000001a774                __sinit_lock_release
 .text.__sinit  0x000000000001a784       0x70 /usr/local/Cellar/arm-none-eabi-gcc/9-2019-q4-major/gcc/bin/../lib/gcc/arm-none-eabi/9.2.1/../../../../arm-none-eabi/lib/thumb/v6-m/nofp/libc_nano.a(lib_a-findfp.o)
                0x000000000001a784                __sinit
 .text.__sfp    0x000000000001a7f4       0x90 /usr/local/Cellar/arm-none-eabi-gcc/9-2019-q4-major/gcc/bin/../lib/gcc/arm-none-eabi/9.2.1/../../../../arm-none-eabi/lib/thumb/v6-m/nofp/libc_nano.a(lib_a-findfp.o)
                0x000000000001a7f4                __sfp
 .text._fwalk_reent
                0x000000000001a884       0x40 /usr/local/Cellar/arm-none-eabi-gcc/9-2019-q4-major/gcc/bin/../lib/gcc/arm-none-eabi/9.2.1/../../../../arm-none-eabi/lib/thumb/v6-m/nofp/libc_nano.a(lib_a-fwalk.o)
                0x000000000001a884                _fwalk_reent
 .text.__retarget_lock_init_recursive
                0x000000000001a8c4        0x2 /usr/local/Cellar/arm-none-eabi-gcc/9-2019-q4-major/gcc/bin/../lib/gcc/arm-none-eabi/9.2.1/../../../../arm-none-eabi/lib/thumb/v6-m/nofp/libc_nano.a(lib_a-lock.o)
                0x000000000001a8c4                __retarget_lock_init_recursive
 .text.__retarget_lock_acquire_recursive
                0x000000000001a8c6        0x2 /usr/local/Cellar/arm-none-eabi-gcc/9-2019-q4-major/gcc/bin/../lib/gcc/arm-none-eabi/9.2.1/../../../../arm-none-eabi/lib/thumb/v6-m/nofp/libc_nano.a(lib_a-lock.o)
                0x000000000001a8c6                __retarget_lock_acquire_recursive
 .text.__retarget_lock_release_recursive
                0x000000000001a8c8        0x2 /usr/local/Cellar/arm-none-eabi-gcc/9-2019-q4-major/gcc/bin/../lib/gcc/arm-none-eabi/9.2.1/../../../../arm-none-eabi/lib/thumb/v6-m/nofp/libc_nano.a(lib_a-lock.o)
                0x000000000001a8c8                __retarget_lock_release_recursive
 *fill*         0x000000000001a8ca        0x2 
 .text._malloc_r
                0x000000000001a8cc       0xbc /usr/local/Cellar/arm-none-eabi-gcc/9-2019-q4-major/gcc/bin/../lib/gcc/arm-none-eabi/9.2.1/../../../../arm-none-eabi/lib/thumb/v6-m/nofp/libc_nano.a(lib_a-nano-mallocr.o)
                0x000000000001a8cc                _malloc_r
 .text.__sfputc_r
                0x000000000001a988       0x2a /usr/local/Cellar/arm-none-eabi-gcc/9-2019-q4-major/gcc/bin/../lib/gcc/arm-none-eabi/9.2.1/../../../../arm-none-eabi/lib/thumb/v6-m/nofp/libc_nano.a(lib_a-nano-vfprintf.o)
 .text.__sfputs_r
                0x000000000001a9b2       0x24 /usr/local/Cellar/arm-none-eabi-gcc/9-2019-q4-major/gcc/bin/../lib/gcc/arm-none-eabi/9.2.1/../../../../arm-none-eabi/lib/thumb/v6-m/nofp/libc_nano.a(lib_a-nano-vfprintf.o)
                0x000000000001a9b2                __sfputs_r
 *fill*         0x000000000001a9d6        0x2 
 .text._vfprintf_r
                0x000000000001a9d8      0x274 /usr/local/Cellar/arm-none-eabi-gcc/9-2019-q4-major/gcc/bin/../lib/gcc/arm-none-eabi/9.2.1/../../../../arm-none-eabi/lib/thumb/v6-m/nofp/libc_nano.a(lib_a-nano-vfprintf.o)
                0x000000000001a9d8                _vfiprintf_r
                0x000000000001a9d8                _vfprintf_r
 .text._printf_common
                0x000000000001ac4c       0xde /usr/local/Cellar/arm-none-eabi-gcc/9-2019-q4-major/gcc/bin/../lib/gcc/arm-none-eabi/9.2.1/../../../../arm-none-eabi/lib/thumb/v6-m/nofp/libc_nano.a(lib_a-nano-vfprintf_i.o)
                0x000000000001ac4c                _printf_common
 *fill*         0x000000000001ad2a        0x2 
 .text._printf_i
                0x000000000001ad2c      0x224 /usr/local/Cellar/arm-none-eabi-gcc/9-2019-q4-major/gcc/bin/../lib/gcc/arm-none-eabi/9.2.1/../../../../arm-none-eabi/lib/thumb/v6-m/nofp/libc_nano.a(lib_a-nano-vfprintf_i.o)
                0x000000000001ad2c                _printf_i
 .text._sbrk_r  0x000000000001af50       0x24 /usr/local/Cellar/arm-none-eabi-gcc/9-2019-q4-major/gcc/bin/../lib/gcc/arm-none-eabi/9.2.1/../../../../arm-none-eabi/lib/thumb/v6-m/nofp/libc_nano.a(lib_a-sbrkr.o)
                0x000000000001af50                _sbrk_r
 .text.__sread  0x000000000001af74       0x28 /usr/local/Cellar/arm-none-eabi-gcc/9-2019-q4-major/gcc/bin/../lib/gcc/arm-none-eabi/9.2.1/../../../../arm-none-eabi/lib/thumb/v6-m/nofp/libc_nano.a(lib_a-stdio.o)
                0x000000000001af74                __sread
 .text.__swrite
                0x000000000001af9c       0x38 /usr/local/Cellar/arm-none-eabi-gcc/9-2019-q4-major/gcc/bin/../lib/gcc/arm-none-eabi/9.2.1/../../../../arm-none-eabi/lib/thumb/v6-m/nofp/libc_nano.a(lib_a-stdio.o)
                0x000000000001af9c                __swrite
 .text.__sseek  0x000000000001afd4       0x2c /usr/local/Cellar/arm-none-eabi-gcc/9-2019-q4-major/gcc/bin/../lib/gcc/arm-none-eabi/9.2.1/../../../../arm-none-eabi/lib/thumb/v6-m/nofp/libc_nano.a(lib_a-stdio.o)
                0x000000000001afd4                __sseek
 .text.__sclose
                0x000000000001b000        0xc /usr/local/Cellar/arm-none-eabi-gcc/9-2019-q4-major/gcc/bin/../lib/gcc/arm-none-eabi/9.2.1/../../../../arm-none-eabi/lib/thumb/v6-m/nofp/libc_nano.a(lib_a-stdio.o)
                0x000000000001b000                __sclose
 .text.__swbuf_r
                0x000000000001b00c       0xac /usr/local/Cellar/arm-none-eabi-gcc/9-2019-q4-major/gcc/bin/../lib/gcc/arm-none-eabi/9.2.1/../../../../arm-none-eabi/lib/thumb/v6-m/nofp/libc_nano.a(lib_a-wbuf.o)
                0x000000000001b00c                __swbuf_r
 .text._write_r
                0x000000000001b0b8       0x28 /usr/local/Cellar/arm-none-eabi-gcc/9-2019-q4-major/gcc/bin/../lib/gcc/arm-none-eabi/9.2.1/../../../../arm-none-eabi/lib/thumb/v6-m/nofp/libc_nano.a(lib_a-writer.o)
                0x000000000001b0b8                _write_r
 .text.__swsetup_r
                0x000000000001b0e0       0xf0 /usr/local/Cellar/arm-none-eabi-gcc/9-2019-q4-major/gcc/bin/../lib/gcc/arm-none-eabi/9.2.1/../../../../arm-none-eabi/lib/thumb/v6-m/nofp/libc_nano.a(lib_a-wsetup.o)
                0x000000000001b0e0                __swsetup_r
 .text._close_r
                0x000000000001b1d0       0x24 /usr/local/Cellar/arm-none-eabi-gcc/9-2019-q4-major/gcc/bin/../lib/gcc/arm-none-eabi/9.2.1/../../../../arm-none-eabi/lib/thumb/v6-m/nofp/libc_nano.a(lib_a-closer.o)
                0x000000000001b1d0                _close_r
 .text.__sflush_r
                0x000000000001b1f4      0x118 /usr/local/Cellar/arm-none-eabi-gcc/9-2019-q4-major/gcc/bin/../lib/gcc/arm-none-eabi/9.2.1/../../../../arm-none-eabi/lib/thumb/v6-m/nofp/libc_nano.a(lib_a-fflush.o)
                0x000000000001b1f4                __sflush_r
 .text._fflush_r
                0x000000000001b30c       0x80 /usr/local/Cellar/arm-none-eabi-gcc/9-2019-q4-major/gcc/bin/../lib/gcc/arm-none-eabi/9.2.1/../../../../arm-none-eabi/lib/thumb/v6-m/nofp/libc_nano.a(lib_a-fflush.o)
                0x000000000001b30c                _fflush_r
 .text._lseek_r
                0x000000000001b38c       0x28 /usr/local/Cellar/arm-none-eabi-gcc/9-2019-q4-major/gcc/bin/../lib/gcc/arm-none-eabi/9.2.1/../../../../arm-none-eabi/lib/thumb/v6-m/nofp/libc_nano.a(lib_a-lseekr.o)
                0x000000000001b38c                _lseek_r
 .text.__swhatbuf_r
                0x000000000001b3b4       0x50 /usr/local/Cellar/arm-none-eabi-gcc/9-2019-q4-major/gcc/bin/../lib/gcc/arm-none-eabi/9.2.1/../../../../arm-none-eabi/lib/thumb/v6-m/nofp/libc_nano.a(lib_a-makebuf.o)
                0x000000000001b3b4                __swhatbuf_r
 .text.__smakebuf_r
                0x000000000001b404       0x88 /usr/local/Cellar/arm-none-eabi-gcc/9-2019-q4-major/gcc/bin/../lib/gcc/arm-none-eabi/9.2.1/../../../../arm-none-eabi/lib/thumb/v6-m/nofp/libc_nano.a(lib_a-makebuf.o)
                0x000000000001b404                __smakebuf_r
 .text.memchr   0x000000000001b48c       0x16 /usr/local/Cellar/arm-none-eabi-gcc/9-2019-q4-major/gcc/bin/../lib/gcc/arm-none-eabi/9.2.1/../../../../arm-none-eabi/lib/thumb/v6-m/nofp/libc_nano.a(lib_a-memchr-stub.o)
                0x000000000001b48c                memchr
 *fill*         0x000000000001b4a2        0x2 
 .text.__malloc_lock
                0x000000000001b4a4       0x10 /usr/local/Cellar/arm-none-eabi-gcc/9-2019-q4-major/gcc/bin/../lib/gcc/arm-none-eabi/9.2.1/../../../../arm-none-eabi/lib/thumb/v6-m/nofp/libc_nano.a(lib_a-mlock.o)
                0x000000000001b4a4                __malloc_lock
 .text.__malloc_unlock
                0x000000000001b4b4       0x10 /usr/local/Cellar/arm-none-eabi-gcc/9-2019-q4-major/gcc/bin/../lib/gcc/arm-none-eabi/9.2.1/../../../../arm-none-eabi/lib/thumb/v6-m/nofp/libc_nano.a(lib_a-mlock.o)
                0x000000000001b4b4                __malloc_unlock
 .text._free_r  0x000000000001b4c4       0x94 /usr/local/Cellar/arm-none-eabi-gcc/9-2019-q4-major/gcc/bin/../lib/gcc/arm-none-eabi/9.2.1/../../../../arm-none-eabi/lib/thumb/v6-m/nofp/libc_nano.a(lib_a-nano-freer.o)
                0x000000000001b4c4                _free_r
 .text._read_r  0x000000000001b558       0x28 /usr/local/Cellar/arm-none-eabi-gcc/9-2019-q4-major/gcc/bin/../lib/gcc/arm-none-eabi/9.2.1/../../../../arm-none-eabi/lib/thumb/v6-m/nofp/libc_nano.a(lib_a-readr.o)
                0x000000000001b558                _read_r
 .text._fstat_r
                0x000000000001b580       0x24 /usr/local/Cellar/arm-none-eabi-gcc/9-2019-q4-major/gcc/bin/../lib/gcc/arm-none-eabi/9.2.1/../../../../arm-none-eabi/lib/thumb/v6-m/nofp/libc_nano.a(lib_a-fstatr.o)
                0x000000000001b580                _fstat_r
 .text._isatty_r
                0x000000000001b5a4       0x24 /usr/local/Cellar/arm-none-eabi-gcc/9-2019-q4-major/gcc/bin/../lib/gcc/arm-none-eabi/9.2.1/../../../../arm-none-eabi/lib/thumb/v6-m/nofp/libc_nano.a(lib_a-isattyr.o)
                0x000000000001b5a4                _isatty_r
 .text          0x000000000001b5c8       0x14 /usr/local/Cellar/arm-none-eabi-gcc/9-2019-q4-major/gcc/bin/../lib/gcc/arm-none-eabi/9.2.1/thumb/v6-m/nofp/libgcc.a(_thumb1_case_shi.o)
                0x000000000001b5c8                __gnu_thumb1_case_shi
 .text          0x000000000001b5dc      0x114 /usr/local/Cellar/arm-none-eabi-gcc/9-2019-q4-major/gcc/bin/../lib/gcc/arm-none-eabi/9.2.1/thumb/v6-m/nofp/libgcc.a(_udivsi3.o)
                0x000000000001b5dc                __udivsi3
                0x000000000001b5dc                __aeabi_uidiv
                0x000000000001b6e8                __aeabi_uidivmod
 .text          0x000000000001b6f0        0x4 /usr/local/Cellar/arm-none-eabi-gcc/9-2019-q4-major/gcc/bin/../lib/gcc/arm-none-eabi/9.2.1/thumb/v6-m/nofp/libgcc.a(_dvmd_tls.o)
                0x000000000001b6f0                __aeabi_ldiv0
                0x000000000001b6f0                __aeabi_idiv0
 .text._close   0x000000000001b6f4       0x10 /usr/local/Cellar/arm-none-eabi-gcc/9-2019-q4-major/gcc/bin/../lib/gcc/arm-none-eabi/9.2.1/../../../../arm-none-eabi/lib/thumb/v6-m/nofp/libnosys.a(close.o)
                0x000000000001b6f4                _close
 .text._fstat   0x000000000001b704       0x10 /usr/local/Cellar/arm-none-eabi-gcc/9-2019-q4-major/gcc/bin/../lib/gcc/arm-none-eabi/9.2.1/../../../../arm-none-eabi/lib/thumb/v6-m/nofp/libnosys.a(fstat.o)
                0x000000000001b704                _fstat
 .text._isatty  0x000000000001b714       0x10 /usr/local/Cellar/arm-none-eabi-gcc/9-2019-q4-major/gcc/bin/../lib/gcc/arm-none-eabi/9.2.1/../../../../arm-none-eabi/lib/thumb/v6-m/nofp/libnosys.a(isatty.o)
                0x000000000001b714                _isatty
 .text._lseek   0x000000000001b724       0x10 /usr/local/Cellar/arm-none-eabi-gcc/9-2019-q4-major/gcc/bin/../lib/gcc/arm-none-eabi/9.2.1/../../../../arm-none-eabi/lib/thumb/v6-m/nofp/libnosys.a(lseek.o)
                0x000000000001b724                _lseek
 .text._sbrk    0x000000000001b734       0x1c /usr/local/Cellar/arm-none-eabi-gcc/9-2019-q4-major/gcc/bin/../lib/gcc/arm-none-eabi/9.2.1/../../../../arm-none-eabi/lib/thumb/v6-m/nofp/libnosys.a(sbrk.o)
                0x000000000001b734                _sbrk
 *(.init)
 .init          0x000000000001b750        0x4 /usr/local/Cellar/arm-none-eabi-gcc/9-2019-q4-major/gcc/bin/../lib/gcc/arm-none-eabi/9.2.1/thumb/v6-m/nofp/crti.o
                0x000000000001b750                _init
 .init          0x000000000001b754        0x8 /usr/local/Cellar/arm-none-eabi-gcc/9-2019-q4-major/gcc/bin/../lib/gcc/arm-none-eabi/9.2.1/thumb/v6-m/nofp/crtn.o
 *(.fini)
 .fini          0x000000000001b75c        0x4 /usr/local/Cellar/arm-none-eabi-gcc/9-2019-q4-major/gcc/bin/../lib/gcc/arm-none-eabi/9.2.1/thumb/v6-m/nofp/crti.o
                0x000000000001b75c                _fini
 .fini          0x000000000001b760        0x8 /usr/local/Cellar/arm-none-eabi-gcc/9-2019-q4-major/gcc/bin/../lib/gcc/arm-none-eabi/9.2.1/thumb/v6-m/nofp/crtn.o
 *crtbegin.o(.ctors)
 *crtbegin?.o(.ctors)
 *(EXCLUDE_FILE(*crtend.o *crtend?.o) .ctors)
 *(SORT_BY_NAME(.ctors.*))
 *(.ctors)
 *crtbegin.o(.dtors)
 *crtbegin?.o(.dtors)
 *(EXCLUDE_FILE(*crtend.o *crtend?.o) .dtors)
 *(SORT_BY_NAME(.dtors.*))
 *(.dtors)
 *(.rodata*)
 .rodata._global_impure_ptr
                0x000000000001b768        0x4 /usr/local/Cellar/arm-none-eabi-gcc/9-2019-q4-major/gcc/bin/../lib/gcc/arm-none-eabi/9.2.1/../../../../arm-none-eabi/lib/thumb/v6-m/nofp/libc_nano.a(lib_a-impure.o)
                0x000000000001b768                _global_impure_ptr
 .rodata.i2c    0x000000000001b76c        0x8 _build/main.o
 .rodata        0x000000000001b774       0xec _build/main.o
 .rodata        0x000000000001b860       0x20 _build/app_uart_fifo.o
 .rodata.m_default_config
                0x000000000001b880       0x20 _build/nrf_drv_uart.o
 .rodata.m_default_config
                0x000000000001b8a0       0x10 _build/nrf_drv_twi.o
 .rodata.m_idle
                0x000000000001b8b0       0x10 _build/nrf_drv_twi.o
 .rodata.m_tx_suspended
                0x000000000001b8c0       0x28 _build/nrf_drv_twi.o
 .rodata.m_rx_suspended
                0x000000000001b8e8       0x20 _build/nrf_drv_twi.o
 .rodata.m_stopped
                0x000000000001b908       0x18 _build/nrf_drv_twi.o
 .rodata.m_error
                0x000000000001b920       0x18 _build/nrf_drv_twi.o
 .rodata.m_states_len
                0x000000000001b938       0x14 _build/nrf_drv_twi.o
 .rodata.__sf_fake_stderr
                0x000000000001b94c       0x20 /usr/local/Cellar/arm-none-eabi-gcc/9-2019-q4-major/gcc/bin/../lib/gcc/arm-none-eabi/9.2.1/../../../../arm-none-eabi/lib/thumb/v6-m/nofp/libc_nano.a(lib_a-findfp.o)
                0x000000000001b94c                __sf_fake_stderr
 .rodata.__sf_fake_stdin
                0x000000000001b96c       0x20 /usr/local/Cellar/arm-none-eabi-gcc/9-2019-q4-major/gcc/bin/../lib/gcc/arm-none-eabi/9.2.1/../../../../arm-none-eabi/lib/thumb/v6-m/nofp/libc_nano.a(lib_a-findfp.o)
                0x000000000001b96c                __sf_fake_stdin
 .rodata.__sf_fake_stdout
                0x000000000001b98c       0x20 /usr/local/Cellar/arm-none-eabi-gcc/9-2019-q4-major/gcc/bin/../lib/gcc/arm-none-eabi/9.2.1/../../../../arm-none-eabi/lib/thumb/v6-m/nofp/libc_nano.a(lib_a-findfp.o)
                0x000000000001b98c                __sf_fake_stdout
 .rodata._vfprintf_r.str1.1
                0x000000000001b9ac       0x11 /usr/local/Cellar/arm-none-eabi-gcc/9-2019-q4-major/gcc/bin/../lib/gcc/arm-none-eabi/9.2.1/../../../../arm-none-eabi/lib/thumb/v6-m/nofp/libc_nano.a(lib_a-nano-vfprintf.o)
 .rodata._printf_i.str1.1
                0x000000000001b9bd       0x22 /usr/local/Cellar/arm-none-eabi-gcc/9-2019-q4-major/gcc/bin/../lib/gcc/arm-none-eabi/9.2.1/../../../../arm-none-eabi/lib/thumb/v6-m/nofp/libc_nano.a(lib_a-nano-vfprintf_i.o)
 *(.eh_frame*)
 *fill*         0x000000000001b9df        0x1 
 .eh_frame      0x000000000001b9e0        0x0 /usr/local/Cellar/arm-none-eabi-gcc/9-2019-q4-major/gcc/bin/../lib/gcc/arm-none-eabi/9.2.1/thumb/v6-m/nofp/crtbegin.o
                0x000000000001b9e0                . = ALIGN (0x4)

.glue_7         0x000000000001b9e0        0x0
 .glue_7        0x000000000001b9e0        0x0 linker stubs

.glue_7t        0x000000000001b9e0        0x0
 .glue_7t       0x000000000001b9e0        0x0 linker stubs

.vfp11_veneer   0x000000000001b9e0        0x0
 .vfp11_veneer  0x000000000001b9e0        0x0 linker stubs

.v4_bx          0x000000000001b9e0        0x0
 .v4_bx         0x000000000001b9e0        0x0 linker stubs

.iplt           0x000000000001b9e0        0x0
 .iplt          0x000000000001b9e0        0x0 /usr/local/Cellar/arm-none-eabi-gcc/9-2019-q4-major/gcc/bin/../lib/gcc/arm-none-eabi/9.2.1/thumb/v6-m/nofp/crtbegin.o

.ARM.extab      0x000000000001b9e0        0x0
 *(.ARM.extab* .gnu.linkonce.armextab.*)
                0x000000000001b9e0                . = ALIGN (0x4)
                0x000000000001b9e0                __exidx_start = .

.ARM.exidx      0x000000000001b9e0        0x8
 *(.ARM.exidx* .gnu.linkonce.armexidx.*)
 .ARM.exidx     0x000000000001b9e0        0x8 /usr/local/Cellar/arm-none-eabi-gcc/9-2019-q4-major/gcc/bin/../lib/gcc/arm-none-eabi/9.2.1/../../../../arm-none-eabi/lib/thumb/v6-m/nofp/crt0.o
 .ARM.exidx     0x000000000001b9e8        0x0 _build/gcc_startup_nrf51.o
                                          0x8 (size before relaxing)
                0x000000000001b9e8                . = ALIGN (0x4)
                0x000000000001b9e8                __exidx_end = .
                0x000000000001b9e8                __etext = .

.rel.dyn        0x000000000001b9e8        0x0
 .rel.iplt      0x000000000001b9e8        0x0 /usr/local/Cellar/arm-none-eabi-gcc/9-2019-q4-major/gcc/bin/../lib/gcc/arm-none-eabi/9.2.1/thumb/v6-m/nofp/crtbegin.o

.data           0x0000000020002000       0x80 load address 0x000000000001b9e8
                0x0000000020002000                __data_start__ = .
 *(vtable)
 *(.data*)
 .data._impure_ptr
                0x0000000020002000        0x4 /usr/local/Cellar/arm-none-eabi-gcc/9-2019-q4-major/gcc/bin/../lib/gcc/arm-none-eabi/9.2.1/../../../../arm-none-eabi/lib/thumb/v6-m/nofp/libc_nano.a(lib_a-impure.o)
                0x0000000020002000                _impure_ptr
 .data.impure_data
                0x0000000020002004       0x60 /usr/local/Cellar/arm-none-eabi-gcc/9-2019-q4-major/gcc/bin/../lib/gcc/arm-none-eabi/9.2.1/../../../../arm-none-eabi/lib/thumb/v6-m/nofp/libc_nano.a(lib_a-impure.o)
 .data.mp_states
                0x0000000020002064       0x14 _build/nrf_drv_twi.o
                0x0000000020002078                . = ALIGN (0x4)
                0x0000000020002078                PROVIDE (__preinit_array_start = .)
 *(.preinit_array)
                0x0000000020002078                PROVIDE (__preinit_array_end = .)
                0x0000000020002078                . = ALIGN (0x4)
                0x0000000020002078                PROVIDE (__init_array_start = .)
 *(SORT_BY_NAME(.init_array.*))
 *(.init_array)
 .init_array    0x0000000020002078        0x4 /usr/local/Cellar/arm-none-eabi-gcc/9-2019-q4-major/gcc/bin/../lib/gcc/arm-none-eabi/9.2.1/thumb/v6-m/nofp/crtbegin.o
                0x000000002000207c                PROVIDE (__init_array_end = .)
                0x000000002000207c                . = ALIGN (0x4)
                [!provide]                        PROVIDE (__fini_array_start = .)
 *(SORT_BY_NAME(.fini_array.*))
 *(.fini_array)
 .fini_array    0x000000002000207c        0x4 /usr/local/Cellar/arm-none-eabi-gcc/9-2019-q4-major/gcc/bin/../lib/gcc/arm-none-eabi/9.2.1/thumb/v6-m/nofp/crtbegin.o
                [!provide]                        PROVIDE (__fini_array_end = .)
 *(.jcr)
                0x0000000020002080                . = ALIGN (0x4)
                0x0000000020002080                __data_end__ = .

.igot.plt       0x0000000020002080        0x0 load address 0x000000000001ba68
 .igot.plt      0x0000000020002080        0x0 /usr/local/Cellar/arm-none-eabi-gcc/9-2019-q4-major/gcc/bin/../lib/gcc/arm-none-eabi/9.2.1/thumb/v6-m/nofp/crtbegin.o

.bss            0x0000000020002080      0x1a8 load address 0x000000000001ba68
                0x0000000020002080                . = ALIGN (0x4)
                0x0000000020002080                __bss_start__ = .
 *(.bss*)
 .bss           0x0000000020002080       0x1c /usr/local/Cellar/arm-none-eabi-gcc/9-2019-q4-major/gcc/bin/../lib/gcc/arm-none-eabi/9.2.1/thumb/v6-m/nofp/crtbegin.o
 .bss.device_address
                0x000000002000209c        0x1 _build/main.o
                0x000000002000209c                device_address
 .bss.device_found
                0x000000002000209d        0x1 _build/main.o
                0x000000002000209d                device_found
 *fill*         0x000000002000209e        0x2 
 .bss.rx_buf.6630
                0x00000000200020a0        0x1 _build/main.o
 *fill*         0x00000000200020a1        0x3 
 .bss.tx_buf.6631
                0x00000000200020a4      0x100 _build/main.o
 .bss.m_event_handler
                0x00000000200021a4        0x4 _build/app_uart_fifo.o
 .bss.tx_buffer
                0x00000000200021a8        0x1 _build/app_uart_fifo.o
 .bss.tx_tmp    0x00000000200021a9        0x1 _build/app_uart_fifo.o
 *fill*         0x00000000200021aa        0x2 
 .bss.rx_buffer
                0x00000000200021ac        0x1 _build/app_uart_fifo.o
 *fill*         0x00000000200021ad        0x3 
 .bss.m_rx_fifo
                0x00000000200021b0       0x10 _build/app_uart_fifo.o
 .bss.m_tx_fifo
                0x00000000200021c0       0x10 _build/app_uart_fifo.o
 .bss.m_cb      0x00000000200021d0       0x18 _build/nrf_drv_uart.o
 .bss.m_handlers
                0x00000000200021e8        0x4 _build/nrf_drv_twi.o
 .bss.mp_contexts
                0x00000000200021ec        0x4 _build/nrf_drv_twi.o
 .bss.m_cb      0x00000000200021f0       0x18 _build/nrf_drv_twi.o
 .bss.m_instances
                0x0000000020002208        0x4 _build/nrf_drv_twi.o
 .bss.__malloc_free_list
                0x000000002000220c        0x4 /usr/local/Cellar/arm-none-eabi-gcc/9-2019-q4-major/gcc/bin/../lib/gcc/arm-none-eabi/9.2.1/../../../../arm-none-eabi/lib/thumb/v6-m/nofp/libc_nano.a(lib_a-nano-mallocr.o)
                0x000000002000220c                __malloc_free_list
 .bss.__malloc_sbrk_start
                0x0000000020002210        0x4 /usr/local/Cellar/arm-none-eabi-gcc/9-2019-q4-major/gcc/bin/../lib/gcc/arm-none-eabi/9.2.1/../../../../arm-none-eabi/lib/thumb/v6-m/nofp/libc_nano.a(lib_a-nano-mallocr.o)
                0x0000000020002210                __malloc_sbrk_start
 .bss.heap_end.4144
                0x0000000020002214        0x4 /usr/local/Cellar/arm-none-eabi-gcc/9-2019-q4-major/gcc/bin/../lib/gcc/arm-none-eabi/9.2.1/../../../../arm-none-eabi/lib/thumb/v6-m/nofp/libnosys.a(sbrk.o)
 *(COMMON)
 COMMON         0x0000000020002218        0x9 /usr/local/Cellar/arm-none-eabi-gcc/9-2019-q4-major/gcc/bin/../lib/gcc/arm-none-eabi/9.2.1/../../../../arm-none-eabi/lib/thumb/v6-m/nofp/libc_nano.a(lib_a-lock.o)
                0x0000000020002218                __lock___atexit_recursive_mutex
                0x0000000020002219                __lock___arc4random_mutex
                0x000000002000221a                __lock___env_recursive_mutex
                0x000000002000221b                __lock___sinit_recursive_mutex
                0x000000002000221c                __lock___malloc_recursive_mutex
                0x000000002000221d                __lock___at_quick_exit_mutex
                0x000000002000221e                __lock___dd_hash_mutex
                0x000000002000221f                __lock___tz_mutex
                0x0000000020002220                __lock___sfp_recursive_mutex
 *fill*         0x0000000020002221        0x3 
 COMMON         0x0000000020002224        0x4 /usr/local/Cellar/arm-none-eabi-gcc/9-2019-q4-major/gcc/bin/../lib/gcc/arm-none-eabi/9.2.1/../../../../arm-none-eabi/lib/thumb/v6-m/nofp/libc_nano.a(lib_a-reent.o)
                0x0000000020002224                errno
                0x0000000020002228                . = ALIGN (0x4)
                0x0000000020002228                __bss_end__ = .

.heap           0x0000000020002228      0x800
                0x0000000020002228                __end__ = .
                0x0000000020002228                end = __end__
 *(.heap*)
 .heap          0x0000000020002228      0x800 _build/gcc_startup_nrf51.o
                0x0000000020002228                __HeapBase
                0x0000000020002a28                __HeapLimit = .

.stack_dummy    0x0000000020002228      0x800
 *(.stack*)
 .stack         0x0000000020002228      0x800 _build/gcc_startup_nrf51.o
                0x0000000020004000                __StackTop = (ORIGIN (RAM) + LENGTH (RAM))
                0x0000000020003800                __StackLimit = (__StackTop - SIZEOF (.stack_dummy))
                0x0000000020004000                PROVIDE (__stack = __StackTop)
                0x0000000000000001                ASSERT ((__StackLimit >= __HeapLimit), region RAM overflowed with stack)
OUTPUT(_build/nrf51822_xxaa_s110.out elf32-littlearm)

.ARM.attributes
                0x0000000000000000       0x28
 .ARM.attributes
                0x0000000000000000       0x1e /usr/local/Cellar/arm-none-eabi-gcc/9-2019-q4-major/gcc/bin/../lib/gcc/arm-none-eabi/9.2.1/thumb/v6-m/nofp/crti.o
 .ARM.attributes
                0x000000000000001e       0x2c /usr/local/Cellar/arm-none-eabi-gcc/9-2019-q4-major/gcc/bin/../lib/gcc/arm-none-eabi/9.2.1/thumb/v6-m/nofp/crtbegin.o
 .ARM.attributes
                0x000000000000004a       0x1b /usr/local/Cellar/arm-none-eabi-gcc/9-2019-q4-major/gcc/bin/../lib/gcc/arm-none-eabi/9.2.1/../../../../arm-none-eabi/lib/thumb/v6-m/nofp/crt0.o
 .ARM.attributes
                0x0000000000000065       0x2c /usr/local/Cellar/arm-none-eabi-gcc/9-2019-q4-major/gcc/bin/../lib/gcc/arm-none-eabi/9.2.1/../../../../arm-none-eabi/lib/thumb/v6-m/nofp/libc_nano.a(lib_a-exit.o)
 .ARM.attributes
                0x0000000000000091       0x2c /usr/local/Cellar/arm-none-eabi-gcc/9-2019-q4-major/gcc/bin/../lib/gcc/arm-none-eabi/9.2.1/../../../../arm-none-eabi/lib/thumb/v6-m/nofp/libc_nano.a(lib_a-impure.o)
 .ARM.attributes
                0x00000000000000bd       0x2c /usr/local/Cellar/arm-none-eabi-gcc/9-2019-q4-major/gcc/bin/../lib/gcc/arm-none-eabi/9.2.1/../../../../arm-none-eabi/lib/thumb/v6-m/nofp/libc_nano.a(lib_a-init.o)
 .ARM.attributes
                0x00000000000000e9       0x2c /usr/local/Cellar/arm-none-eabi-gcc/9-2019-q4-major/gcc/bin/../lib/gcc/arm-none-eabi/9.2.1/../../../../arm-none-eabi/lib/thumb/v6-m/nofp/libc_nano.a(lib_a-memset.o)
 .ARM.attributes
                0x0000000000000115       0x2c /usr/local/Cellar/arm-none-eabi-gcc/9-2019-q4-major/gcc/bin/../lib/gcc/arm-none-eabi/9.2.1/../../../../arm-none-eabi/lib/thumb/v6-m/nofp/libnosys.a(_exit.o)
 .ARM.attributes
                0x0000000000000141       0x2c _build/system_nrf51.o
 .ARM.attributes
                0x000000000000016d       0x2c _build/main.o
 .ARM.attributes
                0x0000000000000199       0x2c _build/nrf_delay.o
 .ARM.attributes
                0x00000000000001c5       0x2c _build/app_error.o
 .ARM.attributes
                0x00000000000001f1       0x2c _build/app_fifo.o
 .ARM.attributes
                0x000000000000021d       0x2c _build/retarget.o
 .ARM.attributes
                0x0000000000000249       0x2c _build/app_uart_fifo.o
 .ARM.attributes
                0x0000000000000275       0x2c _build/nrf_drv_common.o
 .ARM.attributes
                0x00000000000002a1       0x2c _build/nrf_drv_uart.o
 .ARM.attributes
                0x00000000000002cd       0x2c _build/nrf_drv_twi.o
 .ARM.attributes
                0x00000000000002f9       0x1b _build/gcc_startup_nrf51.o
 .ARM.attributes
                0x0000000000000314       0x2c /usr/local/Cellar/arm-none-eabi-gcc/9-2019-q4-major/gcc/bin/../lib/gcc/arm-none-eabi/9.2.1/../../../../arm-none-eabi/lib/thumb/v6-m/nofp/libc_nano.a(lib_a-printf.o)
 .ARM.attributes
                0x0000000000000340       0x2c /usr/local/Cellar/arm-none-eabi-gcc/9-2019-q4-major/gcc/bin/../lib/gcc/arm-none-eabi/9.2.1/../../../../arm-none-eabi/lib/thumb/v6-m/nofp/libc_nano.a(lib_a-findfp.o)
 .ARM.attributes
                0x000000000000036c       0x2c /usr/local/Cellar/arm-none-eabi-gcc/9-2019-q4-major/gcc/bin/../lib/gcc/arm-none-eabi/9.2.1/../../../../arm-none-eabi/lib/thumb/v6-m/nofp/libc_nano.a(lib_a-fwalk.o)
 .ARM.attributes
                0x0000000000000398       0x2c /usr/local/Cellar/arm-none-eabi-gcc/9-2019-q4-major/gcc/bin/../lib/gcc/arm-none-eabi/9.2.1/../../../../arm-none-eabi/lib/thumb/v6-m/nofp/libc_nano.a(lib_a-lock.o)
 .ARM.attributes
                0x00000000000003c4       0x2c /usr/local/Cellar/arm-none-eabi-gcc/9-2019-q4-major/gcc/bin/../lib/gcc/arm-none-eabi/9.2.1/../../../../arm-none-eabi/lib/thumb/v6-m/nofp/libc_nano.a(lib_a-nano-mallocr.o)
 .ARM.attributes
                0x00000000000003f0       0x2c /usr/local/Cellar/arm-none-eabi-gcc/9-2019-q4-major/gcc/bin/../lib/gcc/arm-none-eabi/9.2.1/../../../../arm-none-eabi/lib/thumb/v6-m/nofp/libc_nano.a(lib_a-nano-vfprintf.o)
 .ARM.attributes
                0x000000000000041c       0x2c /usr/local/Cellar/arm-none-eabi-gcc/9-2019-q4-major/gcc/bin/../lib/gcc/arm-none-eabi/9.2.1/../../../../arm-none-eabi/lib/thumb/v6-m/nofp/libc_nano.a(lib_a-nano-vfprintf_i.o)
 .ARM.attributes
                0x0000000000000448       0x2c /usr/local/Cellar/arm-none-eabi-gcc/9-2019-q4-major/gcc/bin/../lib/gcc/arm-none-eabi/9.2.1/../../../../arm-none-eabi/lib/thumb/v6-m/nofp/libc_nano.a(lib_a-sbrkr.o)
 .ARM.attributes
                0x0000000000000474       0x2c /usr/local/Cellar/arm-none-eabi-gcc/9-2019-q4-major/gcc/bin/../lib/gcc/arm-none-eabi/9.2.1/../../../../arm-none-eabi/lib/thumb/v6-m/nofp/libc_nano.a(lib_a-stdio.o)
 .ARM.attributes
                0x00000000000004a0       0x2c /usr/local/Cellar/arm-none-eabi-gcc/9-2019-q4-major/gcc/bin/../lib/gcc/arm-none-eabi/9.2.1/../../../../arm-none-eabi/lib/thumb/v6-m/nofp/libc_nano.a(lib_a-wbuf.o)
 .ARM.attributes
                0x00000000000004cc       0x2c /usr/local/Cellar/arm-none-eabi-gcc/9-2019-q4-major/gcc/bin/../lib/gcc/arm-none-eabi/9.2.1/../../../../arm-none-eabi/lib/thumb/v6-m/nofp/libc_nano.a(lib_a-writer.o)
 .ARM.attributes
                0x00000000000004f8       0x2c /usr/local/Cellar/arm-none-eabi-gcc/9-2019-q4-major/gcc/bin/../lib/gcc/arm-none-eabi/9.2.1/../../../../arm-none-eabi/lib/thumb/v6-m/nofp/libc_nano.a(lib_a-wsetup.o)
 .ARM.attributes
                0x0000000000000524       0x2c /usr/local/Cellar/arm-none-eabi-gcc/9-2019-q4-major/gcc/bin/../lib/gcc/arm-none-eabi/9.2.1/../../../../arm-none-eabi/lib/thumb/v6-m/nofp/libc_nano.a(lib_a-closer.o)
 .ARM.attributes
                0x0000000000000550       0x2c /usr/local/Cellar/arm-none-eabi-gcc/9-2019-q4-major/gcc/bin/../lib/gcc/arm-none-eabi/9.2.1/../../../../arm-none-eabi/lib/thumb/v6-m/nofp/libc_nano.a(lib_a-fflush.o)
 .ARM.attributes
                0x000000000000057c       0x2c /usr/local/Cellar/arm-none-eabi-gcc/9-2019-q4-major/gcc/bin/../lib/gcc/arm-none-eabi/9.2.1/../../../../arm-none-eabi/lib/thumb/v6-m/nofp/libc_nano.a(lib_a-lseekr.o)
 .ARM.attributes
                0x00000000000005a8       0x2c /usr/local/Cellar/arm-none-eabi-gcc/9-2019-q4-major/gcc/bin/../lib/gcc/arm-none-eabi/9.2.1/../../../../arm-none-eabi/lib/thumb/v6-m/nofp/libc_nano.a(lib_a-makebuf.o)
 .ARM.attributes
                0x00000000000005d4       0x2c /usr/local/Cellar/arm-none-eabi-gcc/9-2019-q4-major/gcc/bin/../lib/gcc/arm-none-eabi/9.2.1/../../../../arm-none-eabi/lib/thumb/v6-m/nofp/libc_nano.a(lib_a-memchr-stub.o)
 .ARM.attributes
                0x0000000000000600       0x2c /usr/local/Cellar/arm-none-eabi-gcc/9-2019-q4-major/gcc/bin/../lib/gcc/arm-none-eabi/9.2.1/../../../../arm-none-eabi/lib/thumb/v6-m/nofp/libc_nano.a(lib_a-mlock.o)
 .ARM.attributes
                0x000000000000062c       0x2c /usr/local/Cellar/arm-none-eabi-gcc/9-2019-q4-major/gcc/bin/../lib/gcc/arm-none-eabi/9.2.1/../../../../arm-none-eabi/lib/thumb/v6-m/nofp/libc_nano.a(lib_a-nano-freer.o)
 .ARM.attributes
                0x0000000000000658       0x2c /usr/local/Cellar/arm-none-eabi-gcc/9-2019-q4-major/gcc/bin/../lib/gcc/arm-none-eabi/9.2.1/../../../../arm-none-eabi/lib/thumb/v6-m/nofp/libc_nano.a(lib_a-readr.o)
 .ARM.attributes
                0x0000000000000684       0x2c /usr/local/Cellar/arm-none-eabi-gcc/9-2019-q4-major/gcc/bin/../lib/gcc/arm-none-eabi/9.2.1/../../../../arm-none-eabi/lib/thumb/v6-m/nofp/libc_nano.a(lib_a-reent.o)
 .ARM.attributes
                0x00000000000006b0       0x2c /usr/local/Cellar/arm-none-eabi-gcc/9-2019-q4-major/gcc/bin/../lib/gcc/arm-none-eabi/9.2.1/../../../../arm-none-eabi/lib/thumb/v6-m/nofp/libc_nano.a(lib_a-fstatr.o)
 .ARM.attributes
                0x00000000000006dc       0x2c /usr/local/Cellar/arm-none-eabi-gcc/9-2019-q4-major/gcc/bin/../lib/gcc/arm-none-eabi/9.2.1/../../../../arm-none-eabi/lib/thumb/v6-m/nofp/libc_nano.a(lib_a-isattyr.o)
 .ARM.attributes
                0x0000000000000708       0x1e /usr/local/Cellar/arm-none-eabi-gcc/9-2019-q4-major/gcc/bin/../lib/gcc/arm-none-eabi/9.2.1/thumb/v6-m/nofp/libgcc.a(_thumb1_case_shi.o)
 .ARM.attributes
                0x0000000000000726       0x1e /usr/local/Cellar/arm-none-eabi-gcc/9-2019-q4-major/gcc/bin/../lib/gcc/arm-none-eabi/9.2.1/thumb/v6-m/nofp/libgcc.a(_udivsi3.o)
 .ARM.attributes
                0x0000000000000744       0x1e /usr/local/Cellar/arm-none-eabi-gcc/9-2019-q4-major/gcc/bin/../lib/gcc/arm-none-eabi/9.2.1/thumb/v6-m/nofp/libgcc.a(_dvmd_tls.o)
 .ARM.attributes
                0x0000000000000762       0x1e /usr/local/Cellar/arm-none-eabi-gcc/9-2019-q4-major/gcc/bin/../lib/gcc/arm-none-eabi/9.2.1/thumb/v6-m/nofp/crtn.o
 .ARM.attributes
                0x0000000000000780       0x2c /usr/local/Cellar/arm-none-eabi-gcc/9-2019-q4-major/gcc/bin/../lib/gcc/arm-none-eabi/9.2.1/../../../../arm-none-eabi/lib/thumb/v6-m/nofp/libnosys.a(close.o)
 .ARM.attributes
                0x00000000000007ac       0x2c /usr/local/Cellar/arm-none-eabi-gcc/9-2019-q4-major/gcc/bin/../lib/gcc/arm-none-eabi/9.2.1/../../../../arm-none-eabi/lib/thumb/v6-m/nofp/libnosys.a(fstat.o)
 .ARM.attributes
                0x00000000000007d8       0x2c /usr/local/Cellar/arm-none-eabi-gcc/9-2019-q4-major/gcc/bin/../lib/gcc/arm-none-eabi/9.2.1/../../../../arm-none-eabi/lib/thumb/v6-m/nofp/libnosys.a(isatty.o)
 .ARM.attributes
                0x0000000000000804       0x2c /usr/local/Cellar/arm-none-eabi-gcc/9-2019-q4-major/gcc/bin/../lib/gcc/arm-none-eabi/9.2.1/../../../../arm-none-eabi/lib/thumb/v6-m/nofp/libnosys.a(lseek.o)
 .ARM.attributes
                0x0000000000000830       0x2c /usr/local/Cellar/arm-none-eabi-gcc/9-2019-q4-major/gcc/bin/../lib/gcc/arm-none-eabi/9.2.1/../../../../arm-none-eabi/lib/thumb/v6-m/nofp/libnosys.a(sbrk.o)

.comment        0x0000000000000000       0x79
 .comment       0x0000000000000000       0x79 _build/system_nrf51.o
                                         0x7a (size before relaxing)
 .comment       0x0000000000000079       0x7a _build/main.o
 .comment       0x0000000000000079       0x7a _build/nrf_delay.o
 .comment       0x0000000000000079       0x7a _build/app_error.o
 .comment       0x0000000000000079       0x7a _build/app_fifo.o
 .comment       0x0000000000000079       0x7a _build/retarget.o
 .comment       0x0000000000000079       0x7a _build/app_uart_fifo.o
 .comment       0x0000000000000079       0x7a _build/nrf_drv_common.o
 .comment       0x0000000000000079       0x7a _build/nrf_drv_uart.o
 .comment       0x0000000000000079       0x7a _build/nrf_drv_twi.o

.debug_frame    0x0000000000000000     0x2d18
 .debug_frame   0x0000000000000000       0x28 /usr/local/Cellar/arm-none-eabi-gcc/9-2019-q4-major/gcc/bin/../lib/gcc/arm-none-eabi/9.2.1/../../../../arm-none-eabi/lib/thumb/v6-m/nofp/libc_nano.a(lib_a-exit.o)
 .debug_frame   0x0000000000000028       0x2c /usr/local/Cellar/arm-none-eabi-gcc/9-2019-q4-major/gcc/bin/../lib/gcc/arm-none-eabi/9.2.1/../../../../arm-none-eabi/lib/thumb/v6-m/nofp/libc_nano.a(lib_a-init.o)
 .debug_frame   0x0000000000000054       0x20 /usr/local/Cellar/arm-none-eabi-gcc/9-2019-q4-major/gcc/bin/../lib/gcc/arm-none-eabi/9.2.1/../../../../arm-none-eabi/lib/thumb/v6-m/nofp/libc_nano.a(lib_a-memset.o)
 .debug_frame   0x0000000000000074       0x20 /usr/local/Cellar/arm-none-eabi-gcc/9-2019-q4-major/gcc/bin/../lib/gcc/arm-none-eabi/9.2.1/../../../../arm-none-eabi/lib/thumb/v6-m/nofp/libnosys.a(_exit.o)
 .debug_frame   0x0000000000000094       0x80 _build/system_nrf51.o
 .debug_frame   0x0000000000000114      0x484 _build/main.o
 .debug_frame   0x0000000000000598       0x30 _build/nrf_delay.o
 .debug_frame   0x00000000000005c8       0x4c _build/app_error.o
 .debug_frame   0x0000000000000614      0x130 _build/app_fifo.o
 .debug_frame   0x0000000000000744      0x380 _build/retarget.o
 .debug_frame   0x0000000000000ac4      0x420 _build/app_uart_fifo.o
 .debug_frame   0x0000000000000ee4      0x3c0 _build/nrf_drv_common.o
 .debug_frame   0x00000000000012a4      0x940 _build/nrf_drv_uart.o
 .debug_frame   0x0000000000001be4      0x8c4 _build/nrf_drv_twi.o
 .debug_frame   0x00000000000024a8       0x50 /usr/local/Cellar/arm-none-eabi-gcc/9-2019-q4-major/gcc/bin/../lib/gcc/arm-none-eabi/9.2.1/../../../../arm-none-eabi/lib/thumb/v6-m/nofp/libc_nano.a(lib_a-printf.o)
 .debug_frame   0x00000000000024f8      0x170 /usr/local/Cellar/arm-none-eabi-gcc/9-2019-q4-major/gcc/bin/../lib/gcc/arm-none-eabi/9.2.1/../../../../arm-none-eabi/lib/thumb/v6-m/nofp/libc_nano.a(lib_a-findfp.o)
 .debug_frame   0x0000000000002668       0x58 /usr/local/Cellar/arm-none-eabi-gcc/9-2019-q4-major/gcc/bin/../lib/gcc/arm-none-eabi/9.2.1/../../../../arm-none-eabi/lib/thumb/v6-m/nofp/libc_nano.a(lib_a-fwalk.o)
 .debug_frame   0x00000000000026c0       0xb0 /usr/local/Cellar/arm-none-eabi-gcc/9-2019-q4-major/gcc/bin/../lib/gcc/arm-none-eabi/9.2.1/../../../../arm-none-eabi/lib/thumb/v6-m/nofp/libc_nano.a(lib_a-lock.o)
 .debug_frame   0x0000000000002770       0x30 /usr/local/Cellar/arm-none-eabi-gcc/9-2019-q4-major/gcc/bin/../lib/gcc/arm-none-eabi/9.2.1/../../../../arm-none-eabi/lib/thumb/v6-m/nofp/libc_nano.a(lib_a-nano-mallocr.o)
 .debug_frame   0x00000000000027a0       0x9c /usr/local/Cellar/arm-none-eabi-gcc/9-2019-q4-major/gcc/bin/../lib/gcc/arm-none-eabi/9.2.1/../../../../arm-none-eabi/lib/thumb/v6-m/nofp/libc_nano.a(lib_a-nano-vfprintf.o)
 .debug_frame   0x000000000000283c       0x54 /usr/local/Cellar/arm-none-eabi-gcc/9-2019-q4-major/gcc/bin/../lib/gcc/arm-none-eabi/9.2.1/../../../../arm-none-eabi/lib/thumb/v6-m/nofp/libc_nano.a(lib_a-nano-vfprintf_i.o)
 .debug_frame   0x0000000000002890       0x2c /usr/local/Cellar/arm-none-eabi-gcc/9-2019-q4-major/gcc/bin/../lib/gcc/arm-none-eabi/9.2.1/../../../../arm-none-eabi/lib/thumb/v6-m/nofp/libc_nano.a(lib_a-sbrkr.o)
 .debug_frame   0x00000000000028bc       0x90 /usr/local/Cellar/arm-none-eabi-gcc/9-2019-q4-major/gcc/bin/../lib/gcc/arm-none-eabi/9.2.1/../../../../arm-none-eabi/lib/thumb/v6-m/nofp/libc_nano.a(lib_a-stdio.o)
 .debug_frame   0x000000000000294c       0x48 /usr/local/Cellar/arm-none-eabi-gcc/9-2019-q4-major/gcc/bin/../lib/gcc/arm-none-eabi/9.2.1/../../../../arm-none-eabi/lib/thumb/v6-m/nofp/libc_nano.a(lib_a-wbuf.o)
 .debug_frame   0x0000000000002994       0x2c /usr/local/Cellar/arm-none-eabi-gcc/9-2019-q4-major/gcc/bin/../lib/gcc/arm-none-eabi/9.2.1/../../../../arm-none-eabi/lib/thumb/v6-m/nofp/libc_nano.a(lib_a-writer.o)
 .debug_frame   0x00000000000029c0       0x2c /usr/local/Cellar/arm-none-eabi-gcc/9-2019-q4-major/gcc/bin/../lib/gcc/arm-none-eabi/9.2.1/../../../../arm-none-eabi/lib/thumb/v6-m/nofp/libc_nano.a(lib_a-wsetup.o)
 .debug_frame   0x00000000000029ec       0x2c /usr/local/Cellar/arm-none-eabi-gcc/9-2019-q4-major/gcc/bin/../lib/gcc/arm-none-eabi/9.2.1/../../../../arm-none-eabi/lib/thumb/v6-m/nofp/libc_nano.a(lib_a-closer.o)
 .debug_frame   0x0000000000002a18       0x68 /usr/local/Cellar/arm-none-eabi-gcc/9-2019-q4-major/gcc/bin/../lib/gcc/arm-none-eabi/9.2.1/../../../../arm-none-eabi/lib/thumb/v6-m/nofp/libc_nano.a(lib_a-fflush.o)
 .debug_frame   0x0000000000002a80       0x2c /usr/local/Cellar/arm-none-eabi-gcc/9-2019-q4-major/gcc/bin/../lib/gcc/arm-none-eabi/9.2.1/../../../../arm-none-eabi/lib/thumb/v6-m/nofp/libc_nano.a(lib_a-lseekr.o)
 .debug_frame   0x0000000000002aac       0x54 /usr/local/Cellar/arm-none-eabi-gcc/9-2019-q4-major/gcc/bin/../lib/gcc/arm-none-eabi/9.2.1/../../../../arm-none-eabi/lib/thumb/v6-m/nofp/libc_nano.a(lib_a-makebuf.o)
 .debug_frame   0x0000000000002b00       0x20 /usr/local/Cellar/arm-none-eabi-gcc/9-2019-q4-major/gcc/bin/../lib/gcc/arm-none-eabi/9.2.1/../../../../arm-none-eabi/lib/thumb/v6-m/nofp/libc_nano.a(lib_a-memchr-stub.o)
 .debug_frame   0x0000000000002b20       0x40 /usr/local/Cellar/arm-none-eabi-gcc/9-2019-q4-major/gcc/bin/../lib/gcc/arm-none-eabi/9.2.1/../../../../arm-none-eabi/lib/thumb/v6-m/nofp/libc_nano.a(lib_a-mlock.o)
 .debug_frame   0x0000000000002b60       0x2c /usr/local/Cellar/arm-none-eabi-gcc/9-2019-q4-major/gcc/bin/../lib/gcc/arm-none-eabi/9.2.1/../../../../arm-none-eabi/lib/thumb/v6-m/nofp/libc_nano.a(lib_a-nano-freer.o)
 .debug_frame   0x0000000000002b8c       0x2c /usr/local/Cellar/arm-none-eabi-gcc/9-2019-q4-major/gcc/bin/../lib/gcc/arm-none-eabi/9.2.1/../../../../arm-none-eabi/lib/thumb/v6-m/nofp/libc_nano.a(lib_a-readr.o)
 .debug_frame   0x0000000000002bb8       0x48 /usr/local/Cellar/arm-none-eabi-gcc/9-2019-q4-major/gcc/bin/../lib/gcc/arm-none-eabi/9.2.1/../../../../arm-none-eabi/lib/thumb/v6-m/nofp/libc_nano.a(lib_a-reent.o)
 .debug_frame   0x0000000000002c00       0x2c /usr/local/Cellar/arm-none-eabi-gcc/9-2019-q4-major/gcc/bin/../lib/gcc/arm-none-eabi/9.2.1/../../../../arm-none-eabi/lib/thumb/v6-m/nofp/libc_nano.a(lib_a-fstatr.o)
 .debug_frame   0x0000000000002c2c       0x2c /usr/local/Cellar/arm-none-eabi-gcc/9-2019-q4-major/gcc/bin/../lib/gcc/arm-none-eabi/9.2.1/../../../../arm-none-eabi/lib/thumb/v6-m/nofp/libc_nano.a(lib_a-isattyr.o)
 .debug_frame   0x0000000000002c58       0x20 /usr/local/Cellar/arm-none-eabi-gcc/9-2019-q4-major/gcc/bin/../lib/gcc/arm-none-eabi/9.2.1/thumb/v6-m/nofp/libgcc.a(_udivsi3.o)
 .debug_frame   0x0000000000002c78       0x20 /usr/local/Cellar/arm-none-eabi-gcc/9-2019-q4-major/gcc/bin/../lib/gcc/arm-none-eabi/9.2.1/../../../../arm-none-eabi/lib/thumb/v6-m/nofp/libnosys.a(close.o)
 .debug_frame   0x0000000000002c98       0x20 /usr/local/Cellar/arm-none-eabi-gcc/9-2019-q4-major/gcc/bin/../lib/gcc/arm-none-eabi/9.2.1/../../../../arm-none-eabi/lib/thumb/v6-m/nofp/libnosys.a(fstat.o)
 .debug_frame   0x0000000000002cb8       0x20 /usr/local/Cellar/arm-none-eabi-gcc/9-2019-q4-major/gcc/bin/../lib/gcc/arm-none-eabi/9.2.1/../../../../arm-none-eabi/lib/thumb/v6-m/nofp/libnosys.a(isatty.o)
 .debug_frame   0x0000000000002cd8       0x20 /usr/local/Cellar/arm-none-eabi-gcc/9-2019-q4-major/gcc/bin/../lib/gcc/arm-none-eabi/9.2.1/../../../../arm-none-eabi/lib/thumb/v6-m/nofp/libnosys.a(lseek.o)
 .debug_frame   0x0000000000002cf8       0x20 /usr/local/Cellar/arm-none-eabi-gcc/9-2019-q4-major/gcc/bin/../lib/gcc/arm-none-eabi/9.2.1/../../../../arm-none-eabi/lib/thumb/v6-m/nofp/libnosys.a(sbrk.o)

.debug_info     0x0000000000000000     0xcd8f
 .debug_info    0x0000000000000000      0x1c4 _build/system_nrf51.o
 .debug_info    0x00000000000001c4     0x2375 _build/main.o
 .debug_info    0x0000000000002539      0x99f _build/nrf_delay.o
 .debug_info    0x0000000000002ed8      0x1f0 _build/app_error.o
 .debug_info    0x00000000000030c8      0xc5e _build/app_fifo.o
 .debug_info    0x0000000000003d26     0x17c7 _build/retarget.o
 .debug_info    0x00000000000054ed     0x1e00 _build/app_uart_fifo.o
 .debug_info    0x00000000000072ed     0x10b7 _build/nrf_drv_common.o
 .debug_info    0x00000000000083a4     0x2234 _build/nrf_drv_uart.o
 .debug_info    0x000000000000a5d8     0x27b7 _build/nrf_drv_twi.o

.debug_abbrev   0x0000000000000000     0x19b9
 .debug_abbrev  0x0000000000000000      0x112 _build/system_nrf51.o
 .debug_abbrev  0x0000000000000112      0x378 _build/main.o
 .debug_abbrev  0x000000000000048a      0x23b _build/nrf_delay.o
 .debug_abbrev  0x00000000000006c5      0x11e _build/app_error.o
 .debug_abbrev  0x00000000000007e3      0x25f _build/app_fifo.o
 .debug_abbrev  0x0000000000000a42      0x2d1 _build/retarget.o
 .debug_abbrev  0x0000000000000d13      0x322 _build/app_uart_fifo.o
 .debug_abbrev  0x0000000000001035      0x1fb _build/nrf_drv_common.o
 .debug_abbrev  0x0000000000001230      0x385 _build/nrf_drv_uart.o
 .debug_abbrev  0x00000000000015b5      0x404 _build/nrf_drv_twi.o

.debug_aranges  0x0000000000000000      0xea0
 .debug_aranges
                0x0000000000000000       0x38 _build/system_nrf51.o
 .debug_aranges
                0x0000000000000038      0x200 _build/main.o
 .debug_aranges
                0x0000000000000238       0x20 _build/nrf_delay.o
 .debug_aranges
                0x0000000000000258       0x28 _build/app_error.o
 .debug_aranges
                0x0000000000000280       0x60 _build/app_fifo.o
 .debug_aranges
                0x00000000000002e0      0x1c0 _build/retarget.o
 .debug_aranges
                0x00000000000004a0      0x1e8 _build/app_uart_fifo.o
 .debug_aranges
                0x0000000000000688      0x1d0 _build/nrf_drv_common.o
 .debug_aranges
                0x0000000000000858      0x338 _build/nrf_drv_uart.o
 .debug_aranges
                0x0000000000000b90      0x310 _build/nrf_drv_twi.o

.debug_ranges   0x0000000000000000      0xe00
 .debug_ranges  0x0000000000000000       0x28 _build/system_nrf51.o
 .debug_ranges  0x0000000000000028      0x1f0 _build/main.o
 .debug_ranges  0x0000000000000218       0x10 _build/nrf_delay.o
 .debug_ranges  0x0000000000000228       0x18 _build/app_error.o
 .debug_ranges  0x0000000000000240       0x50 _build/app_fifo.o
 .debug_ranges  0x0000000000000290      0x1b0 _build/retarget.o
 .debug_ranges  0x0000000000000440      0x1d8 _build/app_uart_fifo.o
 .debug_ranges  0x0000000000000618      0x1c0 _build/nrf_drv_common.o
 .debug_ranges  0x00000000000007d8      0x328 _build/nrf_drv_uart.o
 .debug_ranges  0x0000000000000b00      0x300 _build/nrf_drv_twi.o

.debug_line     0x0000000000000000     0x4d41
 .debug_line    0x0000000000000000      0x2b1 _build/system_nrf51.o
 .debug_line    0x00000000000002b1      0x9d3 _build/main.o
 .debug_line    0x0000000000000c84      0x23f _build/nrf_delay.o
 .debug_line    0x0000000000000ec3      0x220 _build/app_error.o
 .debug_line    0x00000000000010e3      0x40a _build/app_fifo.o
 .debug_line    0x00000000000014ed      0x700 _build/retarget.o
 .debug_line    0x0000000000001bed      0x9c6 _build/app_uart_fifo.o
 .debug_line    0x00000000000025b3      0x748 _build/nrf_drv_common.o
 .debug_line    0x0000000000002cfb      0xee2 _build/nrf_drv_uart.o
 .debug_line    0x0000000000003bdd     0x1164 _build/nrf_drv_twi.o

.debug_str      0x0000000000000000     0x3246
 .debug_str     0x0000000000000000      0x28d _build/system_nrf51.o
                                        0x2ca (size before relaxing)
 .debug_str     0x000000000000028d     0x1957 _build/main.o
                                       0x1ccb (size before relaxing)
 .debug_str     0x0000000000001be4       0x80 _build/nrf_delay.o
                                        0x624 (size before relaxing)
 .debug_str     0x0000000000001c64       0xa1 _build/app_error.o
                                        0x295 (size before relaxing)
 .debug_str     0x0000000000001d05      0x14f _build/app_fifo.o
                                        0x71e (size before relaxing)
 .debug_str     0x0000000000001e54       0x5a _build/retarget.o
                                       0x1487 (size before relaxing)
 .debug_str     0x0000000000001eae      0x431 _build/app_uart_fifo.o
                                       0x1b36 (size before relaxing)
 .debug_str     0x00000000000022df       0xc2 _build/nrf_drv_common.o
                                       0x1150 (size before relaxing)
 .debug_str     0x00000000000023a1      0x708 _build/nrf_drv_uart.o
                                       0x1eb4 (size before relaxing)
 .debug_str     0x0000000000002aa9      0x79d _build/nrf_drv_twi.o
                                       0x1d5a (size before relaxing)

.stab           0x0000000000000000       0x6c
 .stab          0x0000000000000000       0x24 /usr/local/Cellar/arm-none-eabi-gcc/9-2019-q4-major/gcc/bin/../lib/gcc/arm-none-eabi/9.2.1/../../../../arm-none-eabi/lib/thumb/v6-m/nofp/libnosys.a(close.o)
 .stab          0x0000000000000024       0x18 /usr/local/Cellar/arm-none-eabi-gcc/9-2019-q4-major/gcc/bin/../lib/gcc/arm-none-eabi/9.2.1/../../../../arm-none-eabi/lib/thumb/v6-m/nofp/libnosys.a(fstat.o)
                                         0x24 (size before relaxing)
 .stab          0x000000000000003c       0x18 /usr/local/Cellar/arm-none-eabi-gcc/9-2019-q4-major/gcc/bin/../lib/gcc/arm-none-eabi/9.2.1/../../../../arm-none-eabi/lib/thumb/v6-m/nofp/libnosys.a(isatty.o)
                                         0x24 (size before relaxing)
 .stab          0x0000000000000054       0x18 /usr/local/Cellar/arm-none-eabi-gcc/9-2019-q4-major/gcc/bin/../lib/gcc/arm-none-eabi/9.2.1/../../../../arm-none-eabi/lib/thumb/v6-m/nofp/libnosys.a(lseek.o)
                                         0x24 (size before relaxing)

.stabstr        0x0000000000000000       0xe3
 .stabstr       0x0000000000000000       0xe3 /usr/local/Cellar/arm-none-eabi-gcc/9-2019-q4-major/gcc/bin/../lib/gcc/arm-none-eabi/9.2.1/../../../../arm-none-eabi/lib/thumb/v6-m/nofp/libnosys.a(close.o)
