Archive member included to satisfy reference by file (symbol)

/usr/local/Cellar/arm-none-eabi-gcc/9-2019-q4-major/gcc/bin/../lib/gcc/arm-none-eabi/9.2.1/../../../../arm-none-eabi/lib/thumb/v6-m/nofp/libc_nano.a(lib_a-exit.o)
                              /usr/local/Cellar/arm-none-eabi-gcc/9-2019-q4-major/gcc/bin/../lib/gcc/arm-none-eabi/9.2.1/../../../../arm-none-eabi/lib/thumb/v6-m/nofp/crt0.o (exit)
/usr/local/Cellar/arm-none-eabi-gcc/9-2019-q4-major/gcc/bin/../lib/gcc/arm-none-eabi/9.2.1/../../../../arm-none-eabi/lib/thumb/v6-m/nofp/libc_nano.a(lib_a-impure.o)
                              /usr/local/Cellar/arm-none-eabi-gcc/9-2019-q4-major/gcc/bin/../lib/gcc/arm-none-eabi/9.2.1/../../../../arm-none-eabi/lib/thumb/v6-m/nofp/libc_nano.a(lib_a-exit.o) (_global_impure_ptr)
/usr/local/Cellar/arm-none-eabi-gcc/9-2019-q4-major/gcc/bin/../lib/gcc/arm-none-eabi/9.2.1/../../../../arm-none-eabi/lib/thumb/v6-m/nofp/libc_nano.a(lib_a-init.o)
                              /usr/local/Cellar/arm-none-eabi-gcc/9-2019-q4-major/gcc/bin/../lib/gcc/arm-none-eabi/9.2.1/../../../../arm-none-eabi/lib/thumb/v6-m/nofp/crt0.o (__libc_init_array)
/usr/local/Cellar/arm-none-eabi-gcc/9-2019-q4-major/gcc/bin/../lib/gcc/arm-none-eabi/9.2.1/../../../../arm-none-eabi/lib/thumb/v6-m/nofp/libc_nano.a(lib_a-memset.o)
                              /usr/local/Cellar/arm-none-eabi-gcc/9-2019-q4-major/gcc/bin/../lib/gcc/arm-none-eabi/9.2.1/../../../../arm-none-eabi/lib/thumb/v6-m/nofp/crt0.o (memset)
/usr/local/Cellar/arm-none-eabi-gcc/9-2019-q4-major/gcc/bin/../lib/gcc/arm-none-eabi/9.2.1/../../../../arm-none-eabi/lib/thumb/v6-m/nofp/libc_nano.a(lib_a-nano-vfprintf_float.o)
                              (_printf_float)
/usr/local/Cellar/arm-none-eabi-gcc/9-2019-q4-major/gcc/bin/../lib/gcc/arm-none-eabi/9.2.1/../../../../arm-none-eabi/lib/thumb/v6-m/nofp/libc_nano.a(lib_a-nano-vfprintf_i.o)
                              /usr/local/Cellar/arm-none-eabi-gcc/9-2019-q4-major/gcc/bin/../lib/gcc/arm-none-eabi/9.2.1/../../../../arm-none-eabi/lib/thumb/v6-m/nofp/libc_nano.a(lib_a-nano-vfprintf_float.o) (_printf_common)
/usr/local/Cellar/arm-none-eabi-gcc/9-2019-q4-major/gcc/bin/../lib/gcc/arm-none-eabi/9.2.1/../../../../arm-none-eabi/lib/thumb/v6-m/nofp/libc_nano.a(lib_a-strlen.o)
                              /usr/local/Cellar/arm-none-eabi-gcc/9-2019-q4-major/gcc/bin/../lib/gcc/arm-none-eabi/9.2.1/../../../../arm-none-eabi/lib/thumb/v6-m/nofp/libc_nano.a(lib_a-nano-vfprintf_float.o) (strlen)
/usr/local/Cellar/arm-none-eabi-gcc/9-2019-q4-major/gcc/bin/../lib/gcc/arm-none-eabi/9.2.1/../../../../arm-none-eabi/lib/thumb/v6-m/nofp/libc_nano.a(lib_a-dtoa.o)
                              /usr/local/Cellar/arm-none-eabi-gcc/9-2019-q4-major/gcc/bin/../lib/gcc/arm-none-eabi/9.2.1/../../../../arm-none-eabi/lib/thumb/v6-m/nofp/libc_nano.a(lib_a-nano-vfprintf_float.o) (_dtoa_r)
/usr/local/Cellar/arm-none-eabi-gcc/9-2019-q4-major/gcc/bin/../lib/gcc/arm-none-eabi/9.2.1/../../../../arm-none-eabi/lib/thumb/v6-m/nofp/libc_nano.a(lib_a-localeconv.o)
                              /usr/local/Cellar/arm-none-eabi-gcc/9-2019-q4-major/gcc/bin/../lib/gcc/arm-none-eabi/9.2.1/../../../../arm-none-eabi/lib/thumb/v6-m/nofp/libc_nano.a(lib_a-nano-vfprintf_float.o) (_localeconv_r)
/usr/local/Cellar/arm-none-eabi-gcc/9-2019-q4-major/gcc/bin/../lib/gcc/arm-none-eabi/9.2.1/../../../../arm-none-eabi/lib/thumb/v6-m/nofp/libc_nano.a(lib_a-malloc.o)
                              /usr/local/Cellar/arm-none-eabi-gcc/9-2019-q4-major/gcc/bin/../lib/gcc/arm-none-eabi/9.2.1/../../../../arm-none-eabi/lib/thumb/v6-m/nofp/libc_nano.a(lib_a-dtoa.o) (malloc)
/usr/local/Cellar/arm-none-eabi-gcc/9-2019-q4-major/gcc/bin/../lib/gcc/arm-none-eabi/9.2.1/../../../../arm-none-eabi/lib/thumb/v6-m/nofp/libc_nano.a(lib_a-memchr-stub.o)
                              /usr/local/Cellar/arm-none-eabi-gcc/9-2019-q4-major/gcc/bin/../lib/gcc/arm-none-eabi/9.2.1/../../../../arm-none-eabi/lib/thumb/v6-m/nofp/libc_nano.a(lib_a-nano-vfprintf_i.o) (memchr)
/usr/local/Cellar/arm-none-eabi-gcc/9-2019-q4-major/gcc/bin/../lib/gcc/arm-none-eabi/9.2.1/../../../../arm-none-eabi/lib/thumb/v6-m/nofp/libc_nano.a(lib_a-memcpy-stub.o)
                              /usr/local/Cellar/arm-none-eabi-gcc/9-2019-q4-major/gcc/bin/../lib/gcc/arm-none-eabi/9.2.1/../../../../arm-none-eabi/lib/thumb/v6-m/nofp/libc_nano.a(lib_a-dtoa.o) (memcpy)
/usr/local/Cellar/arm-none-eabi-gcc/9-2019-q4-major/gcc/bin/../lib/gcc/arm-none-eabi/9.2.1/../../../../arm-none-eabi/lib/thumb/v6-m/nofp/libc_nano.a(lib_a-mprec.o)
                              /usr/local/Cellar/arm-none-eabi-gcc/9-2019-q4-major/gcc/bin/../lib/gcc/arm-none-eabi/9.2.1/../../../../arm-none-eabi/lib/thumb/v6-m/nofp/libc_nano.a(lib_a-dtoa.o) (_Balloc)
/usr/local/Cellar/arm-none-eabi-gcc/9-2019-q4-major/gcc/bin/../lib/gcc/arm-none-eabi/9.2.1/../../../../arm-none-eabi/lib/thumb/v6-m/nofp/libc_nano.a(lib_a-nano-callocr.o)
[...]
Memory Configuration

Name             Origin             Length             Attributes
FLASH            0x0000000000018000 0x0000000000028000 xr
RAM              0x0000000020002000 0x0000000000002000 xrw
*default*        0x0000000000000000 0xffffffffffffffff

Linker script and memory map

LOAD /usr/local/Cellar/arm-none-eabi-gcc/9-2019-q4-major/gcc/bin/../lib/gcc/arm-none-eabi/9.2.1/thumb/v6-m/nofp/crti.o
LOAD /usr/local/Cellar/arm-none-eabi-gcc/9-2019-q4-major/gcc/bin/../lib/gcc/arm-none-eabi/9.2.1/thumb/v6-m/nofp/crtbegin.o
LOAD /usr/local/Cellar/arm-none-eabi-gcc/9-2019-q4-major/gcc/bin/../lib/gcc/arm-none-eabi/9.2.1/../../../../arm-none-eabi/lib/thumb/v6-m/nofp/crt0.o
LOAD /usr/local/Cellar/arm-none-eabi-gcc/9-2019-q4-major/gcc/bin/../lib/gcc/arm-none-eabi/9.2.1/../../../../arm-none-eabi/lib/thumb/v6-m/nofp/libc_nano.a
LOAD /usr/local/Cellar/arm-none-eabi-gcc/9-2019-q4-major/gcc/bin/../lib/gcc/arm-none-eabi/9.2.1/../../../../arm-none-eabi/lib/thumb/v6-m/nofp/libnosys.a
LOAD _build/system_nrf51.o
LOAD _build/main.o
LOAD _build/nrf_delay.o
LOAD _build/app_error.o
LOAD _build/app_fifo.o
LOAD _build/app_util_platform.o
LOAD _build/nrf_assert.o
LOAD _build/retarget.o
LOAD _build/app_uart_fifo.o
LOAD _build/nrf_drv_common.o
LOAD _build/nrf_drv_uart.o
LOAD _build/nrf_drv_twi.o
LOAD _build/i2c.o
LOAD _build/LSM303AGR.o
LOAD _build/gcc_startup_nrf51.o
LOAD /usr/local/Cellar/arm-none-eabi-gcc/9-2019-q4-major/gcc/bin/../lib/gcc/arm-none-eabi/9.2.1/../../../../arm-none-eabi/lib/thumb/v6-m/nofp/libm.a
START GROUP
LOAD /usr/local/Cellar/arm-none-eabi-gcc/9-2019-q4-major/gcc/bin/../lib/gcc/arm-none-eabi/9.2.1/thumb/v6-m/nofp/libgcc.a
LOAD /usr/local/Cellar/arm-none-eabi-gcc/9-2019-q4-major/gcc/bin/../lib/gcc/arm-none-eabi/9.2.1/../../../../arm-none-eabi/lib/thumb/v6-m/nofp/libc_nano.a
END GROUP
START GROUP
LOAD /usr/local/Cellar/arm-none-eabi-gcc/9-2019-q4-major/gcc/bin/../lib/gcc/arm-none-eabi/9.2.1/thumb/v6-m/nofp/libgcc.a
LOAD /usr/local/Cellar/arm-none-eabi-gcc/9-2019-q4-major/gcc/bin/../lib/gcc/arm-none-eabi/9.2.1/../../../../arm-none-eabi/lib/thumb/v6-m/nofp/libc_nano.a
END GROUP
LOAD /usr/local/Cellar/arm-none-eabi-gcc/9-2019-q4-major/gcc/bin/../lib/gcc/arm-none-eabi/9.2.1/thumb/v6-m/nofp/crtend.o
LOAD /usr/local/Cellar/arm-none-eabi-gcc/9-2019-q4-major/gcc/bin/../lib/gcc/arm-none-eabi/9.2.1/thumb/v6-m/nofp/crtn.o
START GROUP
LOAD /usr/local/Cellar/arm-none-eabi-gcc/9-2019-q4-major/gcc/bin/../lib/gcc/arm-none-eabi/9.2.1/thumb/v6-m/nofp/libgcc.a
LOAD /usr/local/Cellar/arm-none-eabi-gcc/9-2019-q4-major/gcc/bin/../lib/gcc/arm-none-eabi/9.2.1/../../../../arm-none-eabi/lib/thumb/v6-m/nofp/libc.a
LOAD /usr/local/Cellar/arm-none-eabi-gcc/9-2019-q4-major/gcc/bin/../lib/gcc/arm-none-eabi/9.2.1/../../../../arm-none-eabi/lib/thumb/v6-m/nofp/libnosys.a
END GROUP

.fs_data_out    0x0000000000000000        0x0
                [!provide]                        PROVIDE (__start_fs_data = .)
 *(fs_data)
                [!provide]                        PROVIDE (__stop_fs_data = .)

.text           0x0000000000018000     0x987c
 *(.Vectors)
 .Vectors       0x0000000000018000       0xc0 _build/gcc_startup_nrf51.o
                0x0000000000018000                __Vectors
 *(.text*)
 .text          0x00000000000180c0       0x48 /usr/local/Cellar/arm-none-eabi-gcc/9-2019-q4-major/gcc/bin/../lib/gcc/arm-none-eabi/9.2.1/thumb/v6-m/nofp/crtbegin.o
 .text          0x0000000000018108       0x78 /usr/local/Cellar/arm-none-eabi-gcc/9-2019-q4-major/gcc/bin/../lib/gcc/arm-none-eabi/9.2.1/../../../../arm-none-eabi/lib/thumb/v6-m/nofp/crt0.o
                0x0000000000018108                _mainCRTStartup
                0x0000000000018108                _start
 .text.exit     0x0000000000018180       0x2c /usr/local/Cellar/arm-none-eabi-gcc/9-2019-q4-major/gcc/bin/../lib/gcc/arm-none-eabi/9.2.1/../../../../arm-none-eabi/lib/thumb/v6-m/nofp/libc_nano.a(lib_a-exit.o)
                0x0000000000018180                exit
 .text.__libc_init_array
                0x00000000000181ac       0x48 /usr/local/Cellar/arm-none-eabi-gcc/9-2019-q4-major/gcc/bin/../lib/gcc/arm-none-eabi/9.2.1/../../../../arm-none-eabi/lib/thumb/v6-m/nofp/libc_nano.a(lib_a-init.o)
                0x00000000000181ac                __libc_init_array
 .text.memset   0x00000000000181f4       0x10 /usr/local/Cellar/arm-none-eabi-gcc/9-2019-q4-major/gcc/bin/../lib/gcc/arm-none-eabi/9.2.1/../../../../arm-none-eabi/lib/thumb/v6-m/nofp/libc_nano.a(lib_a-memset.o)
                0x00000000000181f4                memset
 .text.__cvt    0x0000000000018204       0xc6 /usr/local/Cellar/arm-none-eabi-gcc/9-2019-q4-major/gcc/bin/../lib/gcc/arm-none-eabi/9.2.1/../../../../arm-none-eabi/lib/thumb/v6-m/nofp/libc_nano.a(lib_a-nano-vfprintf_float.o)
                0x0000000000018204                __cvt
 .text.__exponent
                0x00000000000182ca       0x8e /usr/local/Cellar/arm-none-eabi-gcc/9-2019-q4-major/gcc/bin/../lib/gcc/arm-none-eabi/9.2.1/../../../../arm-none-eabi/lib/thumb/v6-m/nofp/libc_nano.a(lib_a-nano-vfprintf_float.o)
                0x00000000000182ca                __exponent
 .text._printf_float
                0x0000000000018358      0x49c /usr/local/Cellar/arm-none-eabi-gcc/9-2019-q4-major/gcc/bin/../lib/gcc/arm-none-eabi/9.2.1/../../../../arm-none-eabi/lib/thumb/v6-m/nofp/libc_nano.a(lib_a-nano-vfprintf_float.o)
                0x0000000000018358                _printf_float
 .text._printf_common
                0x00000000000187f4       0xde /usr/local/Cellar/arm-none-eabi-gcc/9-2019-q4-major/gcc/bin/../lib/gcc/arm-none-eabi/9.2.1/../../../../arm-none-eabi/lib/thumb/v6-m/nofp/libc_nano.a(lib_a-nano-vfprintf_i.o)
                0x00000000000187f4                _printf_common
 *fill*         0x00000000000188d2        0x2 
 .text._printf_i
                0x00000000000188d4      0x224 /usr/local/Cellar/arm-none-eabi-gcc/9-2019-q4-major/gcc/bin/../lib/gcc/arm-none-eabi/9.2.1/../../../../arm-none-eabi/lib/thumb/v6-m/nofp/libc_nano.a(lib_a-nano-vfprintf_i.o)
                0x00000000000188d4                _printf_i
 .text          0x0000000000018af8        0xe /usr/local/Cellar/arm-none-eabi-gcc/9-2019-q4-major/gcc/bin/../lib/gcc/arm-none-eabi/9.2.1/../../../../arm-none-eabi/lib/thumb/v6-m/nofp/libc_nano.a(lib_a-strlen.o)
                0x0000000000018af8                strlen
 .text.quorem   0x0000000000018b06      0x116 /usr/local/Cellar/arm-none-eabi-gcc/9-2019-q4-major/gcc/bin/../lib/gcc/arm-none-eabi/9.2.1/../../../../arm-none-eabi/lib/thumb/v6-m/nofp/libc_nano.a(lib_a-dtoa.o)
 .text._dtoa_r  0x0000000000018c1c      0xbcc /usr/local/Cellar/arm-none-eabi-gcc/9-2019-q4-major/gcc/bin/../lib/gcc/arm-none-eabi/9.2.1/../../../../arm-none-eabi/lib/thumb/v6-m/nofp/libc_nano.a(lib_a-dtoa.o)
                0x0000000000018c1c                _dtoa_r
 .text._localeconv_r
                0x00000000000197e8        0x8 /usr/local/Cellar/arm-none-eabi-gcc/9-2019-q4-major/gcc/bin/../lib/gcc/arm-none-eabi/9.2.1/../../../../arm-none-eabi/lib/thumb/v6-m/nofp/libc_nano.a(lib_a-localeconv.o)
                0x00000000000197e8                _localeconv_r
 .text.malloc   0x00000000000197f0       0x14 /usr/local/Cellar/arm-none-eabi-gcc/9-2019-q4-major/gcc/bin/../lib/gcc/arm-none-eabi/9.2.1/../../../../arm-none-eabi/lib/thumb/v6-m/nofp/libc_nano.a(lib_a-malloc.o)
                0x00000000000197f0                malloc
 .text.memchr   0x0000000000019804       0x16 /usr/local/Cellar/arm-none-eabi-gcc/9-2019-q4-major/gcc/bin/../lib/gcc/arm-none-eabi/9.2.1/../../../../arm-none-eabi/lib/thumb/v6-m/nofp/libc_nano.a(lib_a-memchr-stub.o)
                0x0000000000019804                memchr
 .text.memcpy   0x000000000001981a       0x12 /usr/local/Cellar/arm-none-eabi-gcc/9-2019-q4-major/gcc/bin/../lib/gcc/arm-none-eabi/9.2.1/../../../../arm-none-eabi/lib/thumb/v6-m/nofp/libc_nano.a(lib_a-memcpy-stub.o)
                0x000000000001981a                memcpy
 .text._Balloc  0x000000000001982c       0x70 /usr/local/Cellar/arm-none-eabi-gcc/9-2019-q4-major/gcc/bin/../lib/gcc/arm-none-eabi/9.2.1/../../../../arm-none-eabi/lib/thumb/v6-m/nofp/libc_nano.a(lib_a-mprec.o)
                0x000000000001982c                _Balloc
 .text._Bfree   0x000000000001989c       0x32 /usr/local/Cellar/arm-none-eabi-gcc/9-2019-q4-major/gcc/bin/../lib/gcc/arm-none-eabi/9.2.1/../../../../arm-none-eabi/lib/thumb/v6-m/nofp/libc_nano.a(lib_a-mprec.o)
                0x000000000001989c                _Bfree
 .text.__multadd
                0x00000000000198ce       0x7c /usr/local/Cellar/arm-none-eabi-gcc/9-2019-q4-major/gcc/bin/../lib/gcc/arm-none-eabi/9.2.1/../../../../arm-none-eabi/lib/thumb/v6-m/nofp/libc_nano.a(lib_a-mprec.o)
                0x00000000000198ce                __multadd
 .text.__hi0bits
                0x000000000001994a       0x34 /usr/local/Cellar/arm-none-eabi-gcc/9-2019-q4-major/gcc/bin/../lib/gcc/arm-none-eabi/9.2.1/../../../../arm-none-eabi/lib/thumb/v6-m/nofp/libc_nano.a(lib_a-mprec.o)
                0x000000000001994a                __hi0bits
 .text.__lo0bits
                0x000000000001997e       0x5c /usr/local/Cellar/arm-none-eabi-gcc/9-2019-q4-major/gcc/bin/../lib/gcc/arm-none-eabi/9.2.1/../../../../arm-none-eabi/lib/thumb/v6-m/nofp/libc_nano.a(lib_a-mprec.o)
                0x000000000001997e                __lo0bits
 .text.__i2b    0x00000000000199da       0x12 /usr/local/Cellar/arm-none-eabi-gcc/9-2019-q4-major/gcc/bin/../lib/gcc/arm-none-eabi/9.2.1/../../../../arm-none-eabi/lib/thumb/v6-m/nofp/libc_nano.a(lib_a-mprec.o)
                0x00000000000199da                __i2b
 .text.__multiply
                0x00000000000199ec      0x146 /usr/local/Cellar/arm-none-eabi-gcc/9-2019-q4-major/gcc/bin/../lib/gcc/arm-none-eabi/9.2.1/../../../../arm-none-eabi/lib/thumb/v6-m/nofp/libc_nano.a(lib_a-mprec.o)
                0x00000000000199ec                __multiply
 *fill*         0x0000000000019b32        0x2 
 .text.__pow5mult
                0x0000000000019b34       0xa0 /usr/local/Cellar/arm-none-eabi-gcc/9-2019-q4-major/gcc/bin/../lib/gcc/arm-none-eabi/9.2.1/../../../../arm-none-eabi/lib/thumb/v6-m/nofp/libc_nano.a(lib_a-mprec.o)
                0x0000000000019b34                __pow5mult
 .text.__lshift
                0x0000000000019bd4       0xc8 /usr/local/Cellar/arm-none-eabi-gcc/9-2019-q4-major/gcc/bin/../lib/gcc/arm-none-eabi/9.2.1/../../../../arm-none-eabi/lib/thumb/v6-m/nofp/libc_nano.a(lib_a-mprec.o)
                0x0000000000019bd4                __lshift
 .text.__mcmp   0x0000000000019c9c       0x36 /usr/local/Cellar/arm-none-eabi-gcc/9-2019-q4-major/gcc/bin/../lib/gcc/arm-none-eabi/9.2.1/../../../../arm-none-eabi/lib/thumb/v6-m/nofp/libc_nano.a(lib_a-mprec.o)
                0x0000000000019c9c                __mcmp
 .text.__mdiff  0x0000000000019cd2      0x106 /usr/local/Cellar/arm-none-eabi-gcc/9-2019-q4-major/gcc/bin/../lib/gcc/arm-none-eabi/9.2.1/../../../../arm-none-eabi/lib/thumb/v6-m/nofp/libc_nano.a(lib_a-mprec.o)
                0x0000000000019cd2                __mdiff
 .text.__d2b    0x0000000000019dd8       0xac /usr/local/Cellar/arm-none-eabi-gcc/9-2019-q4-major/gcc/bin/../lib/gcc/arm-none-eabi/9.2.1/../../../../arm-none-eabi/lib/thumb/v6-m/nofp/libc_nano.a(lib_a-mprec.o)
                0x0000000000019dd8                __d2b
 .text._calloc_r
                0x0000000000019e84       0x1c /usr/local/Cellar/arm-none-eabi-gcc/9-2019-q4-major/gcc/bin/../lib/gcc/arm-none-eabi/9.2.1/../../../../arm-none-eabi/lib/thumb/v6-m/nofp/libc_nano.a(lib_a-nano-callocr.o)
                0x0000000000019e84                _calloc_r
 .text._free_r  0x0000000000019ea0       0x94 /usr/local/Cellar/arm-none-eabi-gcc/9-2019-q4-major/gcc/bin/../lib/gcc/arm-none-eabi/9.2.1/../../../../arm-none-eabi/lib/thumb/v6-m/nofp/libc_nano.a(lib_a-nano-freer.o)
                0x0000000000019ea0                _free_r
 .text._malloc_r
                0x0000000000019f34       0xbc /usr/local/Cellar/arm-none-eabi-gcc/9-2019-q4-major/gcc/bin/../lib/gcc/arm-none-eabi/9.2.1/../../../../arm-none-eabi/lib/thumb/v6-m/nofp/libc_nano.a(lib_a-nano-mallocr.o)
                0x0000000000019f34                _malloc_r
 .text._sbrk_r  0x0000000000019ff0       0x24 /usr/local/Cellar/arm-none-eabi-gcc/9-2019-q4-major/gcc/bin/../lib/gcc/arm-none-eabi/9.2.1/../../../../arm-none-eabi/lib/thumb/v6-m/nofp/libc_nano.a(lib_a-sbrkr.o)
                0x0000000000019ff0                _sbrk_r
 .text.__ascii_mbtowc
                0x000000000001a014       0x24 /usr/local/Cellar/arm-none-eabi-gcc/9-2019-q4-major/gcc/bin/../lib/gcc/arm-none-eabi/9.2.1/../../../../arm-none-eabi/lib/thumb/v6-m/nofp/libc_nano.a(lib_a-mbtowc_r.o)
                0x000000000001a014                __ascii_mbtowc
 .text.__malloc_lock
                0x000000000001a038       0x10 /usr/local/Cellar/arm-none-eabi-gcc/9-2019-q4-major/gcc/bin/../lib/gcc/arm-none-eabi/9.2.1/../../../../arm-none-eabi/lib/thumb/v6-m/nofp/libc_nano.a(lib_a-mlock.o)
                0x000000000001a038                __malloc_lock
 .text.__malloc_unlock
                0x000000000001a048       0x10 /usr/local/Cellar/arm-none-eabi-gcc/9-2019-q4-major/gcc/bin/../lib/gcc/arm-none-eabi/9.2.1/../../../../arm-none-eabi/lib/thumb/v6-m/nofp/libc_nano.a(lib_a-mlock.o)
                0x000000000001a048                __malloc_unlock
 .text.__ascii_wctomb
                0x000000000001a058       0x1a /usr/local/Cellar/arm-none-eabi-gcc/9-2019-q4-major/gcc/bin/../lib/gcc/arm-none-eabi/9.2.1/../../../../arm-none-eabi/lib/thumb/v6-m/nofp/libc_nano.a(lib_a-wctomb_r.o)
                0x000000000001a058                __ascii_wctomb
 .text.__retarget_lock_init_recursive
                0x000000000001a072        0x2 /usr/local/Cellar/arm-none-eabi-gcc/9-2019-q4-major/gcc/bin/../lib/gcc/arm-none-eabi/9.2.1/../../../../arm-none-eabi/lib/thumb/v6-m/nofp/libc_nano.a(lib_a-lock.o)
                0x000000000001a072                __retarget_lock_init_recursive
 .text.__retarget_lock_acquire_recursive
                0x000000000001a074        0x2 /usr/local/Cellar/arm-none-eabi-gcc/9-2019-q4-major/gcc/bin/../lib/gcc/arm-none-eabi/9.2.1/../../../../arm-none-eabi/lib/thumb/v6-m/nofp/libc_nano.a(lib_a-lock.o)
                0x000000000001a074                __retarget_lock_acquire_recursive
 .text.__retarget_lock_release_recursive
                0x000000000001a076        0x2 /usr/local/Cellar/arm-none-eabi-gcc/9-2019-q4-major/gcc/bin/../lib/gcc/arm-none-eabi/9.2.1/../../../../arm-none-eabi/lib/thumb/v6-m/nofp/libc_nano.a(lib_a-lock.o)
                0x000000000001a076                __retarget_lock_release_recursive
 .text._sbrk    0x000000000001a078       0x1c /usr/local/Cellar/arm-none-eabi-gcc/9-2019-q4-major/gcc/bin/../lib/gcc/arm-none-eabi/9.2.1/../../../../arm-none-eabi/lib/thumb/v6-m/nofp/libnosys.a(sbrk.o)
                0x000000000001a078                _sbrk
 .text._exit    0x000000000001a094        0x4 /usr/local/Cellar/arm-none-eabi-gcc/9-2019-q4-major/gcc/bin/../lib/gcc/arm-none-eabi/9.2.1/../../../../arm-none-eabi/lib/thumb/v6-m/nofp/libnosys.a(_exit.o)
                0x000000000001a094                _exit
 .text.SystemInit
                0x000000000001a098       0x40 _build/system_nrf51.o
                0x000000000001a098                SystemInit
 .text.is_manual_peripheral_setup_needed
                0x000000000001a0d8       0x80 _build/system_nrf51.o
 .text.is_disabled_in_debug_needed
                0x000000000001a158       0x4c _build/system_nrf51.o
 .text.nrf_gpio_cfg
                0x000000000001a1a4       0x60 _build/main.o
 .text.nrf_gpio_cfg_output
                0x000000000001a204       0x24 _build/main.o
 .text.nrf_gpio_pin_set
                0x000000000001a228       0x20 _build/main.o
 .text.nrf_gpio_pin_clear
                0x000000000001a248       0x24 _build/main.o
 .text.uart_error_handle
                0x000000000001a26c       0x3e _build/main.o
                0x000000000001a26c                uart_error_handle
 *fill*         0x000000000001a2aa        0x2 
 .text.main     0x000000000001a2ac      0x308 _build/main.o
                0x000000000001a2ac                main
 .text.nrf_delay_ms
                0x000000000001a5b4       0x4c _build/nrf_delay.o
                0x000000000001a5b4                nrf_delay_ms
 .text.NVIC_SystemReset
                0x000000000001a600       0x20 _build/app_error.o
 .text.app_error_handler
                0x000000000001a620       0x18 _build/app_error.o
                0x000000000001a620                app_error_handler
 .text.fifo_length
                0x000000000001a638       0x1e _build/app_fifo.o
 .text.fifo_put
                0x000000000001a656       0x36 _build/app_fifo.o
 .text.fifo_get
                0x000000000001a68c       0x32 _build/app_fifo.o
 .text.app_fifo_init
                0x000000000001a6be       0x5a _build/app_fifo.o
                0x000000000001a6be                app_fifo_init
 .text.app_fifo_put
                0x000000000001a718       0x3c _build/app_fifo.o
                0x000000000001a718                app_fifo_put
 .text.app_fifo_get
                0x000000000001a754       0x30 _build/app_fifo.o
                0x000000000001a754                app_fifo_get
 .text._write   0x000000000001a784       0x38 _build/retarget.o
                0x000000000001a784                _write
 .text._read    0x000000000001a7bc       0x26 _build/retarget.o
                0x000000000001a7bc                _read
 .text.fifo_length
                0x000000000001a7e2       0x1e _build/app_uart_fifo.o
 .text.uart_event_handler
                0x000000000001a800      0x104 _build/app_uart_fifo.o
 .text.app_uart_init
                0x000000000001a904      0x11c _build/app_uart_fifo.o
                0x000000000001a904                app_uart_init
 .text.app_uart_get
                0x000000000001aa20       0x50 _build/app_uart_fifo.o
                0x000000000001aa20                app_uart_get
 .text.app_uart_put
                0x000000000001aa70       0x4c _build/app_uart_fifo.o
                0x000000000001aa70                app_uart_put
 .text.NVIC_EnableIRQ
                0x000000000001aabc       0x2c _build/nrf_drv_common.o
 .text.NVIC_ClearPendingIRQ
                0x000000000001aae8       0x34 _build/nrf_drv_common.o
 .text.NVIC_SetPriority
                0x000000000001ab1c       0xdc _build/nrf_drv_common.o
 .text.nrf_drv_common_irq_enable
                0x000000000001abf8       0x44 _build/nrf_drv_common.o
                0x000000000001abf8                nrf_drv_common_irq_enable
 .text.nrf_uart_event_clear
                0x000000000001ac3c       0x22 _build/nrf_drv_uart.o
 .text.nrf_uart_event_check
                0x000000000001ac5e       0x26 _build/nrf_drv_uart.o
 .text.nrf_uart_int_enable
                0x000000000001ac84       0x1c _build/nrf_drv_uart.o
 .text.nrf_uart_int_enable_check
                0x000000000001aca0       0x24 _build/nrf_drv_uart.o
 .text.nrf_uart_int_disable
                0x000000000001acc4       0x1c _build/nrf_drv_uart.o
 .text.nrf_uart_errorsrc_get_and_clear
                0x000000000001ace0       0x26 _build/nrf_drv_uart.o
 .text.nrf_uart_enable
                0x000000000001ad06       0x1a _build/nrf_drv_uart.o
 .text.nrf_uart_txrx_pins_set
                0x000000000001ad20       0x2c _build/nrf_drv_uart.o
 .text.nrf_uart_hwfc_pins_set
                0x000000000001ad4c       0x28 _build/nrf_drv_uart.o
 .text.nrf_uart_rxd_get
                0x000000000001ad74       0x1a _build/nrf_drv_uart.o
 *fill*         0x000000000001ad8e        0x2 
 .text.nrf_uart_txd_set
                0x000000000001ad90       0x24 _build/nrf_drv_uart.o
 .text.nrf_uart_task_trigger
                0x000000000001adb4       0x22 _build/nrf_drv_uart.o
 *fill*         0x000000000001add6        0x2 
 .text.nrf_uart_configure
                0x000000000001add8       0x38 _build/nrf_drv_uart.o
 .text.nrf_uart_baudrate_set
                0x000000000001ae10       0x20 _build/nrf_drv_uart.o
 .text.nrf_gpio_cfg
                0x000000000001ae30       0x60 _build/nrf_drv_uart.o
 .text.nrf_gpio_cfg_output
                0x000000000001ae90       0x24 _build/nrf_drv_uart.o
 .text.nrf_gpio_cfg_input
                0x000000000001aeb4       0x2c _build/nrf_drv_uart.o
 .text.nrf_gpio_pin_set
                0x000000000001aee0       0x20 _build/nrf_drv_uart.o
 .text.apply_config
                0x000000000001af00       0x9c _build/nrf_drv_uart.o
 .text.interrupts_enable
                0x000000000001af9c       0x34 _build/nrf_drv_uart.o
 .text.uart_enable
                0x000000000001afd0       0x18 _build/nrf_drv_uart.o
 .text.nrf_drv_uart_init
                0x000000000001afe8       0x78 _build/nrf_drv_uart.o
                0x000000000001afe8                nrf_drv_uart_init
 .text.tx_byte  0x000000000001b060       0x54 _build/nrf_drv_uart.o
 .text.nrf_drv_uart_tx
                0x000000000001b0b4       0xfc _build/nrf_drv_uart.o
                0x000000000001b0b4                nrf_drv_uart_tx
 .text.rx_byte  0x000000000001b1b0       0x48 _build/nrf_drv_uart.o
 .text.rx_enable
                0x000000000001b1f8       0x34 _build/nrf_drv_uart.o
 .text.nrf_drv_uart_rx
                0x000000000001b22c      0x15c _build/nrf_drv_uart.o
                0x000000000001b22c                nrf_drv_uart_rx
 .text.nrf_drv_uart_rx_enable
                0x000000000001b388       0x28 _build/nrf_drv_uart.o
                0x000000000001b388                nrf_drv_uart_rx_enable
 .text.rx_done_event
                0x000000000001b3b0       0x44 _build/nrf_drv_uart.o
 .text.tx_done_event
                0x000000000001b3f4       0x44 _build/nrf_drv_uart.o
 .text.UART0_IRQHandler
                0x000000000001b438      0x19c _build/nrf_drv_uart.o
                0x000000000001b438                UART0_IRQHandler
 .text.NVIC_GetPriority
                0x000000000001b5d4       0x7c _build/nrf_drv_twi.o
 .text.nrf_twi_task_set
                0x000000000001b650       0x22 _build/nrf_drv_twi.o
 .text.nrf_twi_event_clear
                0x000000000001b672       0x22 _build/nrf_drv_twi.o
 .text.nrf_twi_event_check
                0x000000000001b694       0x26 _build/nrf_drv_twi.o
 .text.nrf_twi_shorts_set
                0x000000000001b6ba       0x28 _build/nrf_drv_twi.o
 .text.nrf_twi_shorts_clear
                0x000000000001b6e2       0x2a _build/nrf_drv_twi.o
 .text.nrf_twi_int_enable
                0x000000000001b70c       0x1c _build/nrf_drv_twi.o
 .text.nrf_twi_int_disable
                0x000000000001b728       0x1c _build/nrf_drv_twi.o
 .text.nrf_twi_frequency_set
                0x000000000001b744       0x20 _build/nrf_drv_twi.o
 .text.nrf_twi_error_source_get
                0x000000000001b764       0x28 _build/nrf_drv_twi.o
 .text.nrf_twi_enable
                0x000000000001b78c       0x1a _build/nrf_drv_twi.o
 *fill*         0x000000000001b7a6        0x2 
 .text.nrf_twi_pins_set
                0x000000000001b7a8       0x2c _build/nrf_drv_twi.o
 .text.nrf_twi_rxd_get
                0x000000000001b7d4       0x1a _build/nrf_drv_twi.o
 *fill*         0x000000000001b7ee        0x2 
 .text.nrf_twi_txd_set
                0x000000000001b7f0       0x24 _build/nrf_drv_twi.o
 .text.nrf_twi_address_set
                0x000000000001b814       0x22 _build/nrf_drv_twi.o
 .text.sd_nvic_critical_region_enter
                0x000000000001b836        0x8 _build/nrf_drv_twi.o
 .text.sd_nvic_critical_region_exit
                0x000000000001b83e        0x8 _build/nrf_drv_twi.o
 *fill*         0x000000000001b846        0x2 
 .text.current_int_priority_get
                0x000000000001b848       0x3c _build/nrf_drv_twi.o
 .text.nrf_gpio_pin_set
                0x000000000001b884       0x20 _build/nrf_drv_twi.o
 .text.nrf_gpio_pin_clear
                0x000000000001b8a4       0x24 _build/nrf_drv_twi.o
 .text.nrf_gpio_pin_read
                0x000000000001b8c8       0x24 _build/nrf_drv_twi.o
 .text.state_machine
                0x000000000001b8ec       0xd0 _build/nrf_drv_twi.o
 .text.txrx_shorts_set_task_start
                0x000000000001b9bc       0xe8 _build/nrf_drv_twi.o
 .text.address_req
                0x000000000001baa4       0xa8 _build/nrf_drv_twi.o
 .text.rx_address_req
                0x000000000001bb4c       0xa8 _build/nrf_drv_twi.o
 .text.rx_prepare
                0x000000000001bbf4       0x18 _build/nrf_drv_twi.o
 .text.rx_done  0x000000000001bc0c       0x64 _build/nrf_drv_twi.o
 .text.tx_prepare
                0x000000000001bc70       0x48 _build/nrf_drv_twi.o
 .text.tx_done  0x000000000001bcb8       0x4c _build/nrf_drv_twi.o
 .text.on_error
                0x000000000001bd04       0x94 _build/nrf_drv_twi.o
 .text.ack_error
                0x000000000001bd98       0x30 _build/nrf_drv_twi.o
 .text.twi_action_wait
                0x000000000001bdc8       0xb4 _build/nrf_drv_twi.o
 .text.twi_clear_bus
                0x000000000001be7c      0x160 _build/nrf_drv_twi.o
 .text.twi_transfer
                0x000000000001bfdc      0x1d8 _build/nrf_drv_twi.o
 .text.nrf_drv_twi_init
                0x000000000001c1b4      0x110 _build/nrf_drv_twi.o
                0x000000000001c1b4                nrf_drv_twi_init
 .text.nrf_drv_twi_enable
                0x000000000001c2c4       0xb0 _build/nrf_drv_twi.o
                0x000000000001c2c4                nrf_drv_twi_enable
 .text.nrf_drv_twi_tx
                0x000000000001c374       0x3a _build/nrf_drv_twi.o
                0x000000000001c374                nrf_drv_twi_tx
 .text.nrf_drv_twi_rx
                0x000000000001c3ae       0x3a _build/nrf_drv_twi.o
                0x000000000001c3ae                nrf_drv_twi_rx
 .text.nrf_drv_twi_int_handler
                0x000000000001c3e8      0x1a0 _build/nrf_drv_twi.o
 .text.SPI0_TWI0_IRQHandler
                0x000000000001c588       0x18 _build/nrf_drv_twi.o
                0x000000000001c588                SPI0_TWI0_IRQHandler
 .text.twi_handler
                0x000000000001c5a0       0x88 _build/i2c.o
                0x000000000001c5a0                twi_handler
 .text.i2cInit  0x000000000001c628       0x64 _build/i2c.o
                0x000000000001c628                i2cInit
 .text.i2cWrite
                0x000000000001c68c       0x68 _build/i2c.o
                0x000000000001c68c                i2cWrite
 .text.i2cRead  0x000000000001c6f4       0x90 _build/i2c.o
                0x000000000001c6f4                i2cRead
 .text.LSM303init
                0x000000000001c784       0x28 _build/LSM303AGR.o
                0x000000000001c784                LSM303init
 .text.LSM303getAccel
                0x000000000001c7ac       0x74 _build/LSM303AGR.o
                0x000000000001c7ac                LSM303getAccel
 .text.LSM303dataReady
                0x000000000001c820       0x38 _build/LSM303AGR.o
                0x000000000001c820                LSM303dataReady
 .text.LSM303bitsToMg
                0x000000000001c858       0x4c _build/LSM303AGR.o
                0x000000000001c858                LSM303bitsToMg
 .text.mgToDeg  0x000000000001c8a4      0x1e8 _build/LSM303AGR.o
                0x000000000001c8a4                mgToDeg
 .text          0x000000000001ca8c       0x54 _build/gcc_startup_nrf51.o
                0x000000000001ca8c                Reset_Handler
                0x000000000001cad4                NMI_Handler
                0x000000000001cad6                HardFault_Handler
                0x000000000001cad8                SVC_Handler
                0x000000000001cada                PendSV_Handler
                0x000000000001cadc                SysTick_Handler
                0x000000000001cade                SWI4_IRQHandler
                0x000000000001cade                TEMP_IRQHandler
                0x000000000001cade                QDEC_IRQHandler
                0x000000000001cade                SWI5_IRQHandler
                0x000000000001cade                TIMER0_IRQHandler
                0x000000000001cade                SWI0_IRQHandler
                0x000000000001cade                TIMER1_IRQHandler
                0x000000000001cade                ECB_IRQHandler
                0x000000000001cade                Default_Handler
                0x000000000001cade                ADC_IRQHandler
                0x000000000001cade                SWI3_IRQHandler
                0x000000000001cade                CCM_AAR_IRQHandler
                0x000000000001cade                WDT_IRQHandler
                0x000000000001cade                SWI2_IRQHandler
                0x000000000001cade                RNG_IRQHandler
                0x000000000001cade                SPI1_TWI1_IRQHandler
                0x000000000001cade                RTC1_IRQHandler
                0x000000000001cade                TIMER2_IRQHandler
                0x000000000001cade                SWI1_IRQHandler
                0x000000000001cade                RTC0_IRQHandler
                0x000000000001cade                GPIOTE_IRQHandler
                0x000000000001cade                POWER_CLOCK_IRQHandler
                0x000000000001cade                RADIO_IRQHandler
                0x000000000001cade                LPCOMP_IRQHandler
 .text.atan     0x000000000001cae0      0x338 /usr/local/Cellar/arm-none-eabi-gcc/9-2019-q4-major/gcc/bin/../lib/gcc/arm-none-eabi/9.2.1/../../../../arm-none-eabi/lib/thumb/v6-m/nofp/libm.a(lib_a-s_atan.o)
                0x000000000001cae0                atan
 .text.fabs     0x000000000001ce18        0x8 /usr/local/Cellar/arm-none-eabi-gcc/9-2019-q4-major/gcc/bin/../lib/gcc/arm-none-eabi/9.2.1/../../../../arm-none-eabi/lib/thumb/v6-m/nofp/libm.a(lib_a-s_fabs.o)
                0x000000000001ce18                fabs
 .text.exp2     0x000000000001ce20       0x14 /usr/local/Cellar/arm-none-eabi-gcc/9-2019-q4-major/gcc/bin/../lib/gcc/arm-none-eabi/9.2.1/../../../../arm-none-eabi/lib/thumb/v6-m/nofp/libm.a(lib_a-w_exp2.o)
                0x000000000001ce20                exp2
 .text.pow      0x000000000001ce34      0x37c /usr/local/Cellar/arm-none-eabi-gcc/9-2019-q4-major/gcc/bin/../lib/gcc/arm-none-eabi/9.2.1/../../../../arm-none-eabi/lib/thumb/v6-m/nofp/libm.a(lib_a-w_pow.o)
                0x000000000001ce34                pow
 .text.sqrt     0x000000000001d1b0       0xc8 /usr/local/Cellar/arm-none-eabi-gcc/9-2019-q4-major/gcc/bin/../lib/gcc/arm-none-eabi/9.2.1/../../../../arm-none-eabi/lib/thumb/v6-m/nofp/libm.a(lib_a-w_sqrt.o)
                0x000000000001d1b0                sqrt
 .text.__ieee754_pow
                0x000000000001d278      0xad8 /usr/local/Cellar/arm-none-eabi-gcc/9-2019-q4-major/gcc/bin/../lib/gcc/arm-none-eabi/9.2.1/../../../../arm-none-eabi/lib/thumb/v6-m/nofp/libm.a(lib_a-e_pow.o)
                0x000000000001d278                __ieee754_pow
 .text.__ieee754_sqrt
                0x000000000001dd50      0x1b0 /usr/local/Cellar/arm-none-eabi-gcc/9-2019-q4-major/gcc/bin/../lib/gcc/arm-none-eabi/9.2.1/../../../../arm-none-eabi/lib/thumb/v6-m/nofp/libm.a(lib_a-e_sqrt.o)
                0x000000000001dd50                __ieee754_sqrt
 .text.finite   0x000000000001df00       0x14 /usr/local/Cellar/arm-none-eabi-gcc/9-2019-q4-major/gcc/bin/../lib/gcc/arm-none-eabi/9.2.1/../../../../arm-none-eabi/lib/thumb/v6-m/nofp/libm.a(lib_a-s_finite.o)
                0x000000000001df00                finite
 .text.matherr  0x000000000001df14        0x4 /usr/local/Cellar/arm-none-eabi-gcc/9-2019-q4-major/gcc/bin/../lib/gcc/arm-none-eabi/9.2.1/../../../../arm-none-eabi/lib/thumb/v6-m/nofp/libm.a(lib_a-s_matherr.o)
                0x000000000001df14                matherr
 .text.nan      0x000000000001df18        0xc /usr/local/Cellar/arm-none-eabi-gcc/9-2019-q4-major/gcc/bin/../lib/gcc/arm-none-eabi/9.2.1/../../../../arm-none-eabi/lib/thumb/v6-m/nofp/libm.a(lib_a-s_nan.o)
                0x000000000001df18                nan
 .text.rint     0x000000000001df24      0x120 /usr/local/Cellar/arm-none-eabi-gcc/9-2019-q4-major/gcc/bin/../lib/gcc/arm-none-eabi/9.2.1/../../../../arm-none-eabi/lib/thumb/v6-m/nofp/libm.a(lib_a-s_rint.o)
                0x000000000001df24                rint
 .text.scalbn   0x000000000001e044       0xf8 /usr/local/Cellar/arm-none-eabi-gcc/9-2019-q4-major/gcc/bin/../lib/gcc/arm-none-eabi/9.2.1/../../../../arm-none-eabi/lib/thumb/v6-m/nofp/libm.a(lib_a-s_scalbn.o)
                0x000000000001e044                scalbn
 .text          0x000000000001e13c       0x14 /usr/local/Cellar/arm-none-eabi-gcc/9-2019-q4-major/gcc/bin/../lib/gcc/arm-none-eabi/9.2.1/thumb/v6-m/nofp/libgcc.a(_thumb1_case_uqi.o)
                0x000000000001e13c                __gnu_thumb1_case_uqi
 .text          0x000000000001e150       0x14 /usr/local/Cellar/arm-none-eabi-gcc/9-2019-q4-major/gcc/bin/../lib/gcc/arm-none-eabi/9.2.1/thumb/v6-m/nofp/libgcc.a(_thumb1_case_shi.o)
                0x000000000001e150                __gnu_thumb1_case_shi
 .text          0x000000000001e164      0x114 /usr/local/Cellar/arm-none-eabi-gcc/9-2019-q4-major/gcc/bin/../lib/gcc/arm-none-eabi/9.2.1/thumb/v6-m/nofp/libgcc.a(_udivsi3.o)
                0x000000000001e164                __udivsi3
                0x000000000001e164                __aeabi_uidiv
                0x000000000001e270                __aeabi_uidivmod
 .text          0x000000000001e278      0x1d4 /usr/local/Cellar/arm-none-eabi-gcc/9-2019-q4-major/gcc/bin/../lib/gcc/arm-none-eabi/9.2.1/thumb/v6-m/nofp/libgcc.a(_divsi3.o)
                0x000000000001e278                __aeabi_idiv
                0x000000000001e278                __divsi3
                0x000000000001e444                __aeabi_idivmod
 .text          0x000000000001e44c        0x4 /usr/local/Cellar/arm-none-eabi-gcc/9-2019-q4-major/gcc/bin/../lib/gcc/arm-none-eabi/9.2.1/thumb/v6-m/nofp/libgcc.a(_dvmd_tls.o)
                0x000000000001e44c                __aeabi_ldiv0
                0x000000000001e44c                __aeabi_idiv0
 .text          0x000000000001e450       0x7c /usr/local/Cellar/arm-none-eabi-gcc/9-2019-q4-major/gcc/bin/../lib/gcc/arm-none-eabi/9.2.1/thumb/v6-m/nofp/libgcc.a(_arm_cmpdf2.o)
                0x000000000001e450                __aeabi_cdrcmple
                0x000000000001e460                __aeabi_cdcmple
                0x000000000001e460                __aeabi_cdcmpeq
                0x000000000001e470                __aeabi_dcmpeq
                0x000000000001e47c                __aeabi_dcmplt
                0x000000000001e490                __aeabi_dcmple
                0x000000000001e4a4                __aeabi_dcmpgt
                0x000000000001e4b8                __aeabi_dcmpge
 .text          0x000000000001e4cc      0x218 /usr/local/Cellar/arm-none-eabi-gcc/9-2019-q4-major/gcc/bin/../lib/gcc/arm-none-eabi/9.2.1/thumb/v6-m/nofp/libgcc.a(divsf3.o)
                0x000000000001e4cc                __aeabi_fdiv
 .text          0x000000000001e6e4      0x234 /usr/local/Cellar/arm-none-eabi-gcc/9-2019-q4-major/gcc/bin/../lib/gcc/arm-none-eabi/9.2.1/thumb/v6-m/nofp/libgcc.a(mulsf3.o)
                0x000000000001e6e4                __aeabi_fmul
 .text          0x000000000001e918       0x8c /usr/local/Cellar/arm-none-eabi-gcc/9-2019-q4-major/gcc/bin/../lib/gcc/arm-none-eabi/9.2.1/thumb/v6-m/nofp/libgcc.a(floatsisf.o)
                0x000000000001e918                __aeabi_i2f
 .text          0x000000000001e9a4      0x6d4 /usr/local/Cellar/arm-none-eabi-gcc/9-2019-q4-major/gcc/bin/../lib/gcc/arm-none-eabi/9.2.1/thumb/v6-m/nofp/libgcc.a(adddf3.o)
                0x000000000001e9a4                __aeabi_dadd
 .text          0x000000000001f078      0x5d0 /usr/local/Cellar/arm-none-eabi-gcc/9-2019-q4-major/gcc/bin/../lib/gcc/arm-none-eabi/9.2.1/thumb/v6-m/nofp/libgcc.a(divdf3.o)
                0x000000000001f078                __aeabi_ddiv
 .text          0x000000000001f648       0x78 /usr/local/Cellar/arm-none-eabi-gcc/9-2019-q4-major/gcc/bin/../lib/gcc/arm-none-eabi/9.2.1/thumb/v6-m/nofp/libgcc.a(eqdf2.o)
                0x000000000001f648                __eqdf2
                0x000000000001f648                __nedf2
 .text          0x000000000001f6c0       0xe4 /usr/local/Cellar/arm-none-eabi-gcc/9-2019-q4-major/gcc/bin/../lib/gcc/arm-none-eabi/9.2.1/thumb/v6-m/nofp/libgcc.a(gedf2.o)
                0x000000000001f6c0                __gtdf2
                0x000000000001f6c0                __gedf2
 .text          0x000000000001f7a4       0xe0 /usr/local/Cellar/arm-none-eabi-gcc/9-2019-q4-major/gcc/bin/../lib/gcc/arm-none-eabi/9.2.1/thumb/v6-m/nofp/libgcc.a(ledf2.o)
                0x000000000001f7a4                __ltdf2
                0x000000000001f7a4                __ledf2
 .text          0x000000000001f884      0x4d8 /usr/local/Cellar/arm-none-eabi-gcc/9-2019-q4-major/gcc/bin/../lib/gcc/arm-none-eabi/9.2.1/thumb/v6-m/nofp/libgcc.a(muldf3.o)
                0x000000000001f884                __aeabi_dmul
 .text          0x000000000001fd5c      0x724 /usr/local/Cellar/arm-none-eabi-gcc/9-2019-q4-major/gcc/bin/../lib/gcc/arm-none-eabi/9.2.1/thumb/v6-m/nofp/libgcc.a(subdf3.o)
                0x000000000001fd5c                __aeabi_dsub
 .text          0x0000000000020480       0x3c /usr/local/Cellar/arm-none-eabi-gcc/9-2019-q4-major/gcc/bin/../lib/gcc/arm-none-eabi/9.2.1/thumb/v6-m/nofp/libgcc.a(unorddf2.o)
                0x0000000000020480                __aeabi_dcmpun
 .text          0x00000000000204bc       0x6c /usr/local/Cellar/arm-none-eabi-gcc/9-2019-q4-major/gcc/bin/../lib/gcc/arm-none-eabi/9.2.1/thumb/v6-m/nofp/libgcc.a(fixdfsi.o)
                0x00000000000204bc                __aeabi_d2iz
 .text          0x0000000000020528       0x60 /usr/local/Cellar/arm-none-eabi-gcc/9-2019-q4-major/gcc/bin/../lib/gcc/arm-none-eabi/9.2.1/thumb/v6-m/nofp/libgcc.a(floatsidf.o)
                0x0000000000020528                __aeabi_i2d
 .text          0x0000000000020588       0x4c /usr/local/Cellar/arm-none-eabi-gcc/9-2019-q4-major/gcc/bin/../lib/gcc/arm-none-eabi/9.2.1/thumb/v6-m/nofp/libgcc.a(floatunsidf.o)
                0x0000000000020588                __aeabi_ui2d
 .text          0x00000000000205d4       0x90 /usr/local/Cellar/arm-none-eabi-gcc/9-2019-q4-major/gcc/bin/../lib/gcc/arm-none-eabi/9.2.1/thumb/v6-m/nofp/libgcc.a(extendsfdf2.o)
                0x00000000000205d4                __aeabi_f2d
 .text          0x0000000000020664      0x110 /usr/local/Cellar/arm-none-eabi-gcc/9-2019-q4-major/gcc/bin/../lib/gcc/arm-none-eabi/9.2.1/thumb/v6-m/nofp/libgcc.a(truncdfsf2.o)
                0x0000000000020664                __aeabi_d2f
 .text          0x0000000000020774       0x3c /usr/local/Cellar/arm-none-eabi-gcc/9-2019-q4-major/gcc/bin/../lib/gcc/arm-none-eabi/9.2.1/thumb/v6-m/nofp/libgcc.a(_clzsi2.o)
                0x0000000000020774                __clzsi2
 .text.__errno  0x00000000000207b0        0xc /usr/local/Cellar/arm-none-eabi-gcc/9-2019-q4-major/gcc/bin/../lib/gcc/arm-none-eabi/9.2.1/../../../../arm-none-eabi/lib/thumb/v6-m/nofp/libc_nano.a(lib_a-errno.o)
                0x00000000000207b0                __errno
 .text.printf   0x00000000000207bc       0x34 /usr/local/Cellar/arm-none-eabi-gcc/9-2019-q4-major/gcc/bin/../lib/gcc/arm-none-eabi/9.2.1/../../../../arm-none-eabi/lib/thumb/v6-m/nofp/libc_nano.a(lib_a-printf.o)
                0x00000000000207bc                printf
                0x00000000000207bc                iprintf
 .text.std      0x00000000000207f0       0x48 /usr/local/Cellar/arm-none-eabi-gcc/9-2019-q4-major/gcc/bin/../lib/gcc/arm-none-eabi/9.2.1/../../../../arm-none-eabi/lib/thumb/v6-m/nofp/libc_nano.a(lib_a-findfp.o)
 .text._cleanup_r
                0x0000000000020838       0x10 /usr/local/Cellar/arm-none-eabi-gcc/9-2019-q4-major/gcc/bin/../lib/gcc/arm-none-eabi/9.2.1/../../../../arm-none-eabi/lib/thumb/v6-m/nofp/libc_nano.a(lib_a-findfp.o)
                0x0000000000020838                _cleanup_r
 .text.__sfmoreglue
                0x0000000000020848       0x2c /usr/local/Cellar/arm-none-eabi-gcc/9-2019-q4-major/gcc/bin/../lib/gcc/arm-none-eabi/9.2.1/../../../../arm-none-eabi/lib/thumb/v6-m/nofp/libc_nano.a(lib_a-findfp.o)
                0x0000000000020848                __sfmoreglue
 .text.__sfp_lock_acquire
                0x0000000000020874       0x10 /usr/local/Cellar/arm-none-eabi-gcc/9-2019-q4-major/gcc/bin/../lib/gcc/arm-none-eabi/9.2.1/../../../../arm-none-eabi/lib/thumb/v6-m/nofp/libc_nano.a(lib_a-findfp.o)
                0x0000000000020874                __sfp_lock_acquire
 .text.__sfp_lock_release
                0x0000000000020884       0x10 /usr/local/Cellar/arm-none-eabi-gcc/9-2019-q4-major/gcc/bin/../lib/gcc/arm-none-eabi/9.2.1/../../../../arm-none-eabi/lib/thumb/v6-m/nofp/libc_nano.a(lib_a-findfp.o)
                0x0000000000020884                __sfp_lock_release
 .text.__sinit_lock_acquire
                0x0000000000020894       0x10 /usr/local/Cellar/arm-none-eabi-gcc/9-2019-q4-major/gcc/bin/../lib/gcc/arm-none-eabi/9.2.1/../../../../arm-none-eabi/lib/thumb/v6-m/nofp/libc_nano.a(lib_a-findfp.o)
                0x0000000000020894                __sinit_lock_acquire
 .text.__sinit_lock_release
                0x00000000000208a4       0x10 /usr/local/Cellar/arm-none-eabi-gcc/9-2019-q4-major/gcc/bin/../lib/gcc/arm-none-eabi/9.2.1/../../../../arm-none-eabi/lib/thumb/v6-m/nofp/libc_nano.a(lib_a-findfp.o)
                0x00000000000208a4                __sinit_lock_release
 .text.__sinit  0x00000000000208b4       0x70 /usr/local/Cellar/arm-none-eabi-gcc/9-2019-q4-major/gcc/bin/../lib/gcc/arm-none-eabi/9.2.1/../../../../arm-none-eabi/lib/thumb/v6-m/nofp/libc_nano.a(lib_a-findfp.o)
                0x00000000000208b4                __sinit
 .text.__sfp    0x0000000000020924       0x90 /usr/local/Cellar/arm-none-eabi-gcc/9-2019-q4-major/gcc/bin/../lib/gcc/arm-none-eabi/9.2.1/../../../../arm-none-eabi/lib/thumb/v6-m/nofp/libc_nano.a(lib_a-findfp.o)
                0x0000000000020924                __sfp
 .text._fwalk_reent
                0x00000000000209b4       0x40 /usr/local/Cellar/arm-none-eabi-gcc/9-2019-q4-major/gcc/bin/../lib/gcc/arm-none-eabi/9.2.1/../../../../arm-none-eabi/lib/thumb/v6-m/nofp/libc_nano.a(lib_a-fwalk.o)
                0x00000000000209b4                _fwalk_reent
 .text.__sfputc_r
                0x00000000000209f4       0x2a /usr/local/Cellar/arm-none-eabi-gcc/9-2019-q4-major/gcc/bin/../lib/gcc/arm-none-eabi/9.2.1/../../../../arm-none-eabi/lib/thumb/v6-m/nofp/libc_nano.a(lib_a-nano-vfprintf.o)
 .text.__sfputs_r
                0x0000000000020a1e       0x24 /usr/local/Cellar/arm-none-eabi-gcc/9-2019-q4-major/gcc/bin/../lib/gcc/arm-none-eabi/9.2.1/../../../../arm-none-eabi/lib/thumb/v6-m/nofp/libc_nano.a(lib_a-nano-vfprintf.o)
                0x0000000000020a1e                __sfputs_r
 *fill*         0x0000000000020a42        0x2 
 .text._vfprintf_r
                0x0000000000020a44      0x274 /usr/local/Cellar/arm-none-eabi-gcc/9-2019-q4-major/gcc/bin/../lib/gcc/arm-none-eabi/9.2.1/../../../../arm-none-eabi/lib/thumb/v6-m/nofp/libc_nano.a(lib_a-nano-vfprintf.o)
                0x0000000000020a44                _vfiprintf_r
                0x0000000000020a44                _vfprintf_r
 .text.__sread  0x0000000000020cb8       0x28 /usr/local/Cellar/arm-none-eabi-gcc/9-2019-q4-major/gcc/bin/../lib/gcc/arm-none-eabi/9.2.1/../../../../arm-none-eabi/lib/thumb/v6-m/nofp/libc_nano.a(lib_a-stdio.o)
                0x0000000000020cb8                __sread
 .text.__swrite
                0x0000000000020ce0       0x38 /usr/local/Cellar/arm-none-eabi-gcc/9-2019-q4-major/gcc/bin/../lib/gcc/arm-none-eabi/9.2.1/../../../../arm-none-eabi/lib/thumb/v6-m/nofp/libc_nano.a(lib_a-stdio.o)
                0x0000000000020ce0                __swrite
 .text.__sseek  0x0000000000020d18       0x2c /usr/local/Cellar/arm-none-eabi-gcc/9-2019-q4-major/gcc/bin/../lib/gcc/arm-none-eabi/9.2.1/../../../../arm-none-eabi/lib/thumb/v6-m/nofp/libc_nano.a(lib_a-stdio.o)
                0x0000000000020d18                __sseek
 .text.__sclose
                0x0000000000020d44        0xc /usr/local/Cellar/arm-none-eabi-gcc/9-2019-q4-major/gcc/bin/../lib/gcc/arm-none-eabi/9.2.1/../../../../arm-none-eabi/lib/thumb/v6-m/nofp/libc_nano.a(lib_a-stdio.o)
                0x0000000000020d44                __sclose
 .text.__swbuf_r
                0x0000000000020d50       0xac /usr/local/Cellar/arm-none-eabi-gcc/9-2019-q4-major/gcc/bin/../lib/gcc/arm-none-eabi/9.2.1/../../../../arm-none-eabi/lib/thumb/v6-m/nofp/libc_nano.a(lib_a-wbuf.o)
                0x0000000000020d50                __swbuf_r
 .text._write_r
                0x0000000000020dfc       0x28 /usr/local/Cellar/arm-none-eabi-gcc/9-2019-q4-major/gcc/bin/../lib/gcc/arm-none-eabi/9.2.1/../../../../arm-none-eabi/lib/thumb/v6-m/nofp/libc_nano.a(lib_a-writer.o)
                0x0000000000020dfc                _write_r
 .text.__swsetup_r
                0x0000000000020e24       0xf0 /usr/local/Cellar/arm-none-eabi-gcc/9-2019-q4-major/gcc/bin/../lib/gcc/arm-none-eabi/9.2.1/../../../../arm-none-eabi/lib/thumb/v6-m/nofp/libc_nano.a(lib_a-wsetup.o)
                0x0000000000020e24                __swsetup_r
 .text._close_r
                0x0000000000020f14       0x24 /usr/local/Cellar/arm-none-eabi-gcc/9-2019-q4-major/gcc/bin/../lib/gcc/arm-none-eabi/9.2.1/../../../../arm-none-eabi/lib/thumb/v6-m/nofp/libc_nano.a(lib_a-closer.o)
                0x0000000000020f14                _close_r
 .text.__sflush_r
                0x0000000000020f38      0x118 /usr/local/Cellar/arm-none-eabi-gcc/9-2019-q4-major/gcc/bin/../lib/gcc/arm-none-eabi/9.2.1/../../../../arm-none-eabi/lib/thumb/v6-m/nofp/libc_nano.a(lib_a-fflush.o)
                0x0000000000020f38                __sflush_r
 .text._fflush_r
                0x0000000000021050       0x80 /usr/local/Cellar/arm-none-eabi-gcc/9-2019-q4-major/gcc/bin/../lib/gcc/arm-none-eabi/9.2.1/../../../../arm-none-eabi/lib/thumb/v6-m/nofp/libc_nano.a(lib_a-fflush.o)
                0x0000000000021050                _fflush_r
 .text._lseek_r
                0x00000000000210d0       0x28 /usr/local/Cellar/arm-none-eabi-gcc/9-2019-q4-major/gcc/bin/../lib/gcc/arm-none-eabi/9.2.1/../../../../arm-none-eabi/lib/thumb/v6-m/nofp/libc_nano.a(lib_a-lseekr.o)
                0x00000000000210d0                _lseek_r
 .text.__swhatbuf_r
                0x00000000000210f8       0x50 /usr/local/Cellar/arm-none-eabi-gcc/9-2019-q4-major/gcc/bin/../lib/gcc/arm-none-eabi/9.2.1/../../../../arm-none-eabi/lib/thumb/v6-m/nofp/libc_nano.a(lib_a-makebuf.o)
                0x00000000000210f8                __swhatbuf_r
 .text.__smakebuf_r
                0x0000000000021148       0x88 /usr/local/Cellar/arm-none-eabi-gcc/9-2019-q4-major/gcc/bin/../lib/gcc/arm-none-eabi/9.2.1/../../../../arm-none-eabi/lib/thumb/v6-m/nofp/libc_nano.a(lib_a-makebuf.o)
                0x0000000000021148                __smakebuf_r
 .text._read_r  0x00000000000211d0       0x28 /usr/local/Cellar/arm-none-eabi-gcc/9-2019-q4-major/gcc/bin/../lib/gcc/arm-none-eabi/9.2.1/../../../../arm-none-eabi/lib/thumb/v6-m/nofp/libc_nano.a(lib_a-readr.o)
                0x00000000000211d0                _read_r
 .text._fstat_r
                0x00000000000211f8       0x24 /usr/local/Cellar/arm-none-eabi-gcc/9-2019-q4-major/gcc/bin/../lib/gcc/arm-none-eabi/9.2.1/../../../../arm-none-eabi/lib/thumb/v6-m/nofp/libc_nano.a(lib_a-fstatr.o)
                0x00000000000211f8                _fstat_r
 .text._isatty_r
                0x000000000002121c       0x24 /usr/local/Cellar/arm-none-eabi-gcc/9-2019-q4-major/gcc/bin/../lib/gcc/arm-none-eabi/9.2.1/../../../../arm-none-eabi/lib/thumb/v6-m/nofp/libc_nano.a(lib_a-isattyr.o)
                0x000000000002121c                _isatty_r
 .text._close   0x0000000000021240       0x10 /usr/local/Cellar/arm-none-eabi-gcc/9-2019-q4-major/gcc/bin/../lib/gcc/arm-none-eabi/9.2.1/../../../../arm-none-eabi/lib/thumb/v6-m/nofp/libnosys.a(close.o)
                0x0000000000021240                _close
 .text._fstat   0x0000000000021250       0x10 /usr/local/Cellar/arm-none-eabi-gcc/9-2019-q4-major/gcc/bin/../lib/gcc/arm-none-eabi/9.2.1/../../../../arm-none-eabi/lib/thumb/v6-m/nofp/libnosys.a(fstat.o)
                0x0000000000021250                _fstat
 .text._isatty  0x0000000000021260       0x10 /usr/local/Cellar/arm-none-eabi-gcc/9-2019-q4-major/gcc/bin/../lib/gcc/arm-none-eabi/9.2.1/../../../../arm-none-eabi/lib/thumb/v6-m/nofp/libnosys.a(isatty.o)
                0x0000000000021260                _isatty
 .text._lseek   0x0000000000021270       0x10 /usr/local/Cellar/arm-none-eabi-gcc/9-2019-q4-major/gcc/bin/../lib/gcc/arm-none-eabi/9.2.1/../../../../arm-none-eabi/lib/thumb/v6-m/nofp/libnosys.a(lseek.o)
                0x0000000000021270                _lseek
 *(.init)
 .init          0x0000000000021280        0x4 /usr/local/Cellar/arm-none-eabi-gcc/9-2019-q4-major/gcc/bin/../lib/gcc/arm-none-eabi/9.2.1/thumb/v6-m/nofp/crti.o
                0x0000000000021280                _init
 .init          0x0000000000021284        0x8 /usr/local/Cellar/arm-none-eabi-gcc/9-2019-q4-major/gcc/bin/../lib/gcc/arm-none-eabi/9.2.1/thumb/v6-m/nofp/crtn.o
 *(.fini)
 .fini          0x000000000002128c        0x4 /usr/local/Cellar/arm-none-eabi-gcc/9-2019-q4-major/gcc/bin/../lib/gcc/arm-none-eabi/9.2.1/thumb/v6-m/nofp/crti.o
                0x000000000002128c                _fini
 .fini          0x0000000000021290        0x8 /usr/local/Cellar/arm-none-eabi-gcc/9-2019-q4-major/gcc/bin/../lib/gcc/arm-none-eabi/9.2.1/thumb/v6-m/nofp/crtn.o
 *crtbegin.o(.ctors)
 *crtbegin?.o(.ctors)
 *(EXCLUDE_FILE(*crtend.o *crtend?.o) .ctors)
 *(SORT_BY_NAME(.ctors.*))
 *(.ctors)
 *crtbegin.o(.dtors)
 *crtbegin?.o(.dtors)
 *(EXCLUDE_FILE(*crtend.o *crtend?.o) .dtors)
 *(SORT_BY_NAME(.dtors.*))
 *(.dtors)
 *(.rodata*)
 .rodata._global_impure_ptr
                0x0000000000021298        0x4 /usr/local/Cellar/arm-none-eabi-gcc/9-2019-q4-major/gcc/bin/../lib/gcc/arm-none-eabi/9.2.1/../../../../arm-none-eabi/lib/thumb/v6-m/nofp/libc_nano.a(lib_a-impure.o)
                0x0000000000021298                _global_impure_ptr
 .rodata._printf_float.str1.1
                0x000000000002129c       0x12 /usr/local/Cellar/arm-none-eabi-gcc/9-2019-q4-major/gcc/bin/../lib/gcc/arm-none-eabi/9.2.1/../../../../arm-none-eabi/lib/thumb/v6-m/nofp/libc_nano.a(lib_a-nano-vfprintf_float.o)
 .rodata._printf_i.str1.1
                0x00000000000212ae       0x22 /usr/local/Cellar/arm-none-eabi-gcc/9-2019-q4-major/gcc/bin/../lib/gcc/arm-none-eabi/9.2.1/../../../../arm-none-eabi/lib/thumb/v6-m/nofp/libc_nano.a(lib_a-nano-vfprintf_i.o)
 .rodata._dtoa_r.str1.1
                0x00000000000212d0        0xd /usr/local/Cellar/arm-none-eabi-gcc/9-2019-q4-major/gcc/bin/../lib/gcc/arm-none-eabi/9.2.1/../../../../arm-none-eabi/lib/thumb/v6-m/nofp/libc_nano.a(lib_a-dtoa.o)
                                          0xf (size before relaxing)
 *fill*         0x00000000000212dd        0x3 
 .rodata.__mprec_bigtens
                0x00000000000212e0       0x28 /usr/local/Cellar/arm-none-eabi-gcc/9-2019-q4-major/gcc/bin/../lib/gcc/arm-none-eabi/9.2.1/../../../../arm-none-eabi/lib/thumb/v6-m/nofp/libc_nano.a(lib_a-mprec.o)
                0x00000000000212e0                __mprec_bigtens
 .rodata.__mprec_tens
                0x0000000000021308       0xc8 /usr/local/Cellar/arm-none-eabi-gcc/9-2019-q4-major/gcc/bin/../lib/gcc/arm-none-eabi/9.2.1/../../../../arm-none-eabi/lib/thumb/v6-m/nofp/libc_nano.a(lib_a-mprec.o)
                0x0000000000021308                __mprec_tens
 .rodata.p05.6127
                0x00000000000213d0        0xc /usr/local/Cellar/arm-none-eabi-gcc/9-2019-q4-major/gcc/bin/../lib/gcc/arm-none-eabi/9.2.1/../../../../arm-none-eabi/lib/thumb/v6-m/nofp/libc_nano.a(lib_a-mprec.o)
 .rodata._setlocale_r.str1.1
                0x00000000000213dc        0x8 /usr/local/Cellar/arm-none-eabi-gcc/9-2019-q4-major/gcc/bin/../lib/gcc/arm-none-eabi/9.2.1/../../../../arm-none-eabi/lib/thumb/v6-m/nofp/libc_nano.a(lib_a-locale.o)
                                          0x9 (size before relaxing)
 .rodata.str1.1
                0x00000000000213e4        0x2 /usr/local/Cellar/arm-none-eabi-gcc/9-2019-q4-major/gcc/bin/../lib/gcc/arm-none-eabi/9.2.1/../../../../arm-none-eabi/lib/thumb/v6-m/nofp/libc_nano.a(lib_a-locale.o)
 .rodata._ctype_
                0x00000000000213e6      0x101 /usr/local/Cellar/arm-none-eabi-gcc/9-2019-q4-major/gcc/bin/../lib/gcc/arm-none-eabi/9.2.1/../../../../arm-none-eabi/lib/thumb/v6-m/nofp/libc_nano.a(lib_a-ctype_.o)
                0x00000000000213e6                _ctype_
 *fill*         0x00000000000214e7        0x1 
 .rodata.i2c    0x00000000000214e8        0x8 _build/main.o
 .rodata        0x00000000000214f0       0x58 _build/main.o
 .rodata        0x0000000000021548       0x20 _build/app_uart_fifo.o
 .rodata.m_default_config
                0x0000000000021568       0x20 _build/nrf_drv_uart.o
 .rodata.m_default_config
                0x0000000000021588       0x10 _build/nrf_drv_twi.o
 .rodata.m_idle
                0x0000000000021598       0x10 _build/nrf_drv_twi.o
 .rodata.m_tx_suspended
                0x00000000000215a8       0x28 _build/nrf_drv_twi.o
 .rodata.m_rx_suspended
                0x00000000000215d0       0x20 _build/nrf_drv_twi.o
 .rodata.m_stopped
                0x00000000000215f0       0x18 _build/nrf_drv_twi.o
 .rodata.m_error
                0x0000000000021608       0x18 _build/nrf_drv_twi.o
 .rodata.m_states_len
                0x0000000000021620       0x14 _build/nrf_drv_twi.o
 .rodata        0x0000000000021634       0x2c _build/i2c.o
 .rodata        0x0000000000021660        0x6 _build/LSM303AGR.o
 *fill*         0x0000000000021666        0x2 
 .rodata.atanhi
                0x0000000000021668       0x20 /usr/local/Cellar/arm-none-eabi-gcc/9-2019-q4-major/gcc/bin/../lib/gcc/arm-none-eabi/9.2.1/../../../../arm-none-eabi/lib/thumb/v6-m/nofp/libm.a(lib_a-s_atan.o)
 .rodata.atanlo
                0x0000000000021688       0x20 /usr/local/Cellar/arm-none-eabi-gcc/9-2019-q4-major/gcc/bin/../lib/gcc/arm-none-eabi/9.2.1/../../../../arm-none-eabi/lib/thumb/v6-m/nofp/libm.a(lib_a-s_atan.o)
 .rodata.pow.str1.4
                0x00000000000216a8        0x4 /usr/local/Cellar/arm-none-eabi-gcc/9-2019-q4-major/gcc/bin/../lib/gcc/arm-none-eabi/9.2.1/../../../../arm-none-eabi/lib/thumb/v6-m/nofp/libm.a(lib_a-w_pow.o)
 .rodata.sqrt.str1.4
                0x00000000000216ac        0x5 /usr/local/Cellar/arm-none-eabi-gcc/9-2019-q4-major/gcc/bin/../lib/gcc/arm-none-eabi/9.2.1/../../../../arm-none-eabi/lib/thumb/v6-m/nofp/libm.a(lib_a-w_sqrt.o)
 .rodata.__ieee754_pow.str1.4
                0x00000000000216b1        0x5 /usr/local/Cellar/arm-none-eabi-gcc/9-2019-q4-major/gcc/bin/../lib/gcc/arm-none-eabi/9.2.1/../../../../arm-none-eabi/lib/thumb/v6-m/nofp/libm.a(lib_a-e_pow.o)
                                          0x1 (size before relaxing)
 *fill*         0x00000000000216b1        0x7 
 .rodata.TWO52  0x00000000000216b8       0x10 /usr/local/Cellar/arm-none-eabi-gcc/9-2019-q4-major/gcc/bin/../lib/gcc/arm-none-eabi/9.2.1/../../../../arm-none-eabi/lib/thumb/v6-m/nofp/libm.a(lib_a-s_rint.o)
 .rodata        0x00000000000216c8       0x80 /usr/local/Cellar/arm-none-eabi-gcc/9-2019-q4-major/gcc/bin/../lib/gcc/arm-none-eabi/9.2.1/thumb/v6-m/nofp/libgcc.a(divsf3.o)
 .rodata        0x0000000000021748       0x40 /usr/local/Cellar/arm-none-eabi-gcc/9-2019-q4-major/gcc/bin/../lib/gcc/arm-none-eabi/9.2.1/thumb/v6-m/nofp/libgcc.a(mulsf3.o)
 .rodata        0x0000000000021788       0x40 /usr/local/Cellar/arm-none-eabi-gcc/9-2019-q4-major/gcc/bin/../lib/gcc/arm-none-eabi/9.2.1/thumb/v6-m/nofp/libgcc.a(divdf3.o)
 .rodata        0x00000000000217c8       0x40 /usr/local/Cellar/arm-none-eabi-gcc/9-2019-q4-major/gcc/bin/../lib/gcc/arm-none-eabi/9.2.1/thumb/v6-m/nofp/libgcc.a(muldf3.o)
 .rodata.__sf_fake_stderr
                0x0000000000021808       0x20 /usr/local/Cellar/arm-none-eabi-gcc/9-2019-q4-major/gcc/bin/../lib/gcc/arm-none-eabi/9.2.1/../../../../arm-none-eabi/lib/thumb/v6-m/nofp/libc_nano.a(lib_a-findfp.o)
                0x0000000000021808                __sf_fake_stderr
 .rodata.__sf_fake_stdin
                0x0000000000021828       0x20 /usr/local/Cellar/arm-none-eabi-gcc/9-2019-q4-major/gcc/bin/../lib/gcc/arm-none-eabi/9.2.1/../../../../arm-none-eabi/lib/thumb/v6-m/nofp/libc_nano.a(lib_a-findfp.o)
                0x0000000000021828                __sf_fake_stdin
 .rodata.__sf_fake_stdout
                0x0000000000021848       0x20 /usr/local/Cellar/arm-none-eabi-gcc/9-2019-q4-major/gcc/bin/../lib/gcc/arm-none-eabi/9.2.1/../../../../arm-none-eabi/lib/thumb/v6-m/nofp/libc_nano.a(lib_a-findfp.o)
                0x0000000000021848                __sf_fake_stdout
 .rodata._vfprintf_r.str1.1
                0x0000000000021868       0x11 /usr/local/Cellar/arm-none-eabi-gcc/9-2019-q4-major/gcc/bin/../lib/gcc/arm-none-eabi/9.2.1/../../../../arm-none-eabi/lib/thumb/v6-m/nofp/libc_nano.a(lib_a-nano-vfprintf.o)
 *(.eh_frame*)
 *fill*         0x0000000000021879        0x3 
 .eh_frame      0x000000000002187c        0x0 /usr/local/Cellar/arm-none-eabi-gcc/9-2019-q4-major/gcc/bin/../lib/gcc/arm-none-eabi/9.2.1/thumb/v6-m/nofp/crtbegin.o
                0x000000000002187c                . = ALIGN (0x4)

.glue_7         0x000000000002187c        0x0
 .glue_7        0x000000000002187c        0x0 linker stubs

.glue_7t        0x000000000002187c        0x0
 .glue_7t       0x000000000002187c        0x0 linker stubs

.vfp11_veneer   0x000000000002187c        0x0
 .vfp11_veneer  0x000000000002187c        0x0 linker stubs

.v4_bx          0x000000000002187c        0x0
 .v4_bx         0x000000000002187c        0x0 linker stubs

.iplt           0x000000000002187c        0x0
 .iplt          0x000000000002187c        0x0 /usr/local/Cellar/arm-none-eabi-gcc/9-2019-q4-major/gcc/bin/../lib/gcc/arm-none-eabi/9.2.1/thumb/v6-m/nofp/crtbegin.o

.ARM.extab      0x000000000002187c        0x0
 *(.ARM.extab* .gnu.linkonce.armextab.*)
                0x000000000002187c                . = ALIGN (0x4)
                0x000000000002187c                __exidx_start = .

.ARM.exidx      0x000000000002187c        0x8
 *(.ARM.exidx* .gnu.linkonce.armexidx.*)
 .ARM.exidx     0x000000000002187c        0x8 /usr/local/Cellar/arm-none-eabi-gcc/9-2019-q4-major/gcc/bin/../lib/gcc/arm-none-eabi/9.2.1/../../../../arm-none-eabi/lib/thumb/v6-m/nofp/crt0.o
 .ARM.exidx     0x0000000000021884        0x0 _build/gcc_startup_nrf51.o
                                          0x8 (size before relaxing)
                0x0000000000021884                . = ALIGN (0x4)
                0x0000000000021884                __exidx_end = .
                0x0000000000021884                __etext = .

.rel.dyn        0x0000000000021884        0x0
 .rel.iplt      0x0000000000021884        0x0 /usr/local/Cellar/arm-none-eabi-gcc/9-2019-q4-major/gcc/bin/../lib/gcc/arm-none-eabi/9.2.1/thumb/v6-m/nofp/crtbegin.o

.data           0x0000000020002000      0x1f0 load address 0x0000000000021884
                0x0000000020002000                __data_start__ = .
 *(vtable)
 *(.data*)
 .data._impure_ptr
                0x0000000020002000        0x4 /usr/local/Cellar/arm-none-eabi-gcc/9-2019-q4-major/gcc/bin/../lib/gcc/arm-none-eabi/9.2.1/../../../../arm-none-eabi/lib/thumb/v6-m/nofp/libc_nano.a(lib_a-impure.o)
                0x0000000020002000                _impure_ptr
 .data.impure_data
                0x0000000020002004       0x60 /usr/local/Cellar/arm-none-eabi-gcc/9-2019-q4-major/gcc/bin/../lib/gcc/arm-none-eabi/9.2.1/../../../../arm-none-eabi/lib/thumb/v6-m/nofp/libc_nano.a(lib_a-impure.o)
 .data.__global_locale
                0x0000000020002064      0x16c /usr/local/Cellar/arm-none-eabi-gcc/9-2019-q4-major/gcc/bin/../lib/gcc/arm-none-eabi/9.2.1/../../../../arm-none-eabi/lib/thumb/v6-m/nofp/libc_nano.a(lib_a-locale.o)
                0x0000000020002064                __global_locale
 .data.mp_states
                0x00000000200021d0       0x14 _build/nrf_drv_twi.o
 .data.__fdlib_version
                0x00000000200021e4        0x1 /usr/local/Cellar/arm-none-eabi-gcc/9-2019-q4-major/gcc/bin/../lib/gcc/arm-none-eabi/9.2.1/../../../../arm-none-eabi/lib/thumb/v6-m/nofp/libm.a(lib_a-s_lib_ver.o)
                0x00000000200021e4                __fdlib_version
                0x00000000200021e8                . = ALIGN (0x4)
 *fill*         0x00000000200021e5        0x3 
                0x00000000200021e8                PROVIDE (__preinit_array_start = .)
 *(.preinit_array)
                0x00000000200021e8                PROVIDE (__preinit_array_end = .)
                0x00000000200021e8                . = ALIGN (0x4)
                0x00000000200021e8                PROVIDE (__init_array_start = .)
 *(SORT_BY_NAME(.init_array.*))
 *(.init_array)
 .init_array    0x00000000200021e8        0x4 /usr/local/Cellar/arm-none-eabi-gcc/9-2019-q4-major/gcc/bin/../lib/gcc/arm-none-eabi/9.2.1/thumb/v6-m/nofp/crtbegin.o
                0x00000000200021ec                PROVIDE (__init_array_end = .)
                0x00000000200021ec                . = ALIGN (0x4)
                [!provide]                        PROVIDE (__fini_array_start = .)
 *(SORT_BY_NAME(.fini_array.*))
 *(.fini_array)
 .fini_array    0x00000000200021ec        0x4 /usr/local/Cellar/arm-none-eabi-gcc/9-2019-q4-major/gcc/bin/../lib/gcc/arm-none-eabi/9.2.1/thumb/v6-m/nofp/crtbegin.o
                [!provide]                        PROVIDE (__fini_array_end = .)
 *(.jcr)
                0x00000000200021f0                . = ALIGN (0x4)
                0x00000000200021f0                __data_end__ = .

.igot.plt       0x00000000200021f0        0x0 load address 0x0000000000021a74
 .igot.plt      0x00000000200021f0        0x0 /usr/local/Cellar/arm-none-eabi-gcc/9-2019-q4-major/gcc/bin/../lib/gcc/arm-none-eabi/9.2.1/thumb/v6-m/nofp/crtbegin.o

.bss            0x00000000200021f0      0x1b8 load address 0x0000000000021a74
                0x00000000200021f0                . = ALIGN (0x4)
                0x00000000200021f0                __bss_start__ = .
 *(.bss*)
 .bss           0x00000000200021f0       0x1c /usr/local/Cellar/arm-none-eabi-gcc/9-2019-q4-major/gcc/bin/../lib/gcc/arm-none-eabi/9.2.1/thumb/v6-m/nofp/crtbegin.o
 .bss.__malloc_free_list
                0x000000002000220c        0x4 /usr/local/Cellar/arm-none-eabi-gcc/9-2019-q4-major/gcc/bin/../lib/gcc/arm-none-eabi/9.2.1/../../../../arm-none-eabi/lib/thumb/v6-m/nofp/libc_nano.a(lib_a-nano-mallocr.o)
                0x000000002000220c                __malloc_free_list
 .bss.__malloc_sbrk_start
                0x0000000020002210        0x4 /usr/local/Cellar/arm-none-eabi-gcc/9-2019-q4-major/gcc/bin/../lib/gcc/arm-none-eabi/9.2.1/../../../../arm-none-eabi/lib/thumb/v6-m/nofp/libc_nano.a(lib_a-nano-mallocr.o)
                0x0000000020002210                __malloc_sbrk_start
 .bss.heap_end.4144
                0x0000000020002214        0x4 /usr/local/Cellar/arm-none-eabi-gcc/9-2019-q4-major/gcc/bin/../lib/gcc/arm-none-eabi/9.2.1/../../../../arm-none-eabi/lib/thumb/v6-m/nofp/libnosys.a(sbrk.o)
 .bss.rx_buf.7134
                0x0000000020002218        0x1 _build/main.o
 *fill*         0x0000000020002219        0x3 
 .bss.tx_buf.7135
                0x000000002000221c      0x100 _build/main.o
 .bss.m_event_handler
                0x000000002000231c        0x4 _build/app_uart_fifo.o
 .bss.tx_buffer
                0x0000000020002320        0x1 _build/app_uart_fifo.o
 .bss.tx_tmp    0x0000000020002321        0x1 _build/app_uart_fifo.o
 *fill*         0x0000000020002322        0x2 
 .bss.rx_buffer
                0x0000000020002324        0x1 _build/app_uart_fifo.o
 *fill*         0x0000000020002325        0x3 
 .bss.m_rx_fifo
                0x0000000020002328       0x10 _build/app_uart_fifo.o
 .bss.m_tx_fifo
                0x0000000020002338       0x10 _build/app_uart_fifo.o
 .bss.m_cb      0x0000000020002348       0x18 _build/nrf_drv_uart.o
 .bss.m_handlers
                0x0000000020002360        0x4 _build/nrf_drv_twi.o
 .bss.mp_contexts
                0x0000000020002364        0x4 _build/nrf_drv_twi.o
 .bss.m_cb      0x0000000020002368       0x18 _build/nrf_drv_twi.o
 .bss.m_instances
                0x0000000020002380        0x4 _build/nrf_drv_twi.o
 .bss.i2cInstance
                0x0000000020002384        0x4 _build/i2c.o
 .bss.g_i2cDoRead
                0x0000000020002388        0x1 _build/i2c.o
 .bss.g_i2cDoWrite
                0x0000000020002389        0x1 _build/i2c.o
 .bss.g_numReadBytes
                0x000000002000238a        0x1 _build/i2c.o
 *fill*         0x000000002000238b        0x1 
 .bss.g_readDataPtr
                0x000000002000238c        0x4 _build/i2c.o
 .bss.g_i2cAddress
                0x0000000020002390        0x1 _build/i2c.o
 *fill*         0x0000000020002391        0x3 
 .bss.writeRegData
                0x0000000020002394        0x2 _build/LSM303AGR.o
 *(COMMON)
 *fill*         0x0000000020002396        0x2 
 COMMON         0x0000000020002398        0x4 /usr/local/Cellar/arm-none-eabi-gcc/9-2019-q4-major/gcc/bin/../lib/gcc/arm-none-eabi/9.2.1/../../../../arm-none-eabi/lib/thumb/v6-m/nofp/libc_nano.a(lib_a-reent.o)
                0x0000000020002398                errno
 COMMON         0x000000002000239c        0x9 /usr/local/Cellar/arm-none-eabi-gcc/9-2019-q4-major/gcc/bin/../lib/gcc/arm-none-eabi/9.2.1/../../../../arm-none-eabi/lib/thumb/v6-m/nofp/libc_nano.a(lib_a-lock.o)
                0x000000002000239c                __lock___atexit_recursive_mutex
                0x000000002000239d                __lock___arc4random_mutex
                0x000000002000239e                __lock___env_recursive_mutex
                0x000000002000239f                __lock___sinit_recursive_mutex
                0x00000000200023a0                __lock___malloc_recursive_mutex
                0x00000000200023a1                __lock___at_quick_exit_mutex
                0x00000000200023a2                __lock___dd_hash_mutex
                0x00000000200023a3                __lock___tz_mutex
                0x00000000200023a4                __lock___sfp_recursive_mutex
                0x00000000200023a8                . = ALIGN (0x4)
 *fill*         0x00000000200023a5        0x3 
                0x00000000200023a8                __bss_end__ = .

.heap           0x00000000200023a8      0x800
                0x00000000200023a8                __end__ = .
                0x00000000200023a8                end = __end__
 *(.heap*)
 .heap          0x00000000200023a8      0x800 _build/gcc_startup_nrf51.o
                0x00000000200023a8                __HeapBase
                0x0000000020002ba8                __HeapLimit = .

.stack_dummy    0x00000000200023a8      0x800
 *(.stack*)
 .stack         0x00000000200023a8      0x800 _build/gcc_startup_nrf51.o
                0x0000000020004000                __StackTop = (ORIGIN (RAM) + LENGTH (RAM))
                0x0000000020003800                __StackLimit = (__StackTop - SIZEOF (.stack_dummy))
                0x0000000020004000                PROVIDE (__stack = __StackTop)
                0x0000000000000001                ASSERT ((__StackLimit >= __HeapLimit), region RAM overflowed with stack)
OUTPUT(_build/nrf51822_xxaa_s110.out elf32-littlearm)

.ARM.attributes
                0x0000000000000000       0x28
 .ARM.attributes
                0x0000000000000000       0x1e /usr/local/Cellar/arm-none-eabi-gcc/9-2019-q4-major/gcc/bin/../lib/gcc/arm-none-eabi/9.2.1/thumb/v6-m/nofp/crti.o
 .ARM.attributes
                0x000000000000001e       0x2c /usr/local/Cellar/arm-none-eabi-gcc/9-2019-q4-major/gcc/bin/../lib/gcc/arm-none-eabi/9.2.1/thumb/v6-m/nofp/crtbegin.o
 .ARM.attributes
                0x000000000000004a       0x1b /usr/local/Cellar/arm-none-eabi-gcc/9-2019-q4-major/gcc/bin/../lib/gcc/arm-none-eabi/9.2.1/../../../../arm-none-eabi/lib/thumb/v6-m/nofp/crt0.o
 .ARM.attributes
                0x0000000000000065       0x2c /usr/local/Cellar/arm-none-eabi-gcc/9-2019-q4-major/gcc/bin/../lib/gcc/arm-none-eabi/9.2.1/../../../../arm-none-eabi/lib/thumb/v6-m/nofp/libc_nano.a(lib_a-exit.o)
 .ARM.attributes
                0x0000000000000091       0x2c /usr/local/Cellar/arm-none-eabi-gcc/9-2019-q4-major/gcc/bin/../lib/gcc/arm-none-eabi/9.2.1/../../../../arm-none-eabi/lib/thumb/v6-m/nofp/libc_nano.a(lib_a-impure.o)
 .ARM.attributes
                0x00000000000000bd       0x2c /usr/local/Cellar/arm-none-eabi-gcc/9-2019-q4-major/gcc/bin/../lib/gcc/arm-none-eabi/9.2.1/../../../../arm-none-eabi/lib/thumb/v6-m/nofp/libc_nano.a(lib_a-init.o)
 .ARM.attributes
                0x00000000000000e9       0x2c /usr/local/Cellar/arm-none-eabi-gcc/9-2019-q4-major/gcc/bin/../lib/gcc/arm-none-eabi/9.2.1/../../../../arm-none-eabi/lib/thumb/v6-m/nofp/libc_nano.a(lib_a-memset.o)
 .ARM.attributes
                0x0000000000000115       0x2c /usr/local/Cellar/arm-none-eabi-gcc/9-2019-q4-major/gcc/bin/../lib/gcc/arm-none-eabi/9.2.1/../../../../arm-none-eabi/lib/thumb/v6-m/nofp/libc_nano.a(lib_a-nano-vfprintf_float.o)
 .ARM.attributes
                0x0000000000000141       0x2c /usr/local/Cellar/arm-none-eabi-gcc/9-2019-q4-major/gcc/bin/../lib/gcc/arm-none-eabi/9.2.1/../../../../arm-none-eabi/lib/thumb/v6-m/nofp/libc_nano.a(lib_a-nano-vfprintf_i.o)
 .ARM.attributes
                0x000000000000016d       0x1c /usr/local/Cellar/arm-none-eabi-gcc/9-2019-q4-major/gcc/bin/../lib/gcc/arm-none-eabi/9.2.1/../../../../arm-none-eabi/lib/thumb/v6-m/nofp/libc_nano.a(lib_a-strlen.o)
 .ARM.attributes
                0x0000000000000189       0x2c /usr/local/Cellar/arm-none-eabi-gcc/9-2019-q4-major/gcc/bin/../lib/gcc/arm-none-eabi/9.2.1/../../../../arm-none-eabi/lib/thumb/v6-m/nofp/libc_nano.a(lib_a-dtoa.o)
 .ARM.attributes
                0x00000000000001b5       0x2c /usr/local/Cellar/arm-none-eabi-gcc/9-2019-q4-major/gcc/bin/../lib/gcc/arm-none-eabi/9.2.1/../../../../arm-none-eabi/lib/thumb/v6-m/nofp/libc_nano.a(lib_a-localeconv.o)
 .ARM.attributes
                0x00000000000001e1       0x2c /usr/local/Cellar/arm-none-eabi-gcc/9-2019-q4-major/gcc/bin/../lib/gcc/arm-none-eabi/9.2.1/../../../../arm-none-eabi/lib/thumb/v6-m/nofp/libc_nano.a(lib_a-malloc.o)
 .ARM.attributes
                0x000000000000020d       0x2c /usr/local/Cellar/arm-none-eabi-gcc/9-2019-q4-major/gcc/bin/../lib/gcc/arm-none-eabi/9.2.1/../../../../arm-none-eabi/lib/thumb/v6-m/nofp/libc_nano.a(lib_a-memchr-stub.o)
 .ARM.attributes
                0x0000000000000239       0x2c /usr/local/Cellar/arm-none-eabi-gcc/9-2019-q4-major/gcc/bin/../lib/gcc/arm-none-eabi/9.2.1/../../../../arm-none-eabi/lib/thumb/v6-m/nofp/libc_nano.a(lib_a-memcpy-stub.o)
 .ARM.attributes
                0x0000000000000265       0x2c /usr/local/Cellar/arm-none-eabi-gcc/9-2019-q4-major/gcc/bin/../lib/gcc/arm-none-eabi/9.2.1/../../../../arm-none-eabi/lib/thumb/v6-m/nofp/libc_nano.a(lib_a-mprec.o)
 .ARM.attributes
                0x0000000000000291       0x2c /usr/local/Cellar/arm-none-eabi-gcc/9-2019-q4-major/gcc/bin/../lib/gcc/arm-none-eabi/9.2.1/../../../../arm-none-eabi/lib/thumb/v6-m/nofp/libc_nano.a(lib_a-nano-callocr.o)
 .ARM.attributes
                0x00000000000002bd       0x2c /usr/local/Cellar/arm-none-eabi-gcc/9-2019-q4-major/gcc/bin/../lib/gcc/arm-none-eabi/9.2.1/../../../../arm-none-eabi/lib/thumb/v6-m/nofp/libc_nano.a(lib_a-nano-freer.o)
 .ARM.attributes
                0x00000000000002e9       0x2c /usr/local/Cellar/arm-none-eabi-gcc/9-2019-q4-major/gcc/bin/../lib/gcc/arm-none-eabi/9.2.1/../../../../arm-none-eabi/lib/thumb/v6-m/nofp/libc_nano.a(lib_a-nano-mallocr.o)
 .ARM.attributes
                0x0000000000000315       0x2c /usr/local/Cellar/arm-none-eabi-gcc/9-2019-q4-major/gcc/bin/../lib/gcc/arm-none-eabi/9.2.1/../../../../arm-none-eabi/lib/thumb/v6-m/nofp/libc_nano.a(lib_a-sbrkr.o)
 .ARM.attributes
                0x0000000000000341       0x2c /usr/local/Cellar/arm-none-eabi-gcc/9-2019-q4-major/gcc/bin/../lib/gcc/arm-none-eabi/9.2.1/../../../../arm-none-eabi/lib/thumb/v6-m/nofp/libc_nano.a(lib_a-locale.o)
 .ARM.attributes
                0x000000000000036d       0x2c /usr/local/Cellar/arm-none-eabi-gcc/9-2019-q4-major/gcc/bin/../lib/gcc/arm-none-eabi/9.2.1/../../../../arm-none-eabi/lib/thumb/v6-m/nofp/libc_nano.a(lib_a-mbtowc_r.o)
 .ARM.attributes
                0x0000000000000399       0x2c /usr/local/Cellar/arm-none-eabi-gcc/9-2019-q4-major/gcc/bin/../lib/gcc/arm-none-eabi/9.2.1/../../../../arm-none-eabi/lib/thumb/v6-m/nofp/libc_nano.a(lib_a-mlock.o)
 .ARM.attributes
                0x00000000000003c5       0x2c /usr/local/Cellar/arm-none-eabi-gcc/9-2019-q4-major/gcc/bin/../lib/gcc/arm-none-eabi/9.2.1/../../../../arm-none-eabi/lib/thumb/v6-m/nofp/libc_nano.a(lib_a-reent.o)
 .ARM.attributes
                0x00000000000003f1       0x2c /usr/local/Cellar/arm-none-eabi-gcc/9-2019-q4-major/gcc/bin/../lib/gcc/arm-none-eabi/9.2.1/../../../../arm-none-eabi/lib/thumb/v6-m/nofp/libc_nano.a(lib_a-wctomb_r.o)
 .ARM.attributes
                0x000000000000041d       0x2c /usr/local/Cellar/arm-none-eabi-gcc/9-2019-q4-major/gcc/bin/../lib/gcc/arm-none-eabi/9.2.1/../../../../arm-none-eabi/lib/thumb/v6-m/nofp/libc_nano.a(lib_a-ctype_.o)
 .ARM.attributes
                0x0000000000000449       0x2c /usr/local/Cellar/arm-none-eabi-gcc/9-2019-q4-major/gcc/bin/../lib/gcc/arm-none-eabi/9.2.1/../../../../arm-none-eabi/lib/thumb/v6-m/nofp/libc_nano.a(lib_a-lock.o)
 .ARM.attributes
                0x0000000000000475       0x2c /usr/local/Cellar/arm-none-eabi-gcc/9-2019-q4-major/gcc/bin/../lib/gcc/arm-none-eabi/9.2.1/../../../../arm-none-eabi/lib/thumb/v6-m/nofp/libnosys.a(sbrk.o)
 .ARM.attributes
                0x00000000000004a1       0x2c /usr/local/Cellar/arm-none-eabi-gcc/9-2019-q4-major/gcc/bin/../lib/gcc/arm-none-eabi/9.2.1/../../../../arm-none-eabi/lib/thumb/v6-m/nofp/libnosys.a(_exit.o)
 .ARM.attributes
                0x00000000000004cd       0x2c _build/system_nrf51.o
 .ARM.attributes
                0x00000000000004f9       0x2c _build/main.o
 .ARM.attributes
                0x0000000000000525       0x2c _build/nrf_delay.o
 .ARM.attributes
                0x0000000000000551       0x2c _build/app_error.o
 .ARM.attributes
                0x000000000000057d       0x2c _build/app_fifo.o
 .ARM.attributes
                0x00000000000005a9       0x2c _build/retarget.o
 .ARM.attributes
                0x00000000000005d5       0x2c _build/app_uart_fifo.o
 .ARM.attributes
                0x0000000000000601       0x2c _build/nrf_drv_common.o
 .ARM.attributes
                0x000000000000062d       0x2c _build/nrf_drv_uart.o
 .ARM.attributes
                0x0000000000000659       0x2c _build/nrf_drv_twi.o
 .ARM.attributes
                0x0000000000000685       0x2c _build/i2c.o
 .ARM.attributes
                0x00000000000006b1       0x2c _build/LSM303AGR.o
 .ARM.attributes
                0x00000000000006dd       0x1b _build/gcc_startup_nrf51.o
 .ARM.attributes
                0x00000000000006f8       0x2c /usr/local/Cellar/arm-none-eabi-gcc/9-2019-q4-major/gcc/bin/../lib/gcc/arm-none-eabi/9.2.1/../../../../arm-none-eabi/lib/thumb/v6-m/nofp/libm.a(lib_a-s_atan.o)
 .ARM.attributes
                0x0000000000000724       0x2c /usr/local/Cellar/arm-none-eabi-gcc/9-2019-q4-major/gcc/bin/../lib/gcc/arm-none-eabi/9.2.1/../../../../arm-none-eabi/lib/thumb/v6-m/nofp/libm.a(lib_a-s_fabs.o)
 .ARM.attributes
                0x0000000000000750       0x2c /usr/local/Cellar/arm-none-eabi-gcc/9-2019-q4-major/gcc/bin/../lib/gcc/arm-none-eabi/9.2.1/../../../../arm-none-eabi/lib/thumb/v6-m/nofp/libm.a(lib_a-w_exp2.o)
 .ARM.attributes
                0x000000000000077c       0x2c /usr/local/Cellar/arm-none-eabi-gcc/9-2019-q4-major/gcc/bin/../lib/gcc/arm-none-eabi/9.2.1/../../../../arm-none-eabi/lib/thumb/v6-m/nofp/libm.a(lib_a-w_pow.o)
 .ARM.attributes
                0x00000000000007a8       0x2c /usr/local/Cellar/arm-none-eabi-gcc/9-2019-q4-major/gcc/bin/../lib/gcc/arm-none-eabi/9.2.1/../../../../arm-none-eabi/lib/thumb/v6-m/nofp/libm.a(lib_a-w_sqrt.o)
 .ARM.attributes
                0x00000000000007d4       0x2c /usr/local/Cellar/arm-none-eabi-gcc/9-2019-q4-major/gcc/bin/../lib/gcc/arm-none-eabi/9.2.1/../../../../arm-none-eabi/lib/thumb/v6-m/nofp/libm.a(lib_a-e_pow.o)
 .ARM.attributes
                0x0000000000000800       0x2c /usr/local/Cellar/arm-none-eabi-gcc/9-2019-q4-major/gcc/bin/../lib/gcc/arm-none-eabi/9.2.1/../../../../arm-none-eabi/lib/thumb/v6-m/nofp/libm.a(lib_a-e_sqrt.o)
 .ARM.attributes
                0x000000000000082c       0x2c /usr/local/Cellar/arm-none-eabi-gcc/9-2019-q4-major/gcc/bin/../lib/gcc/arm-none-eabi/9.2.1/../../../../arm-none-eabi/lib/thumb/v6-m/nofp/libm.a(lib_a-s_finite.o)
 .ARM.attributes
                0x0000000000000858       0x2c /usr/local/Cellar/arm-none-eabi-gcc/9-2019-q4-major/gcc/bin/../lib/gcc/arm-none-eabi/9.2.1/../../../../arm-none-eabi/lib/thumb/v6-m/nofp/libm.a(lib_a-s_lib_ver.o)
 .ARM.attributes
                0x0000000000000884       0x2c /usr/local/Cellar/arm-none-eabi-gcc/9-2019-q4-major/gcc/bin/../lib/gcc/arm-none-eabi/9.2.1/../../../../arm-none-eabi/lib/thumb/v6-m/nofp/libm.a(lib_a-s_matherr.o)
 .ARM.attributes
                0x00000000000008b0       0x2c /usr/local/Cellar/arm-none-eabi-gcc/9-2019-q4-major/gcc/bin/../lib/gcc/arm-none-eabi/9.2.1/../../../../arm-none-eabi/lib/thumb/v6-m/nofp/libm.a(lib_a-s_nan.o)
 .ARM.attributes
                0x00000000000008dc       0x2c /usr/local/Cellar/arm-none-eabi-gcc/9-2019-q4-major/gcc/bin/../lib/gcc/arm-none-eabi/9.2.1/../../../../arm-none-eabi/lib/thumb/v6-m/nofp/libm.a(lib_a-s_rint.o)
 .ARM.attributes
                0x0000000000000908       0x2c /usr/local/Cellar/arm-none-eabi-gcc/9-2019-q4-major/gcc/bin/../lib/gcc/arm-none-eabi/9.2.1/../../../../arm-none-eabi/lib/thumb/v6-m/nofp/libm.a(lib_a-s_scalbn.o)
 .ARM.attributes
                0x0000000000000934       0x1e /usr/local/Cellar/arm-none-eabi-gcc/9-2019-q4-major/gcc/bin/../lib/gcc/arm-none-eabi/9.2.1/thumb/v6-m/nofp/libgcc.a(_thumb1_case_uqi.o)
 .ARM.attributes
                0x0000000000000952       0x1e /usr/local/Cellar/arm-none-eabi-gcc/9-2019-q4-major/gcc/bin/../lib/gcc/arm-none-eabi/9.2.1/thumb/v6-m/nofp/libgcc.a(_thumb1_case_shi.o)
 .ARM.attributes
                0x0000000000000970       0x1e /usr/local/Cellar/arm-none-eabi-gcc/9-2019-q4-major/gcc/bin/../lib/gcc/arm-none-eabi/9.2.1/thumb/v6-m/nofp/libgcc.a(_udivsi3.o)
 .ARM.attributes
                0x000000000000098e       0x1e /usr/local/Cellar/arm-none-eabi-gcc/9-2019-q4-major/gcc/bin/../lib/gcc/arm-none-eabi/9.2.1/thumb/v6-m/nofp/libgcc.a(_divsi3.o)
 .ARM.attributes
                0x00000000000009ac       0x1e /usr/local/Cellar/arm-none-eabi-gcc/9-2019-q4-major/gcc/bin/../lib/gcc/arm-none-eabi/9.2.1/thumb/v6-m/nofp/libgcc.a(_dvmd_tls.o)
 .ARM.attributes
                0x00000000000009ca       0x1e /usr/local/Cellar/arm-none-eabi-gcc/9-2019-q4-major/gcc/bin/../lib/gcc/arm-none-eabi/9.2.1/thumb/v6-m/nofp/libgcc.a(_arm_cmpdf2.o)
 .ARM.attributes
                0x00000000000009e8       0x2c /usr/local/Cellar/arm-none-eabi-gcc/9-2019-q4-major/gcc/bin/../lib/gcc/arm-none-eabi/9.2.1/thumb/v6-m/nofp/libgcc.a(divsf3.o)
 .ARM.attributes
                0x0000000000000a14       0x2c /usr/local/Cellar/arm-none-eabi-gcc/9-2019-q4-major/gcc/bin/../lib/gcc/arm-none-eabi/9.2.1/thumb/v6-m/nofp/libgcc.a(mulsf3.o)
 .ARM.attributes
                0x0000000000000a40       0x2c /usr/local/Cellar/arm-none-eabi-gcc/9-2019-q4-major/gcc/bin/../lib/gcc/arm-none-eabi/9.2.1/thumb/v6-m/nofp/libgcc.a(floatsisf.o)
 .ARM.attributes
                0x0000000000000a6c       0x2c /usr/local/Cellar/arm-none-eabi-gcc/9-2019-q4-major/gcc/bin/../lib/gcc/arm-none-eabi/9.2.1/thumb/v6-m/nofp/libgcc.a(adddf3.o)
 .ARM.attributes
                0x0000000000000a98       0x2c /usr/local/Cellar/arm-none-eabi-gcc/9-2019-q4-major/gcc/bin/../lib/gcc/arm-none-eabi/9.2.1/thumb/v6-m/nofp/libgcc.a(divdf3.o)
 .ARM.attributes
                0x0000000000000ac4       0x2c /usr/local/Cellar/arm-none-eabi-gcc/9-2019-q4-major/gcc/bin/../lib/gcc/arm-none-eabi/9.2.1/thumb/v6-m/nofp/libgcc.a(eqdf2.o)
 .ARM.attributes
                0x0000000000000af0       0x2c /usr/local/Cellar/arm-none-eabi-gcc/9-2019-q4-major/gcc/bin/../lib/gcc/arm-none-eabi/9.2.1/thumb/v6-m/nofp/libgcc.a(gedf2.o)
 .ARM.attributes
                0x0000000000000b1c       0x2c /usr/local/Cellar/arm-none-eabi-gcc/9-2019-q4-major/gcc/bin/../lib/gcc/arm-none-eabi/9.2.1/thumb/v6-m/nofp/libgcc.a(ledf2.o)
 .ARM.attributes
                0x0000000000000b48       0x2c /usr/local/Cellar/arm-none-eabi-gcc/9-2019-q4-major/gcc/bin/../lib/gcc/arm-none-eabi/9.2.1/thumb/v6-m/nofp/libgcc.a(muldf3.o)
 .ARM.attributes
                0x0000000000000b74       0x2c /usr/local/Cellar/arm-none-eabi-gcc/9-2019-q4-major/gcc/bin/../lib/gcc/arm-none-eabi/9.2.1/thumb/v6-m/nofp/libgcc.a(subdf3.o)
 .ARM.attributes
                0x0000000000000ba0       0x2c /usr/local/Cellar/arm-none-eabi-gcc/9-2019-q4-major/gcc/bin/../lib/gcc/arm-none-eabi/9.2.1/thumb/v6-m/nofp/libgcc.a(unorddf2.o)
 .ARM.attributes
                0x0000000000000bcc       0x2c /usr/local/Cellar/arm-none-eabi-gcc/9-2019-q4-major/gcc/bin/../lib/gcc/arm-none-eabi/9.2.1/thumb/v6-m/nofp/libgcc.a(fixdfsi.o)
 .ARM.attributes
                0x0000000000000bf8       0x2c /usr/local/Cellar/arm-none-eabi-gcc/9-2019-q4-major/gcc/bin/../lib/gcc/arm-none-eabi/9.2.1/thumb/v6-m/nofp/libgcc.a(floatsidf.o)
 .ARM.attributes
                0x0000000000000c24       0x2c /usr/local/Cellar/arm-none-eabi-gcc/9-2019-q4-major/gcc/bin/../lib/gcc/arm-none-eabi/9.2.1/thumb/v6-m/nofp/libgcc.a(floatunsidf.o)
 .ARM.attributes
                0x0000000000000c50       0x2c /usr/local/Cellar/arm-none-eabi-gcc/9-2019-q4-major/gcc/bin/../lib/gcc/arm-none-eabi/9.2.1/thumb/v6-m/nofp/libgcc.a(extendsfdf2.o)
 .ARM.attributes
                0x0000000000000c7c       0x2c /usr/local/Cellar/arm-none-eabi-gcc/9-2019-q4-major/gcc/bin/../lib/gcc/arm-none-eabi/9.2.1/thumb/v6-m/nofp/libgcc.a(truncdfsf2.o)
 .ARM.attributes
                0x0000000000000ca8       0x1e /usr/local/Cellar/arm-none-eabi-gcc/9-2019-q4-major/gcc/bin/../lib/gcc/arm-none-eabi/9.2.1/thumb/v6-m/nofp/libgcc.a(_clzsi2.o)
 .ARM.attributes
                0x0000000000000cc6       0x2c /usr/local/Cellar/arm-none-eabi-gcc/9-2019-q4-major/gcc/bin/../lib/gcc/arm-none-eabi/9.2.1/../../../../arm-none-eabi/lib/thumb/v6-m/nofp/libc_nano.a(lib_a-errno.o)
 .ARM.attributes
                0x0000000000000cf2       0x2c /usr/local/Cellar/arm-none-eabi-gcc/9-2019-q4-major/gcc/bin/../lib/gcc/arm-none-eabi/9.2.1/../../../../arm-none-eabi/lib/thumb/v6-m/nofp/libc_nano.a(lib_a-printf.o)
 .ARM.attributes
                0x0000000000000d1e       0x2c /usr/local/Cellar/arm-none-eabi-gcc/9-2019-q4-major/gcc/bin/../lib/gcc/arm-none-eabi/9.2.1/../../../../arm-none-eabi/lib/thumb/v6-m/nofp/libc_nano.a(lib_a-findfp.o)
 .ARM.attributes
                0x0000000000000d4a       0x2c /usr/local/Cellar/arm-none-eabi-gcc/9-2019-q4-major/gcc/bin/../lib/gcc/arm-none-eabi/9.2.1/../../../../arm-none-eabi/lib/thumb/v6-m/nofp/libc_nano.a(lib_a-fwalk.o)
 .ARM.attributes
                0x0000000000000d76       0x2c /usr/local/Cellar/arm-none-eabi-gcc/9-2019-q4-major/gcc/bin/../lib/gcc/arm-none-eabi/9.2.1/../../../../arm-none-eabi/lib/thumb/v6-m/nofp/libc_nano.a(lib_a-nano-vfprintf.o)
 .ARM.attributes
                0x0000000000000da2       0x2c /usr/local/Cellar/arm-none-eabi-gcc/9-2019-q4-major/gcc/bin/../lib/gcc/arm-none-eabi/9.2.1/../../../../arm-none-eabi/lib/thumb/v6-m/nofp/libc_nano.a(lib_a-stdio.o)
 .ARM.attributes
                0x0000000000000dce       0x2c /usr/local/Cellar/arm-none-eabi-gcc/9-2019-q4-major/gcc/bin/../lib/gcc/arm-none-eabi/9.2.1/../../../../arm-none-eabi/lib/thumb/v6-m/nofp/libc_nano.a(lib_a-wbuf.o)
 .ARM.attributes
                0x0000000000000dfa       0x2c /usr/local/Cellar/arm-none-eabi-gcc/9-2019-q4-major/gcc/bin/../lib/gcc/arm-none-eabi/9.2.1/../../../../arm-none-eabi/lib/thumb/v6-m/nofp/libc_nano.a(lib_a-writer.o)
 .ARM.attributes
                0x0000000000000e26       0x2c /usr/local/Cellar/arm-none-eabi-gcc/9-2019-q4-major/gcc/bin/../lib/gcc/arm-none-eabi/9.2.1/../../../../arm-none-eabi/lib/thumb/v6-m/nofp/libc_nano.a(lib_a-wsetup.o)
 .ARM.attributes
                0x0000000000000e52       0x2c /usr/local/Cellar/arm-none-eabi-gcc/9-2019-q4-major/gcc/bin/../lib/gcc/arm-none-eabi/9.2.1/../../../../arm-none-eabi/lib/thumb/v6-m/nofp/libc_nano.a(lib_a-closer.o)
 .ARM.attributes
                0x0000000000000e7e       0x2c /usr/local/Cellar/arm-none-eabi-gcc/9-2019-q4-major/gcc/bin/../lib/gcc/arm-none-eabi/9.2.1/../../../../arm-none-eabi/lib/thumb/v6-m/nofp/libc_nano.a(lib_a-fflush.o)
 .ARM.attributes
                0x0000000000000eaa       0x2c /usr/local/Cellar/arm-none-eabi-gcc/9-2019-q4-major/gcc/bin/../lib/gcc/arm-none-eabi/9.2.1/../../../../arm-none-eabi/lib/thumb/v6-m/nofp/libc_nano.a(lib_a-lseekr.o)
 .ARM.attributes
                0x0000000000000ed6       0x2c /usr/local/Cellar/arm-none-eabi-gcc/9-2019-q4-major/gcc/bin/../lib/gcc/arm-none-eabi/9.2.1/../../../../arm-none-eabi/lib/thumb/v6-m/nofp/libc_nano.a(lib_a-makebuf.o)
 .ARM.attributes
                0x0000000000000f02       0x2c /usr/local/Cellar/arm-none-eabi-gcc/9-2019-q4-major/gcc/bin/../lib/gcc/arm-none-eabi/9.2.1/../../../../arm-none-eabi/lib/thumb/v6-m/nofp/libc_nano.a(lib_a-readr.o)
 .ARM.attributes
                0x0000000000000f2e       0x2c /usr/local/Cellar/arm-none-eabi-gcc/9-2019-q4-major/gcc/bin/../lib/gcc/arm-none-eabi/9.2.1/../../../../arm-none-eabi/lib/thumb/v6-m/nofp/libc_nano.a(lib_a-fstatr.o)
 .ARM.attributes
                0x0000000000000f5a       0x2c /usr/local/Cellar/arm-none-eabi-gcc/9-2019-q4-major/gcc/bin/../lib/gcc/arm-none-eabi/9.2.1/../../../../arm-none-eabi/lib/thumb/v6-m/nofp/libc_nano.a(lib_a-isattyr.o)
 .ARM.attributes
                0x0000000000000f86       0x1e /usr/local/Cellar/arm-none-eabi-gcc/9-2019-q4-major/gcc/bin/../lib/gcc/arm-none-eabi/9.2.1/thumb/v6-m/nofp/crtn.o
 .ARM.attributes
                0x0000000000000fa4       0x2c /usr/local/Cellar/arm-none-eabi-gcc/9-2019-q4-major/gcc/bin/../lib/gcc/arm-none-eabi/9.2.1/../../../../arm-none-eabi/lib/thumb/v6-m/nofp/libnosys.a(close.o)
 .ARM.attributes
                0x0000000000000fd0       0x2c /usr/local/Cellar/arm-none-eabi-gcc/9-2019-q4-major/gcc/bin/../lib/gcc/arm-none-eabi/9.2.1/../../../../arm-none-eabi/lib/thumb/v6-m/nofp/libnosys.a(fstat.o)
 .ARM.attributes
                0x0000000000000ffc       0x2c /usr/local/Cellar/arm-none-eabi-gcc/9-2019-q4-major/gcc/bin/../lib/gcc/arm-none-eabi/9.2.1/../../../../arm-none-eabi/lib/thumb/v6-m/nofp/libnosys.a(isatty.o)
 .ARM.attributes
                0x0000000000001028       0x2c /usr/local/Cellar/arm-none-eabi-gcc/9-2019-q4-major/gcc/bin/../lib/gcc/arm-none-eabi/9.2.1/../../../../arm-none-eabi/lib/thumb/v6-m/nofp/libnosys.a(lseek.o)

.comment        0x0000000000000000       0x79
 .comment       0x0000000000000000       0x79 _build/system_nrf51.o
                                         0x7a (size before relaxing)
 .comment       0x0000000000000079       0x7a _build/main.o
 .comment       0x0000000000000079       0x7a _build/nrf_delay.o
 .comment       0x0000000000000079       0x7a _build/app_error.o
 .comment       0x0000000000000079       0x7a _build/app_fifo.o
 .comment       0x0000000000000079       0x7a _build/retarget.o
 .comment       0x0000000000000079       0x7a _build/app_uart_fifo.o
 .comment       0x0000000000000079       0x7a _build/nrf_drv_common.o
 .comment       0x0000000000000079       0x7a _build/nrf_drv_uart.o
 .comment       0x0000000000000079       0x7a _build/nrf_drv_twi.o
 .comment       0x0000000000000079       0x7a _build/i2c.o
 .comment       0x0000000000000079       0x7a _build/LSM303AGR.o

.debug_frame    0x0000000000000000     0x3e78
 .debug_frame   0x0000000000000000       0x28 /usr/local/Cellar/arm-none-eabi-gcc/9-2019-q4-major/gcc/bin/../lib/gcc/arm-none-eabi/9.2.1/../../../../arm-none-eabi/lib/thumb/v6-m/nofp/libc_nano.a(lib_a-exit.o)
 .debug_frame   0x0000000000000028       0x2c /usr/local/Cellar/arm-none-eabi-gcc/9-2019-q4-major/gcc/bin/../lib/gcc/arm-none-eabi/9.2.1/../../../../arm-none-eabi/lib/thumb/v6-m/nofp/libc_nano.a(lib_a-init.o)
 .debug_frame   0x0000000000000054       0x20 /usr/local/Cellar/arm-none-eabi-gcc/9-2019-q4-major/gcc/bin/../lib/gcc/arm-none-eabi/9.2.1/../../../../arm-none-eabi/lib/thumb/v6-m/nofp/libc_nano.a(lib_a-memset.o)
 .debug_frame   0x0000000000000074       0x70 /usr/local/Cellar/arm-none-eabi-gcc/9-2019-q4-major/gcc/bin/../lib/gcc/arm-none-eabi/9.2.1/../../../../arm-none-eabi/lib/thumb/v6-m/nofp/libc_nano.a(lib_a-nano-vfprintf_float.o)
 .debug_frame   0x00000000000000e4       0x54 /usr/local/Cellar/arm-none-eabi-gcc/9-2019-q4-major/gcc/bin/../lib/gcc/arm-none-eabi/9.2.1/../../../../arm-none-eabi/lib/thumb/v6-m/nofp/libc_nano.a(lib_a-nano-vfprintf_i.o)
 .debug_frame   0x0000000000000138       0x54 /usr/local/Cellar/arm-none-eabi-gcc/9-2019-q4-major/gcc/bin/../lib/gcc/arm-none-eabi/9.2.1/../../../../arm-none-eabi/lib/thumb/v6-m/nofp/libc_nano.a(lib_a-dtoa.o)
 .debug_frame   0x000000000000018c       0x40 /usr/local/Cellar/arm-none-eabi-gcc/9-2019-q4-major/gcc/bin/../lib/gcc/arm-none-eabi/9.2.1/../../../../arm-none-eabi/lib/thumb/v6-m/nofp/libc_nano.a(lib_a-localeconv.o)
 .debug_frame   0x00000000000001cc       0x40 /usr/local/Cellar/arm-none-eabi-gcc/9-2019-q4-major/gcc/bin/../lib/gcc/arm-none-eabi/9.2.1/../../../../arm-none-eabi/lib/thumb/v6-m/nofp/libc_nano.a(lib_a-malloc.o)
 .debug_frame   0x000000000000020c       0x20 /usr/local/Cellar/arm-none-eabi-gcc/9-2019-q4-major/gcc/bin/../lib/gcc/arm-none-eabi/9.2.1/../../../../arm-none-eabi/lib/thumb/v6-m/nofp/libc_nano.a(lib_a-memchr-stub.o)
 .debug_frame   0x000000000000022c       0x28 /usr/local/Cellar/arm-none-eabi-gcc/9-2019-q4-major/gcc/bin/../lib/gcc/arm-none-eabi/9.2.1/../../../../arm-none-eabi/lib/thumb/v6-m/nofp/libc_nano.a(lib_a-memcpy-stub.o)
 .debug_frame   0x0000000000000254      0x22c /usr/local/Cellar/arm-none-eabi-gcc/9-2019-q4-major/gcc/bin/../lib/gcc/arm-none-eabi/9.2.1/../../../../arm-none-eabi/lib/thumb/v6-m/nofp/libc_nano.a(lib_a-mprec.o)
 .debug_frame   0x0000000000000480       0x2c /usr/local/Cellar/arm-none-eabi-gcc/9-2019-q4-major/gcc/bin/../lib/gcc/arm-none-eabi/9.2.1/../../../../arm-none-eabi/lib/thumb/v6-m/nofp/libc_nano.a(lib_a-nano-callocr.o)
 .debug_frame   0x00000000000004ac       0x2c /usr/local/Cellar/arm-none-eabi-gcc/9-2019-q4-major/gcc/bin/../lib/gcc/arm-none-eabi/9.2.1/../../../../arm-none-eabi/lib/thumb/v6-m/nofp/libc_nano.a(lib_a-nano-freer.o)
 .debug_frame   0x00000000000004d8       0x30 /usr/local/Cellar/arm-none-eabi-gcc/9-2019-q4-major/gcc/bin/../lib/gcc/arm-none-eabi/9.2.1/../../../../arm-none-eabi/lib/thumb/v6-m/nofp/libc_nano.a(lib_a-nano-mallocr.o)
 .debug_frame   0x0000000000000508       0x2c /usr/local/Cellar/arm-none-eabi-gcc/9-2019-q4-major/gcc/bin/../lib/gcc/arm-none-eabi/9.2.1/../../../../arm-none-eabi/lib/thumb/v6-m/nofp/libc_nano.a(lib_a-sbrkr.o)
 .debug_frame   0x0000000000000534       0x54 /usr/local/Cellar/arm-none-eabi-gcc/9-2019-q4-major/gcc/bin/../lib/gcc/arm-none-eabi/9.2.1/../../../../arm-none-eabi/lib/thumb/v6-m/nofp/libc_nano.a(lib_a-locale.o)
 .debug_frame   0x0000000000000588       0x44 /usr/local/Cellar/arm-none-eabi-gcc/9-2019-q4-major/gcc/bin/../lib/gcc/arm-none-eabi/9.2.1/../../../../arm-none-eabi/lib/thumb/v6-m/nofp/libc_nano.a(lib_a-mbtowc_r.o)
 .debug_frame   0x00000000000005cc       0x40 /usr/local/Cellar/arm-none-eabi-gcc/9-2019-q4-major/gcc/bin/../lib/gcc/arm-none-eabi/9.2.1/../../../../arm-none-eabi/lib/thumb/v6-m/nofp/libc_nano.a(lib_a-mlock.o)
 .debug_frame   0x000000000000060c       0x48 /usr/local/Cellar/arm-none-eabi-gcc/9-2019-q4-major/gcc/bin/../lib/gcc/arm-none-eabi/9.2.1/../../../../arm-none-eabi/lib/thumb/v6-m/nofp/libc_nano.a(lib_a-reent.o)
 .debug_frame   0x0000000000000654       0x38 /usr/local/Cellar/arm-none-eabi-gcc/9-2019-q4-major/gcc/bin/../lib/gcc/arm-none-eabi/9.2.1/../../../../arm-none-eabi/lib/thumb/v6-m/nofp/libc_nano.a(lib_a-wctomb_r.o)
 .debug_frame   0x000000000000068c       0xb0 /usr/local/Cellar/arm-none-eabi-gcc/9-2019-q4-major/gcc/bin/../lib/gcc/arm-none-eabi/9.2.1/../../../../arm-none-eabi/lib/thumb/v6-m/nofp/libc_nano.a(lib_a-lock.o)
 .debug_frame   0x000000000000073c       0x20 /usr/local/Cellar/arm-none-eabi-gcc/9-2019-q4-major/gcc/bin/../lib/gcc/arm-none-eabi/9.2.1/../../../../arm-none-eabi/lib/thumb/v6-m/nofp/libnosys.a(sbrk.o)
 .debug_frame   0x000000000000075c       0x20 /usr/local/Cellar/arm-none-eabi-gcc/9-2019-q4-major/gcc/bin/../lib/gcc/arm-none-eabi/9.2.1/../../../../arm-none-eabi/lib/thumb/v6-m/nofp/libnosys.a(_exit.o)
 .debug_frame   0x000000000000077c       0x80 _build/system_nrf51.o
 .debug_frame   0x00000000000007fc      0x408 _build/main.o
 .debug_frame   0x0000000000000c04       0x30 _build/nrf_delay.o
 .debug_frame   0x0000000000000c34       0x4c _build/app_error.o
 .debug_frame   0x0000000000000c80      0x130 _build/app_fifo.o
 .debug_frame   0x0000000000000db0      0x380 _build/retarget.o
 .debug_frame   0x0000000000001130      0x420 _build/app_uart_fifo.o
 .debug_frame   0x0000000000001550      0x3c0 _build/nrf_drv_common.o
 .debug_frame   0x0000000000001910      0x940 _build/nrf_drv_uart.o
 .debug_frame   0x0000000000002250      0x8c4 _build/nrf_drv_twi.o
 .debug_frame   0x0000000000002b14      0x3c4 _build/i2c.o
 .debug_frame   0x0000000000002ed8      0x3e0 _build/LSM303AGR.o
 .debug_frame   0x00000000000032b8       0x3c /usr/local/Cellar/arm-none-eabi-gcc/9-2019-q4-major/gcc/bin/../lib/gcc/arm-none-eabi/9.2.1/../../../../arm-none-eabi/lib/thumb/v6-m/nofp/libm.a(lib_a-s_atan.o)
 .debug_frame   0x00000000000032f4       0x20 /usr/local/Cellar/arm-none-eabi-gcc/9-2019-q4-major/gcc/bin/../lib/gcc/arm-none-eabi/9.2.1/../../../../arm-none-eabi/lib/thumb/v6-m/nofp/libm.a(lib_a-s_fabs.o)
 .debug_frame   0x0000000000003314       0x28 /usr/local/Cellar/arm-none-eabi-gcc/9-2019-q4-major/gcc/bin/../lib/gcc/arm-none-eabi/9.2.1/../../../../arm-none-eabi/lib/thumb/v6-m/nofp/libm.a(lib_a-w_exp2.o)
 .debug_frame   0x000000000000333c       0x3c /usr/local/Cellar/arm-none-eabi-gcc/9-2019-q4-major/gcc/bin/../lib/gcc/arm-none-eabi/9.2.1/../../../../arm-none-eabi/lib/thumb/v6-m/nofp/libm.a(lib_a-w_pow.o)
 .debug_frame   0x0000000000003378       0x38 /usr/local/Cellar/arm-none-eabi-gcc/9-2019-q4-major/gcc/bin/../lib/gcc/arm-none-eabi/9.2.1/../../../../arm-none-eabi/lib/thumb/v6-m/nofp/libm.a(lib_a-w_sqrt.o)