Archive member included to satisfy reference by file (symbol)

/usr/local/Cellar/arm-none-eabi-gcc/9-2019-q4-major/gcc/bin/../lib/gcc/arm-none-eabi/9.2.1/../../../../arm-none-eabi/lib/thumb/v6-m/nofp/libc_nano.a(lib_a-exit.o)
                              /usr/local/Cellar/arm-none-eabi-gcc/9-2019-q4-major/gcc/bin/../lib/gcc/arm-none-eabi/9.2.1/../../../../arm-none-eabi/lib/thumb/v6-m/nofp/crt0.o (exit)
/usr/local/Cellar/arm-none-eabi-gcc/9-2019-q4-major/gcc/bin/../lib/gcc/arm-none-eabi/9.2.1/../../../../arm-none-eabi/lib/thumb/v6-m/nofp/libc_nano.a(lib_a-impure.o)
                              /usr/local/Cellar/arm-none-eabi-gcc/9-2019-q4-major/gcc/bin/../lib/gcc/arm-none-eabi/9.2.1/../../../../arm-none-eabi/lib/thumb/v6-m/nofp/libc_nano.a(lib_a-exit.o) (_global_impure_ptr)
/usr/local/Cellar/arm-none-eabi-gcc/9-2019-q4-major/gcc/bin/../lib/gcc/arm-none-eabi/9.2.1/../../../../arm-none-eabi/lib/thumb/v6-m/nofp/libc_nano.a(lib_a-init.o)
                              /usr/local/Cellar/arm-none-eabi-gcc/9-2019-q4-major/gcc/bin/../lib/gcc/arm-none-eabi/9.2.1/../../../../arm-none-eabi/lib/thumb/v6-m/nofp/crt0.o (__libc_init_array)
/usr/local/Cellar/arm-none-eabi-gcc/9-2019-q4-major/gcc/bin/../lib/gcc/arm-none-eabi/9.2.1/../../../../arm-none-eabi/lib/thumb/v6-m/nofp/libc_nano.a(lib_a-memset.o)
                              /usr/local/Cellar/arm-none-eabi-gcc/9-2019-q4-major/gcc/bin/../lib/gcc/arm-none-eabi/9.2.1/../../../../arm-none-eabi/lib/thumb/v6-m/nofp/crt0.o (memset)
/usr/local/Cellar/arm-none-eabi-gcc/9-2019-q4-major/gcc/bin/../lib/gcc/arm-none-eabi/9.2.1/../../../../arm-none-eabi/lib/thumb/v6-m/nofp/libc_nano.a(lib_a-nano-vfprintf_float.o)
                              (_printf_float)
/usr/local/Cellar/arm-none-eabi-gcc/9-2019-q4-major/gcc/bin/../lib/gcc/arm-none-eabi/9.2.1/../../../../arm-none-eabi/lib/thumb/v6-m/nofp/libc_nano.a(lib_a-nano-vfprintf_i.o)
                              /usr/local/Cellar/arm-none-eabi-gcc/9-2019-q4-major/gcc/bin/../lib/gcc/arm-none-eabi/9.2.1/../../../../arm-none-eabi/lib/thumb/v6-m/nofp/libc_nano.a(lib_a-nano-vfprintf_float.o) (_printf_common)
/usr/local/Cellar/arm-none-eabi-gcc/9-2019-q4-major/gcc/bin/../lib/gcc/arm-none-eabi/9.2.1/../../../../arm-none-eabi/lib/thumb/v6-m/nofp/libc_nano.a(lib_a-strlen.o)
                              /usr/local/Cellar/arm-none-eabi-gcc/9-2019-q4-major/gcc/bin/../lib/gcc/arm-none-eabi/9.2.1/../../../../arm-none-eabi/lib/thumb/v6-m/nofp/libc_nano.a(lib_a-nano-vfprintf_float.o) (strlen)
/usr/local/Cellar/arm-none-eabi-gcc/9-2019-q4-major/gcc/bin/../lib/gcc/arm-none-eabi/9.2.1/../../../../arm-none-eabi/lib/thumb/v6-m/nofp/libc_nano.a(lib_a-dtoa.o)
                              /usr/local/Cellar/arm-none-eabi-gcc/9-2019-q4-major/gcc/bin/../lib/gcc/arm-none-eabi/9.2.1/../../../../arm-none-eabi/lib/thumb/v6-m/nofp/libc_nano.a(lib_a-nano-vfprintf_float.o) (_dtoa_r)
/usr/local/Cellar/arm-none-eabi-gcc/9-2019-q4-major/gcc/bin/../lib/gcc/arm-none-eabi/9.2.1/../../../../arm-none-eabi/lib/thumb/v6-m/nofp/libc_nano.a(lib_a-localeconv.o)
                              /usr/local/Cellar/arm-none-eabi-gcc/9-2019-q4-major/gcc/bin/../lib/gcc/arm-none-eabi/9.2.1/../../../../arm-none-eabi/lib/thumb/v6-m/nofp/libc_nano.a(lib_a-nano-vfprintf_float.o) (_localeconv_r)
/usr/local/Cellar/arm-none-eabi-gcc/9-2019-q4-major/gcc/bin/../lib/gcc/arm-none-eabi/9.2.1/../../../../arm-none-eabi/lib/thumb/v6-m/nofp/libc_nano.a(lib_a-malloc.o)
                              /usr/local/Cellar/arm-none-eabi-gcc/9-2019-q4-major/gcc/bin/../lib/gcc/arm-none-eabi/9.2.1/../../../../arm-none-eabi/lib/thumb/v6-m/nofp/libc_nano.a(lib_a-dtoa.o) (malloc)
/usr/local/Cellar/arm-none-eabi-gcc/9-2019-q4-major/gcc/bin/../lib/gcc/arm-none-eabi/9.2.1/../../../../arm-none-eabi/lib/thumb/v6-m/nofp/libc_nano.a(lib_a-memchr-stub.o)
                              /usr/local/Cellar/arm-none-eabi-gcc/9-2019-q4-major/gcc/bin/../lib/gcc/arm-none-eabi/9.2.1/../../../../arm-none-eabi/lib/thumb/v6-m/nofp/libc_nano.a(lib_a-nano-vfprintf_i.o) (memchr)
/usr/local/Cellar/arm-none-eabi-gcc/9-2019-q4-major/gcc/bin/../lib/gcc/arm-none-eabi/9.2.1/../../../../arm-none-eabi/lib/thumb/v6-m/nofp/libc_nano.a(lib_a-memcpy-stub.o)
                              /usr/local/Cellar/arm-none-eabi-gcc/9-2019-q4-major/gcc/bin/../lib/gcc/arm-none-eabi/9.2.1/../../../../arm-none-eabi/lib/thumb/v6-m/nofp/libc_nano.a(lib_a-dtoa.o) (memcpy)
/usr/local/Cellar/arm-none-eabi-gcc/9-2019-q4-major/gcc/bin/../lib/gcc/arm-none-eabi/9.2.1/../../../../arm-none-eabi/lib/thumb/v6-m/nofp/libc_nano.a(lib_a-mprec.o)
                              /usr/local/Cellar/arm-none-eabi-gcc/9-2019-q4-major/gcc/bin/../lib/gcc/arm-none-eabi/9.2.1/../../../../arm-none-eabi/lib/thumb/v6-m/nofp/libc_nano.a(lib_a-dtoa.o) (_Balloc)
/usr/local/Cellar/arm-none-eabi-gcc/9-2019-q4-major/gcc/bin/../lib/gcc/arm-none-eabi/9.2.1/../../../../arm-none-eabi/lib/thumb/v6-m/nofp/libc_nano.a(lib_a-nano-callocr.o)
[...]
Memory Configuration

Name             Origin             Length             Attributes
FLASH            0x0000000000018000 0x0000000000028000 xr
RAM              0x0000000020002000 0x0000000000002000 xrw
*default*        0x0000000000000000 0xffffffffffffffff

Linker script and memory map

LOAD /usr/local/Cellar/arm-none-eabi-gcc/9-2019-q4-major/gcc/bin/../lib/gcc/arm-none-eabi/9.2.1/thumb/v6-m/nofp/crti.o
LOAD /usr/local/Cellar/arm-none-eabi-gcc/9-2019-q4-major/gcc/bin/../lib/gcc/arm-none-eabi/9.2.1/thumb/v6-m/nofp/crtbegin.o
LOAD /usr/local/Cellar/arm-none-eabi-gcc/9-2019-q4-major/gcc/bin/../lib/gcc/arm-none-eabi/9.2.1/../../../../arm-none-eabi/lib/thumb/v6-m/nofp/crt0.o
LOAD /usr/local/Cellar/arm-none-eabi-gcc/9-2019-q4-major/gcc/bin/../lib/gcc/arm-none-eabi/9.2.1/../../../../arm-none-eabi/lib/thumb/v6-m/nofp/libc_nano.a
LOAD /usr/local/Cellar/arm-none-eabi-gcc/9-2019-q4-major/gcc/bin/../lib/gcc/arm-none-eabi/9.2.1/../../../../arm-none-eabi/lib/thumb/v6-m/nofp/libnosys.a
LOAD _build/system_nrf51.o
LOAD _build/main.o
LOAD _build/nrf_delay.o
LOAD _build/app_error.o
LOAD _build/app_fifo.o
LOAD _build/app_util_platform.o
LOAD _build/nrf_assert.o
LOAD _build/retarget.o
LOAD _build/app_uart_fifo.o
LOAD _build/nrf_drv_common.o
LOAD _build/nrf_drv_uart.o
LOAD _build/nrf_drv_twi.o
LOAD _build/i2c.o
LOAD _build/LSM303AGR.o
LOAD _build/app_timer.o
LOAD _build/ble_advdata.o
LOAD _build/ble_conn_params.o
LOAD _build/ble_lbs.o
LOAD _build/softdevice_handler.o
LOAD _build/nrf_drv_gpiote.o
LOAD _build/app_button.o
LOAD _build/gcc_startup_nrf51.o
LOAD /usr/local/Cellar/arm-none-eabi-gcc/9-2019-q4-major/gcc/bin/../lib/gcc/arm-none-eabi/9.2.1/../../../../arm-none-eabi/lib/thumb/v6-m/nofp/libm.a
START GROUP
LOAD /usr/local/Cellar/arm-none-eabi-gcc/9-2019-q4-major/gcc/bin/../lib/gcc/arm-none-eabi/9.2.1/thumb/v6-m/nofp/libgcc.a
LOAD /usr/local/Cellar/arm-none-eabi-gcc/9-2019-q4-major/gcc/bin/../lib/gcc/arm-none-eabi/9.2.1/../../../../arm-none-eabi/lib/thumb/v6-m/nofp/libc_nano.a
END GROUP
START GROUP
LOAD /usr/local/Cellar/arm-none-eabi-gcc/9-2019-q4-major/gcc/bin/../lib/gcc/arm-none-eabi/9.2.1/thumb/v6-m/nofp/libgcc.a
LOAD /usr/local/Cellar/arm-none-eabi-gcc/9-2019-q4-major/gcc/bin/../lib/gcc/arm-none-eabi/9.2.1/../../../../arm-none-eabi/lib/thumb/v6-m/nofp/libc_nano.a
END GROUP
LOAD /usr/local/Cellar/arm-none-eabi-gcc/9-2019-q4-major/gcc/bin/../lib/gcc/arm-none-eabi/9.2.1/thumb/v6-m/nofp/crtend.o
LOAD /usr/local/Cellar/arm-none-eabi-gcc/9-2019-q4-major/gcc/bin/../lib/gcc/arm-none-eabi/9.2.1/thumb/v6-m/nofp/crtn.o
START GROUP
LOAD /usr/local/Cellar/arm-none-eabi-gcc/9-2019-q4-major/gcc/bin/../lib/gcc/arm-none-eabi/9.2.1/thumb/v6-m/nofp/libgcc.a
LOAD /usr/local/Cellar/arm-none-eabi-gcc/9-2019-q4-major/gcc/bin/../lib/gcc/arm-none-eabi/9.2.1/../../../../arm-none-eabi/lib/thumb/v6-m/nofp/libc.a
LOAD /usr/local/Cellar/arm-none-eabi-gcc/9-2019-q4-major/gcc/bin/../lib/gcc/arm-none-eabi/9.2.1/../../../../arm-none-eabi/lib/thumb/v6-m/nofp/libnosys.a
END GROUP

.fs_data_out    0x0000000000000000        0x0
                [!provide]                        PROVIDE (__start_fs_data = .)
 *(fs_data)
                [!provide]                        PROVIDE (__stop_fs_data = .)

.text           0x0000000000018000     0xe154
 *(.Vectors)
 .Vectors       0x0000000000018000       0xc0 _build/gcc_startup_nrf51.o
                0x0000000000018000                __Vectors
 *(.text*)
 .text          0x00000000000180c0       0x48 /usr/local/Cellar/arm-none-eabi-gcc/9-2019-q4-major/gcc/bin/../lib/gcc/arm-none-eabi/9.2.1/thumb/v6-m/nofp/crtbegin.o
 .text          0x0000000000018108       0x78 /usr/local/Cellar/arm-none-eabi-gcc/9-2019-q4-major/gcc/bin/../lib/gcc/arm-none-eabi/9.2.1/../../../../arm-none-eabi/lib/thumb/v6-m/nofp/crt0.o
                0x0000000000018108                _mainCRTStartup
                0x0000000000018108                _start
 .text.exit     0x0000000000018180       0x2c /usr/local/Cellar/arm-none-eabi-gcc/9-2019-q4-major/gcc/bin/../lib/gcc/arm-none-eabi/9.2.1/../../../../arm-none-eabi/lib/thumb/v6-m/nofp/libc_nano.a(lib_a-exit.o)
                0x0000000000018180                exit
 .text.__libc_init_array
                0x00000000000181ac       0x48 /usr/local/Cellar/arm-none-eabi-gcc/9-2019-q4-major/gcc/bin/../lib/gcc/arm-none-eabi/9.2.1/../../../../arm-none-eabi/lib/thumb/v6-m/nofp/libc_nano.a(lib_a-init.o)
                0x00000000000181ac                __libc_init_array
 .text.memset   0x00000000000181f4       0x10 /usr/local/Cellar/arm-none-eabi-gcc/9-2019-q4-major/gcc/bin/../lib/gcc/arm-none-eabi/9.2.1/../../../../arm-none-eabi/lib/thumb/v6-m/nofp/libc_nano.a(lib_a-memset.o)
                0x00000000000181f4                memset
 .text.__cvt    0x0000000000018204       0xc6 /usr/local/Cellar/arm-none-eabi-gcc/9-2019-q4-major/gcc/bin/../lib/gcc/arm-none-eabi/9.2.1/../../../../arm-none-eabi/lib/thumb/v6-m/nofp/libc_nano.a(lib_a-nano-vfprintf_float.o)
                0x0000000000018204                __cvt
 .text.__exponent
                0x00000000000182ca       0x8e /usr/local/Cellar/arm-none-eabi-gcc/9-2019-q4-major/gcc/bin/../lib/gcc/arm-none-eabi/9.2.1/../../../../arm-none-eabi/lib/thumb/v6-m/nofp/libc_nano.a(lib_a-nano-vfprintf_float.o)
                0x00000000000182ca                __exponent
 .text._printf_float
                0x0000000000018358      0x49c /usr/local/Cellar/arm-none-eabi-gcc/9-2019-q4-major/gcc/bin/../lib/gcc/arm-none-eabi/9.2.1/../../../../arm-none-eabi/lib/thumb/v6-m/nofp/libc_nano.a(lib_a-nano-vfprintf_float.o)
                0x0000000000018358                _printf_float
 .text._printf_common
                0x00000000000187f4       0xde /usr/local/Cellar/arm-none-eabi-gcc/9-2019-q4-major/gcc/bin/../lib/gcc/arm-none-eabi/9.2.1/../../../../arm-none-eabi/lib/thumb/v6-m/nofp/libc_nano.a(lib_a-nano-vfprintf_i.o)
                0x00000000000187f4                _printf_common
 *fill*         0x00000000000188d2        0x2 
 .text._printf_i
                0x00000000000188d4      0x224 /usr/local/Cellar/arm-none-eabi-gcc/9-2019-q4-major/gcc/bin/../lib/gcc/arm-none-eabi/9.2.1/../../../../arm-none-eabi/lib/thumb/v6-m/nofp/libc_nano.a(lib_a-nano-vfprintf_i.o)
                0x00000000000188d4                _printf_i
 .text          0x0000000000018af8        0xe /usr/local/Cellar/arm-none-eabi-gcc/9-2019-q4-major/gcc/bin/../lib/gcc/arm-none-eabi/9.2.1/../../../../arm-none-eabi/lib/thumb/v6-m/nofp/libc_nano.a(lib_a-strlen.o)
                0x0000000000018af8                strlen
 .text.quorem   0x0000000000018b06      0x116 /usr/local/Cellar/arm-none-eabi-gcc/9-2019-q4-major/gcc/bin/../lib/gcc/arm-none-eabi/9.2.1/../../../../arm-none-eabi/lib/thumb/v6-m/nofp/libc_nano.a(lib_a-dtoa.o)
 .text._dtoa_r  0x0000000000018c1c      0xbcc /usr/local/Cellar/arm-none-eabi-gcc/9-2019-q4-major/gcc/bin/../lib/gcc/arm-none-eabi/9.2.1/../../../../arm-none-eabi/lib/thumb/v6-m/nofp/libc_nano.a(lib_a-dtoa.o)
                0x0000000000018c1c                _dtoa_r
 .text._localeconv_r
                0x00000000000197e8        0x8 /usr/local/Cellar/arm-none-eabi-gcc/9-2019-q4-major/gcc/bin/../lib/gcc/arm-none-eabi/9.2.1/../../../../arm-none-eabi/lib/thumb/v6-m/nofp/libc_nano.a(lib_a-localeconv.o)
                0x00000000000197e8                _localeconv_r
 .text.malloc   0x00000000000197f0       0x14 /usr/local/Cellar/arm-none-eabi-gcc/9-2019-q4-major/gcc/bin/../lib/gcc/arm-none-eabi/9.2.1/../../../../arm-none-eabi/lib/thumb/v6-m/nofp/libc_nano.a(lib_a-malloc.o)
                0x00000000000197f0                malloc
 .text.memchr   0x0000000000019804       0x16 /usr/local/Cellar/arm-none-eabi-gcc/9-2019-q4-major/gcc/bin/../lib/gcc/arm-none-eabi/9.2.1/../../../../arm-none-eabi/lib/thumb/v6-m/nofp/libc_nano.a(lib_a-memchr-stub.o)
                0x0000000000019804                memchr
 .text.memcpy   0x000000000001981a       0x12 /usr/local/Cellar/arm-none-eabi-gcc/9-2019-q4-major/gcc/bin/../lib/gcc/arm-none-eabi/9.2.1/../../../../arm-none-eabi/lib/thumb/v6-m/nofp/libc_nano.a(lib_a-memcpy-stub.o)
                0x000000000001981a                memcpy
 .text._Balloc  0x000000000001982c       0x70 /usr/local/Cellar/arm-none-eabi-gcc/9-2019-q4-major/gcc/bin/../lib/gcc/arm-none-eabi/9.2.1/../../../../arm-none-eabi/lib/thumb/v6-m/nofp/libc_nano.a(lib_a-mprec.o)
                0x000000000001982c                _Balloc
 .text._Bfree   0x000000000001989c       0x32 /usr/local/Cellar/arm-none-eabi-gcc/9-2019-q4-major/gcc/bin/../lib/gcc/arm-none-eabi/9.2.1/../../../../arm-none-eabi/lib/thumb/v6-m/nofp/libc_nano.a(lib_a-mprec.o)
                0x000000000001989c                _Bfree
 .text.__multadd
                0x00000000000198ce       0x7c /usr/local/Cellar/arm-none-eabi-gcc/9-2019-q4-major/gcc/bin/../lib/gcc/arm-none-eabi/9.2.1/../../../../arm-none-eabi/lib/thumb/v6-m/nofp/libc_nano.a(lib_a-mprec.o)
                0x00000000000198ce                __multadd
 .text.__hi0bits
                0x000000000001994a       0x34 /usr/local/Cellar/arm-none-eabi-gcc/9-2019-q4-major/gcc/bin/../lib/gcc/arm-none-eabi/9.2.1/../../../../arm-none-eabi/lib/thumb/v6-m/nofp/libc_nano.a(lib_a-mprec.o)
                0x000000000001994a                __hi0bits
 .text.__lo0bits
                0x000000000001997e       0x5c /usr/local/Cellar/arm-none-eabi-gcc/9-2019-q4-major/gcc/bin/../lib/gcc/arm-none-eabi/9.2.1/../../../../arm-none-eabi/lib/thumb/v6-m/nofp/libc_nano.a(lib_a-mprec.o)
                0x000000000001997e                __lo0bits
 .text.__i2b    0x00000000000199da       0x12 /usr/local/Cellar/arm-none-eabi-gcc/9-2019-q4-major/gcc/bin/../lib/gcc/arm-none-eabi/9.2.1/../../../../arm-none-eabi/lib/thumb/v6-m/nofp/libc_nano.a(lib_a-mprec.o)
                0x00000000000199da                __i2b
 .text.__multiply
                0x00000000000199ec      0x146 /usr/local/Cellar/arm-none-eabi-gcc/9-2019-q4-major/gcc/bin/../lib/gcc/arm-none-eabi/9.2.1/../../../../arm-none-eabi/lib/thumb/v6-m/nofp/libc_nano.a(lib_a-mprec.o)
                0x00000000000199ec                __multiply
 *fill*         0x0000000000019b32        0x2 
 .text.__pow5mult
                0x0000000000019b34       0xa0 /usr/local/Cellar/arm-none-eabi-gcc/9-2019-q4-major/gcc/bin/../lib/gcc/arm-none-eabi/9.2.1/../../../../arm-none-eabi/lib/thumb/v6-m/nofp/libc_nano.a(lib_a-mprec.o)
                0x0000000000019b34                __pow5mult
 .text.__lshift
                0x0000000000019bd4       0xc8 /usr/local/Cellar/arm-none-eabi-gcc/9-2019-q4-major/gcc/bin/../lib/gcc/arm-none-eabi/9.2.1/../../../../arm-none-eabi/lib/thumb/v6-m/nofp/libc_nano.a(lib_a-mprec.o)
                0x0000000000019bd4                __lshift
 .text.__mcmp   0x0000000000019c9c       0x36 /usr/local/Cellar/arm-none-eabi-gcc/9-2019-q4-major/gcc/bin/../lib/gcc/arm-none-eabi/9.2.1/../../../../arm-none-eabi/lib/thumb/v6-m/nofp/libc_nano.a(lib_a-mprec.o)
                0x0000000000019c9c                __mcmp
 .text.__mdiff  0x0000000000019cd2      0x106 /usr/local/Cellar/arm-none-eabi-gcc/9-2019-q4-major/gcc/bin/../lib/gcc/arm-none-eabi/9.2.1/../../../../arm-none-eabi/lib/thumb/v6-m/nofp/libc_nano.a(lib_a-mprec.o)
                0x0000000000019cd2                __mdiff
 .text.__d2b    0x0000000000019dd8       0xac /usr/local/Cellar/arm-none-eabi-gcc/9-2019-q4-major/gcc/bin/../lib/gcc/arm-none-eabi/9.2.1/../../../../arm-none-eabi/lib/thumb/v6-m/nofp/libc_nano.a(lib_a-mprec.o)
                0x0000000000019dd8                __d2b
 .text._calloc_r
                0x0000000000019e84       0x1c /usr/local/Cellar/arm-none-eabi-gcc/9-2019-q4-major/gcc/bin/../lib/gcc/arm-none-eabi/9.2.1/../../../../arm-none-eabi/lib/thumb/v6-m/nofp/libc_nano.a(lib_a-nano-callocr.o)
                0x0000000000019e84                _calloc_r
 .text._free_r  0x0000000000019ea0       0x94 /usr/local/Cellar/arm-none-eabi-gcc/9-2019-q4-major/gcc/bin/../lib/gcc/arm-none-eabi/9.2.1/../../../../arm-none-eabi/lib/thumb/v6-m/nofp/libc_nano.a(lib_a-nano-freer.o)
                0x0000000000019ea0                _free_r
 .text._malloc_r
                0x0000000000019f34       0xbc /usr/local/Cellar/arm-none-eabi-gcc/9-2019-q4-major/gcc/bin/../lib/gcc/arm-none-eabi/9.2.1/../../../../arm-none-eabi/lib/thumb/v6-m/nofp/libc_nano.a(lib_a-nano-mallocr.o)
                0x0000000000019f34                _malloc_r
 .text._sbrk_r  0x0000000000019ff0       0x24 /usr/local/Cellar/arm-none-eabi-gcc/9-2019-q4-major/gcc/bin/../lib/gcc/arm-none-eabi/9.2.1/../../../../arm-none-eabi/lib/thumb/v6-m/nofp/libc_nano.a(lib_a-sbrkr.o)
                0x0000000000019ff0                _sbrk_r
 .text.__ascii_mbtowc
                0x000000000001a014       0x24 /usr/local/Cellar/arm-none-eabi-gcc/9-2019-q4-major/gcc/bin/../lib/gcc/arm-none-eabi/9.2.1/../../../../arm-none-eabi/lib/thumb/v6-m/nofp/libc_nano.a(lib_a-mbtowc_r.o)
                0x000000000001a014                __ascii_mbtowc
 .text.__malloc_lock
                0x000000000001a038       0x10 /usr/local/Cellar/arm-none-eabi-gcc/9-2019-q4-major/gcc/bin/../lib/gcc/arm-none-eabi/9.2.1/../../../../arm-none-eabi/lib/thumb/v6-m/nofp/libc_nano.a(lib_a-mlock.o)
                0x000000000001a038                __malloc_lock
 .text.__malloc_unlock
                0x000000000001a048       0x10 /usr/local/Cellar/arm-none-eabi-gcc/9-2019-q4-major/gcc/bin/../lib/gcc/arm-none-eabi/9.2.1/../../../../arm-none-eabi/lib/thumb/v6-m/nofp/libc_nano.a(lib_a-mlock.o)
                0x000000000001a048                __malloc_unlock
 .text.__ascii_wctomb
                0x000000000001a058       0x1a /usr/local/Cellar/arm-none-eabi-gcc/9-2019-q4-major/gcc/bin/../lib/gcc/arm-none-eabi/9.2.1/../../../../arm-none-eabi/lib/thumb/v6-m/nofp/libc_nano.a(lib_a-wctomb_r.o)
                0x000000000001a058                __ascii_wctomb
 .text.__retarget_lock_init_recursive
                0x000000000001a072        0x2 /usr/local/Cellar/arm-none-eabi-gcc/9-2019-q4-major/gcc/bin/../lib/gcc/arm-none-eabi/9.2.1/../../../../arm-none-eabi/lib/thumb/v6-m/nofp/libc_nano.a(lib_a-lock.o)
                0x000000000001a072                __retarget_lock_init_recursive
 .text.__retarget_lock_acquire_recursive
                0x000000000001a074        0x2 /usr/local/Cellar/arm-none-eabi-gcc/9-2019-q4-major/gcc/bin/../lib/gcc/arm-none-eabi/9.2.1/../../../../arm-none-eabi/lib/thumb/v6-m/nofp/libc_nano.a(lib_a-lock.o)
                0x000000000001a074                __retarget_lock_acquire_recursive
 .text.__retarget_lock_release_recursive
                0x000000000001a076        0x2 /usr/local/Cellar/arm-none-eabi-gcc/9-2019-q4-major/gcc/bin/../lib/gcc/arm-none-eabi/9.2.1/../../../../arm-none-eabi/lib/thumb/v6-m/nofp/libc_nano.a(lib_a-lock.o)
                0x000000000001a076                __retarget_lock_release_recursive
 .text._sbrk    0x000000000001a078       0x1c /usr/local/Cellar/arm-none-eabi-gcc/9-2019-q4-major/gcc/bin/../lib/gcc/arm-none-eabi/9.2.1/../../../../arm-none-eabi/lib/thumb/v6-m/nofp/libnosys.a(sbrk.o)
                0x000000000001a078                _sbrk
 .text._exit    0x000000000001a094        0x4 /usr/local/Cellar/arm-none-eabi-gcc/9-2019-q4-major/gcc/bin/../lib/gcc/arm-none-eabi/9.2.1/../../../../arm-none-eabi/lib/thumb/v6-m/nofp/libnosys.a(_exit.o)
                0x000000000001a094                _exit
 .text.SystemInit
                0x000000000001a098       0x40 _build/system_nrf51.o
                0x000000000001a098                SystemInit
 .text.is_manual_peripheral_setup_needed
                0x000000000001a0d8       0x80 _build/system_nrf51.o
 .text.is_disabled_in_debug_needed
                0x000000000001a158       0x4c _build/system_nrf51.o
 .text.nrf_gpio_cfg
                0x000000000001a1a4       0x60 _build/main.o
 .text.nrf_gpio_cfg_output
                0x000000000001a204       0x24 _build/main.o
 .text.nrf_gpio_pin_set
                0x000000000001a228       0x20 _build/main.o
 .text.nrf_gpio_pin_clear
                0x000000000001a248       0x24 _build/main.o
 .text.sd_ble_gap_address_set
                0x000000000001a26c        0x8 _build/main.o
 .text.sd_ble_gap_address_get
                0x000000000001a274        0x8 _build/main.o
 .text.sd_ble_gap_adv_start
                0x000000000001a27c        0x8 _build/main.o
 .text.sd_ble_gap_disconnect
                0x000000000001a284        0x8 _build/main.o
 .text.sd_ble_gap_ppcp_set
                0x000000000001a28c        0x8 _build/main.o
 .text.sd_ble_gap_device_name_set
                0x000000000001a294        0x8 _build/main.o
 .text.sd_ble_gap_sec_params_reply
                0x000000000001a29c        0x8 _build/main.o
 .text.sd_ble_gatts_sys_attr_set
                0x000000000001a2a4        0x8 _build/main.o
 .text.sd_ble_enable
                0x000000000001a2ac        0x8 _build/main.o
 .text.uart_error_handle
                0x000000000001a2b4       0x44 _build/main.o
                0x000000000001a2b4                uart_error_handle
 .text.assert_nrf_callback
                0x000000000001a2f8       0x28 _build/main.o
                0x000000000001a2f8                assert_nrf_callback
 .text.leds_init
                0x000000000001a320       0x5e _build/main.o
 *fill*         0x000000000001a37e        0x2 
 .text.timers_init
                0x000000000001a380       0x3c _build/main.o
 .text.gap_params_init
                0x000000000001a3bc       0xb0 _build/main.o
 .text.advertising_init
                0x000000000001a46c       0x8c _build/main.o
 .text.led_write_handler
                0x000000000001a4f8       0x2c _build/main.o
 .text.services_init
                0x000000000001a524       0x44 _build/main.o
 .text.on_conn_params_evt
                0x000000000001a568       0x48 _build/main.o
 .text.conn_params_error_handler
                0x000000000001a5b0       0x20 _build/main.o
 .text.conn_params_init
                0x000000000001a5d0       0x7c _build/main.o
 .text.advertising_start
                0x000000000001a64c       0x64 _build/main.o
 .text.on_ble_evt
                0x000000000001a6b0      0x108 _build/main.o
 .text.ble_evt_dispatch
                0x000000000001a7b8       0x30 _build/main.o
 .text.ble_stack_init
                0x000000000001a7e8       0xe8 _build/main.o
 .text.button_event_handler
                0x000000000001a8d0       0x84 _build/main.o
 .text.buttons_init
                0x000000000001a954       0x44 _build/main.o
 .text.main     0x000000000001a998      0x2d0 _build/main.o
                0x000000000001a998                main
 .text.nrf_delay_ms
                0x000000000001ac68       0x4c _build/nrf_delay.o
                0x000000000001ac68                nrf_delay_ms
 .text.NVIC_SystemReset
                0x000000000001acb4       0x20 _build/app_error.o
 .text.app_error_handler
                0x000000000001acd4       0x18 _build/app_error.o
                0x000000000001acd4                app_error_handler
 .text.fifo_length
                0x000000000001acec       0x1e _build/app_fifo.o
 .text.fifo_put
                0x000000000001ad0a       0x36 _build/app_fifo.o
 .text.fifo_get
                0x000000000001ad40       0x32 _build/app_fifo.o
 .text.app_fifo_init
                0x000000000001ad72       0x5a _build/app_fifo.o
                0x000000000001ad72                app_fifo_init
 .text.app_fifo_put
                0x000000000001adcc       0x3c _build/app_fifo.o
                0x000000000001adcc                app_fifo_put
 .text.app_fifo_get
                0x000000000001ae08       0x30 _build/app_fifo.o
                0x000000000001ae08                app_fifo_get
 .text._write   0x000000000001ae38       0x38 _build/retarget.o
                0x000000000001ae38                _write
 .text._read    0x000000000001ae70       0x26 _build/retarget.o
                0x000000000001ae70                _read
 .text.fifo_length
                0x000000000001ae96       0x1e _build/app_uart_fifo.o
 .text.uart_event_handler
                0x000000000001aeb4      0x104 _build/app_uart_fifo.o
 .text.app_uart_init
                0x000000000001afb8      0x11c _build/app_uart_fifo.o
                0x000000000001afb8                app_uart_init
 .text.app_uart_get
                0x000000000001b0d4       0x50 _build/app_uart_fifo.o
                0x000000000001b0d4                app_uart_get
 .text.app_uart_put
                0x000000000001b124       0x4c _build/app_uart_fifo.o
                0x000000000001b124                app_uart_put
 .text.NVIC_EnableIRQ
                0x000000000001b170       0x2c _build/nrf_drv_common.o
 .text.NVIC_ClearPendingIRQ
                0x000000000001b19c       0x34 _build/nrf_drv_common.o
 .text.NVIC_SetPriority
                0x000000000001b1d0       0xdc _build/nrf_drv_common.o
 .text.nrf_drv_common_irq_enable
                0x000000000001b2ac       0x44 _build/nrf_drv_common.o
                0x000000000001b2ac                nrf_drv_common_irq_enable
 .text.nrf_uart_event_clear
                0x000000000001b2f0       0x22 _build/nrf_drv_uart.o
 .text.nrf_uart_event_check
                0x000000000001b312       0x26 _build/nrf_drv_uart.o
 .text.nrf_uart_int_enable
                0x000000000001b338       0x1c _build/nrf_drv_uart.o
 .text.nrf_uart_int_enable_check
                0x000000000001b354       0x24 _build/nrf_drv_uart.o
 .text.nrf_uart_int_disable
                0x000000000001b378       0x1c _build/nrf_drv_uart.o
 .text.nrf_uart_errorsrc_get_and_clear
                0x000000000001b394       0x26 _build/nrf_drv_uart.o
 .text.nrf_uart_enable
                0x000000000001b3ba       0x1a _build/nrf_drv_uart.o
 .text.nrf_uart_txrx_pins_set
                0x000000000001b3d4       0x2c _build/nrf_drv_uart.o
 .text.nrf_uart_hwfc_pins_set
                0x000000000001b400       0x28 _build/nrf_drv_uart.o
 .text.nrf_uart_rxd_get
                0x000000000001b428       0x1a _build/nrf_drv_uart.o
 *fill*         0x000000000001b442        0x2 
 .text.nrf_uart_txd_set
                0x000000000001b444       0x24 _build/nrf_drv_uart.o
 .text.nrf_uart_task_trigger
                0x000000000001b468       0x22 _build/nrf_drv_uart.o
 *fill*         0x000000000001b48a        0x2 
 .text.nrf_uart_configure
                0x000000000001b48c       0x38 _build/nrf_drv_uart.o
 .text.nrf_uart_baudrate_set
                0x000000000001b4c4       0x20 _build/nrf_drv_uart.o
 .text.nrf_gpio_cfg
                0x000000000001b4e4       0x60 _build/nrf_drv_uart.o
 .text.nrf_gpio_cfg_output
                0x000000000001b544       0x24 _build/nrf_drv_uart.o
 .text.nrf_gpio_cfg_input
                0x000000000001b568       0x2c _build/nrf_drv_uart.o
 .text.nrf_gpio_pin_set
                0x000000000001b594       0x20 _build/nrf_drv_uart.o
 .text.apply_config
                0x000000000001b5b4       0x9c _build/nrf_drv_uart.o
 .text.interrupts_enable
                0x000000000001b650       0x34 _build/nrf_drv_uart.o
 .text.uart_enable
                0x000000000001b684       0x18 _build/nrf_drv_uart.o
 .text.nrf_drv_uart_init
                0x000000000001b69c       0x78 _build/nrf_drv_uart.o
                0x000000000001b69c                nrf_drv_uart_init
 .text.tx_byte  0x000000000001b714       0x54 _build/nrf_drv_uart.o
 .text.nrf_drv_uart_tx
                0x000000000001b768       0xfc _build/nrf_drv_uart.o
                0x000000000001b768                nrf_drv_uart_tx
 .text.rx_byte  0x000000000001b864       0x48 _build/nrf_drv_uart.o
 .text.rx_enable
                0x000000000001b8ac       0x34 _build/nrf_drv_uart.o
 .text.nrf_drv_uart_rx
                0x000000000001b8e0      0x15c _build/nrf_drv_uart.o
                0x000000000001b8e0                nrf_drv_uart_rx
 .text.nrf_drv_uart_rx_enable
                0x000000000001ba3c       0x28 _build/nrf_drv_uart.o
                0x000000000001ba3c                nrf_drv_uart_rx_enable
 .text.rx_done_event
                0x000000000001ba64       0x44 _build/nrf_drv_uart.o
 .text.tx_done_event
                0x000000000001baa8       0x44 _build/nrf_drv_uart.o
 .text.UART0_IRQHandler
                0x000000000001baec      0x19c _build/nrf_drv_uart.o
                0x000000000001baec                UART0_IRQHandler
 .text.NVIC_GetPriority
                0x000000000001bc88       0x7c _build/nrf_drv_twi.o
 .text.nrf_twi_task_set
                0x000000000001bd04       0x22 _build/nrf_drv_twi.o
 .text.nrf_twi_event_clear
                0x000000000001bd26       0x22 _build/nrf_drv_twi.o
 .text.nrf_twi_event_check
                0x000000000001bd48       0x26 _build/nrf_drv_twi.o
 .text.nrf_twi_shorts_set
                0x000000000001bd6e       0x28 _build/nrf_drv_twi.o
 .text.nrf_twi_shorts_clear
                0x000000000001bd96       0x2a _build/nrf_drv_twi.o
 .text.nrf_twi_int_enable
                0x000000000001bdc0       0x1c _build/nrf_drv_twi.o
 .text.nrf_twi_int_disable
                0x000000000001bddc       0x1c _build/nrf_drv_twi.o
 .text.nrf_twi_frequency_set
                0x000000000001bdf8       0x20 _build/nrf_drv_twi.o
 .text.nrf_twi_error_source_get
                0x000000000001be18       0x28 _build/nrf_drv_twi.o
 .text.nrf_twi_enable
                0x000000000001be40       0x1a _build/nrf_drv_twi.o
 *fill*         0x000000000001be5a        0x2 
 .text.nrf_twi_pins_set
                0x000000000001be5c       0x2c _build/nrf_drv_twi.o
 .text.nrf_twi_rxd_get
                0x000000000001be88       0x1a _build/nrf_drv_twi.o
 *fill*         0x000000000001bea2        0x2 
 .text.nrf_twi_txd_set
                0x000000000001bea4       0x24 _build/nrf_drv_twi.o
 .text.nrf_twi_address_set
                0x000000000001bec8       0x22 _build/nrf_drv_twi.o
 .text.sd_nvic_critical_region_enter
                0x000000000001beea        0x8 _build/nrf_drv_twi.o
 .text.sd_nvic_critical_region_exit
                0x000000000001bef2        0x8 _build/nrf_drv_twi.o
 *fill*         0x000000000001befa        0x2 
 .text.current_int_priority_get
                0x000000000001befc       0x3c _build/nrf_drv_twi.o
 .text.nrf_gpio_pin_set
                0x000000000001bf38       0x20 _build/nrf_drv_twi.o
 .text.nrf_gpio_pin_clear
                0x000000000001bf58       0x24 _build/nrf_drv_twi.o
 .text.nrf_gpio_pin_read
                0x000000000001bf7c       0x24 _build/nrf_drv_twi.o
 .text.state_machine
                0x000000000001bfa0       0xd0 _build/nrf_drv_twi.o
 .text.txrx_shorts_set_task_start
                0x000000000001c070       0xe8 _build/nrf_drv_twi.o
 .text.address_req
                0x000000000001c158       0xa8 _build/nrf_drv_twi.o
 .text.rx_address_req
                0x000000000001c200       0xa8 _build/nrf_drv_twi.o
 .text.rx_prepare
                0x000000000001c2a8       0x18 _build/nrf_drv_twi.o
 .text.rx_done  0x000000000001c2c0       0x64 _build/nrf_drv_twi.o
 .text.tx_prepare
                0x000000000001c324       0x48 _build/nrf_drv_twi.o
 .text.tx_done  0x000000000001c36c       0x4c _build/nrf_drv_twi.o
 .text.on_error
                0x000000000001c3b8       0x94 _build/nrf_drv_twi.o
 .text.ack_error
                0x000000000001c44c       0x30 _build/nrf_drv_twi.o
 .text.twi_action_wait
                0x000000000001c47c       0xb4 _build/nrf_drv_twi.o
 .text.twi_clear_bus
                0x000000000001c530      0x160 _build/nrf_drv_twi.o
 .text.twi_transfer
                0x000000000001c690      0x1d8 _build/nrf_drv_twi.o
 .text.nrf_drv_twi_init
                0x000000000001c868      0x110 _build/nrf_drv_twi.o
                0x000000000001c868                nrf_drv_twi_init
 .text.nrf_drv_twi_enable
                0x000000000001c978       0xb0 _build/nrf_drv_twi.o
                0x000000000001c978                nrf_drv_twi_enable
 .text.nrf_drv_twi_tx
                0x000000000001ca28       0x3a _build/nrf_drv_twi.o
                0x000000000001ca28                nrf_drv_twi_tx
 .text.nrf_drv_twi_rx
                0x000000000001ca62       0x3a _build/nrf_drv_twi.o
                0x000000000001ca62                nrf_drv_twi_rx
 .text.nrf_drv_twi_int_handler
                0x000000000001ca9c      0x1a0 _build/nrf_drv_twi.o
 .text.SPI0_TWI0_IRQHandler
                0x000000000001cc3c       0x18 _build/nrf_drv_twi.o
                0x000000000001cc3c                SPI0_TWI0_IRQHandler
 .text.twi_handler
                0x000000000001cc54       0x88 _build/i2c.o
                0x000000000001cc54                twi_handler
 .text.i2cInit  0x000000000001ccdc       0x68 _build/i2c.o
                0x000000000001ccdc                i2cInit
 .text.i2cWrite
                0x000000000001cd44       0x6c _build/i2c.o
                0x000000000001cd44                i2cWrite
 .text.i2cRead  0x000000000001cdb0       0x94 _build/i2c.o
                0x000000000001cdb0                i2cRead
 .text.LSM303init
                0x000000000001ce44       0x28 _build/LSM303AGR.o
                0x000000000001ce44                LSM303init
 .text.LSM303getAccel
                0x000000000001ce6c      0x1e8 _build/LSM303AGR.o
                0x000000000001ce6c                LSM303getAccel
 .text.LSM303dataReady
                0x000000000001d054       0x38 _build/LSM303AGR.o
                0x000000000001d054                LSM303dataReady
 .text.LSM303bitsToMg
                0x000000000001d08c       0x4c _build/LSM303AGR.o
                0x000000000001d08c                LSM303bitsToMg
 .text.mgToDeg  0x000000000001d0d8      0x1e8 _build/LSM303AGR.o
                0x000000000001d0d8                mgToDeg
 .text.LSM303defaultCal
                0x000000000001d2c0       0x58 _build/LSM303AGR.o
                0x000000000001d2c0                LSM303defaultCal
 .text.LSM303calibrate
                0x000000000001d318      0x208 _build/LSM303AGR.o
                0x000000000001d318                LSM303calibrate
 .text.is_word_aligned
                0x000000000001d520       0x1c _build/app_timer.o
 .text.NVIC_EnableIRQ
                0x000000000001d53c       0x2c _build/app_timer.o
 .text.NVIC_DisableIRQ
                0x000000000001d568       0x30 _build/app_timer.o
 .text.NVIC_SetPendingIRQ
                0x000000000001d598       0x34 _build/app_timer.o
 .text.NVIC_ClearPendingIRQ
                0x000000000001d5cc       0x34 _build/app_timer.o
 .text.NVIC_SetPriority
                0x000000000001d600       0xdc _build/app_timer.o
 .text.NVIC_GetPriority
                0x000000000001d6dc       0x7c _build/app_timer.o
 .text.current_int_priority_get
                0x000000000001d758       0x3c _build/app_timer.o
 .text.rtc1_init
                0x000000000001d794       0x28 _build/app_timer.o
 .text.rtc1_start
                0x000000000001d7bc       0x6c _build/app_timer.o
 .text.rtc1_stop
                0x000000000001d828       0x9c _build/app_timer.o
 .text.rtc1_counter_get
                0x000000000001d8c4       0x18 _build/app_timer.o
 .text.ticks_diff_get
                0x000000000001d8dc       0x1c _build/app_timer.o
 .text.rtc1_compare0_set
                0x000000000001d8f8       0x20 _build/app_timer.o
 .text.timer_list_insert
                0x000000000001d918       0xb0 _build/app_timer.o
 .text.timer_list_remove
                0x000000000001d9c8       0xa4 _build/app_timer.o
 .text.timer_timeouts_check_sched
                0x000000000001da6c       0x10 _build/app_timer.o
 .text.timer_list_handler_sched
                0x000000000001da7c       0x10 _build/app_timer.o
 .text.timeout_handler_exec
                0x000000000001da8c       0x54 _build/app_timer.o
 .text.timer_timeouts_check
                0x000000000001dae0       0xcc _build/app_timer.o
 .text.elapsed_ticks_acquire
                0x000000000001dbac       0x7c _build/app_timer.o
 .text.list_deletions_handler
                0x000000000001dc28       0xe0 _build/app_timer.o
 .text.expired_timers_handler
                0x000000000001dd08       0x9c _build/app_timer.o
 .text.list_insertions_handler
                0x000000000001dda4      0x194 _build/app_timer.o
 .text.compare_reg_update
                0x000000000001df38       0xe4 _build/app_timer.o
 .text.timer_list_handler
                0x000000000001e01c       0x8c _build/app_timer.o
 .text.user_op_enque
                0x000000000001e0a8       0x1e _build/app_timer.o
 .text.user_op_alloc
                0x000000000001e0c6       0x64 _build/app_timer.o
 *fill*         0x000000000001e12a        0x2 
 .text.timer_start_op_schedule
                0x000000000001e12c       0x84 _build/app_timer.o
 .text.timer_stop_op_schedule
                0x000000000001e1b0       0x64 _build/app_timer.o
 .text.RTC1_IRQHandler
                0x000000000001e214       0x50 _build/app_timer.o
                0x000000000001e214                RTC1_IRQHandler
 .text.SWI0_IRQHandler
                0x000000000001e264        0xe _build/app_timer.o
                0x000000000001e264                SWI0_IRQHandler
 *fill*         0x000000000001e272        0x2 
 .text.app_timer_init
                0x000000000001e274      0x108 _build/app_timer.o
                0x000000000001e274                app_timer_init
 .text.app_timer_create
                0x000000000001e37c       0x6c _build/app_timer.o
                0x000000000001e37c                app_timer_create
 .text.user_id_get
                0x000000000001e3e8       0x32 _build/app_timer.o
 *fill*         0x000000000001e41a        0x2 
 .text.app_timer_start
                0x000000000001e41c       0x74 _build/app_timer.o
                0x000000000001e41c                app_timer_start
 .text.app_timer_stop
                0x000000000001e490       0x50 _build/app_timer.o
                0x000000000001e490                app_timer_stop
 .text.sd_ble_gap_address_get
                0x000000000001e4e0        0x8 _build/ble_advdata.o
 .text.sd_ble_gap_adv_data_set
                0x000000000001e4e8        0x8 _build/ble_advdata.o
 .text.sd_ble_gap_appearance_get
                0x000000000001e4f0        0x8 _build/ble_advdata.o
 .text.sd_ble_gap_device_name_get
                0x000000000001e4f8        0x8 _build/ble_advdata.o
 .text.sd_ble_uuid_encode
                0x000000000001e500        0x8 _build/ble_advdata.o
 .text.uint16_encode
                0x000000000001e508       0x32 _build/ble_advdata.o
 .text.tk_value_encode
                0x000000000001e53a       0xac _build/ble_advdata.o
 .text.le_role_encode
                0x000000000001e5e6       0xd8 _build/ble_advdata.o
 .text.ble_device_addr_encode
                0x000000000001e6be       0xce _build/ble_advdata.o
 .text.name_encode
                0x000000000001e78c      0x15c _build/ble_advdata.o
 .text.appearance_encode
                0x000000000001e8e8       0xa0 _build/ble_advdata.o
 .text.flags_encode
                0x000000000001e988       0x8a _build/ble_advdata.o
 .text.sec_mgr_oob_flags_encode
                0x000000000001ea12       0x8a _build/ble_advdata.o
 .text.tx_power_level_encode
                0x000000000001ea9c       0x8a _build/ble_advdata.o
 .text.uuid_list_sized_encode
                0x000000000001eb26      0x192 _build/ble_advdata.o
 .text.uuid_list_encode
                0x000000000001ecb8       0x8a _build/ble_advdata.o
 *fill*         0x000000000001ed42        0x2 
 .text.conn_int_check
                0x000000000001ed44       0x80 _build/ble_advdata.o
 .text.conn_int_encode
                0x000000000001edc4       0xc8 _build/ble_advdata.o
 .text.manuf_specific_data_encode
                0x000000000001ee8c       0xe4 _build/ble_advdata.o
 .text.service_data_encode
                0x000000000001ef70      0x114 _build/ble_advdata.o
 .text.adv_data_encode
                0x000000000001f084      0x284 _build/ble_advdata.o
                0x000000000001f084                adv_data_encode
 .text.advdata_check
                0x000000000001f308       0x22 _build/ble_advdata.o
 .text.srdata_check
                0x000000000001f32a       0x1e _build/ble_advdata.o
 .text.ble_advdata_set
                0x000000000001f348       0xd8 _build/ble_advdata.o
                0x000000000001f348                ble_advdata_set
 .text.sd_ble_gap_conn_param_update
                0x000000000001f420        0x8 _build/ble_conn_params.o
 .text.sd_ble_gap_disconnect
                0x000000000001f428        0x8 _build/ble_conn_params.o
 .text.sd_ble_gap_ppcp_set
                0x000000000001f430        0x8 _build/ble_conn_params.o
 .text.sd_ble_gap_ppcp_get
                0x000000000001f438        0x8 _build/ble_conn_params.o
 .text.uint16_decode
                0x000000000001f440       0x26 _build/ble_conn_params.o
 .text.ble_srv_is_notification_enabled
                0x000000000001f466       0x2e _build/ble_conn_params.o
 .text.is_conn_params_ok
                0x000000000001f494       0x34 _build/ble_conn_params.o
 .text.update_timeout_handler
                0x000000000001f4c8       0xc4 _build/ble_conn_params.o
 .text.ble_conn_params_init
                0x000000000001f58c       0xa4 _build/ble_conn_params.o
                0x000000000001f58c                ble_conn_params_init
 .text.conn_params_negotiation
                0x000000000001f630       0xb8 _build/ble_conn_params.o
 .text.on_connect
                0x000000000001f6e8       0x4c _build/ble_conn_params.o
 .text.on_disconnect
                0x000000000001f734       0x54 _build/ble_conn_params.o
 .text.on_write
                0x000000000001f788       0x6c _build/ble_conn_params.o
 .text.on_conn_params_update
                0x000000000001f7f4       0x2c _build/ble_conn_params.o
 .text.ble_conn_params_on_ble_evt
                0x000000000001f820       0x54 _build/ble_conn_params.o
                0x000000000001f820                ble_conn_params_on_ble_evt
 .text.sd_ble_gatts_service_add
                0x000000000001f874        0x8 _build/ble_lbs.o
 .text.sd_ble_gatts_characteristic_add
                0x000000000001f87c        0x8 _build/ble_lbs.o
 .text.sd_ble_gatts_hvx
                0x000000000001f884        0x8 _build/ble_lbs.o
 .text.sd_ble_uuid_vs_add
                0x000000000001f88c        0x8 _build/ble_lbs.o
 .text.on_connect
                0x000000000001f894       0x1a _build/ble_lbs.o
 .text.on_disconnect
                0x000000000001f8ae       0x1a _build/ble_lbs.o
 .text.on_write
                0x000000000001f8c8       0x42 _build/ble_lbs.o
 .text.ble_lbs_on_ble_evt
                0x000000000001f90a       0x52 _build/ble_lbs.o
                0x000000000001f90a                ble_lbs_on_ble_evt
 .text.led_char_add
                0x000000000001f95c      0x130 _build/ble_lbs.o
 .text.button_char_add
                0x000000000001fa8c      0x180 _build/ble_lbs.o
 .text.ble_lbs_init
                0x000000000001fc0c       0xb8 _build/ble_lbs.o
                0x000000000001fc0c                ble_lbs_init
 .text.ble_lbs_on_button_change
                0x000000000001fcc4       0x58 _build/ble_lbs.o
                0x000000000001fcc4                ble_lbs_on_button_change
 .text.sd_nvic_EnableIRQ
                0x000000000001fd1c        0x8 _build/softdevice_handler.o
 .text.sd_evt_get
                0x000000000001fd24        0x8 _build/softdevice_handler.o
 .text.sd_softdevice_enable
                0x000000000001fd2c        0x8 _build/softdevice_handler.o
 .text.is_word_aligned
                0x000000000001fd34       0x1c _build/softdevice_handler.o
 .text.sd_ble_evt_get
                0x000000000001fd50        0x8 _build/softdevice_handler.o
 .text.softdevice_assertion_handler
                0x000000000001fd58       0x28 _build/softdevice_handler.o
                0x000000000001fd58                softdevice_assertion_handler
 .text.intern_softdevice_events_execute
                0x000000000001fd80      0x108 _build/softdevice_handler.o
                0x000000000001fd80                intern_softdevice_events_execute
 .text.softdevice_handler_init
                0x000000000001fe88       0x8c _build/softdevice_handler.o
                0x000000000001fe88                softdevice_handler_init
 .text.softdevice_ble_evt_handler_set
                0x000000000001ff14       0x28 _build/softdevice_handler.o
                0x000000000001ff14                softdevice_ble_evt_handler_set
 .text.SWI2_IRQHandler
                0x000000000001ff3c       0x40 _build/softdevice_handler.o
                0x000000000001ff3c                SWI2_IRQHandler
 .text.nrf_gpiote_event_is_set
                0x000000000001ff7c       0x2a _build/nrf_drv_gpiote.o
 .text.nrf_gpiote_event_clear
                0x000000000001ffa6       0x24 _build/nrf_drv_gpiote.o
 *fill*         0x000000000001ffca        0x2 
 .text.nrf_gpiote_event_addr_get
                0x000000000001ffcc       0x24 _build/nrf_drv_gpiote.o
 .text.nrf_gpiote_int_enable
                0x000000000001fff0       0x20 _build/nrf_drv_gpiote.o
 .text.nrf_gpiote_int_disable
                0x0000000000020010       0x20 _build/nrf_drv_gpiote.o
 .text.nrf_gpiote_int_is_enabled
                0x0000000000020030       0x20 _build/nrf_drv_gpiote.o
 .text.nrf_gpiote_event_enable
                0x0000000000020050       0x30 _build/nrf_drv_gpiote.o
 .text.nrf_gpiote_event_disable
                0x0000000000020080       0x34 _build/nrf_drv_gpiote.o
 .text.nrf_gpiote_event_configure
                0x00000000000200b4       0x70 _build/nrf_drv_gpiote.o
 .text.nrf_gpiote_event_pin_get
                0x0000000000020124       0x28 _build/nrf_drv_gpiote.o
 .text.nrf_gpiote_event_polarity_get
                0x000000000002014c       0x28 _build/nrf_drv_gpiote.o
 .text.nrf_gpio_cfg
                0x0000000000020174       0x60 _build/nrf_drv_gpiote.o
 .text.nrf_gpio_cfg_input
                0x00000000000201d4       0x2c _build/nrf_drv_gpiote.o
 .text.nrf_gpio_cfg_watcher
                0x0000000000020200       0x34 _build/nrf_drv_gpiote.o
 .text.nrf_gpio_cfg_sense_set
                0x0000000000020234       0x60 _build/nrf_drv_gpiote.o
 .text.nrf_gpio_pin_read
                0x0000000000020294       0x24 _build/nrf_drv_gpiote.o
 .text.nrf_gpio_pins_read
                0x00000000000202b8       0x14 _build/nrf_drv_gpiote.o
 .text.nrf_gpio_pin_sense_get
                0x00000000000202cc       0x26 _build/nrf_drv_gpiote.o
 *fill*         0x00000000000202f2        0x2 
 .text.pin_in_use_by_te
                0x00000000000202f4       0x48 _build/nrf_drv_gpiote.o
 .text.pin_in_use_by_port
                0x000000000002033c       0x30 _build/nrf_drv_gpiote.o
 .text.pin_in_use_by_gpiote
                0x000000000002036c       0x2c _build/nrf_drv_gpiote.o
 .text.pin_in_use_by_te_set
                0x0000000000020398       0x5c _build/nrf_drv_gpiote.o
 .text.pin_in_use_clear
                0x00000000000203f4       0x24 _build/nrf_drv_gpiote.o
 .text.channel_port_get
                0x0000000000020418       0x24 _build/nrf_drv_gpiote.o
 .text.channel_handler_get
                0x000000000002043c       0x1c _build/nrf_drv_gpiote.o
 .text.channel_port_alloc
                0x0000000000020458       0x84 _build/nrf_drv_gpiote.o
 .text.channel_free
                0x00000000000204dc       0x40 _build/nrf_drv_gpiote.o
 .text.nrf_drv_gpiote_init
                0x000000000002051c       0x84 _build/nrf_drv_gpiote.o
                0x000000000002051c                nrf_drv_gpiote_init
 .text.nrf_drv_gpiote_is_init
                0x00000000000205a0       0x1c _build/nrf_drv_gpiote.o
                0x00000000000205a0                nrf_drv_gpiote_is_init
 .text.nrf_drv_gpiote_in_init
                0x00000000000205bc       0xcc _build/nrf_drv_gpiote.o
                0x00000000000205bc                nrf_drv_gpiote_in_init
 .text.nrf_drv_gpiote_in_event_enable
                0x0000000000020688      0x10c _build/nrf_drv_gpiote.o
                0x0000000000020688                nrf_drv_gpiote_in_event_enable
 .text.nrf_drv_gpiote_in_event_disable
                0x0000000000020794       0x56 _build/nrf_drv_gpiote.o
                0x0000000000020794                nrf_drv_gpiote_in_event_disable
 .text.nrf_drv_gpiote_in_is_set
                0x00000000000207ea       0x20 _build/nrf_drv_gpiote.o
                0x00000000000207ea                nrf_drv_gpiote_in_is_set
 *fill*         0x000000000002080a        0x2 
 .text.GPIOTE_IRQHandler
                0x000000000002080c      0x1dc _build/nrf_drv_gpiote.o
                0x000000000002080c                GPIOTE_IRQHandler
 .text.detection_delay_timeout_handler
                0x00000000000209e8       0xe0 _build/app_button.o
 .text.gpiote_event_handler
                0x0000000000020ac8       0xa4 _build/app_button.o
 .text.app_button_init
                0x0000000000020b6c       0xf8 _build/app_button.o
                0x0000000000020b6c                app_button_init
 .text.app_button_enable
                0x0000000000020c64       0x44 _build/app_button.o
                0x0000000000020c64                app_button_enable
 .text.app_button_disable
                0x0000000000020ca8       0x50 _build/app_button.o
                0x0000000000020ca8                app_button_disable
 .text          0x0000000000020cf8       0x54 _build/gcc_startup_nrf51.o
                0x0000000000020cf8                Reset_Handler
                0x0000000000020d40                NMI_Handler
                0x0000000000020d42                HardFault_Handler
                0x0000000000020d44                SVC_Handler
                0x0000000000020d46                PendSV_Handler
                0x0000000000020d48                SysTick_Handler
                0x0000000000020d4a                TEMP_IRQHandler
                0x0000000000020d4a                QDEC_IRQHandler
                0x0000000000020d4a                SWI5_IRQHandler
                0x0000000000020d4a                TIMER0_IRQHandler
                0x0000000000020d4a                TIMER1_IRQHandler
                0x0000000000020d4a                ECB_IRQHandler
                0x0000000000020d4a                Default_Handler
                0x0000000000020d4a                ADC_IRQHandler
                0x0000000000020d4a                SWI3_IRQHandler
                0x0000000000020d4a                CCM_AAR_IRQHandler
                0x0000000000020d4a                WDT_IRQHandler
                0x0000000000020d4a                RNG_IRQHandler
                0x0000000000020d4a                SPI1_TWI1_IRQHandler
                0x0000000000020d4a                TIMER2_IRQHandler
                0x0000000000020d4a                SWI1_IRQHandler
                0x0000000000020d4a                RTC0_IRQHandler
                0x0000000000020d4a                POWER_CLOCK_IRQHandler
                0x0000000000020d4a                RADIO_IRQHandler
                0x0000000000020d4a                LPCOMP_IRQHandler
                0x0000000000020d4a                SWI4_IRQHandler
 .text.atan     0x0000000000020d4c      0x338 /usr/local/Cellar/arm-none-eabi-gcc/9-2019-q4-major/gcc/bin/../lib/gcc/arm-none-eabi/9.2.1/../../../../arm-none-eabi/lib/thumb/v6-m/nofp/libm.a(lib_a-s_atan.o)
                0x0000000000020d4c                atan
 .text.fabs     0x0000000000021084        0x8 /usr/local/Cellar/arm-none-eabi-gcc/9-2019-q4-major/gcc/bin/../lib/gcc/arm-none-eabi/9.2.1/../../../../arm-none-eabi/lib/thumb/v6-m/nofp/libm.a(lib_a-s_fabs.o)
                0x0000000000021084                fabs
 .text.exp2     0x000000000002108c       0x14 /usr/local/Cellar/arm-none-eabi-gcc/9-2019-q4-major/gcc/bin/../lib/gcc/arm-none-eabi/9.2.1/../../../../arm-none-eabi/lib/thumb/v6-m/nofp/libm.a(lib_a-w_exp2.o)
                0x000000000002108c                exp2
 .text.pow      0x00000000000210a0      0x37c /usr/local/Cellar/arm-none-eabi-gcc/9-2019-q4-major/gcc/bin/../lib/gcc/arm-none-eabi/9.2.1/../../../../arm-none-eabi/lib/thumb/v6-m/nofp/libm.a(lib_a-w_pow.o)
                0x00000000000210a0                pow
 .text.sqrt     0x000000000002141c       0xc8 /usr/local/Cellar/arm-none-eabi-gcc/9-2019-q4-major/gcc/bin/../lib/gcc/arm-none-eabi/9.2.1/../../../../arm-none-eabi/lib/thumb/v6-m/nofp/libm.a(lib_a-w_sqrt.o)
                0x000000000002141c                sqrt
 .text.__ieee754_pow
                0x00000000000214e4      0xad8 /usr/local/Cellar/arm-none-eabi-gcc/9-2019-q4-major/gcc/bin/../lib/gcc/arm-none-eabi/9.2.1/../../../../arm-none-eabi/lib/thumb/v6-m/nofp/libm.a(lib_a-e_pow.o)
                0x00000000000214e4                __ieee754_pow
 .text.__ieee754_sqrt
                0x0000000000021fbc      0x1b0 /usr/local/Cellar/arm-none-eabi-gcc/9-2019-q4-major/gcc/bin/../lib/gcc/arm-none-eabi/9.2.1/../../../../arm-none-eabi/lib/thumb/v6-m/nofp/libm.a(lib_a-e_sqrt.o)
                0x0000000000021fbc                __ieee754_sqrt
 .text.finite   0x000000000002216c       0x14 /usr/local/Cellar/arm-none-eabi-gcc/9-2019-q4-major/gcc/bin/../lib/gcc/arm-none-eabi/9.2.1/../../../../arm-none-eabi/lib/thumb/v6-m/nofp/libm.a(lib_a-s_finite.o)
                0x000000000002216c                finite
 .text.matherr  0x0000000000022180        0x4 /usr/local/Cellar/arm-none-eabi-gcc/9-2019-q4-major/gcc/bin/../lib/gcc/arm-none-eabi/9.2.1/../../../../arm-none-eabi/lib/thumb/v6-m/nofp/libm.a(lib_a-s_matherr.o)
                0x0000000000022180                matherr
 .text.nan      0x0000000000022184        0xc /usr/local/Cellar/arm-none-eabi-gcc/9-2019-q4-major/gcc/bin/../lib/gcc/arm-none-eabi/9.2.1/../../../../arm-none-eabi/lib/thumb/v6-m/nofp/libm.a(lib_a-s_nan.o)
                0x0000000000022184                nan
 .text.rint     0x0000000000022190      0x120 /usr/local/Cellar/arm-none-eabi-gcc/9-2019-q4-major/gcc/bin/../lib/gcc/arm-none-eabi/9.2.1/../../../../arm-none-eabi/lib/thumb/v6-m/nofp/libm.a(lib_a-s_rint.o)
                0x0000000000022190                rint
 .text.scalbn   0x00000000000222b0       0xf8 /usr/local/Cellar/arm-none-eabi-gcc/9-2019-q4-major/gcc/bin/../lib/gcc/arm-none-eabi/9.2.1/../../../../arm-none-eabi/lib/thumb/v6-m/nofp/libm.a(lib_a-s_scalbn.o)
                0x00000000000222b0                scalbn
 .text          0x00000000000223a8       0x14 /usr/local/Cellar/arm-none-eabi-gcc/9-2019-q4-major/gcc/bin/../lib/gcc/arm-none-eabi/9.2.1/thumb/v6-m/nofp/libgcc.a(_thumb1_case_uqi.o)
                0x00000000000223a8                __gnu_thumb1_case_uqi
 .text          0x00000000000223bc       0x14 /usr/local/Cellar/arm-none-eabi-gcc/9-2019-q4-major/gcc/bin/../lib/gcc/arm-none-eabi/9.2.1/thumb/v6-m/nofp/libgcc.a(_thumb1_case_shi.o)
                0x00000000000223bc                __gnu_thumb1_case_shi
 .text          0x00000000000223d0      0x114 /usr/local/Cellar/arm-none-eabi-gcc/9-2019-q4-major/gcc/bin/../lib/gcc/arm-none-eabi/9.2.1/thumb/v6-m/nofp/libgcc.a(_udivsi3.o)
                0x00000000000223d0                __udivsi3
                0x00000000000223d0                __aeabi_uidiv
                0x00000000000224dc                __aeabi_uidivmod
 .text          0x00000000000224e4      0x1d4 /usr/local/Cellar/arm-none-eabi-gcc/9-2019-q4-major/gcc/bin/../lib/gcc/arm-none-eabi/9.2.1/thumb/v6-m/nofp/libgcc.a(_divsi3.o)
                0x00000000000224e4                __aeabi_idiv
                0x00000000000224e4                __divsi3
                0x00000000000226b0                __aeabi_idivmod
 .text          0x00000000000226b8        0x4 /usr/local/Cellar/arm-none-eabi-gcc/9-2019-q4-major/gcc/bin/../lib/gcc/arm-none-eabi/9.2.1/thumb/v6-m/nofp/libgcc.a(_dvmd_tls.o)
                0x00000000000226b8                __aeabi_ldiv0
                0x00000000000226b8                __aeabi_idiv0
 .text          0x00000000000226bc       0x7c /usr/local/Cellar/arm-none-eabi-gcc/9-2019-q4-major/gcc/bin/../lib/gcc/arm-none-eabi/9.2.1/thumb/v6-m/nofp/libgcc.a(_arm_cmpdf2.o)
                0x00000000000226bc                __aeabi_cdrcmple
                0x00000000000226cc                __aeabi_cdcmple
                0x00000000000226cc                __aeabi_cdcmpeq
                0x00000000000226dc                __aeabi_dcmpeq
                0x00000000000226e8                __aeabi_dcmplt
                0x00000000000226fc                __aeabi_dcmple
                0x0000000000022710                __aeabi_dcmpgt
                0x0000000000022724                __aeabi_dcmpge
 .text          0x0000000000022738       0x74 /usr/local/Cellar/arm-none-eabi-gcc/9-2019-q4-major/gcc/bin/../lib/gcc/arm-none-eabi/9.2.1/thumb/v6-m/nofp/libgcc.a(_arm_cmpsf2.o)
                0x0000000000022738                __aeabi_cfrcmple
                0x0000000000022740                __aeabi_cfcmple
                0x0000000000022740                __aeabi_cfcmpeq
                0x0000000000022750                __aeabi_fcmpeq
                0x000000000002275c                __aeabi_fcmplt
                0x0000000000022770                __aeabi_fcmple
                0x0000000000022784                __aeabi_fcmpgt
                0x0000000000022798                __aeabi_fcmpge
 .text          0x00000000000227ac      0x218 /usr/local/Cellar/arm-none-eabi-gcc/9-2019-q4-major/gcc/bin/../lib/gcc/arm-none-eabi/9.2.1/thumb/v6-m/nofp/libgcc.a(divsf3.o)
                0x00000000000227ac                __aeabi_fdiv
 .text          0x00000000000229c4       0x50 /usr/local/Cellar/arm-none-eabi-gcc/9-2019-q4-major/gcc/bin/../lib/gcc/arm-none-eabi/9.2.1/thumb/v6-m/nofp/libgcc.a(eqsf2.o)
                0x00000000000229c4                __nesf2
                0x00000000000229c4                __eqsf2
 .text          0x0000000000022a14       0x98 /usr/local/Cellar/arm-none-eabi-gcc/9-2019-q4-major/gcc/bin/../lib/gcc/arm-none-eabi/9.2.1/thumb/v6-m/nofp/libgcc.a(gesf2.o)
                0x0000000000022a14                __gtsf2
                0x0000000000022a14                __gesf2
 .text          0x0000000000022aac       0x94 /usr/local/Cellar/arm-none-eabi-gcc/9-2019-q4-major/gcc/bin/../lib/gcc/arm-none-eabi/9.2.1/thumb/v6-m/nofp/libgcc.a(lesf2.o)
                0x0000000000022aac                __lesf2
                0x0000000000022aac                __ltsf2
 .text          0x0000000000022b40      0x234 /usr/local/Cellar/arm-none-eabi-gcc/9-2019-q4-major/gcc/bin/../lib/gcc/arm-none-eabi/9.2.1/thumb/v6-m/nofp/libgcc.a(mulsf3.o)
                0x0000000000022b40                __aeabi_fmul
 .text          0x0000000000022d74      0x390 /usr/local/Cellar/arm-none-eabi-gcc/9-2019-q4-major/gcc/bin/../lib/gcc/arm-none-eabi/9.2.1/thumb/v6-m/nofp/libgcc.a(subsf3.o)
                0x0000000000022d74                __aeabi_fsub
 .text          0x0000000000023104       0x8c /usr/local/Cellar/arm-none-eabi-gcc/9-2019-q4-major/gcc/bin/../lib/gcc/arm-none-eabi/9.2.1/thumb/v6-m/nofp/libgcc.a(floatsisf.o)
                0x0000000000023104                __aeabi_i2f
 .text          0x0000000000023190      0x6d4 /usr/local/Cellar/arm-none-eabi-gcc/9-2019-q4-major/gcc/bin/../lib/gcc/arm-none-eabi/9.2.1/thumb/v6-m/nofp/libgcc.a(adddf3.o)
                0x0000000000023190                __aeabi_dadd
 .text          0x0000000000023864      0x5d0 /usr/local/Cellar/arm-none-eabi-gcc/9-2019-q4-major/gcc/bin/../lib/gcc/arm-none-eabi/9.2.1/thumb/v6-m/nofp/libgcc.a(divdf3.o)
                0x0000000000023864                __aeabi_ddiv
 .text          0x0000000000023e34       0x78 /usr/local/Cellar/arm-none-eabi-gcc/9-2019-q4-major/gcc/bin/../lib/gcc/arm-none-eabi/9.2.1/thumb/v6-m/nofp/libgcc.a(eqdf2.o)
                0x0000000000023e34                __eqdf2
                0x0000000000023e34                __nedf2
 .text          0x0000000000023eac       0xe4 /usr/local/Cellar/arm-none-eabi-gcc/9-2019-q4-major/gcc/bin/../lib/gcc/arm-none-eabi/9.2.1/thumb/v6-m/nofp/libgcc.a(gedf2.o)
                0x0000000000023eac                __gtdf2
                0x0000000000023eac                __gedf2
 .text          0x0000000000023f90       0xe0 /usr/local/Cellar/arm-none-eabi-gcc/9-2019-q4-major/gcc/bin/../lib/gcc/arm-none-eabi/9.2.1/thumb/v6-m/nofp/libgcc.a(ledf2.o)
                0x0000000000023f90                __ltdf2
                0x0000000000023f90                __ledf2
 .text          0x0000000000024070      0x4d8 /usr/local/Cellar/arm-none-eabi-gcc/9-2019-q4-major/gcc/bin/../lib/gcc/arm-none-eabi/9.2.1/thumb/v6-m/nofp/libgcc.a(muldf3.o)
                0x0000000000024070                __aeabi_dmul
 .text          0x0000000000024548      0x724 /usr/local/Cellar/arm-none-eabi-gcc/9-2019-q4-major/gcc/bin/../lib/gcc/arm-none-eabi/9.2.1/thumb/v6-m/nofp/libgcc.a(subdf3.o)
                0x0000000000024548                __aeabi_dsub
 .text          0x0000000000024c6c       0x3c /usr/local/Cellar/arm-none-eabi-gcc/9-2019-q4-major/gcc/bin/../lib/gcc/arm-none-eabi/9.2.1/thumb/v6-m/nofp/libgcc.a(unorddf2.o)
                0x0000000000024c6c                __aeabi_dcmpun
 .text          0x0000000000024ca8       0x6c /usr/local/Cellar/arm-none-eabi-gcc/9-2019-q4-major/gcc/bin/../lib/gcc/arm-none-eabi/9.2.1/thumb/v6-m/nofp/libgcc.a(fixdfsi.o)
                0x0000000000024ca8                __aeabi_d2iz
 .text          0x0000000000024d14       0x60 /usr/local/Cellar/arm-none-eabi-gcc/9-2019-q4-major/gcc/bin/../lib/gcc/arm-none-eabi/9.2.1/thumb/v6-m/nofp/libgcc.a(floatsidf.o)
                0x0000000000024d14                __aeabi_i2d
 .text          0x0000000000024d74       0x4c /usr/local/Cellar/arm-none-eabi-gcc/9-2019-q4-major/gcc/bin/../lib/gcc/arm-none-eabi/9.2.1/thumb/v6-m/nofp/libgcc.a(floatunsidf.o)
                0x0000000000024d74                __aeabi_ui2d
 .text          0x0000000000024dc0       0x90 /usr/local/Cellar/arm-none-eabi-gcc/9-2019-q4-major/gcc/bin/../lib/gcc/arm-none-eabi/9.2.1/thumb/v6-m/nofp/libgcc.a(extendsfdf2.o)
                0x0000000000024dc0                __aeabi_f2d
 .text          0x0000000000024e50      0x110 /usr/local/Cellar/arm-none-eabi-gcc/9-2019-q4-major/gcc/bin/../lib/gcc/arm-none-eabi/9.2.1/thumb/v6-m/nofp/libgcc.a(truncdfsf2.o)
                0x0000000000024e50                __aeabi_d2f
 .text          0x0000000000024f60       0x3c /usr/local/Cellar/arm-none-eabi-gcc/9-2019-q4-major/gcc/bin/../lib/gcc/arm-none-eabi/9.2.1/thumb/v6-m/nofp/libgcc.a(_clzsi2.o)
                0x0000000000024f60                __clzsi2
 .text.__errno  0x0000000000024f9c        0xc /usr/local/Cellar/arm-none-eabi-gcc/9-2019-q4-major/gcc/bin/../lib/gcc/arm-none-eabi/9.2.1/../../../../arm-none-eabi/lib/thumb/v6-m/nofp/libc_nano.a(lib_a-errno.o)
                0x0000000000024f9c                __errno
 .text.printf   0x0000000000024fa8       0x34 /usr/local/Cellar/arm-none-eabi-gcc/9-2019-q4-major/gcc/bin/../lib/gcc/arm-none-eabi/9.2.1/../../../../arm-none-eabi/lib/thumb/v6-m/nofp/libc_nano.a(lib_a-printf.o)
                0x0000000000024fa8                printf
                0x0000000000024fa8                iprintf
 .text.std      0x0000000000024fdc       0x48 /usr/local/Cellar/arm-none-eabi-gcc/9-2019-q4-major/gcc/bin/../lib/gcc/arm-none-eabi/9.2.1/../../../../arm-none-eabi/lib/thumb/v6-m/nofp/libc_nano.a(lib_a-findfp.o)
 .text._cleanup_r
                0x0000000000025024       0x10 /usr/local/Cellar/arm-none-eabi-gcc/9-2019-q4-major/gcc/bin/../lib/gcc/arm-none-eabi/9.2.1/../../../../arm-none-eabi/lib/thumb/v6-m/nofp/libc_nano.a(lib_a-findfp.o)
                0x0000000000025024                _cleanup_r
 .text.__sfmoreglue
                0x0000000000025034       0x2c /usr/local/Cellar/arm-none-eabi-gcc/9-2019-q4-major/gcc/bin/../lib/gcc/arm-none-eabi/9.2.1/../../../../arm-none-eabi/lib/thumb/v6-m/nofp/libc_nano.a(lib_a-findfp.o)
                0x0000000000025034                __sfmoreglue
 .text.__sfp_lock_acquire
                0x0000000000025060       0x10 /usr/local/Cellar/arm-none-eabi-gcc/9-2019-q4-major/gcc/bin/../lib/gcc/arm-none-eabi/9.2.1/../../../../arm-none-eabi/lib/thumb/v6-m/nofp/libc_nano.a(lib_a-findfp.o)
                0x0000000000025060                __sfp_lock_acquire
 .text.__sfp_lock_release
                0x0000000000025070       0x10 /usr/local/Cellar/arm-none-eabi-gcc/9-2019-q4-major/gcc/bin/../lib/gcc/arm-none-eabi/9.2.1/../../../../arm-none-eabi/lib/thumb/v6-m/nofp/libc_nano.a(lib_a-findfp.o)
                0x0000000000025070                __sfp_lock_release
 .text.__sinit_lock_acquire
                0x0000000000025080       0x10 /usr/local/Cellar/arm-none-eabi-gcc/9-2019-q4-major/gcc/bin/../lib/gcc/arm-none-eabi/9.2.1/../../../../arm-none-eabi/lib/thumb/v6-m/nofp/libc_nano.a(lib_a-findfp.o)
                0x0000000000025080                __sinit_lock_acquire
 .text.__sinit_lock_release
                0x0000000000025090       0x10 /usr/local/Cellar/arm-none-eabi-gcc/9-2019-q4-major/gcc/bin/../lib/gcc/arm-none-eabi/9.2.1/../../../../arm-none-eabi/lib/thumb/v6-m/nofp/libc_nano.a(lib_a-findfp.o)
                0x0000000000025090                __sinit_lock_release
 .text.__sinit  0x00000000000250a0       0x70 /usr/local/Cellar/arm-none-eabi-gcc/9-2019-q4-major/gcc/bin/../lib/gcc/arm-none-eabi/9.2.1/../../../../arm-none-eabi/lib/thumb/v6-m/nofp/libc_nano.a(lib_a-findfp.o)
                0x00000000000250a0                __sinit
 .text.__sfp    0x0000000000025110       0x90 /usr/local/Cellar/arm-none-eabi-gcc/9-2019-q4-major/gcc/bin/../lib/gcc/arm-none-eabi/9.2.1/../../../../arm-none-eabi/lib/thumb/v6-m/nofp/libc_nano.a(lib_a-findfp.o)
                0x0000000000025110                __sfp
 .text._fwalk_reent
                0x00000000000251a0       0x40 /usr/local/Cellar/arm-none-eabi-gcc/9-2019-q4-major/gcc/bin/../lib/gcc/arm-none-eabi/9.2.1/../../../../arm-none-eabi/lib/thumb/v6-m/nofp/libc_nano.a(lib_a-fwalk.o)
                0x00000000000251a0                _fwalk_reent
 .text.__sfputc_r
                0x00000000000251e0       0x2a /usr/local/Cellar/arm-none-eabi-gcc/9-2019-q4-major/gcc/bin/../lib/gcc/arm-none-eabi/9.2.1/../../../../arm-none-eabi/lib/thumb/v6-m/nofp/libc_nano.a(lib_a-nano-vfprintf.o)
 .text.__sfputs_r
                0x000000000002520a       0x24 /usr/local/Cellar/arm-none-eabi-gcc/9-2019-q4-major/gcc/bin/../lib/gcc/arm-none-eabi/9.2.1/../../../../arm-none-eabi/lib/thumb/v6-m/nofp/libc_nano.a(lib_a-nano-vfprintf.o)
                0x000000000002520a                __sfputs_r
 *fill*         0x000000000002522e        0x2 
 .text._vfprintf_r
                0x0000000000025230      0x274 /usr/local/Cellar/arm-none-eabi-gcc/9-2019-q4-major/gcc/bin/../lib/gcc/arm-none-eabi/9.2.1/../../../../arm-none-eabi/lib/thumb/v6-m/nofp/libc_nano.a(lib_a-nano-vfprintf.o)
                0x0000000000025230                _vfiprintf_r
                0x0000000000025230                _vfprintf_r
 .text.__sread  0x00000000000254a4       0x28 /usr/local/Cellar/arm-none-eabi-gcc/9-2019-q4-major/gcc/bin/../lib/gcc/arm-none-eabi/9.2.1/../../../../arm-none-eabi/lib/thumb/v6-m/nofp/libc_nano.a(lib_a-stdio.o)
                0x00000000000254a4                __sread
 .text.__swrite
                0x00000000000254cc       0x38 /usr/local/Cellar/arm-none-eabi-gcc/9-2019-q4-major/gcc/bin/../lib/gcc/arm-none-eabi/9.2.1/../../../../arm-none-eabi/lib/thumb/v6-m/nofp/libc_nano.a(lib_a-stdio.o)
                0x00000000000254cc                __swrite
 .text.__sseek  0x0000000000025504       0x2c /usr/local/Cellar/arm-none-eabi-gcc/9-2019-q4-major/gcc/bin/../lib/gcc/arm-none-eabi/9.2.1/../../../../arm-none-eabi/lib/thumb/v6-m/nofp/libc_nano.a(lib_a-stdio.o)
                0x0000000000025504                __sseek
 .text.__sclose
                0x0000000000025530        0xc /usr/local/Cellar/arm-none-eabi-gcc/9-2019-q4-major/gcc/bin/../lib/gcc/arm-none-eabi/9.2.1/../../../../arm-none-eabi/lib/thumb/v6-m/nofp/libc_nano.a(lib_a-stdio.o)
                0x0000000000025530                __sclose
 .text.__swbuf_r
                0x000000000002553c       0xac /usr/local/Cellar/arm-none-eabi-gcc/9-2019-q4-major/gcc/bin/../lib/gcc/arm-none-eabi/9.2.1/../../../../arm-none-eabi/lib/thumb/v6-m/nofp/libc_nano.a(lib_a-wbuf.o)
                0x000000000002553c                __swbuf_r
 .text._write_r
                0x00000000000255e8       0x28 /usr/local/Cellar/arm-none-eabi-gcc/9-2019-q4-major/gcc/bin/../lib/gcc/arm-none-eabi/9.2.1/../../../../arm-none-eabi/lib/thumb/v6-m/nofp/libc_nano.a(lib_a-writer.o)
                0x00000000000255e8                _write_r
 .text.__swsetup_r
                0x0000000000025610       0xf0 /usr/local/Cellar/arm-none-eabi-gcc/9-2019-q4-major/gcc/bin/../lib/gcc/arm-none-eabi/9.2.1/../../../../arm-none-eabi/lib/thumb/v6-m/nofp/libc_nano.a(lib_a-wsetup.o)
                0x0000000000025610                __swsetup_r
 .text._close_r
                0x0000000000025700       0x24 /usr/local/Cellar/arm-none-eabi-gcc/9-2019-q4-major/gcc/bin/../lib/gcc/arm-none-eabi/9.2.1/../../../../arm-none-eabi/lib/thumb/v6-m/nofp/libc_nano.a(lib_a-closer.o)
                0x0000000000025700                _close_r
 .text.__sflush_r
                0x0000000000025724      0x118 /usr/local/Cellar/arm-none-eabi-gcc/9-2019-q4-major/gcc/bin/../lib/gcc/arm-none-eabi/9.2.1/../../../../arm-none-eabi/lib/thumb/v6-m/nofp/libc_nano.a(lib_a-fflush.o)
                0x0000000000025724                __sflush_r
 .text._fflush_r
                0x000000000002583c       0x80 /usr/local/Cellar/arm-none-eabi-gcc/9-2019-q4-major/gcc/bin/../lib/gcc/arm-none-eabi/9.2.1/../../../../arm-none-eabi/lib/thumb/v6-m/nofp/libc_nano.a(lib_a-fflush.o)
                0x000000000002583c                _fflush_r
 .text._lseek_r
                0x00000000000258bc       0x28 /usr/local/Cellar/arm-none-eabi-gcc/9-2019-q4-major/gcc/bin/../lib/gcc/arm-none-eabi/9.2.1/../../../../arm-none-eabi/lib/thumb/v6-m/nofp/libc_nano.a(lib_a-lseekr.o)
                0x00000000000258bc                _lseek_r
 .text.__swhatbuf_r
                0x00000000000258e4       0x50 /usr/local/Cellar/arm-none-eabi-gcc/9-2019-q4-major/gcc/bin/../lib/gcc/arm-none-eabi/9.2.1/../../../../arm-none-eabi/lib/thumb/v6-m/nofp/libc_nano.a(lib_a-makebuf.o)
                0x00000000000258e4                __swhatbuf_r
 .text.__smakebuf_r
                0x0000000000025934       0x88 /usr/local/Cellar/arm-none-eabi-gcc/9-2019-q4-major/gcc/bin/../lib/gcc/arm-none-eabi/9.2.1/../../../../arm-none-eabi/lib/thumb/v6-m/nofp/libc_nano.a(lib_a-makebuf.o)
                0x0000000000025934                __smakebuf_r
 .text._read_r  0x00000000000259bc       0x28 /usr/local/Cellar/arm-none-eabi-gcc/9-2019-q4-major/gcc/bin/../lib/gcc/arm-none-eabi/9.2.1/../../../../arm-none-eabi/lib/thumb/v6-m/nofp/libc_nano.a(lib_a-readr.o)
                0x00000000000259bc                _read_r
 .text._fstat_r
                0x00000000000259e4       0x24 /usr/local/Cellar/arm-none-eabi-gcc/9-2019-q4-major/gcc/bin/../lib/gcc/arm-none-eabi/9.2.1/../../../../arm-none-eabi/lib/thumb/v6-m/nofp/libc_nano.a(lib_a-fstatr.o)
                0x00000000000259e4                _fstat_r
 .text._isatty_r
                0x0000000000025a08       0x24 /usr/local/Cellar/arm-none-eabi-gcc/9-2019-q4-major/gcc/bin/../lib/gcc/arm-none-eabi/9.2.1/../../../../arm-none-eabi/lib/thumb/v6-m/nofp/libc_nano.a(lib_a-isattyr.o)
                0x0000000000025a08                _isatty_r
 .text._close   0x0000000000025a2c       0x10 /usr/local/Cellar/arm-none-eabi-gcc/9-2019-q4-major/gcc/bin/../lib/gcc/arm-none-eabi/9.2.1/../../../../arm-none-eabi/lib/thumb/v6-m/nofp/libnosys.a(close.o)
                0x0000000000025a2c                _close
 .text._fstat   0x0000000000025a3c       0x10 /usr/local/Cellar/arm-none-eabi-gcc/9-2019-q4-major/gcc/bin/../lib/gcc/arm-none-eabi/9.2.1/../../../../arm-none-eabi/lib/thumb/v6-m/nofp/libnosys.a(fstat.o)
                0x0000000000025a3c                _fstat
 .text._isatty  0x0000000000025a4c       0x10 /usr/local/Cellar/arm-none-eabi-gcc/9-2019-q4-major/gcc/bin/../lib/gcc/arm-none-eabi/9.2.1/../../../../arm-none-eabi/lib/thumb/v6-m/nofp/libnosys.a(isatty.o)
                0x0000000000025a4c                _isatty
 .text._lseek   0x0000000000025a5c       0x10 /usr/local/Cellar/arm-none-eabi-gcc/9-2019-q4-major/gcc/bin/../lib/gcc/arm-none-eabi/9.2.1/../../../../arm-none-eabi/lib/thumb/v6-m/nofp/libnosys.a(lseek.o)
                0x0000000000025a5c                _lseek
 *(.init)
 .init          0x0000000000025a6c        0x4 /usr/local/Cellar/arm-none-eabi-gcc/9-2019-q4-major/gcc/bin/../lib/gcc/arm-none-eabi/9.2.1/thumb/v6-m/nofp/crti.o
                0x0000000000025a6c                _init
 .init          0x0000000000025a70        0x8 /usr/local/Cellar/arm-none-eabi-gcc/9-2019-q4-major/gcc/bin/../lib/gcc/arm-none-eabi/9.2.1/thumb/v6-m/nofp/crtn.o
 *(.fini)
 .fini          0x0000000000025a78        0x4 /usr/local/Cellar/arm-none-eabi-gcc/9-2019-q4-major/gcc/bin/../lib/gcc/arm-none-eabi/9.2.1/thumb/v6-m/nofp/crti.o
                0x0000000000025a78                _fini
 .fini          0x0000000000025a7c        0x8 /usr/local/Cellar/arm-none-eabi-gcc/9-2019-q4-major/gcc/bin/../lib/gcc/arm-none-eabi/9.2.1/thumb/v6-m/nofp/crtn.o
 *crtbegin.o(.ctors)
 *crtbegin?.o(.ctors)
 *(EXCLUDE_FILE(*crtend.o *crtend?.o) .ctors)
 *(SORT_BY_NAME(.ctors.*))
 *(.ctors)
 *crtbegin.o(.dtors)
 *crtbegin?.o(.dtors)
 *(EXCLUDE_FILE(*crtend.o *crtend?.o) .dtors)
 *(SORT_BY_NAME(.dtors.*))
 *(.dtors)
 *(.rodata*)
 .rodata._global_impure_ptr
                0x0000000000025a84        0x4 /usr/local/Cellar/arm-none-eabi-gcc/9-2019-q4-major/gcc/bin/../lib/gcc/arm-none-eabi/9.2.1/../../../../arm-none-eabi/lib/thumb/v6-m/nofp/libc_nano.a(lib_a-impure.o)
                0x0000000000025a84                _global_impure_ptr
 .rodata._printf_float.str1.1
                0x0000000000025a88       0x12 /usr/local/Cellar/arm-none-eabi-gcc/9-2019-q4-major/gcc/bin/../lib/gcc/arm-none-eabi/9.2.1/../../../../arm-none-eabi/lib/thumb/v6-m/nofp/libc_nano.a(lib_a-nano-vfprintf_float.o)
 .rodata._printf_i.str1.1
                0x0000000000025a9a       0x22 /usr/local/Cellar/arm-none-eabi-gcc/9-2019-q4-major/gcc/bin/../lib/gcc/arm-none-eabi/9.2.1/../../../../arm-none-eabi/lib/thumb/v6-m/nofp/libc_nano.a(lib_a-nano-vfprintf_i.o)
 .rodata._dtoa_r.str1.1
                0x0000000000025abc        0xd /usr/local/Cellar/arm-none-eabi-gcc/9-2019-q4-major/gcc/bin/../lib/gcc/arm-none-eabi/9.2.1/../../../../arm-none-eabi/lib/thumb/v6-m/nofp/libc_nano.a(lib_a-dtoa.o)
                                          0xf (size before relaxing)
 *fill*         0x0000000000025ac9        0x7 
 .rodata.__mprec_bigtens
                0x0000000000025ad0       0x28 /usr/local/Cellar/arm-none-eabi-gcc/9-2019-q4-major/gcc/bin/../lib/gcc/arm-none-eabi/9.2.1/../../../../arm-none-eabi/lib/thumb/v6-m/nofp/libc_nano.a(lib_a-mprec.o)
                0x0000000000025ad0                __mprec_bigtens
 .rodata.__mprec_tens
                0x0000000000025af8       0xc8 /usr/local/Cellar/arm-none-eabi-gcc/9-2019-q4-major/gcc/bin/../lib/gcc/arm-none-eabi/9.2.1/../../../../arm-none-eabi/lib/thumb/v6-m/nofp/libc_nano.a(lib_a-mprec.o)
                0x0000000000025af8                __mprec_tens
 .rodata.p05.6127
                0x0000000000025bc0        0xc /usr/local/Cellar/arm-none-eabi-gcc/9-2019-q4-major/gcc/bin/../lib/gcc/arm-none-eabi/9.2.1/../../../../arm-none-eabi/lib/thumb/v6-m/nofp/libc_nano.a(lib_a-mprec.o)
 .rodata._setlocale_r.str1.1
                0x0000000000025bcc        0x8 /usr/local/Cellar/arm-none-eabi-gcc/9-2019-q4-major/gcc/bin/../lib/gcc/arm-none-eabi/9.2.1/../../../../arm-none-eabi/lib/thumb/v6-m/nofp/libc_nano.a(lib_a-locale.o)
                                          0x9 (size before relaxing)
 .rodata.str1.1
                0x0000000000025bd4        0x2 /usr/local/Cellar/arm-none-eabi-gcc/9-2019-q4-major/gcc/bin/../lib/gcc/arm-none-eabi/9.2.1/../../../../arm-none-eabi/lib/thumb/v6-m/nofp/libc_nano.a(lib_a-locale.o)
 .rodata._ctype_
                0x0000000000025bd6      0x101 /usr/local/Cellar/arm-none-eabi-gcc/9-2019-q4-major/gcc/bin/../lib/gcc/arm-none-eabi/9.2.1/../../../../arm-none-eabi/lib/thumb/v6-m/nofp/libc_nano.a(lib_a-ctype_.o)
                0x0000000000025bd6                _ctype_
 *fill*         0x0000000000025cd7        0x1 
 .rodata.i2c    0x0000000000025cd8        0x8 _build/main.o
 .rodata        0x0000000000025ce0       0x8c _build/main.o
 .rodata        0x0000000000025d6c       0x20 _build/app_uart_fifo.o
 .rodata.m_default_config
                0x0000000000025d8c       0x20 _build/nrf_drv_uart.o
 .rodata.m_default_config
                0x0000000000025dac       0x10 _build/nrf_drv_twi.o
 .rodata.m_idle
                0x0000000000025dbc       0x10 _build/nrf_drv_twi.o
 .rodata.m_tx_suspended
                0x0000000000025dcc       0x28 _build/nrf_drv_twi.o
 .rodata.m_rx_suspended
                0x0000000000025df4       0x20 _build/nrf_drv_twi.o
 .rodata.m_stopped
                0x0000000000025e14       0x18 _build/nrf_drv_twi.o
 .rodata.m_error
                0x0000000000025e2c       0x18 _build/nrf_drv_twi.o
 .rodata.m_states_len
                0x0000000000025e44       0x14 _build/nrf_drv_twi.o
 .rodata        0x0000000000025e58       0x50 _build/i2c.o
 .rodata        0x0000000000025ea8       0x7a _build/LSM303AGR.o
 *fill*         0x0000000000025f22        0x2 
 .rodata.m_conn_params_timer_id
                0x0000000000025f24        0x4 _build/ble_conn_params.o
 .rodata        0x0000000000025f28       0x10 _build/ble_lbs.o
 .rodata.m_detection_delay_timer_id
                0x0000000000025f38        0x4 _build/app_button.o
 *fill*         0x0000000000025f3c        0x4 
 .rodata.atanhi
                0x0000000000025f40       0x20 /usr/local/Cellar/arm-none-eabi-gcc/9-2019-q4-major/gcc/bin/../lib/gcc/arm-none-eabi/9.2.1/../../../../arm-none-eabi/lib/thumb/v6-m/nofp/libm.a(lib_a-s_atan.o)
 .rodata.atanlo
                0x0000000000025f60       0x20 /usr/local/Cellar/arm-none-eabi-gcc/9-2019-q4-major/gcc/bin/../lib/gcc/arm-none-eabi/9.2.1/../../../../arm-none-eabi/lib/thumb/v6-m/nofp/libm.a(lib_a-s_atan.o)
 .rodata.pow.str1.4
                0x0000000000025f80        0x4 /usr/local/Cellar/arm-none-eabi-gcc/9-2019-q4-major/gcc/bin/../lib/gcc/arm-none-eabi/9.2.1/../../../../arm-none-eabi/lib/thumb/v6-m/nofp/libm.a(lib_a-w_pow.o)
 .rodata.sqrt.str1.4
                0x0000000000025f84        0x5 /usr/local/Cellar/arm-none-eabi-gcc/9-2019-q4-major/gcc/bin/../lib/gcc/arm-none-eabi/9.2.1/../../../../arm-none-eabi/lib/thumb/v6-m/nofp/libm.a(lib_a-w_sqrt.o)
 .rodata.__ieee754_pow.str1.4
                0x0000000000025f89        0x5 /usr/local/Cellar/arm-none-eabi-gcc/9-2019-q4-major/gcc/bin/../lib/gcc/arm-none-eabi/9.2.1/../../../../arm-none-eabi/lib/thumb/v6-m/nofp/libm.a(lib_a-e_pow.o)
                                          0x1 (size before relaxing)
 *fill*         0x0000000000025f89        0x7 
 .rodata.TWO52  0x0000000000025f90       0x10 /usr/local/Cellar/arm-none-eabi-gcc/9-2019-q4-major/gcc/bin/../lib/gcc/arm-none-eabi/9.2.1/../../../../arm-none-eabi/lib/thumb/v6-m/nofp/libm.a(lib_a-s_rint.o)
 .rodata        0x0000000000025fa0       0x80 /usr/local/Cellar/arm-none-eabi-gcc/9-2019-q4-major/gcc/bin/../lib/gcc/arm-none-eabi/9.2.1/thumb/v6-m/nofp/libgcc.a(divsf3.o)
 .rodata        0x0000000000026020       0x40 /usr/local/Cellar/arm-none-eabi-gcc/9-2019-q4-major/gcc/bin/../lib/gcc/arm-none-eabi/9.2.1/thumb/v6-m/nofp/libgcc.a(mulsf3.o)
 .rodata        0x0000000000026060       0x40 /usr/local/Cellar/arm-none-eabi-gcc/9-2019-q4-major/gcc/bin/../lib/gcc/arm-none-eabi/9.2.1/thumb/v6-m/nofp/libgcc.a(divdf3.o)
 .rodata        0x00000000000260a0       0x40 /usr/local/Cellar/arm-none-eabi-gcc/9-2019-q4-major/gcc/bin/../lib/gcc/arm-none-eabi/9.2.1/thumb/v6-m/nofp/libgcc.a(muldf3.o)
 .rodata.__sf_fake_stderr
                0x00000000000260e0       0x20 /usr/local/Cellar/arm-none-eabi-gcc/9-2019-q4-major/gcc/bin/../lib/gcc/arm-none-eabi/9.2.1/../../../../arm-none-eabi/lib/thumb/v6-m/nofp/libc_nano.a(lib_a-findfp.o)
                0x00000000000260e0                __sf_fake_stderr
 .rodata.__sf_fake_stdin
                0x0000000000026100       0x20 /usr/local/Cellar/arm-none-eabi-gcc/9-2019-q4-major/gcc/bin/../lib/gcc/arm-none-eabi/9.2.1/../../../../arm-none-eabi/lib/thumb/v6-m/nofp/libc_nano.a(lib_a-findfp.o)
                0x0000000000026100                __sf_fake_stdin
 .rodata.__sf_fake_stdout
                0x0000000000026120       0x20 /usr/local/Cellar/arm-none-eabi-gcc/9-2019-q4-major/gcc/bin/../lib/gcc/arm-none-eabi/9.2.1/../../../../arm-none-eabi/lib/thumb/v6-m/nofp/libc_nano.a(lib_a-findfp.o)
                0x0000000000026120                __sf_fake_stdout
 .rodata._vfprintf_r.str1.1
                0x0000000000026140       0x11 /usr/local/Cellar/arm-none-eabi-gcc/9-2019-q4-major/gcc/bin/../lib/gcc/arm-none-eabi/9.2.1/../../../../arm-none-eabi/lib/thumb/v6-m/nofp/libc_nano.a(lib_a-nano-vfprintf.o)
 *(.eh_frame*)
 *fill*         0x0000000000026151        0x3 
 .eh_frame      0x0000000000026154        0x0 /usr/local/Cellar/arm-none-eabi-gcc/9-2019-q4-major/gcc/bin/../lib/gcc/arm-none-eabi/9.2.1/thumb/v6-m/nofp/crtbegin.o
                0x0000000000026154                . = ALIGN (0x4)

.glue_7         0x0000000000026154        0x0
 .glue_7        0x0000000000026154        0x0 linker stubs

.glue_7t        0x0000000000026154        0x0
 .glue_7t       0x0000000000026154        0x0 linker stubs

.vfp11_veneer   0x0000000000026154        0x0
 .vfp11_veneer  0x0000000000026154        0x0 linker stubs

.v4_bx          0x0000000000026154        0x0
 .v4_bx         0x0000000000026154        0x0 linker stubs

.iplt           0x0000000000026154        0x0
 .iplt          0x0000000000026154        0x0 /usr/local/Cellar/arm-none-eabi-gcc/9-2019-q4-major/gcc/bin/../lib/gcc/arm-none-eabi/9.2.1/thumb/v6-m/nofp/crtbegin.o

.ARM.extab      0x0000000000026154        0x0
 *(.ARM.extab* .gnu.linkonce.armextab.*)
                0x0000000000026154                . = ALIGN (0x4)
                0x0000000000026154                __exidx_start = .

.ARM.exidx      0x0000000000026154        0x8
 *(.ARM.exidx* .gnu.linkonce.armexidx.*)
 .ARM.exidx     0x0000000000026154        0x8 /usr/local/Cellar/arm-none-eabi-gcc/9-2019-q4-major/gcc/bin/../lib/gcc/arm-none-eabi/9.2.1/../../../../arm-none-eabi/lib/thumb/v6-m/nofp/crt0.o
 .ARM.exidx     0x000000000002615c        0x0 _build/gcc_startup_nrf51.o
                                          0x8 (size before relaxing)
                0x000000000002615c                . = ALIGN (0x4)
                0x000000000002615c                __exidx_end = .
                0x000000000002615c                __etext = .

.rel.dyn        0x000000000002615c        0x0
 .rel.iplt      0x000000000002615c        0x0 /usr/local/Cellar/arm-none-eabi-gcc/9-2019-q4-major/gcc/bin/../lib/gcc/arm-none-eabi/9.2.1/thumb/v6-m/nofp/crtbegin.o

.data           0x0000000020002000      0x1fc load address 0x000000000002615c
                0x0000000020002000                __data_start__ = .
 *(vtable)
 *(.data*)
 .data._impure_ptr
                0x0000000020002000        0x4 /usr/local/Cellar/arm-none-eabi-gcc/9-2019-q4-major/gcc/bin/../lib/gcc/arm-none-eabi/9.2.1/../../../../arm-none-eabi/lib/thumb/v6-m/nofp/libc_nano.a(lib_a-impure.o)
                0x0000000020002000                _impure_ptr
 .data.impure_data
                0x0000000020002004       0x60 /usr/local/Cellar/arm-none-eabi-gcc/9-2019-q4-major/gcc/bin/../lib/gcc/arm-none-eabi/9.2.1/../../../../arm-none-eabi/lib/thumb/v6-m/nofp/libc_nano.a(lib_a-impure.o)
 .data.__global_locale
                0x0000000020002064      0x16c /usr/local/Cellar/arm-none-eabi-gcc/9-2019-q4-major/gcc/bin/../lib/gcc/arm-none-eabi/9.2.1/../../../../arm-none-eabi/lib/thumb/v6-m/nofp/libc_nano.a(lib_a-locale.o)
                0x0000000020002064                __global_locale
 .data.m_conn_handle
                0x00000000200021d0        0x2 _build/main.o
 *fill*         0x00000000200021d2        0x2 
 .data.buttons.9138
                0x00000000200021d4        0x8 _build/main.o
 .data.mp_states
                0x00000000200021dc       0x14 _build/nrf_drv_twi.o
 .data.__fdlib_version
                0x00000000200021f0        0x1 /usr/local/Cellar/arm-none-eabi-gcc/9-2019-q4-major/gcc/bin/../lib/gcc/arm-none-eabi/9.2.1/../../../../arm-none-eabi/lib/thumb/v6-m/nofp/libm.a(lib_a-s_lib_ver.o)
                0x00000000200021f0                __fdlib_version
                0x00000000200021f4                . = ALIGN (0x4)
 *fill*         0x00000000200021f1        0x3 
                0x00000000200021f4                PROVIDE (__preinit_array_start = .)
 *(.preinit_array)
                0x00000000200021f4                PROVIDE (__preinit_array_end = .)
                0x00000000200021f4                . = ALIGN (0x4)
                0x00000000200021f4                PROVIDE (__init_array_start = .)
 *(SORT_BY_NAME(.init_array.*))
 *(.init_array)
 .init_array    0x00000000200021f4        0x4 /usr/local/Cellar/arm-none-eabi-gcc/9-2019-q4-major/gcc/bin/../lib/gcc/arm-none-eabi/9.2.1/thumb/v6-m/nofp/crtbegin.o
                0x00000000200021f8                PROVIDE (__init_array_end = .)
                0x00000000200021f8                . = ALIGN (0x4)
                [!provide]                        PROVIDE (__fini_array_start = .)
 *(SORT_BY_NAME(.fini_array.*))
 *(.fini_array)
 .fini_array    0x00000000200021f8        0x4 /usr/local/Cellar/arm-none-eabi-gcc/9-2019-q4-major/gcc/bin/../lib/gcc/arm-none-eabi/9.2.1/thumb/v6-m/nofp/crtbegin.o
                [!provide]                        PROVIDE (__fini_array_end = .)
 *(.jcr)
                0x00000000200021fc                . = ALIGN (0x4)
                0x00000000200021fc                __data_end__ = .

.igot.plt       0x00000000200021fc        0x0 load address 0x0000000000026358
 .igot.plt      0x00000000200021fc        0x0 /usr/local/Cellar/arm-none-eabi-gcc/9-2019-q4-major/gcc/bin/../lib/gcc/arm-none-eabi/9.2.1/thumb/v6-m/nofp/crtbegin.o

.bss            0x00000000200021fc      0x518 load address 0x0000000000026358
                0x00000000200021fc                . = ALIGN (0x4)
                0x00000000200021fc                __bss_start__ = .
 *(.bss*)
 .bss           0x00000000200021fc       0x1c /usr/local/Cellar/arm-none-eabi-gcc/9-2019-q4-major/gcc/bin/../lib/gcc/arm-none-eabi/9.2.1/thumb/v6-m/nofp/crtbegin.o
 .bss.__malloc_free_list
                0x0000000020002218        0x4 /usr/local/Cellar/arm-none-eabi-gcc/9-2019-q4-major/gcc/bin/../lib/gcc/arm-none-eabi/9.2.1/../../../../arm-none-eabi/lib/thumb/v6-m/nofp/libc_nano.a(lib_a-nano-mallocr.o)
                0x0000000020002218                __malloc_free_list
 .bss.__malloc_sbrk_start
                0x000000002000221c        0x4 /usr/local/Cellar/arm-none-eabi-gcc/9-2019-q4-major/gcc/bin/../lib/gcc/arm-none-eabi/9.2.1/../../../../arm-none-eabi/lib/thumb/v6-m/nofp/libc_nano.a(lib_a-nano-mallocr.o)
                0x000000002000221c                __malloc_sbrk_start
 .bss.heap_end.4144
                0x0000000020002220        0x4 /usr/local/Cellar/arm-none-eabi-gcc/9-2019-q4-major/gcc/bin/../lib/gcc/arm-none-eabi/9.2.1/../../../../arm-none-eabi/lib/thumb/v6-m/nofp/libnosys.a(sbrk.o)
 .bss.m_lbs     0x0000000020002224       0x1c _build/main.o
 .bss.APP_TIMER_BUF.9046
                0x0000000020002240      0x1c8 _build/main.o
 .bss.BLE_EVT_BUFFER.9116
                0x0000000020002408       0x48 _build/main.o
 .bss.rx_buf.9152
                0x0000000020002450        0x1 _build/main.o
 *fill*         0x0000000020002451        0x3 
 .bss.tx_buf.9153
                0x0000000020002454      0x100 _build/main.o
 .bss.m_event_handler
                0x0000000020002554        0x4 _build/app_uart_fifo.o
 .bss.tx_buffer
                0x0000000020002558        0x1 _build/app_uart_fifo.o
 .bss.tx_tmp    0x0000000020002559        0x1 _build/app_uart_fifo.o
 *fill*         0x000000002000255a        0x2 
 .bss.rx_buffer
                0x000000002000255c        0x1 _build/app_uart_fifo.o
 *fill*         0x000000002000255d        0x3 
 .bss.m_rx_fifo
                0x0000000020002560       0x10 _build/app_uart_fifo.o
 .bss.m_tx_fifo
                0x0000000020002570       0x10 _build/app_uart_fifo.o
 .bss.m_cb      0x0000000020002580       0x18 _build/nrf_drv_uart.o
 .bss.m_handlers
                0x0000000020002598        0x4 _build/nrf_drv_twi.o
 .bss.mp_contexts
                0x000000002000259c        0x4 _build/nrf_drv_twi.o
 .bss.m_cb      0x00000000200025a0       0x18 _build/nrf_drv_twi.o
 .bss.m_instances
                0x00000000200025b8        0x4 _build/nrf_drv_twi.o
 .bss.i2cInstance
                0x00000000200025bc        0x4 _build/i2c.o
 .bss.g_i2cDoRead
                0x00000000200025c0        0x1 _build/i2c.o
 .bss.g_i2cDoWrite
                0x00000000200025c1        0x1 _build/i2c.o
 .bss.g_numReadBytes
                0x00000000200025c2        0x1 _build/i2c.o
 *fill*         0x00000000200025c3        0x1 
 .bss.g_readDataPtr
                0x00000000200025c4        0x4 _build/i2c.o
 .bss.g_i2cAddress
                0x00000000200025c8        0x1 _build/i2c.o
 *fill*         0x00000000200025c9        0x3 
 .bss.writeRegData
                0x00000000200025cc        0x2 _build/LSM303AGR.o
 *fill*         0x00000000200025ce        0x2 
 .bss.LSM303calData
                0x00000000200025d0       0x28 _build/LSM303AGR.o
 .bss.m_user_array_size
                0x00000000200025f8        0x1 _build/app_timer.o
 *fill*         0x00000000200025f9        0x3 
 .bss.mp_users  0x00000000200025fc        0x4 _build/app_timer.o
 .bss.mp_timer_id_head
                0x0000000020002600        0x4 _build/app_timer.o
 .bss.m_ticks_latest
                0x0000000020002604        0x4 _build/app_timer.o
 .bss.m_ticks_elapsed
                0x0000000020002608        0x8 _build/app_timer.o
 .bss.m_ticks_elapsed_q_read_ind
                0x0000000020002610        0x1 _build/app_timer.o
 .bss.m_ticks_elapsed_q_write_ind
                0x0000000020002611        0x1 _build/app_timer.o
 *fill*         0x0000000020002612        0x2 
 .bss.m_evt_schedule_func
                0x0000000020002614        0x4 _build/app_timer.o
 .bss.m_rtc1_running
                0x0000000020002618        0x1 _build/app_timer.o
 .bss.m_rtc1_reset
                0x0000000020002619        0x1 _build/app_timer.o
 *fill*         0x000000002000261a        0x2 
 .bss.m_conn_params_config
                0x000000002000261c       0x1c _build/ble_conn_params.o
 .bss.m_preferred_conn_params
                0x0000000020002638        0x8 _build/ble_conn_params.o
 .bss.m_update_count
                0x0000000020002640        0x1 _build/ble_conn_params.o
 *fill*         0x0000000020002641        0x1 
 .bss.m_conn_handle
                0x0000000020002642        0x2 _build/ble_conn_params.o
 .bss.m_current_conn_params
                0x0000000020002644        0x8 _build/ble_conn_params.o
 .bss.m_conn_params_timer_id_data
                0x000000002000264c       0x20 _build/ble_conn_params.o
 .bss.m_change_param
                0x000000002000266c        0x1 _build/ble_conn_params.o
 *fill*         0x000000002000266d        0x3 
 .bss.m_evt_schedule_func
                0x0000000020002670        0x4 _build/softdevice_handler.o
 .bss.m_softdevice_enabled
                0x0000000020002674        0x1 _build/softdevice_handler.o
 *fill*         0x0000000020002675        0x3 
 .bss.mp_ble_evt_buffer
                0x0000000020002678        0x4 _build/softdevice_handler.o
 .bss.m_ble_evt_buffer_size
                0x000000002000267c        0x2 _build/softdevice_handler.o
 *fill*         0x000000002000267e        0x2 
 .bss.m_ble_evt_handler
                0x0000000020002680        0x4 _build/softdevice_handler.o
 .bss.m_sys_evt_handler
                0x0000000020002684        0x4 _build/softdevice_handler.o
 .bss.m_cb      0x0000000020002688       0x48 _build/nrf_drv_gpiote.o
 .bss.mp_buttons
                0x00000000200026d0        0x4 _build/app_button.o
 .bss.m_button_count
                0x00000000200026d4        0x1 _build/app_button.o
 *fill*         0x00000000200026d5        0x3 
 .bss.m_detection_delay
                0x00000000200026d8        0x4 _build/app_button.o
 .bss.m_detection_delay_timer_id_data
                0x00000000200026dc       0x20 _build/app_button.o
 .bss.m_pin_state
                0x00000000200026fc        0x4 _build/app_button.o
 .bss.m_pin_transition
                0x0000000020002700        0x4 _build/app_button.o
 *(COMMON)
 COMMON         0x0000000020002704        0x4 /usr/local/Cellar/arm-none-eabi-gcc/9-2019-q4-major/gcc/bin/../lib/gcc/arm-none-eabi/9.2.1/../../../../arm-none-eabi/lib/thumb/v6-m/nofp/libc_nano.a(lib_a-reent.o)
                0x0000000020002704                errno
 COMMON         0x0000000020002708        0x9 /usr/local/Cellar/arm-none-eabi-gcc/9-2019-q4-major/gcc/bin/../lib/gcc/arm-none-eabi/9.2.1/../../../../arm-none-eabi/lib/thumb/v6-m/nofp/libc_nano.a(lib_a-lock.o)
                0x0000000020002708                __lock___atexit_recursive_mutex
                0x0000000020002709                __lock___arc4random_mutex
                0x000000002000270a                __lock___env_recursive_mutex
                0x000000002000270b                __lock___sinit_recursive_mutex
                0x000000002000270c                __lock___malloc_recursive_mutex
                0x000000002000270d                __lock___at_quick_exit_mutex
                0x000000002000270e                __lock___dd_hash_mutex
                0x000000002000270f                __lock___tz_mutex
                0x0000000020002710                __lock___sfp_recursive_mutex
                0x0000000020002714                . = ALIGN (0x4)
 *fill*         0x0000000020002711        0x3 
                0x0000000020002714                __bss_end__ = .

.heap           0x0000000020002718      0x800
                0x0000000020002718                __end__ = .
                0x0000000020002718                end = __end__
 *(.heap*)
 .heap          0x0000000020002718      0x800 _build/gcc_startup_nrf51.o
                0x0000000020002718                __HeapBase
                0x0000000020002f18                __HeapLimit = .

.stack_dummy    0x0000000020002718      0x800
 *(.stack*)
 .stack         0x0000000020002718      0x800 _build/gcc_startup_nrf51.o
                0x0000000020004000                __StackTop = (ORIGIN (RAM) + LENGTH (RAM))
                0x0000000020003800                __StackLimit = (__StackTop - SIZEOF (.stack_dummy))
                0x0000000020004000                PROVIDE (__stack = __StackTop)
                0x0000000000000001                ASSERT ((__StackLimit >= __HeapLimit), region RAM overflowed with stack)
OUTPUT(_build/nrf51822_xxaa_s110.out elf32-littlearm)

.ARM.attributes
                0x0000000000000000       0x28
 .ARM.attributes
                0x0000000000000000       0x1e /usr/local/Cellar/arm-none-eabi-gcc/9-2019-q4-major/gcc/bin/../lib/gcc/arm-none-eabi/9.2.1/thumb/v6-m/nofp/crti.o
 .ARM.attributes
                0x000000000000001e       0x2c /usr/local/Cellar/arm-none-eabi-gcc/9-2019-q4-major/gcc/bin/../lib/gcc/arm-none-eabi/9.2.1/thumb/v6-m/nofp/crtbegin.o
 .ARM.attributes
                0x000000000000004a       0x1b /usr/local/Cellar/arm-none-eabi-gcc/9-2019-q4-major/gcc/bin/../lib/gcc/arm-none-eabi/9.2.1/../../../../arm-none-eabi/lib/thumb/v6-m/nofp/crt0.o
 .ARM.attributes
                0x0000000000000065       0x2c /usr/local/Cellar/arm-none-eabi-gcc/9-2019-q4-major/gcc/bin/../lib/gcc/arm-none-eabi/9.2.1/../../../../arm-none-eabi/lib/thumb/v6-m/nofp/libc_nano.a(lib_a-exit.o)
 .ARM.attributes
                0x0000000000000091       0x2c /usr/local/Cellar/arm-none-eabi-gcc/9-2019-q4-major/gcc/bin/../lib/gcc/arm-none-eabi/9.2.1/../../../../arm-none-eabi/lib/thumb/v6-m/nofp/libc_nano.a(lib_a-impure.o)
 .ARM.attributes
                0x00000000000000bd       0x2c /usr/local/Cellar/arm-none-eabi-gcc/9-2019-q4-major/gcc/bin/../lib/gcc/arm-none-eabi/9.2.1/../../../../arm-none-eabi/lib/thumb/v6-m/nofp/libc_nano.a(lib_a-init.o)
 .ARM.attributes
                0x00000000000000e9       0x2c /usr/local/Cellar/arm-none-eabi-gcc/9-2019-q4-major/gcc/bin/../lib/gcc/arm-none-eabi/9.2.1/../../../../arm-none-eabi/lib/thumb/v6-m/nofp/libc_nano.a(lib_a-memset.o)
 .ARM.attributes
                0x0000000000000115       0x2c /usr/local/Cellar/arm-none-eabi-gcc/9-2019-q4-major/gcc/bin/../lib/gcc/arm-none-eabi/9.2.1/../../../../arm-none-eabi/lib/thumb/v6-m/nofp/libc_nano.a(lib_a-nano-vfprintf_float.o)
 .ARM.attributes
                0x0000000000000141       0x2c /usr/local/Cellar/arm-none-eabi-gcc/9-2019-q4-major/gcc/bin/../lib/gcc/arm-none-eabi/9.2.1/../../../../arm-none-eabi/lib/thumb/v6-m/nofp/libc_nano.a(lib_a-nano-vfprintf_i.o)
 .ARM.attributes
                0x000000000000016d       0x1c /usr/local/Cellar/arm-none-eabi-gcc/9-2019-q4-major/gcc/bin/../lib/gcc/arm-none-eabi/9.2.1/../../../../arm-none-eabi/lib/thumb/v6-m/nofp/libc_nano.a(lib_a-strlen.o)
 .ARM.attributes
                0x0000000000000189       0x2c /usr/local/Cellar/arm-none-eabi-gcc/9-2019-q4-major/gcc/bin/../lib/gcc/arm-none-eabi/9.2.1/../../../../arm-none-eabi/lib/thumb/v6-m/nofp/libc_nano.a(lib_a-dtoa.o)
 .ARM.attributes
                0x00000000000001b5       0x2c /usr/local/Cellar/arm-none-eabi-gcc/9-2019-q4-major/gcc/bin/../lib/gcc/arm-none-eabi/9.2.1/../../../../arm-none-eabi/lib/thumb/v6-m/nofp/libc_nano.a(lib_a-localeconv.o)
 .ARM.attributes
                0x00000000000001e1       0x2c /usr/local/Cellar/arm-none-eabi-gcc/9-2019-q4-major/gcc/bin/../lib/gcc/arm-none-eabi/9.2.1/../../../../arm-none-eabi/lib/thumb/v6-m/nofp/libc_nano.a(lib_a-malloc.o)
 .ARM.attributes
                0x000000000000020d       0x2c /usr/local/Cellar/arm-none-eabi-gcc/9-2019-q4-major/gcc/bin/../lib/gcc/arm-none-eabi/9.2.1/../../../../arm-none-eabi/lib/thumb/v6-m/nofp/libc_nano.a(lib_a-memchr-stub.o)
 .ARM.attributes
                0x0000000000000239       0x2c /usr/local/Cellar/arm-none-eabi-gcc/9-2019-q4-major/gcc/bin/../lib/gcc/arm-none-eabi/9.2.1/../../../../arm-none-eabi/lib/thumb/v6-m/nofp/libc_nano.a(lib_a-memcpy-stub.o)
 .ARM.attributes
                0x0000000000000265       0x2c /usr/local/Cellar/arm-none-eabi-gcc/9-2019-q4-major/gcc/bin/../lib/gcc/arm-none-eabi/9.2.1/../../../../arm-none-eabi/lib/thumb/v6-m/nofp/libc_nano.a(lib_a-mprec.o)
 .ARM.attributes
                0x0000000000000291       0x2c /usr/local/Cellar/arm-none-eabi-gcc/9-2019-q4-major/gcc/bin/../lib/gcc/arm-none-eabi/9.2.1/../../../../arm-none-eabi/lib/thumb/v6-m/nofp/libc_nano.a(lib_a-nano-callocr.o)
 .ARM.attributes