Archive member included to satisfy reference by file (symbol)

/usr/local/Cellar/arm-none-eabi-gcc/9-2019-q4-major/gcc/bin/../lib/gcc/arm-none-eabi/9.2.1/../../../../arm-none-eabi/lib/thumb/v6-m/nofp/libc_nano.a(lib_a-exit.o)
                              /usr/local/Cellar/arm-none-eabi-gcc/9-2019-q4-major/gcc/bin/../lib/gcc/arm-none-eabi/9.2.1/../../../../arm-none-eabi/lib/thumb/v6-m/nofp/crt0.o (exit)
/usr/local/Cellar/arm-none-eabi-gcc/9-2019-q4-major/gcc/bin/../lib/gcc/arm-none-eabi/9.2.1/../../../../arm-none-eabi/lib/thumb/v6-m/nofp/libc_nano.a(lib_a-impure.o)
                              /usr/local/Cellar/arm-none-eabi-gcc/9-2019-q4-major/gcc/bin/../lib/gcc/arm-none-eabi/9.2.1/../../../../arm-none-eabi/lib/thumb/v6-m/nofp/libc_nano.a(lib_a-exit.o) (_global_impure_ptr)
/usr/local/Cellar/arm-none-eabi-gcc/9-2019-q4-major/gcc/bin/../lib/gcc/arm-none-eabi/9.2.1/../../../../arm-none-eabi/lib/thumb/v6-m/nofp/libc_nano.a(lib_a-init.o)
                              /usr/local/Cellar/arm-none-eabi-gcc/9-2019-q4-major/gcc/bin/../lib/gcc/arm-none-eabi/9.2.1/../../../../arm-none-eabi/lib/thumb/v6-m/nofp/crt0.o (__libc_init_array)
/usr/local/Cellar/arm-none-eabi-gcc/9-2019-q4-major/gcc/bin/../lib/gcc/arm-none-eabi/9.2.1/../../../../arm-none-eabi/lib/thumb/v6-m/nofp/libc_nano.a(lib_a-memset.o)
                              /usr/local/Cellar/arm-none-eabi-gcc/9-2019-q4-major/gcc/bin/../lib/gcc/arm-none-eabi/9.2.1/../../../../arm-none-eabi/lib/thumb/v6-m/nofp/crt0.o (memset)
/usr/local/Cellar/arm-none-eabi-gcc/9-2019-q4-major/gcc/bin/../lib/gcc/arm-none-eabi/9.2.1/../../../../arm-none-eabi/lib/thumb/v6-m/nofp/libnosys.a(_exit.o)
                              /usr/local/Cellar/arm-none-eabi-gcc/9-2019-q4-major/gcc/bin/../lib/gcc/arm-none-eabi/9.2.1/../../../../arm-none-eabi/lib/thumb/v6-m/nofp/libc_nano.a(lib_a-exit.o) (_exit)
/usr/local/Cellar/arm-none-eabi-gcc/9-2019-q4-major/gcc/bin/../lib/gcc/arm-none-eabi/9.2.1/../../../../arm-none-eabi/lib/thumb/v6-m/nofp/libc_nano.a(lib_a-printf.o)
                              _build/main.o (printf)
/usr/local/Cellar/arm-none-eabi-gcc/9-2019-q4-major/gcc/bin/../lib/gcc/arm-none-eabi/9.2.1/../../../../arm-none-eabi/lib/thumb/v6-m/nofp/libc_nano.a(lib_a-findfp.o)
                              /usr/local/Cellar/arm-none-eabi-gcc/9-2019-q4-major/gcc/bin/../lib/gcc/arm-none-eabi/9.2.1/../../../../arm-none-eabi/lib/thumb/v6-m/nofp/libc_nano.a(lib_a-printf.o) (__sinit)
/usr/local/Cellar/arm-none-eabi-gcc/9-2019-q4-major/gcc/bin/../lib/gcc/arm-none-eabi/9.2.1/../../../../arm-none-eabi/lib/thumb/v6-m/nofp/libc_nano.a(lib_a-fwalk.o)
                              /usr/local/Cellar/arm-none-eabi-gcc/9-2019-q4-major/gcc/bin/../lib/gcc/arm-none-eabi/9.2.1/../../../../arm-none-eabi/lib/thumb/v6-m/nofp/libc_nano.a(lib_a-findfp.o) (_fwalk)
/usr/local/Cellar/arm-none-eabi-gcc/9-2019-q4-major/gcc/bin/../lib/gcc/arm-none-eabi/9.2.1/../../../../arm-none-eabi/lib/thumb/v6-m/nofp/libc_nano.a(lib_a-lock.o)
                              /usr/local/Cellar/arm-none-eabi-gcc/9-2019-q4-major/gcc/bin/../lib/gcc/arm-none-eabi/9.2.1/../../../../arm-none-eabi/lib/thumb/v6-m/nofp/libc_nano.a(lib_a-findfp.o) (__retarget_lock_init_recursive)
/usr/local/Cellar/arm-none-eabi-gcc/9-2019-q4-major/gcc/bin/../lib/gcc/arm-none-eabi/9.2.1/../../../../arm-none-eabi/lib/thumb/v6-m/nofp/libc_nano.a(lib_a-nano-mallocr.o)
                              /usr/local/Cellar/arm-none-eabi-gcc/9-2019-q4-major/gcc/bin/../lib/gcc/arm-none-eabi/9.2.1/../../../../arm-none-eabi/lib/thumb/v6-m/nofp/libc_nano.a(lib_a-findfp.o) (_malloc_r)
/usr/local/Cellar/arm-none-eabi-gcc/9-2019-q4-major/gcc/bin/../lib/gcc/arm-none-eabi/9.2.1/../../../../arm-none-eabi/lib/thumb/v6-m/nofp/libc_nano.a(lib_a-nano-vfprintf.o)
                              /usr/local/Cellar/arm-none-eabi-gcc/9-2019-q4-major/gcc/bin/../lib/gcc/arm-none-eabi/9.2.1/../../../../arm-none-eabi/lib/thumb/v6-m/nofp/libc_nano.a(lib_a-printf.o) (_vfprintf_r)
/usr/local/Cellar/arm-none-eabi-gcc/9-2019-q4-major/gcc/bin/../lib/gcc/arm-none-eabi/9.2.1/../../../../arm-none-eabi/lib/thumb/v6-m/nofp/libc_nano.a(lib_a-nano-vfprintf_i.o)
                              /usr/local/Cellar/arm-none-eabi-gcc/9-2019-q4-major/gcc/bin/../lib/gcc/arm-none-eabi/9.2.1/../../../../arm-none-eabi/lib/thumb/v6-m/nofp/libc_nano.a(lib_a-nano-vfprintf.o) (_printf_i)
/usr/local/Cellar/arm-none-eabi-gcc/9-2019-q4-major/gcc/bin/../lib/gcc/arm-none-eabi/9.2.1/../../../../arm-none-eabi/lib/thumb/v6-m/nofp/libc_nano.a(lib_a-sbrkr.o)
                              /usr/local/Cellar/arm-none-eabi-gcc/9-2019-q4-major/gcc/bin/../lib/gcc/arm-none-eabi/9.2.1/../../../../arm-none-eabi/lib/thumb/v6-m/nofp/libc_nano.a(lib_a-nano-mallocr.o) (_sbrk_r)
/usr/local/Cellar/arm-none-eabi-gcc/9-2019-q4-major/gcc/bin/../lib/gcc/arm-none-eabi/9.2.1/../../../../arm-none-eabi/lib/thumb/v6-m/nofp/libc_nano.a(lib_a-stdio.o)
[...]
Memory Configuration

Name             Origin             Length             Attributes
FLASH            0x0000000000018000 0x0000000000028000 xr
RAM              0x0000000020002000 0x0000000000002000 xrw
*default*        0x0000000000000000 0xffffffffffffffff

Linker script and memory map

LOAD /usr/local/Cellar/arm-none-eabi-gcc/9-2019-q4-major/gcc/bin/../lib/gcc/arm-none-eabi/9.2.1/thumb/v6-m/nofp/crti.o
LOAD /usr/local/Cellar/arm-none-eabi-gcc/9-2019-q4-major/gcc/bin/../lib/gcc/arm-none-eabi/9.2.1/thumb/v6-m/nofp/crtbegin.o
LOAD /usr/local/Cellar/arm-none-eabi-gcc/9-2019-q4-major/gcc/bin/../lib/gcc/arm-none-eabi/9.2.1/../../../../arm-none-eabi/lib/thumb/v6-m/nofp/crt0.o
LOAD /usr/local/Cellar/arm-none-eabi-gcc/9-2019-q4-major/gcc/bin/../lib/gcc/arm-none-eabi/9.2.1/../../../../arm-none-eabi/lib/thumb/v6-m/nofp/libc_nano.a
LOAD /usr/local/Cellar/arm-none-eabi-gcc/9-2019-q4-major/gcc/bin/../lib/gcc/arm-none-eabi/9.2.1/../../../../arm-none-eabi/lib/thumb/v6-m/nofp/libnosys.a
LOAD _build/system_nrf51.o
LOAD _build/main.o
LOAD _build/nrf_delay.o
LOAD _build/app_error.o
LOAD _build/app_fifo.o
LOAD _build/app_util_platform.o
LOAD _build/nrf_assert.o
LOAD _build/retarget.o
LOAD _build/app_uart_fifo.o
LOAD _build/nrf_drv_common.o
LOAD _build/nrf_drv_uart.o
LOAD _build/gcc_startup_nrf51.o
START GROUP
LOAD /usr/local/Cellar/arm-none-eabi-gcc/9-2019-q4-major/gcc/bin/../lib/gcc/arm-none-eabi/9.2.1/thumb/v6-m/nofp/libgcc.a
LOAD /usr/local/Cellar/arm-none-eabi-gcc/9-2019-q4-major/gcc/bin/../lib/gcc/arm-none-eabi/9.2.1/../../../../arm-none-eabi/lib/thumb/v6-m/nofp/libc_nano.a
END GROUP
START GROUP
LOAD /usr/local/Cellar/arm-none-eabi-gcc/9-2019-q4-major/gcc/bin/../lib/gcc/arm-none-eabi/9.2.1/thumb/v6-m/nofp/libgcc.a
LOAD /usr/local/Cellar/arm-none-eabi-gcc/9-2019-q4-major/gcc/bin/../lib/gcc/arm-none-eabi/9.2.1/../../../../arm-none-eabi/lib/thumb/v6-m/nofp/libc_nano.a
END GROUP
LOAD /usr/local/Cellar/arm-none-eabi-gcc/9-2019-q4-major/gcc/bin/../lib/gcc/arm-none-eabi/9.2.1/thumb/v6-m/nofp/crtend.o
LOAD /usr/local/Cellar/arm-none-eabi-gcc/9-2019-q4-major/gcc/bin/../lib/gcc/arm-none-eabi/9.2.1/thumb/v6-m/nofp/crtn.o
START GROUP
LOAD /usr/local/Cellar/arm-none-eabi-gcc/9-2019-q4-major/gcc/bin/../lib/gcc/arm-none-eabi/9.2.1/thumb/v6-m/nofp/libgcc.a
LOAD /usr/local/Cellar/arm-none-eabi-gcc/9-2019-q4-major/gcc/bin/../lib/gcc/arm-none-eabi/9.2.1/../../../../arm-none-eabi/lib/thumb/v6-m/nofp/libc.a
LOAD /usr/local/Cellar/arm-none-eabi-gcc/9-2019-q4-major/gcc/bin/../lib/gcc/arm-none-eabi/9.2.1/../../../../arm-none-eabi/lib/thumb/v6-m/nofp/libnosys.a
END GROUP

.fs_data_out    0x0000000000000000        0x0
                [!provide]                        PROVIDE (__start_fs_data = .)
 *(fs_data)
                [!provide]                        PROVIDE (__stop_fs_data = .)

.text           0x0000000000018000     0x27a8
 *(.Vectors)
 .Vectors       0x0000000000018000       0xc0 _build/gcc_startup_nrf51.o
                0x0000000000018000                __Vectors
 *(.text*)
 .text          0x00000000000180c0       0x48 /usr/local/Cellar/arm-none-eabi-gcc/9-2019-q4-major/gcc/bin/../lib/gcc/arm-none-eabi/9.2.1/thumb/v6-m/nofp/crtbegin.o
 .text          0x0000000000018108       0x78 /usr/local/Cellar/arm-none-eabi-gcc/9-2019-q4-major/gcc/bin/../lib/gcc/arm-none-eabi/9.2.1/../../../../arm-none-eabi/lib/thumb/v6-m/nofp/crt0.o
                0x0000000000018108                _mainCRTStartup
                0x0000000000018108                _start
 .text.exit     0x0000000000018180       0x2c /usr/local/Cellar/arm-none-eabi-gcc/9-2019-q4-major/gcc/bin/../lib/gcc/arm-none-eabi/9.2.1/../../../../arm-none-eabi/lib/thumb/v6-m/nofp/libc_nano.a(lib_a-exit.o)
                0x0000000000018180                exit
 .text.__libc_init_array
                0x00000000000181ac       0x48 /usr/local/Cellar/arm-none-eabi-gcc/9-2019-q4-major/gcc/bin/../lib/gcc/arm-none-eabi/9.2.1/../../../../arm-none-eabi/lib/thumb/v6-m/nofp/libc_nano.a(lib_a-init.o)
                0x00000000000181ac                __libc_init_array
 .text.memset   0x00000000000181f4       0x10 /usr/local/Cellar/arm-none-eabi-gcc/9-2019-q4-major/gcc/bin/../lib/gcc/arm-none-eabi/9.2.1/../../../../arm-none-eabi/lib/thumb/v6-m/nofp/libc_nano.a(lib_a-memset.o)
                0x00000000000181f4                memset
 .text._exit    0x0000000000018204        0x4 /usr/local/Cellar/arm-none-eabi-gcc/9-2019-q4-major/gcc/bin/../lib/gcc/arm-none-eabi/9.2.1/../../../../arm-none-eabi/lib/thumb/v6-m/nofp/libnosys.a(_exit.o)
                0x0000000000018204                _exit
 .text.SystemInit
                0x0000000000018208       0x40 _build/system_nrf51.o
                0x0000000000018208                SystemInit
 .text.is_manual_peripheral_setup_needed
                0x0000000000018248       0x80 _build/system_nrf51.o
 .text.is_disabled_in_debug_needed
                0x00000000000182c8       0x4c _build/system_nrf51.o
 .text.nrf_gpio_cfg
                0x0000000000018314       0x60 _build/main.o
 .text.nrf_gpio_cfg_output
                0x0000000000018374       0x24 _build/main.o
 .text.nrf_gpio_pin_set
                0x0000000000018398       0x20 _build/main.o
 .text.nrf_gpio_pin_clear
                0x00000000000183b8       0x24 _build/main.o
 .text.uart_error_handle
                0x00000000000183dc       0x3e _build/main.o
                0x00000000000183dc                uart_error_handle
 *fill*         0x000000000001841a        0x2 
 .text.main     0x000000000001841c      0x140 _build/main.o
                0x000000000001841c                main
 .text.nrf_delay_ms
                0x000000000001855c       0x4c _build/nrf_delay.o
                0x000000000001855c                nrf_delay_ms
 .text.NVIC_SystemReset
                0x00000000000185a8       0x20 _build/app_error.o
 .text.app_error_handler
                0x00000000000185c8       0x18 _build/app_error.o
                0x00000000000185c8                app_error_handler
 .text.fifo_length
                0x00000000000185e0       0x1e _build/app_fifo.o
 .text.fifo_put
                0x00000000000185fe       0x36 _build/app_fifo.o
 .text.fifo_get
                0x0000000000018634       0x32 _build/app_fifo.o
 .text.app_fifo_init
                0x0000000000018666       0x5a _build/app_fifo.o
                0x0000000000018666                app_fifo_init
 .text.app_fifo_put
                0x00000000000186c0       0x3c _build/app_fifo.o
                0x00000000000186c0                app_fifo_put
 .text.app_fifo_get
                0x00000000000186fc       0x30 _build/app_fifo.o
                0x00000000000186fc                app_fifo_get
 .text._write   0x000000000001872c       0x38 _build/retarget.o
                0x000000000001872c                _write
 .text._read    0x0000000000018764       0x26 _build/retarget.o
                0x0000000000018764                _read
 .text.fifo_length
                0x000000000001878a       0x1e _build/app_uart_fifo.o
 .text.uart_event_handler
                0x00000000000187a8      0x104 _build/app_uart_fifo.o
 .text.app_uart_init
                0x00000000000188ac      0x11c _build/app_uart_fifo.o
                0x00000000000188ac                app_uart_init
 .text.app_uart_get
                0x00000000000189c8       0x50 _build/app_uart_fifo.o
                0x00000000000189c8                app_uart_get
 .text.app_uart_put
                0x0000000000018a18       0x4c _build/app_uart_fifo.o
                0x0000000000018a18                app_uart_put
 .text.NVIC_EnableIRQ
                0x0000000000018a64       0x2c _build/nrf_drv_common.o
 .text.NVIC_ClearPendingIRQ
                0x0000000000018a90       0x34 _build/nrf_drv_common.o
 .text.NVIC_SetPriority
                0x0000000000018ac4       0xdc _build/nrf_drv_common.o
 .text.nrf_drv_common_irq_enable
                0x0000000000018ba0       0x44 _build/nrf_drv_common.o
                0x0000000000018ba0                nrf_drv_common_irq_enable
 .text.nrf_uart_event_clear
                0x0000000000018be4       0x22 _build/nrf_drv_uart.o
 .text.nrf_uart_event_check
                0x0000000000018c06       0x26 _build/nrf_drv_uart.o
 .text.nrf_uart_int_enable
                0x0000000000018c2c       0x1c _build/nrf_drv_uart.o
 .text.nrf_uart_int_enable_check
                0x0000000000018c48       0x24 _build/nrf_drv_uart.o
 .text.nrf_uart_int_disable
                0x0000000000018c6c       0x1c _build/nrf_drv_uart.o
 .text.nrf_uart_errorsrc_get_and_clear
                0x0000000000018c88       0x26 _build/nrf_drv_uart.o
 .text.nrf_uart_enable
                0x0000000000018cae       0x1a _build/nrf_drv_uart.o
 .text.nrf_uart_txrx_pins_set
                0x0000000000018cc8       0x2c _build/nrf_drv_uart.o
 .text.nrf_uart_hwfc_pins_set
                0x0000000000018cf4       0x28 _build/nrf_drv_uart.o
 .text.nrf_uart_rxd_get
                0x0000000000018d1c       0x1a _build/nrf_drv_uart.o
 *fill*         0x0000000000018d36        0x2 
 .text.nrf_uart_txd_set
                0x0000000000018d38       0x24 _build/nrf_drv_uart.o
 .text.nrf_uart_task_trigger
                0x0000000000018d5c       0x22 _build/nrf_drv_uart.o
 *fill*         0x0000000000018d7e        0x2 
 .text.nrf_uart_configure
                0x0000000000018d80       0x38 _build/nrf_drv_uart.o
 .text.nrf_uart_baudrate_set
                0x0000000000018db8       0x20 _build/nrf_drv_uart.o
 .text.nrf_gpio_cfg
                0x0000000000018dd8       0x60 _build/nrf_drv_uart.o
 .text.nrf_gpio_cfg_output
                0x0000000000018e38       0x24 _build/nrf_drv_uart.o
 .text.nrf_gpio_cfg_input
                0x0000000000018e5c       0x2c _build/nrf_drv_uart.o
 .text.nrf_gpio_pin_set
                0x0000000000018e88       0x20 _build/nrf_drv_uart.o
 .text.apply_config
                0x0000000000018ea8       0x9c _build/nrf_drv_uart.o
 .text.interrupts_enable
                0x0000000000018f44       0x34 _build/nrf_drv_uart.o
 .text.uart_enable
                0x0000000000018f78       0x18 _build/nrf_drv_uart.o
 .text.nrf_drv_uart_init
                0x0000000000018f90       0x78 _build/nrf_drv_uart.o
                0x0000000000018f90                nrf_drv_uart_init
 .text.tx_byte  0x0000000000019008       0x54 _build/nrf_drv_uart.o
 .text.nrf_drv_uart_tx
                0x000000000001905c       0xfc _build/nrf_drv_uart.o
                0x000000000001905c                nrf_drv_uart_tx
 .text.rx_byte  0x0000000000019158       0x48 _build/nrf_drv_uart.o
 .text.rx_enable
                0x00000000000191a0       0x34 _build/nrf_drv_uart.o
 .text.nrf_drv_uart_rx
                0x00000000000191d4      0x15c _build/nrf_drv_uart.o
                0x00000000000191d4                nrf_drv_uart_rx
 .text.nrf_drv_uart_rx_enable
                0x0000000000019330       0x28 _build/nrf_drv_uart.o
                0x0000000000019330                nrf_drv_uart_rx_enable
 .text.rx_done_event
                0x0000000000019358       0x44 _build/nrf_drv_uart.o
 .text.tx_done_event
                0x000000000001939c       0x44 _build/nrf_drv_uart.o
 .text.UART0_IRQHandler
                0x00000000000193e0      0x19c _build/nrf_drv_uart.o
                0x00000000000193e0                UART0_IRQHandler
 .text          0x000000000001957c       0x54 _build/gcc_startup_nrf51.o
                0x000000000001957c                Reset_Handler
                0x00000000000195c4                NMI_Handler
                0x00000000000195c6                HardFault_Handler
                0x00000000000195c8                SVC_Handler
                0x00000000000195ca                PendSV_Handler
                0x00000000000195cc                SysTick_Handler
                0x00000000000195ce                LPCOMP_IRQHandler
                0x00000000000195ce                SWI4_IRQHandler
                0x00000000000195ce                TEMP_IRQHandler
                0x00000000000195ce                QDEC_IRQHandler
                0x00000000000195ce                SWI5_IRQHandler
                0x00000000000195ce                TIMER0_IRQHandler
                0x00000000000195ce                SWI0_IRQHandler
                0x00000000000195ce                TIMER1_IRQHandler
                0x00000000000195ce                ECB_IRQHandler
                0x00000000000195ce                Default_Handler
                0x00000000000195ce                ADC_IRQHandler
                0x00000000000195ce                SWI3_IRQHandler
                0x00000000000195ce                CCM_AAR_IRQHandler
                0x00000000000195ce                WDT_IRQHandler
                0x00000000000195ce                SWI2_IRQHandler
                0x00000000000195ce                RNG_IRQHandler
                0x00000000000195ce                SPI1_TWI1_IRQHandler
                0x00000000000195ce                RTC1_IRQHandler
                0x00000000000195ce                TIMER2_IRQHandler
                0x00000000000195ce                SWI1_IRQHandler
                0x00000000000195ce                SPI0_TWI0_IRQHandler
                0x00000000000195ce                RTC0_IRQHandler
                0x00000000000195ce                GPIOTE_IRQHandler
                0x00000000000195ce                POWER_CLOCK_IRQHandler
                0x00000000000195ce                RADIO_IRQHandler
 .text.printf   0x00000000000195d0       0x34 /usr/local/Cellar/arm-none-eabi-gcc/9-2019-q4-major/gcc/bin/../lib/gcc/arm-none-eabi/9.2.1/../../../../arm-none-eabi/lib/thumb/v6-m/nofp/libc_nano.a(lib_a-printf.o)
                0x00000000000195d0                printf
                0x00000000000195d0                iprintf
 .text.std      0x0000000000019604       0x48 /usr/local/Cellar/arm-none-eabi-gcc/9-2019-q4-major/gcc/bin/../lib/gcc/arm-none-eabi/9.2.1/../../../../arm-none-eabi/lib/thumb/v6-m/nofp/libc_nano.a(lib_a-findfp.o)
 .text._cleanup_r
                0x000000000001964c       0x10 /usr/local/Cellar/arm-none-eabi-gcc/9-2019-q4-major/gcc/bin/../lib/gcc/arm-none-eabi/9.2.1/../../../../arm-none-eabi/lib/thumb/v6-m/nofp/libc_nano.a(lib_a-findfp.o)
                0x000000000001964c                _cleanup_r
 .text.__sfmoreglue
                0x000000000001965c       0x2c /usr/local/Cellar/arm-none-eabi-gcc/9-2019-q4-major/gcc/bin/../lib/gcc/arm-none-eabi/9.2.1/../../../../arm-none-eabi/lib/thumb/v6-m/nofp/libc_nano.a(lib_a-findfp.o)
                0x000000000001965c                __sfmoreglue
 .text.__sfp_lock_acquire
                0x0000000000019688       0x10 /usr/local/Cellar/arm-none-eabi-gcc/9-2019-q4-major/gcc/bin/../lib/gcc/arm-none-eabi/9.2.1/../../../../arm-none-eabi/lib/thumb/v6-m/nofp/libc_nano.a(lib_a-findfp.o)
                0x0000000000019688                __sfp_lock_acquire
 .text.__sfp_lock_release
                0x0000000000019698       0x10 /usr/local/Cellar/arm-none-eabi-gcc/9-2019-q4-major/gcc/bin/../lib/gcc/arm-none-eabi/9.2.1/../../../../arm-none-eabi/lib/thumb/v6-m/nofp/libc_nano.a(lib_a-findfp.o)
                0x0000000000019698                __sfp_lock_release
 .text.__sinit_lock_acquire
                0x00000000000196a8       0x10 /usr/local/Cellar/arm-none-eabi-gcc/9-2019-q4-major/gcc/bin/../lib/gcc/arm-none-eabi/9.2.1/../../../../arm-none-eabi/lib/thumb/v6-m/nofp/libc_nano.a(lib_a-findfp.o)
                0x00000000000196a8                __sinit_lock_acquire
 .text.__sinit_lock_release
                0x00000000000196b8       0x10 /usr/local/Cellar/arm-none-eabi-gcc/9-2019-q4-major/gcc/bin/../lib/gcc/arm-none-eabi/9.2.1/../../../../arm-none-eabi/lib/thumb/v6-m/nofp/libc_nano.a(lib_a-findfp.o)
                0x00000000000196b8                __sinit_lock_release
 .text.__sinit  0x00000000000196c8       0x70 /usr/local/Cellar/arm-none-eabi-gcc/9-2019-q4-major/gcc/bin/../lib/gcc/arm-none-eabi/9.2.1/../../../../arm-none-eabi/lib/thumb/v6-m/nofp/libc_nano.a(lib_a-findfp.o)
                0x00000000000196c8                __sinit
 .text.__sfp    0x0000000000019738       0x90 /usr/local/Cellar/arm-none-eabi-gcc/9-2019-q4-major/gcc/bin/../lib/gcc/arm-none-eabi/9.2.1/../../../../arm-none-eabi/lib/thumb/v6-m/nofp/libc_nano.a(lib_a-findfp.o)
                0x0000000000019738                __sfp
 .text._fwalk_reent
                0x00000000000197c8       0x40 /usr/local/Cellar/arm-none-eabi-gcc/9-2019-q4-major/gcc/bin/../lib/gcc/arm-none-eabi/9.2.1/../../../../arm-none-eabi/lib/thumb/v6-m/nofp/libc_nano.a(lib_a-fwalk.o)
                0x00000000000197c8                _fwalk_reent
 .text.__retarget_lock_init_recursive
                0x0000000000019808        0x2 /usr/local/Cellar/arm-none-eabi-gcc/9-2019-q4-major/gcc/bin/../lib/gcc/arm-none-eabi/9.2.1/../../../../arm-none-eabi/lib/thumb/v6-m/nofp/libc_nano.a(lib_a-lock.o)
                0x0000000000019808                __retarget_lock_init_recursive
 .text.__retarget_lock_acquire_recursive
                0x000000000001980a        0x2 /usr/local/Cellar/arm-none-eabi-gcc/9-2019-q4-major/gcc/bin/../lib/gcc/arm-none-eabi/9.2.1/../../../../arm-none-eabi/lib/thumb/v6-m/nofp/libc_nano.a(lib_a-lock.o)
                0x000000000001980a                __retarget_lock_acquire_recursive
 .text.__retarget_lock_release_recursive
                0x000000000001980c        0x2 /usr/local/Cellar/arm-none-eabi-gcc/9-2019-q4-major/gcc/bin/../lib/gcc/arm-none-eabi/9.2.1/../../../../arm-none-eabi/lib/thumb/v6-m/nofp/libc_nano.a(lib_a-lock.o)
                0x000000000001980c                __retarget_lock_release_recursive
 *fill*         0x000000000001980e        0x2 
 .text._malloc_r
                0x0000000000019810       0xbc /usr/local/Cellar/arm-none-eabi-gcc/9-2019-q4-major/gcc/bin/../lib/gcc/arm-none-eabi/9.2.1/../../../../arm-none-eabi/lib/thumb/v6-m/nofp/libc_nano.a(lib_a-nano-mallocr.o)
                0x0000000000019810                _malloc_r
 .text.__sfputc_r
                0x00000000000198cc       0x2a /usr/local/Cellar/arm-none-eabi-gcc/9-2019-q4-major/gcc/bin/../lib/gcc/arm-none-eabi/9.2.1/../../../../arm-none-eabi/lib/thumb/v6-m/nofp/libc_nano.a(lib_a-nano-vfprintf.o)
 .text.__sfputs_r
                0x00000000000198f6       0x24 /usr/local/Cellar/arm-none-eabi-gcc/9-2019-q4-major/gcc/bin/../lib/gcc/arm-none-eabi/9.2.1/../../../../arm-none-eabi/lib/thumb/v6-m/nofp/libc_nano.a(lib_a-nano-vfprintf.o)
                0x00000000000198f6                __sfputs_r
 *fill*         0x000000000001991a        0x2 
 .text._vfprintf_r
                0x000000000001991c      0x274 /usr/local/Cellar/arm-none-eabi-gcc/9-2019-q4-major/gcc/bin/../lib/gcc/arm-none-eabi/9.2.1/../../../../arm-none-eabi/lib/thumb/v6-m/nofp/libc_nano.a(lib_a-nano-vfprintf.o)
                0x000000000001991c                _vfiprintf_r
                0x000000000001991c                _vfprintf_r
 .text._printf_common
                0x0000000000019b90       0xde /usr/local/Cellar/arm-none-eabi-gcc/9-2019-q4-major/gcc/bin/../lib/gcc/arm-none-eabi/9.2.1/../../../../arm-none-eabi/lib/thumb/v6-m/nofp/libc_nano.a(lib_a-nano-vfprintf_i.o)
                0x0000000000019b90                _printf_common
 *fill*         0x0000000000019c6e        0x2 
 .text._printf_i
                0x0000000000019c70      0x224 /usr/local/Cellar/arm-none-eabi-gcc/9-2019-q4-major/gcc/bin/../lib/gcc/arm-none-eabi/9.2.1/../../../../arm-none-eabi/lib/thumb/v6-m/nofp/libc_nano.a(lib_a-nano-vfprintf_i.o)
                0x0000000000019c70                _printf_i
 .text._sbrk_r  0x0000000000019e94       0x24 /usr/local/Cellar/arm-none-eabi-gcc/9-2019-q4-major/gcc/bin/../lib/gcc/arm-none-eabi/9.2.1/../../../../arm-none-eabi/lib/thumb/v6-m/nofp/libc_nano.a(lib_a-sbrkr.o)
                0x0000000000019e94                _sbrk_r
 .text.__sread  0x0000000000019eb8       0x28 /usr/local/Cellar/arm-none-eabi-gcc/9-2019-q4-major/gcc/bin/../lib/gcc/arm-none-eabi/9.2.1/../../../../arm-none-eabi/lib/thumb/v6-m/nofp/libc_nano.a(lib_a-stdio.o)
                0x0000000000019eb8                __sread
 .text.__swrite
                0x0000000000019ee0       0x38 /usr/local/Cellar/arm-none-eabi-gcc/9-2019-q4-major/gcc/bin/../lib/gcc/arm-none-eabi/9.2.1/../../../../arm-none-eabi/lib/thumb/v6-m/nofp/libc_nano.a(lib_a-stdio.o)
                0x0000000000019ee0                __swrite
 .text.__sseek  0x0000000000019f18       0x2c /usr/local/Cellar/arm-none-eabi-gcc/9-2019-q4-major/gcc/bin/../lib/gcc/arm-none-eabi/9.2.1/../../../../arm-none-eabi/lib/thumb/v6-m/nofp/libc_nano.a(lib_a-stdio.o)
                0x0000000000019f18                __sseek
 .text.__sclose
                0x0000000000019f44        0xc /usr/local/Cellar/arm-none-eabi-gcc/9-2019-q4-major/gcc/bin/../lib/gcc/arm-none-eabi/9.2.1/../../../../arm-none-eabi/lib/thumb/v6-m/nofp/libc_nano.a(lib_a-stdio.o)
                0x0000000000019f44                __sclose
 .text.__swbuf_r
                0x0000000000019f50       0xac /usr/local/Cellar/arm-none-eabi-gcc/9-2019-q4-major/gcc/bin/../lib/gcc/arm-none-eabi/9.2.1/../../../../arm-none-eabi/lib/thumb/v6-m/nofp/libc_nano.a(lib_a-wbuf.o)
                0x0000000000019f50                __swbuf_r
 .text._write_r
                0x0000000000019ffc       0x28 /usr/local/Cellar/arm-none-eabi-gcc/9-2019-q4-major/gcc/bin/../lib/gcc/arm-none-eabi/9.2.1/../../../../arm-none-eabi/lib/thumb/v6-m/nofp/libc_nano.a(lib_a-writer.o)
                0x0000000000019ffc                _write_r
 .text.__swsetup_r
                0x000000000001a024       0xf0 /usr/local/Cellar/arm-none-eabi-gcc/9-2019-q4-major/gcc/bin/../lib/gcc/arm-none-eabi/9.2.1/../../../../arm-none-eabi/lib/thumb/v6-m/nofp/libc_nano.a(lib_a-wsetup.o)
                0x000000000001a024                __swsetup_r
 .text._close_r
                0x000000000001a114       0x24 /usr/local/Cellar/arm-none-eabi-gcc/9-2019-q4-major/gcc/bin/../lib/gcc/arm-none-eabi/9.2.1/../../../../arm-none-eabi/lib/thumb/v6-m/nofp/libc_nano.a(lib_a-closer.o)
                0x000000000001a114                _close_r
 .text.__sflush_r
                0x000000000001a138      0x118 /usr/local/Cellar/arm-none-eabi-gcc/9-2019-q4-major/gcc/bin/../lib/gcc/arm-none-eabi/9.2.1/../../../../arm-none-eabi/lib/thumb/v6-m/nofp/libc_nano.a(lib_a-fflush.o)
                0x000000000001a138                __sflush_r
 .text._fflush_r
                0x000000000001a250       0x80 /usr/local/Cellar/arm-none-eabi-gcc/9-2019-q4-major/gcc/bin/../lib/gcc/arm-none-eabi/9.2.1/../../../../arm-none-eabi/lib/thumb/v6-m/nofp/libc_nano.a(lib_a-fflush.o)
                0x000000000001a250                _fflush_r
 .text._lseek_r
                0x000000000001a2d0       0x28 /usr/local/Cellar/arm-none-eabi-gcc/9-2019-q4-major/gcc/bin/../lib/gcc/arm-none-eabi/9.2.1/../../../../arm-none-eabi/lib/thumb/v6-m/nofp/libc_nano.a(lib_a-lseekr.o)
                0x000000000001a2d0                _lseek_r
 .text.__swhatbuf_r
                0x000000000001a2f8       0x50 /usr/local/Cellar/arm-none-eabi-gcc/9-2019-q4-major/gcc/bin/../lib/gcc/arm-none-eabi/9.2.1/../../../../arm-none-eabi/lib/thumb/v6-m/nofp/libc_nano.a(lib_a-makebuf.o)
                0x000000000001a2f8                __swhatbuf_r
 .text.__smakebuf_r
                0x000000000001a348       0x88 /usr/local/Cellar/arm-none-eabi-gcc/9-2019-q4-major/gcc/bin/../lib/gcc/arm-none-eabi/9.2.1/../../../../arm-none-eabi/lib/thumb/v6-m/nofp/libc_nano.a(lib_a-makebuf.o)
                0x000000000001a348                __smakebuf_r
 .text.memchr   0x000000000001a3d0       0x16 /usr/local/Cellar/arm-none-eabi-gcc/9-2019-q4-major/gcc/bin/../lib/gcc/arm-none-eabi/9.2.1/../../../../arm-none-eabi/lib/thumb/v6-m/nofp/libc_nano.a(lib_a-memchr-stub.o)
                0x000000000001a3d0                memchr
 *fill*         0x000000000001a3e6        0x2 
 .text.__malloc_lock
                0x000000000001a3e8       0x10 /usr/local/Cellar/arm-none-eabi-gcc/9-2019-q4-major/gcc/bin/../lib/gcc/arm-none-eabi/9.2.1/../../../../arm-none-eabi/lib/thumb/v6-m/nofp/libc_nano.a(lib_a-mlock.o)
                0x000000000001a3e8                __malloc_lock
 .text.__malloc_unlock
                0x000000000001a3f8       0x10 /usr/local/Cellar/arm-none-eabi-gcc/9-2019-q4-major/gcc/bin/../lib/gcc/arm-none-eabi/9.2.1/../../../../arm-none-eabi/lib/thumb/v6-m/nofp/libc_nano.a(lib_a-mlock.o)
                0x000000000001a3f8                __malloc_unlock
 .text._free_r  0x000000000001a408       0x94 /usr/local/Cellar/arm-none-eabi-gcc/9-2019-q4-major/gcc/bin/../lib/gcc/arm-none-eabi/9.2.1/../../../../arm-none-eabi/lib/thumb/v6-m/nofp/libc_nano.a(lib_a-nano-freer.o)
                0x000000000001a408                _free_r
 .text._read_r  0x000000000001a49c       0x28 /usr/local/Cellar/arm-none-eabi-gcc/9-2019-q4-major/gcc/bin/../lib/gcc/arm-none-eabi/9.2.1/../../../../arm-none-eabi/lib/thumb/v6-m/nofp/libc_nano.a(lib_a-readr.o)
                0x000000000001a49c                _read_r
 .text._fstat_r
                0x000000000001a4c4       0x24 /usr/local/Cellar/arm-none-eabi-gcc/9-2019-q4-major/gcc/bin/../lib/gcc/arm-none-eabi/9.2.1/../../../../arm-none-eabi/lib/thumb/v6-m/nofp/libc_nano.a(lib_a-fstatr.o)
                0x000000000001a4c4                _fstat_r
 .text._isatty_r
                0x000000000001a4e8       0x24 /usr/local/Cellar/arm-none-eabi-gcc/9-2019-q4-major/gcc/bin/../lib/gcc/arm-none-eabi/9.2.1/../../../../arm-none-eabi/lib/thumb/v6-m/nofp/libc_nano.a(lib_a-isattyr.o)
                0x000000000001a4e8                _isatty_r
 .text          0x000000000001a50c       0x14 /usr/local/Cellar/arm-none-eabi-gcc/9-2019-q4-major/gcc/bin/../lib/gcc/arm-none-eabi/9.2.1/thumb/v6-m/nofp/libgcc.a(_thumb1_case_shi.o)
                0x000000000001a50c                __gnu_thumb1_case_shi
 .text          0x000000000001a520      0x114 /usr/local/Cellar/arm-none-eabi-gcc/9-2019-q4-major/gcc/bin/../lib/gcc/arm-none-eabi/9.2.1/thumb/v6-m/nofp/libgcc.a(_udivsi3.o)
                0x000000000001a520                __udivsi3
                0x000000000001a520                __aeabi_uidiv
                0x000000000001a62c                __aeabi_uidivmod
 .text          0x000000000001a634        0x4 /usr/local/Cellar/arm-none-eabi-gcc/9-2019-q4-major/gcc/bin/../lib/gcc/arm-none-eabi/9.2.1/thumb/v6-m/nofp/libgcc.a(_dvmd_tls.o)
                0x000000000001a634                __aeabi_ldiv0
                0x000000000001a634                __aeabi_idiv0
 .text._close   0x000000000001a638       0x10 /usr/local/Cellar/arm-none-eabi-gcc/9-2019-q4-major/gcc/bin/../lib/gcc/arm-none-eabi/9.2.1/../../../../arm-none-eabi/lib/thumb/v6-m/nofp/libnosys.a(close.o)
                0x000000000001a638                _close
 .text._fstat   0x000000000001a648       0x10 /usr/local/Cellar/arm-none-eabi-gcc/9-2019-q4-major/gcc/bin/../lib/gcc/arm-none-eabi/9.2.1/../../../../arm-none-eabi/lib/thumb/v6-m/nofp/libnosys.a(fstat.o)
                0x000000000001a648                _fstat
 .text._isatty  0x000000000001a658       0x10 /usr/local/Cellar/arm-none-eabi-gcc/9-2019-q4-major/gcc/bin/../lib/gcc/arm-none-eabi/9.2.1/../../../../arm-none-eabi/lib/thumb/v6-m/nofp/libnosys.a(isatty.o)
                0x000000000001a658                _isatty
 .text._lseek   0x000000000001a668       0x10 /usr/local/Cellar/arm-none-eabi-gcc/9-2019-q4-major/gcc/bin/../lib/gcc/arm-none-eabi/9.2.1/../../../../arm-none-eabi/lib/thumb/v6-m/nofp/libnosys.a(lseek.o)
                0x000000000001a668                _lseek
 .text._sbrk    0x000000000001a678       0x1c /usr/local/Cellar/arm-none-eabi-gcc/9-2019-q4-major/gcc/bin/../lib/gcc/arm-none-eabi/9.2.1/../../../../arm-none-eabi/lib/thumb/v6-m/nofp/libnosys.a(sbrk.o)
                0x000000000001a678                _sbrk
 *(.init)
 .init          0x000000000001a694        0x4 /usr/local/Cellar/arm-none-eabi-gcc/9-2019-q4-major/gcc/bin/../lib/gcc/arm-none-eabi/9.2.1/thumb/v6-m/nofp/crti.o
                0x000000000001a694                _init
 .init          0x000000000001a698        0x8 /usr/local/Cellar/arm-none-eabi-gcc/9-2019-q4-major/gcc/bin/../lib/gcc/arm-none-eabi/9.2.1/thumb/v6-m/nofp/crtn.o
 *(.fini)
 .fini          0x000000000001a6a0        0x4 /usr/local/Cellar/arm-none-eabi-gcc/9-2019-q4-major/gcc/bin/../lib/gcc/arm-none-eabi/9.2.1/thumb/v6-m/nofp/crti.o
                0x000000000001a6a0                _fini
 .fini          0x000000000001a6a4        0x8 /usr/local/Cellar/arm-none-eabi-gcc/9-2019-q4-major/gcc/bin/../lib/gcc/arm-none-eabi/9.2.1/thumb/v6-m/nofp/crtn.o
 *crtbegin.o(.ctors)
 *crtbegin?.o(.ctors)
 *(EXCLUDE_FILE(*crtend.o *crtend?.o) .ctors)
 *(SORT_BY_NAME(.ctors.*))
 *(.ctors)
 *crtbegin.o(.dtors)
 *crtbegin?.o(.dtors)
 *(EXCLUDE_FILE(*crtend.o *crtend?.o) .dtors)
 *(SORT_BY_NAME(.dtors.*))
 *(.dtors)
 *(.rodata*)
 .rodata._global_impure_ptr
                0x000000000001a6ac        0x4 /usr/local/Cellar/arm-none-eabi-gcc/9-2019-q4-major/gcc/bin/../lib/gcc/arm-none-eabi/9.2.1/../../../../arm-none-eabi/lib/thumb/v6-m/nofp/libc_nano.a(lib_a-impure.o)
                0x000000000001a6ac                _global_impure_ptr
 .rodata        0x000000000001a6b0       0x24 _build/main.o
 .rodata        0x000000000001a6d4       0x20 _build/app_uart_fifo.o
 .rodata.m_default_config
                0x000000000001a6f4       0x20 _build/nrf_drv_uart.o
 .rodata.__sf_fake_stderr
                0x000000000001a714       0x20 /usr/local/Cellar/arm-none-eabi-gcc/9-2019-q4-major/gcc/bin/../lib/gcc/arm-none-eabi/9.2.1/../../../../arm-none-eabi/lib/thumb/v6-m/nofp/libc_nano.a(lib_a-findfp.o)
                0x000000000001a714                __sf_fake_stderr
 .rodata.__sf_fake_stdin
                0x000000000001a734       0x20 /usr/local/Cellar/arm-none-eabi-gcc/9-2019-q4-major/gcc/bin/../lib/gcc/arm-none-eabi/9.2.1/../../../../arm-none-eabi/lib/thumb/v6-m/nofp/libc_nano.a(lib_a-findfp.o)
                0x000000000001a734                __sf_fake_stdin
 .rodata.__sf_fake_stdout
                0x000000000001a754       0x20 /usr/local/Cellar/arm-none-eabi-gcc/9-2019-q4-major/gcc/bin/../lib/gcc/arm-none-eabi/9.2.1/../../../../arm-none-eabi/lib/thumb/v6-m/nofp/libc_nano.a(lib_a-findfp.o)
                0x000000000001a754                __sf_fake_stdout
 .rodata._vfprintf_r.str1.1
                0x000000000001a774       0x11 /usr/local/Cellar/arm-none-eabi-gcc/9-2019-q4-major/gcc/bin/../lib/gcc/arm-none-eabi/9.2.1/../../../../arm-none-eabi/lib/thumb/v6-m/nofp/libc_nano.a(lib_a-nano-vfprintf.o)
 .rodata._printf_i.str1.1
                0x000000000001a785       0x22 /usr/local/Cellar/arm-none-eabi-gcc/9-2019-q4-major/gcc/bin/../lib/gcc/arm-none-eabi/9.2.1/../../../../arm-none-eabi/lib/thumb/v6-m/nofp/libc_nano.a(lib_a-nano-vfprintf_i.o)
 *(.eh_frame*)
 *fill*         0x000000000001a7a7        0x1 
 .eh_frame      0x000000000001a7a8        0x0 /usr/local/Cellar/arm-none-eabi-gcc/9-2019-q4-major/gcc/bin/../lib/gcc/arm-none-eabi/9.2.1/thumb/v6-m/nofp/crtbegin.o
                0x000000000001a7a8                . = ALIGN (0x4)

.glue_7         0x000000000001a7a8        0x0
 .glue_7        0x000000000001a7a8        0x0 linker stubs

.glue_7t        0x000000000001a7a8        0x0
 .glue_7t       0x000000000001a7a8        0x0 linker stubs

.vfp11_veneer   0x000000000001a7a8        0x0
 .vfp11_veneer  0x000000000001a7a8        0x0 linker stubs

.v4_bx          0x000000000001a7a8        0x0
 .v4_bx         0x000000000001a7a8        0x0 linker stubs

.iplt           0x000000000001a7a8        0x0
 .iplt          0x000000000001a7a8        0x0 /usr/local/Cellar/arm-none-eabi-gcc/9-2019-q4-major/gcc/bin/../lib/gcc/arm-none-eabi/9.2.1/thumb/v6-m/nofp/crtbegin.o

.ARM.extab      0x000000000001a7a8        0x0
 *(.ARM.extab* .gnu.linkonce.armextab.*)
                0x000000000001a7a8                . = ALIGN (0x4)
                0x000000000001a7a8                __exidx_start = .

.ARM.exidx      0x000000000001a7a8        0x8
 *(.ARM.exidx* .gnu.linkonce.armexidx.*)
 .ARM.exidx     0x000000000001a7a8        0x8 /usr/local/Cellar/arm-none-eabi-gcc/9-2019-q4-major/gcc/bin/../lib/gcc/arm-none-eabi/9.2.1/../../../../arm-none-eabi/lib/thumb/v6-m/nofp/crt0.o
 .ARM.exidx     0x000000000001a7b0        0x0 _build/gcc_startup_nrf51.o
                                          0x8 (size before relaxing)
                0x000000000001a7b0                . = ALIGN (0x4)
                0x000000000001a7b0                __exidx_end = .
                0x000000000001a7b0                __etext = .

.rel.dyn        0x000000000001a7b0        0x0
 .rel.iplt      0x000000000001a7b0        0x0 /usr/local/Cellar/arm-none-eabi-gcc/9-2019-q4-major/gcc/bin/../lib/gcc/arm-none-eabi/9.2.1/thumb/v6-m/nofp/crtbegin.o

.data           0x0000000020002000       0x6c load address 0x000000000001a7b0
                0x0000000020002000                __data_start__ = .
 *(vtable)
 *(.data*)
 .data._impure_ptr
                0x0000000020002000        0x4 /usr/local/Cellar/arm-none-eabi-gcc/9-2019-q4-major/gcc/bin/../lib/gcc/arm-none-eabi/9.2.1/../../../../arm-none-eabi/lib/thumb/v6-m/nofp/libc_nano.a(lib_a-impure.o)
                0x0000000020002000                _impure_ptr
 .data.impure_data
                0x0000000020002004       0x60 /usr/local/Cellar/arm-none-eabi-gcc/9-2019-q4-major/gcc/bin/../lib/gcc/arm-none-eabi/9.2.1/../../../../arm-none-eabi/lib/thumb/v6-m/nofp/libc_nano.a(lib_a-impure.o)
                0x0000000020002064                . = ALIGN (0x4)
                0x0000000020002064                PROVIDE (__preinit_array_start = .)
 *(.preinit_array)
                0x0000000020002064                PROVIDE (__preinit_array_end = .)
                0x0000000020002064                . = ALIGN (0x4)
                0x0000000020002064                PROVIDE (__init_array_start = .)
 *(SORT_BY_NAME(.init_array.*))
 *(.init_array)
 .init_array    0x0000000020002064        0x4 /usr/local/Cellar/arm-none-eabi-gcc/9-2019-q4-major/gcc/bin/../lib/gcc/arm-none-eabi/9.2.1/thumb/v6-m/nofp/crtbegin.o
                0x0000000020002068                PROVIDE (__init_array_end = .)
                0x0000000020002068                . = ALIGN (0x4)
                [!provide]                        PROVIDE (__fini_array_start = .)
 *(SORT_BY_NAME(.fini_array.*))
 *(.fini_array)
 .fini_array    0x0000000020002068        0x4 /usr/local/Cellar/arm-none-eabi-gcc/9-2019-q4-major/gcc/bin/../lib/gcc/arm-none-eabi/9.2.1/thumb/v6-m/nofp/crtbegin.o
                [!provide]                        PROVIDE (__fini_array_end = .)
 *(.jcr)
                0x000000002000206c                . = ALIGN (0x4)
                0x000000002000206c                __data_end__ = .

.igot.plt       0x000000002000206c        0x0 load address 0x000000000001a81c
 .igot.plt      0x000000002000206c        0x0 /usr/local/Cellar/arm-none-eabi-gcc/9-2019-q4-major/gcc/bin/../lib/gcc/arm-none-eabi/9.2.1/thumb/v6-m/nofp/crtbegin.o

.bss            0x000000002000206c      0x180 load address 0x000000000001a81c
                0x000000002000206c                . = ALIGN (0x4)
                0x000000002000206c                __bss_start__ = .
 *(.bss*)
 .bss           0x000000002000206c       0x1c /usr/local/Cellar/arm-none-eabi-gcc/9-2019-q4-major/gcc/bin/../lib/gcc/arm-none-eabi/9.2.1/thumb/v6-m/nofp/crtbegin.o
 .bss.rx_buf.6334
                0x0000000020002088        0x1 _build/main.o
 *fill*         0x0000000020002089        0x3 
 .bss.tx_buf.6335
                0x000000002000208c      0x100 _build/main.o
 .bss.m_event_handler
                0x000000002000218c        0x4 _build/app_uart_fifo.o
 .bss.tx_buffer
                0x0000000020002190        0x1 _build/app_uart_fifo.o
 .bss.tx_tmp    0x0000000020002191        0x1 _build/app_uart_fifo.o
 *fill*         0x0000000020002192        0x2 
 .bss.rx_buffer
                0x0000000020002194        0x1 _build/app_uart_fifo.o
 *fill*         0x0000000020002195        0x3 
 .bss.m_rx_fifo
                0x0000000020002198       0x10 _build/app_uart_fifo.o
 .bss.m_tx_fifo
                0x00000000200021a8       0x10 _build/app_uart_fifo.o
 .bss.m_cb      0x00000000200021b8       0x18 _build/nrf_drv_uart.o
 .bss.__malloc_free_list
                0x00000000200021d0        0x4 /usr/local/Cellar/arm-none-eabi-gcc/9-2019-q4-major/gcc/bin/../lib/gcc/arm-none-eabi/9.2.1/../../../../arm-none-eabi/lib/thumb/v6-m/nofp/libc_nano.a(lib_a-nano-mallocr.o)
                0x00000000200021d0                __malloc_free_list
 .bss.__malloc_sbrk_start
                0x00000000200021d4        0x4 /usr/local/Cellar/arm-none-eabi-gcc/9-2019-q4-major/gcc/bin/../lib/gcc/arm-none-eabi/9.2.1/../../../../arm-none-eabi/lib/thumb/v6-m/nofp/libc_nano.a(lib_a-nano-mallocr.o)
                0x00000000200021d4                __malloc_sbrk_start
 .bss.heap_end.4144
                0x00000000200021d8        0x4 /usr/local/Cellar/arm-none-eabi-gcc/9-2019-q4-major/gcc/bin/../lib/gcc/arm-none-eabi/9.2.1/../../../../arm-none-eabi/lib/thumb/v6-m/nofp/libnosys.a(sbrk.o)
 *(COMMON)
 COMMON         0x00000000200021dc        0x9 /usr/local/Cellar/arm-none-eabi-gcc/9-2019-q4-major/gcc/bin/../lib/gcc/arm-none-eabi/9.2.1/../../../../arm-none-eabi/lib/thumb/v6-m/nofp/libc_nano.a(lib_a-lock.o)
                0x00000000200021dc                __lock___atexit_recursive_mutex
                0x00000000200021dd                __lock___arc4random_mutex
                0x00000000200021de                __lock___env_recursive_mutex
                0x00000000200021df                __lock___sinit_recursive_mutex
                0x00000000200021e0                __lock___malloc_recursive_mutex
                0x00000000200021e1                __lock___at_quick_exit_mutex
                0x00000000200021e2                __lock___dd_hash_mutex
                0x00000000200021e3                __lock___tz_mutex
                0x00000000200021e4                __lock___sfp_recursive_mutex
 *fill*         0x00000000200021e5        0x3 
 COMMON         0x00000000200021e8        0x4 /usr/local/Cellar/arm-none-eabi-gcc/9-2019-q4-major/gcc/bin/../lib/gcc/arm-none-eabi/9.2.1/../../../../arm-none-eabi/lib/thumb/v6-m/nofp/libc_nano.a(lib_a-reent.o)
                0x00000000200021e8                errno
                0x00000000200021ec                . = ALIGN (0x4)
                0x00000000200021ec                __bss_end__ = .

.heap           0x00000000200021f0      0x800
                0x00000000200021f0                __end__ = .
                0x00000000200021f0                end = __end__
 *(.heap*)
 .heap          0x00000000200021f0      0x800 _build/gcc_startup_nrf51.o
                0x00000000200021f0                __HeapBase
                0x00000000200029f0                __HeapLimit = .

.stack_dummy    0x00000000200021f0      0x800
 *(.stack*)
 .stack         0x00000000200021f0      0x800 _build/gcc_startup_nrf51.o
                0x0000000020004000                __StackTop = (ORIGIN (RAM) + LENGTH (RAM))
                0x0000000020003800                __StackLimit = (__StackTop - SIZEOF (.stack_dummy))
                0x0000000020004000                PROVIDE (__stack = __StackTop)
                0x0000000000000001                ASSERT ((__StackLimit >= __HeapLimit), region RAM overflowed with stack)
OUTPUT(_build/nrf51822_xxaa_s110.out elf32-littlearm)

.ARM.attributes
                0x0000000000000000       0x28
 .ARM.attributes
                0x0000000000000000       0x1e /usr/local/Cellar/arm-none-eabi-gcc/9-2019-q4-major/gcc/bin/../lib/gcc/arm-none-eabi/9.2.1/thumb/v6-m/nofp/crti.o
 .ARM.attributes
                0x000000000000001e       0x2c /usr/local/Cellar/arm-none-eabi-gcc/9-2019-q4-major/gcc/bin/../lib/gcc/arm-none-eabi/9.2.1/thumb/v6-m/nofp/crtbegin.o
 .ARM.attributes
                0x000000000000004a       0x1b /usr/local/Cellar/arm-none-eabi-gcc/9-2019-q4-major/gcc/bin/../lib/gcc/arm-none-eabi/9.2.1/../../../../arm-none-eabi/lib/thumb/v6-m/nofp/crt0.o
 .ARM.attributes
                0x0000000000000065       0x2c /usr/local/Cellar/arm-none-eabi-gcc/9-2019-q4-major/gcc/bin/../lib/gcc/arm-none-eabi/9.2.1/../../../../arm-none-eabi/lib/thumb/v6-m/nofp/libc_nano.a(lib_a-exit.o)
 .ARM.attributes
                0x0000000000000091       0x2c /usr/local/Cellar/arm-none-eabi-gcc/9-2019-q4-major/gcc/bin/../lib/gcc/arm-none-eabi/9.2.1/../../../../arm-none-eabi/lib/thumb/v6-m/nofp/libc_nano.a(lib_a-impure.o)
 .ARM.attributes
                0x00000000000000bd       0x2c /usr/local/Cellar/arm-none-eabi-gcc/9-2019-q4-major/gcc/bin/../lib/gcc/arm-none-eabi/9.2.1/../../../../arm-none-eabi/lib/thumb/v6-m/nofp/libc_nano.a(lib_a-init.o)
 .ARM.attributes
                0x00000000000000e9       0x2c /usr/local/Cellar/arm-none-eabi-gcc/9-2019-q4-major/gcc/bin/../lib/gcc/arm-none-eabi/9.2.1/../../../../arm-none-eabi/lib/thumb/v6-m/nofp/libc_nano.a(lib_a-memset.o)
 .ARM.attributes
                0x0000000000000115       0x2c /usr/local/Cellar/arm-none-eabi-gcc/9-2019-q4-major/gcc/bin/../lib/gcc/arm-none-eabi/9.2.1/../../../../arm-none-eabi/lib/thumb/v6-m/nofp/libnosys.a(_exit.o)
 .ARM.attributes
                0x0000000000000141       0x2c _build/system_nrf51.o
 .ARM.attributes
                0x000000000000016d       0x2c _build/main.o
 .ARM.attributes
                0x0000000000000199       0x2c _build/nrf_delay.o
 .ARM.attributes
                0x00000000000001c5       0x2c _build/app_error.o
 .ARM.attributes
                0x00000000000001f1       0x2c _build/app_fifo.o
 .ARM.attributes
                0x000000000000021d       0x2c _build/retarget.o
 .ARM.attributes
                0x0000000000000249       0x2c _build/app_uart_fifo.o
 .ARM.attributes
                0x0000000000000275       0x2c _build/nrf_drv_common.o
 .ARM.attributes
                0x00000000000002a1       0x2c _build/nrf_drv_uart.o
 .ARM.attributes
                0x00000000000002cd       0x1b _build/gcc_startup_nrf51.o
 .ARM.attributes
                0x00000000000002e8       0x2c /usr/local/Cellar/arm-none-eabi-gcc/9-2019-q4-major/gcc/bin/../lib/gcc/arm-none-eabi/9.2.1/../../../../arm-none-eabi/lib/thumb/v6-m/nofp/libc_nano.a(lib_a-printf.o)
 .ARM.attributes
                0x0000000000000314       0x2c /usr/local/Cellar/arm-none-eabi-gcc/9-2019-q4-major/gcc/bin/../lib/gcc/arm-none-eabi/9.2.1/../../../../arm-none-eabi/lib/thumb/v6-m/nofp/libc_nano.a(lib_a-findfp.o)
 .ARM.attributes
                0x0000000000000340       0x2c /usr/local/Cellar/arm-none-eabi-gcc/9-2019-q4-major/gcc/bin/../lib/gcc/arm-none-eabi/9.2.1/../../../../arm-none-eabi/lib/thumb/v6-m/nofp/libc_nano.a(lib_a-fwalk.o)
 .ARM.attributes
                0x000000000000036c       0x2c /usr/local/Cellar/arm-none-eabi-gcc/9-2019-q4-major/gcc/bin/../lib/gcc/arm-none-eabi/9.2.1/../../../../arm-none-eabi/lib/thumb/v6-m/nofp/libc_nano.a(lib_a-lock.o)
 .ARM.attributes
                0x0000000000000398       0x2c /usr/local/Cellar/arm-none-eabi-gcc/9-2019-q4-major/gcc/bin/../lib/gcc/arm-none-eabi/9.2.1/../../../../arm-none-eabi/lib/thumb/v6-m/nofp/libc_nano.a(lib_a-nano-mallocr.o)
 .ARM.attributes
                0x00000000000003c4       0x2c /usr/local/Cellar/arm-none-eabi-gcc/9-2019-q4-major/gcc/bin/../lib/gcc/arm-none-eabi/9.2.1/../../../../arm-none-eabi/lib/thumb/v6-m/nofp/libc_nano.a(lib_a-nano-vfprintf.o)
 .ARM.attributes
                0x00000000000003f0       0x2c /usr/local/Cellar/arm-none-eabi-gcc/9-2019-q4-major/gcc/bin/../lib/gcc/arm-none-eabi/9.2.1/../../../../arm-none-eabi/lib/thumb/v6-m/nofp/libc_nano.a(lib_a-nano-vfprintf_i.o)
 .ARM.attributes
                0x000000000000041c       0x2c /usr/local/Cellar/arm-none-eabi-gcc/9-2019-q4-major/gcc/bin/../lib/gcc/arm-none-eabi/9.2.1/../../../../arm-none-eabi/lib/thumb/v6-m/nofp/libc_nano.a(lib_a-sbrkr.o)
 .ARM.attributes
                0x0000000000000448       0x2c /usr/local/Cellar/arm-none-eabi-gcc/9-2019-q4-major/gcc/bin/../lib/gcc/arm-none-eabi/9.2.1/../../../../arm-none-eabi/lib/thumb/v6-m/nofp/libc_nano.a(lib_a-stdio.o)
 .ARM.attributes
                0x0000000000000474       0x2c /usr/local/Cellar/arm-none-eabi-gcc/9-2019-q4-major/gcc/bin/../lib/gcc/arm-none-eabi/9.2.1/../../../../arm-none-eabi/lib/thumb/v6-m/nofp/libc_nano.a(lib_a-wbuf.o)
 .ARM.attributes
                0x00000000000004a0       0x2c /usr/local/Cellar/arm-none-eabi-gcc/9-2019-q4-major/gcc/bin/../lib/gcc/arm-none-eabi/9.2.1/../../../../arm-none-eabi/lib/thumb/v6-m/nofp/libc_nano.a(lib_a-writer.o)
 .ARM.attributes
                0x00000000000004cc       0x2c /usr/local/Cellar/arm-none-eabi-gcc/9-2019-q4-major/gcc/bin/../lib/gcc/arm-none-eabi/9.2.1/../../../../arm-none-eabi/lib/thumb/v6-m/nofp/libc_nano.a(lib_a-wsetup.o)
 .ARM.attributes
                0x00000000000004f8       0x2c /usr/local/Cellar/arm-none-eabi-gcc/9-2019-q4-major/gcc/bin/../lib/gcc/arm-none-eabi/9.2.1/../../../../arm-none-eabi/lib/thumb/v6-m/nofp/libc_nano.a(lib_a-closer.o)
 .ARM.attributes
                0x0000000000000524       0x2c /usr/local/Cellar/arm-none-eabi-gcc/9-2019-q4-major/gcc/bin/../lib/gcc/arm-none-eabi/9.2.1/../../../../arm-none-eabi/lib/thumb/v6-m/nofp/libc_nano.a(lib_a-fflush.o)
 .ARM.attributes
                0x0000000000000550       0x2c /usr/local/Cellar/arm-none-eabi-gcc/9-2019-q4-major/gcc/bin/../lib/gcc/arm-none-eabi/9.2.1/../../../../arm-none-eabi/lib/thumb/v6-m/nofp/libc_nano.a(lib_a-lseekr.o)
 .ARM.attributes
                0x000000000000057c       0x2c /usr/local/Cellar/arm-none-eabi-gcc/9-2019-q4-major/gcc/bin/../lib/gcc/arm-none-eabi/9.2.1/../../../../arm-none-eabi/lib/thumb/v6-m/nofp/libc_nano.a(lib_a-makebuf.o)
 .ARM.attributes
                0x00000000000005a8       0x2c /usr/local/Cellar/arm-none-eabi-gcc/9-2019-q4-major/gcc/bin/../lib/gcc/arm-none-eabi/9.2.1/../../../../arm-none-eabi/lib/thumb/v6-m/nofp/libc_nano.a(lib_a-memchr-stub.o)
 .ARM.attributes
                0x00000000000005d4       0x2c /usr/local/Cellar/arm-none-eabi-gcc/9-2019-q4-major/gcc/bin/../lib/gcc/arm-none-eabi/9.2.1/../../../../arm-none-eabi/lib/thumb/v6-m/nofp/libc_nano.a(lib_a-mlock.o)
 .ARM.attributes
                0x0000000000000600       0x2c /usr/local/Cellar/arm-none-eabi-gcc/9-2019-q4-major/gcc/bin/../lib/gcc/arm-none-eabi/9.2.1/../../../../arm-none-eabi/lib/thumb/v6-m/nofp/libc_nano.a(lib_a-nano-freer.o)
 .ARM.attributes
                0x000000000000062c       0x2c /usr/local/Cellar/arm-none-eabi-gcc/9-2019-q4-major/gcc/bin/../lib/gcc/arm-none-eabi/9.2.1/../../../../arm-none-eabi/lib/thumb/v6-m/nofp/libc_nano.a(lib_a-readr.o)
 .ARM.attributes
                0x0000000000000658       0x2c /usr/local/Cellar/arm-none-eabi-gcc/9-2019-q4-major/gcc/bin/../lib/gcc/arm-none-eabi/9.2.1/../../../../arm-none-eabi/lib/thumb/v6-m/nofp/libc_nano.a(lib_a-reent.o)
 .ARM.attributes
                0x0000000000000684       0x2c /usr/local/Cellar/arm-none-eabi-gcc/9-2019-q4-major/gcc/bin/../lib/gcc/arm-none-eabi/9.2.1/../../../../arm-none-eabi/lib/thumb/v6-m/nofp/libc_nano.a(lib_a-fstatr.o)
 .ARM.attributes
                0x00000000000006b0       0x2c /usr/local/Cellar/arm-none-eabi-gcc/9-2019-q4-major/gcc/bin/../lib/gcc/arm-none-eabi/9.2.1/../../../../arm-none-eabi/lib/thumb/v6-m/nofp/libc_nano.a(lib_a-isattyr.o)
 .ARM.attributes
                0x00000000000006dc       0x1e /usr/local/Cellar/arm-none-eabi-gcc/9-2019-q4-major/gcc/bin/../lib/gcc/arm-none-eabi/9.2.1/thumb/v6-m/nofp/libgcc.a(_thumb1_case_shi.o)
 .ARM.attributes
                0x00000000000006fa       0x1e /usr/local/Cellar/arm-none-eabi-gcc/9-2019-q4-major/gcc/bin/../lib/gcc/arm-none-eabi/9.2.1/thumb/v6-m/nofp/libgcc.a(_udivsi3.o)
 .ARM.attributes
                0x0000000000000718       0x1e /usr/local/Cellar/arm-none-eabi-gcc/9-2019-q4-major/gcc/bin/../lib/gcc/arm-none-eabi/9.2.1/thumb/v6-m/nofp/libgcc.a(_dvmd_tls.o)
 .ARM.attributes
                0x0000000000000736       0x1e /usr/local/Cellar/arm-none-eabi-gcc/9-2019-q4-major/gcc/bin/../lib/gcc/arm-none-eabi/9.2.1/thumb/v6-m/nofp/crtn.o
 .ARM.attributes
                0x0000000000000754       0x2c /usr/local/Cellar/arm-none-eabi-gcc/9-2019-q4-major/gcc/bin/../lib/gcc/arm-none-eabi/9.2.1/../../../../arm-none-eabi/lib/thumb/v6-m/nofp/libnosys.a(close.o)
 .ARM.attributes
                0x0000000000000780       0x2c /usr/local/Cellar/arm-none-eabi-gcc/9-2019-q4-major/gcc/bin/../lib/gcc/arm-none-eabi/9.2.1/../../../../arm-none-eabi/lib/thumb/v6-m/nofp/libnosys.a(fstat.o)
 .ARM.attributes
                0x00000000000007ac       0x2c /usr/local/Cellar/arm-none-eabi-gcc/9-2019-q4-major/gcc/bin/../lib/gcc/arm-none-eabi/9.2.1/../../../../arm-none-eabi/lib/thumb/v6-m/nofp/libnosys.a(isatty.o)
 .ARM.attributes
                0x00000000000007d8       0x2c /usr/local/Cellar/arm-none-eabi-gcc/9-2019-q4-major/gcc/bin/../lib/gcc/arm-none-eabi/9.2.1/../../../../arm-none-eabi/lib/thumb/v6-m/nofp/libnosys.a(lseek.o)
 .ARM.attributes
                0x0000000000000804       0x2c /usr/local/Cellar/arm-none-eabi-gcc/9-2019-q4-major/gcc/bin/../lib/gcc/arm-none-eabi/9.2.1/../../../../arm-none-eabi/lib/thumb/v6-m/nofp/libnosys.a(sbrk.o)

.comment        0x0000000000000000       0x79
 .comment       0x0000000000000000       0x79 _build/system_nrf51.o
                                         0x7a (size before relaxing)
 .comment       0x0000000000000079       0x7a _build/main.o
 .comment       0x0000000000000079       0x7a _build/nrf_delay.o
 .comment       0x0000000000000079       0x7a _build/app_error.o
 .comment       0x0000000000000079       0x7a _build/app_fifo.o
 .comment       0x0000000000000079       0x7a _build/retarget.o
 .comment       0x0000000000000079       0x7a _build/app_uart_fifo.o
 .comment       0x0000000000000079       0x7a _build/nrf_drv_common.o
 .comment       0x0000000000000079       0x7a _build/nrf_drv_uart.o

.debug_frame    0x0000000000000000     0x23d4
 .debug_frame   0x0000000000000000       0x28 /usr/local/Cellar/arm-none-eabi-gcc/9-2019-q4-major/gcc/bin/../lib/gcc/arm-none-eabi/9.2.1/../../../../arm-none-eabi/lib/thumb/v6-m/nofp/libc_nano.a(lib_a-exit.o)
 .debug_frame   0x0000000000000028       0x2c /usr/local/Cellar/arm-none-eabi-gcc/9-2019-q4-major/gcc/bin/../lib/gcc/arm-none-eabi/9.2.1/../../../../arm-none-eabi/lib/thumb/v6-m/nofp/libc_nano.a(lib_a-init.o)
 .debug_frame   0x0000000000000054       0x20 /usr/local/Cellar/arm-none-eabi-gcc/9-2019-q4-major/gcc/bin/../lib/gcc/arm-none-eabi/9.2.1/../../../../arm-none-eabi/lib/thumb/v6-m/nofp/libc_nano.a(lib_a-memset.o)
 .debug_frame   0x0000000000000074       0x20 /usr/local/Cellar/arm-none-eabi-gcc/9-2019-q4-major/gcc/bin/../lib/gcc/arm-none-eabi/9.2.1/../../../../arm-none-eabi/lib/thumb/v6-m/nofp/libnosys.a(_exit.o)
 .debug_frame   0x0000000000000094       0x80 _build/system_nrf51.o
 .debug_frame   0x0000000000000114      0x404 _build/main.o
 .debug_frame   0x0000000000000518       0x30 _build/nrf_delay.o
 .debug_frame   0x0000000000000548       0x4c _build/app_error.o
 .debug_frame   0x0000000000000594      0x130 _build/app_fifo.o
 .debug_frame   0x00000000000006c4      0x380 _build/retarget.o
 .debug_frame   0x0000000000000a44      0x420 _build/app_uart_fifo.o
 .debug_frame   0x0000000000000e64      0x3c0 _build/nrf_drv_common.o
 .debug_frame   0x0000000000001224      0x940 _build/nrf_drv_uart.o
 .debug_frame   0x0000000000001b64       0x50 /usr/local/Cellar/arm-none-eabi-gcc/9-2019-q4-major/gcc/bin/../lib/gcc/arm-none-eabi/9.2.1/../../../../arm-none-eabi/lib/thumb/v6-m/nofp/libc_nano.a(lib_a-printf.o)
 .debug_frame   0x0000000000001bb4      0x170 /usr/local/Cellar/arm-none-eabi-gcc/9-2019-q4-major/gcc/bin/../lib/gcc/arm-none-eabi/9.2.1/../../../../arm-none-eabi/lib/thumb/v6-m/nofp/libc_nano.a(lib_a-findfp.o)
 .debug_frame   0x0000000000001d24       0x58 /usr/local/Cellar/arm-none-eabi-gcc/9-2019-q4-major/gcc/bin/../lib/gcc/arm-none-eabi/9.2.1/../../../../arm-none-eabi/lib/thumb/v6-m/nofp/libc_nano.a(lib_a-fwalk.o)
 .debug_frame   0x0000000000001d7c       0xb0 /usr/local/Cellar/arm-none-eabi-gcc/9-2019-q4-major/gcc/bin/../lib/gcc/arm-none-eabi/9.2.1/../../../../arm-none-eabi/lib/thumb/v6-m/nofp/libc_nano.a(lib_a-lock.o)
 .debug_frame   0x0000000000001e2c       0x30 /usr/local/Cellar/arm-none-eabi-gcc/9-2019-q4-major/gcc/bin/../lib/gcc/arm-none-eabi/9.2.1/../../../../arm-none-eabi/lib/thumb/v6-m/nofp/libc_nano.a(lib_a-nano-mallocr.o)
 .debug_frame   0x0000000000001e5c       0x9c /usr/local/Cellar/arm-none-eabi-gcc/9-2019-q4-major/gcc/bin/../lib/gcc/arm-none-eabi/9.2.1/../../../../arm-none-eabi/lib/thumb/v6-m/nofp/libc_nano.a(lib_a-nano-vfprintf.o)
 .debug_frame   0x0000000000001ef8       0x54 /usr/local/Cellar/arm-none-eabi-gcc/9-2019-q4-major/gcc/bin/../lib/gcc/arm-none-eabi/9.2.1/../../../../arm-none-eabi/lib/thumb/v6-m/nofp/libc_nano.a(lib_a-nano-vfprintf_i.o)
 .debug_frame   0x0000000000001f4c       0x2c /usr/local/Cellar/arm-none-eabi-gcc/9-2019-q4-major/gcc/bin/../lib/gcc/arm-none-eabi/9.2.1/../../../../arm-none-eabi/lib/thumb/v6-m/nofp/libc_nano.a(lib_a-sbrkr.o)
 .debug_frame   0x0000000000001f78       0x90 /usr/local/Cellar/arm-none-eabi-gcc/9-2019-q4-major/gcc/bin/../lib/gcc/arm-none-eabi/9.2.1/../../../../arm-none-eabi/lib/thumb/v6-m/nofp/libc_nano.a(lib_a-stdio.o)
 .debug_frame   0x0000000000002008       0x48 /usr/local/Cellar/arm-none-eabi-gcc/9-2019-q4-major/gcc/bin/../lib/gcc/arm-none-eabi/9.2.1/../../../../arm-none-eabi/lib/thumb/v6-m/nofp/libc_nano.a(lib_a-wbuf.o)
 .debug_frame   0x0000000000002050       0x2c /usr/local/Cellar/arm-none-eabi-gcc/9-2019-q4-major/gcc/bin/../lib/gcc/arm-none-eabi/9.2.1/../../../../arm-none-eabi/lib/thumb/v6-m/nofp/libc_nano.a(lib_a-writer.o)
 .debug_frame   0x000000000000207c       0x2c /usr/local/Cellar/arm-none-eabi-gcc/9-2019-q4-major/gcc/bin/../lib/gcc/arm-none-eabi/9.2.1/../../../../arm-none-eabi/lib/thumb/v6-m/nofp/libc_nano.a(lib_a-wsetup.o)
 .debug_frame   0x00000000000020a8       0x2c /usr/local/Cellar/arm-none-eabi-gcc/9-2019-q4-major/gcc/bin/../lib/gcc/arm-none-eabi/9.2.1/../../../../arm-none-eabi/lib/thumb/v6-m/nofp/libc_nano.a(lib_a-closer.o)
 .debug_frame   0x00000000000020d4       0x68 /usr/local/Cellar/arm-none-eabi-gcc/9-2019-q4-major/gcc/bin/../lib/gcc/arm-none-eabi/9.2.1/../../../../arm-none-eabi/lib/thumb/v6-m/nofp/libc_nano.a(lib_a-fflush.o)
 .debug_frame   0x000000000000213c       0x2c /usr/local/Cellar/arm-none-eabi-gcc/9-2019-q4-major/gcc/bin/../lib/gcc/arm-none-eabi/9.2.1/../../../../arm-none-eabi/lib/thumb/v6-m/nofp/libc_nano.a(lib_a-lseekr.o)
 .debug_frame   0x0000000000002168       0x54 /usr/local/Cellar/arm-none-eabi-gcc/9-2019-q4-major/gcc/bin/../lib/gcc/arm-none-eabi/9.2.1/../../../../arm-none-eabi/lib/thumb/v6-m/nofp/libc_nano.a(lib_a-makebuf.o)
 .debug_frame   0x00000000000021bc       0x20 /usr/local/Cellar/arm-none-eabi-gcc/9-2019-q4-major/gcc/bin/../lib/gcc/arm-none-eabi/9.2.1/../../../../arm-none-eabi/lib/thumb/v6-m/nofp/libc_nano.a(lib_a-memchr-stub.o)
 .debug_frame   0x00000000000021dc       0x40 /usr/local/Cellar/arm-none-eabi-gcc/9-2019-q4-major/gcc/bin/../lib/gcc/arm-none-eabi/9.2.1/../../../../arm-none-eabi/lib/thumb/v6-m/nofp/libc_nano.a(lib_a-mlock.o)
 .debug_frame   0x000000000000221c       0x2c /usr/local/Cellar/arm-none-eabi-gcc/9-2019-q4-major/gcc/bin/../lib/gcc/arm-none-eabi/9.2.1/../../../../arm-none-eabi/lib/thumb/v6-m/nofp/libc_nano.a(lib_a-nano-freer.o)
 .debug_frame   0x0000000000002248       0x2c /usr/local/Cellar/arm-none-eabi-gcc/9-2019-q4-major/gcc/bin/../lib/gcc/arm-none-eabi/9.2.1/../../../../arm-none-eabi/lib/thumb/v6-m/nofp/libc_nano.a(lib_a-readr.o)
 .debug_frame   0x0000000000002274       0x48 /usr/local/Cellar/arm-none-eabi-gcc/9-2019-q4-major/gcc/bin/../lib/gcc/arm-none-eabi/9.2.1/../../../../arm-none-eabi/lib/thumb/v6-m/nofp/libc_nano.a(lib_a-reent.o)
 .debug_frame   0x00000000000022bc       0x2c /usr/local/Cellar/arm-none-eabi-gcc/9-2019-q4-major/gcc/bin/../lib/gcc/arm-none-eabi/9.2.1/../../../../arm-none-eabi/lib/thumb/v6-m/nofp/libc_nano.a(lib_a-fstatr.o)
 .debug_frame   0x00000000000022e8       0x2c /usr/local/Cellar/arm-none-eabi-gcc/9-2019-q4-major/gcc/bin/../lib/gcc/arm-none-eabi/9.2.1/../../../../arm-none-eabi/lib/thumb/v6-m/nofp/libc_nano.a(lib_a-isattyr.o)
 .debug_frame   0x0000000000002314       0x20 /usr/local/Cellar/arm-none-eabi-gcc/9-2019-q4-major/gcc/bin/../lib/gcc/arm-none-eabi/9.2.1/thumb/v6-m/nofp/libgcc.a(_udivsi3.o)
 .debug_frame   0x0000000000002334       0x20 /usr/local/Cellar/arm-none-eabi-gcc/9-2019-q4-major/gcc/bin/../lib/gcc/arm-none-eabi/9.2.1/../../../../arm-none-eabi/lib/thumb/v6-m/nofp/libnosys.a(close.o)
 .debug_frame   0x0000000000002354       0x20 /usr/local/Cellar/arm-none-eabi-gcc/9-2019-q4-major/gcc/bin/../lib/gcc/arm-none-eabi/9.2.1/../../../../arm-none-eabi/lib/thumb/v6-m/nofp/libnosys.a(fstat.o)
 .debug_frame   0x0000000000002374       0x20 /usr/local/Cellar/arm-none-eabi-gcc/9-2019-q4-major/gcc/bin/../lib/gcc/arm-none-eabi/9.2.1/../../../../arm-none-eabi/lib/thumb/v6-m/nofp/libnosys.a(isatty.o)
 .debug_frame   0x0000000000002394       0x20 /usr/local/Cellar/arm-none-eabi-gcc/9-2019-q4-major/gcc/bin/../lib/gcc/arm-none-eabi/9.2.1/../../../../arm-none-eabi/lib/thumb/v6-m/nofp/libnosys.a(lseek.o)
 .debug_frame   0x00000000000023b4       0x20 /usr/local/Cellar/arm-none-eabi-gcc/9-2019-q4-major/gcc/bin/../lib/gcc/arm-none-eabi/9.2.1/../../../../arm-none-eabi/lib/thumb/v6-m/nofp/libnosys.a(sbrk.o)

.debug_info     0x0000000000000000     0x9f21
 .debug_info    0x0000000000000000      0x1c4 _build/system_nrf51.o
 .debug_info    0x00000000000001c4     0x1cbe _build/main.o
 .debug_info    0x0000000000001e82      0x99f _build/nrf_delay.o
 .debug_info    0x0000000000002821      0x1f0 _build/app_error.o
 .debug_info    0x0000000000002a11      0xc5e _build/app_fifo.o
 .debug_info    0x000000000000366f     0x17c7 _build/retarget.o
 .debug_info    0x0000000000004e36     0x1e00 _build/app_uart_fifo.o
 .debug_info    0x0000000000006c36     0x10b7 _build/nrf_drv_common.o
 .debug_info    0x0000000000007ced     0x2234 _build/nrf_drv_uart.o

.debug_abbrev   0x0000000000000000     0x1599
 .debug_abbrev  0x0000000000000000      0x112 _build/system_nrf51.o
 .debug_abbrev  0x0000000000000112      0x35c _build/main.o
 .debug_abbrev  0x000000000000046e      0x23b _build/nrf_delay.o
 .debug_abbrev  0x00000000000006a9      0x11e _build/app_error.o
 .debug_abbrev  0x00000000000007c7      0x25f _build/app_fifo.o
 .debug_abbrev  0x0000000000000a26      0x2d1 _build/retarget.o
 .debug_abbrev  0x0000000000000cf7      0x322 _build/app_uart_fifo.o
 .debug_abbrev  0x0000000000001019      0x1fb _build/nrf_drv_common.o
 .debug_abbrev  0x0000000000001214      0x385 _build/nrf_drv_uart.o

.debug_aranges  0x0000000000000000      0xb70
 .debug_aranges
                0x0000000000000000       0x38 _build/system_nrf51.o
 .debug_aranges
                0x0000000000000038      0x1e0 _build/main.o
 .debug_aranges
                0x0000000000000218       0x20 _build/nrf_delay.o
 .debug_aranges
                0x0000000000000238       0x28 _build/app_error.o
 .debug_aranges
                0x0000000000000260       0x60 _build/app_fifo.o
 .debug_aranges
                0x00000000000002c0      0x1c0 _build/retarget.o
 .debug_aranges
                0x0000000000000480      0x1e8 _build/app_uart_fifo.o
 .debug_aranges
                0x0000000000000668      0x1d0 _build/nrf_drv_common.o
 .debug_aranges
                0x0000000000000838      0x338 _build/nrf_drv_uart.o

.debug_ranges   0x0000000000000000      0xae0
 .debug_ranges  0x0000000000000000       0x28 _build/system_nrf51.o
 .debug_ranges  0x0000000000000028      0x1d0 _build/main.o
 .debug_ranges  0x00000000000001f8       0x10 _build/nrf_delay.o
 .debug_ranges  0x0000000000000208       0x18 _build/app_error.o
 .debug_ranges  0x0000000000000220       0x50 _build/app_fifo.o
 .debug_ranges  0x0000000000000270      0x1b0 _build/retarget.o
 .debug_ranges  0x0000000000000420      0x1d8 _build/app_uart_fifo.o
 .debug_ranges  0x00000000000005f8      0x1c0 _build/nrf_drv_common.o
 .debug_ranges  0x00000000000007b8      0x328 _build/nrf_drv_uart.o

.debug_line     0x0000000000000000     0x3a92
 .debug_line    0x0000000000000000      0x2b1 _build/system_nrf51.o
 .debug_line    0x00000000000002b1      0x888 _build/main.o
 .debug_line    0x0000000000000b39      0x23f _build/nrf_delay.o
 .debug_line    0x0000000000000d78      0x220 _build/app_error.o
 .debug_line    0x0000000000000f98      0x40a _build/app_fifo.o
 .debug_line    0x00000000000013a2      0x700 _build/retarget.o
 .debug_line    0x0000000000001aa2      0x9c6 _build/app_uart_fifo.o
 .debug_line    0x0000000000002468      0x748 _build/nrf_drv_common.o
 .debug_line    0x0000000000002bb0      0xee2 _build/nrf_drv_uart.o

.debug_str      0x0000000000000000     0x28aa
 .debug_str     0x0000000000000000      0x28d _build/system_nrf51.o
                                        0x2ca (size before relaxing)
 .debug_str     0x000000000000028d     0x164e _build/main.o
                                       0x191d (size before relaxing)
 .debug_str     0x00000000000018db       0x80 _build/nrf_delay.o
                                        0x624 (size before relaxing)
 .debug_str     0x000000000000195b       0xa1 _build/app_error.o
                                        0x295 (size before relaxing)
 .debug_str     0x00000000000019fc      0x14f _build/app_fifo.o
                                        0x71e (size before relaxing)
 .debug_str     0x0000000000001b4b       0x5a _build/retarget.o
                                       0x1487 (size before relaxing)
 .debug_str     0x0000000000001ba5      0x45b _build/app_uart_fifo.o
                                       0x1b36 (size before relaxing)
 .debug_str     0x0000000000002000       0xe0 _build/nrf_drv_common.o
                                       0x1150 (size before relaxing)
 .debug_str     0x00000000000020e0      0x7ca _build/nrf_drv_uart.o
                                       0x1eb4 (size before relaxing)

.stab           0x0000000000000000       0x6c
 .stab          0x0000000000000000       0x24 /usr/local/Cellar/arm-none-eabi-gcc/9-2019-q4-major/gcc/bin/../lib/gcc/arm-none-eabi/9.2.1/../../../../arm-none-eabi/lib/thumb/v6-m/nofp/libnosys.a(close.o)
 .stab          0x0000000000000024       0x18 /usr/local/Cellar/arm-none-eabi-gcc/9-2019-q4-major/gcc/bin/../lib/gcc/arm-none-eabi/9.2.1/../../../../arm-none-eabi/lib/thumb/v6-m/nofp/libnosys.a(fstat.o)
                                         0x24 (size before relaxing)
 .stab          0x000000000000003c       0x18 /usr/local/Cellar/arm-none-eabi-gcc/9-2019-q4-major/gcc/bin/../lib/gcc/arm-none-eabi/9.2.1/../../../../arm-none-eabi/lib/thumb/v6-m/nofp/libnosys.a(isatty.o)
                                         0x24 (size before relaxing)
 .stab          0x0000000000000054       0x18 /usr/local/Cellar/arm-none-eabi-gcc/9-2019-q4-major/gcc/bin/../lib/gcc/arm-none-eabi/9.2.1/../../../../arm-none-eabi/lib/thumb/v6-m/nofp/libnosys.a(lseek.o)
                                         0x24 (size before relaxing)

.stabstr        0x0000000000000000       0xe3
 .stabstr       0x0000000000000000       0xe3 /usr/local/Cellar/arm-none-eabi-gcc/9-2019-q4-major/gcc/bin/../lib/gcc/arm-none-eabi/9.2.1/../../../../arm-none-eabi/lib/thumb/v6-m/nofp/libnosys.a(close.o)
