Archive member included to satisfy reference by file (symbol)

/usr/local/Cellar/arm-none-eabi-gcc/9-2019-q4-major/gcc/bin/../lib/gcc/arm-none-eabi/9.2.1/../../../../arm-none-eabi/lib/thumb/v6-m/nofp/libc_nano.a(lib_a-exit.o)
                              /usr/local/Cellar/arm-none-eabi-gcc/9-2019-q4-major/gcc/bin/../lib/gcc/arm-none-eabi/9.2.1/../../../../arm-none-eabi/lib/thumb/v6-m/nofp/crt0.o (exit)
/usr/local/Cellar/arm-none-eabi-gcc/9-2019-q4-major/gcc/bin/../lib/gcc/arm-none-eabi/9.2.1/../../../../arm-none-eabi/lib/thumb/v6-m/nofp/libc_nano.a(lib_a-impure.o)
                              /usr/local/Cellar/arm-none-eabi-gcc/9-2019-q4-major/gcc/bin/../lib/gcc/arm-none-eabi/9.2.1/../../../../arm-none-eabi/lib/thumb/v6-m/nofp/libc_nano.a(lib_a-exit.o) (_global_impure_ptr)
/usr/local/Cellar/arm-none-eabi-gcc/9-2019-q4-major/gcc/bin/../lib/gcc/arm-none-eabi/9.2.1/../../../../arm-none-eabi/lib/thumb/v6-m/nofp/libc_nano.a(lib_a-init.o)
                              /usr/local/Cellar/arm-none-eabi-gcc/9-2019-q4-major/gcc/bin/../lib/gcc/arm-none-eabi/9.2.1/../../../../arm-none-eabi/lib/thumb/v6-m/nofp/crt0.o (__libc_init_array)
/usr/local/Cellar/arm-none-eabi-gcc/9-2019-q4-major/gcc/bin/../lib/gcc/arm-none-eabi/9.2.1/../../../../arm-none-eabi/lib/thumb/v6-m/nofp/libc_nano.a(lib_a-memset.o)
                              /usr/local/Cellar/arm-none-eabi-gcc/9-2019-q4-major/gcc/bin/../lib/gcc/arm-none-eabi/9.2.1/../../../../arm-none-eabi/lib/thumb/v6-m/nofp/crt0.o (memset)
/usr/local/Cellar/arm-none-eabi-gcc/9-2019-q4-major/gcc/bin/../lib/gcc/arm-none-eabi/9.2.1/../../../../arm-none-eabi/lib/thumb/v6-m/nofp/libc_nano.a(lib_a-nano-vfprintf_float.o)
                              (_printf_float)
/usr/local/Cellar/arm-none-eabi-gcc/9-2019-q4-major/gcc/bin/../lib/gcc/arm-none-eabi/9.2.1/../../../../arm-none-eabi/lib/thumb/v6-m/nofp/libc_nano.a(lib_a-nano-vfprintf_i.o)
                              /usr/local/Cellar/arm-none-eabi-gcc/9-2019-q4-major/gcc/bin/../lib/gcc/arm-none-eabi/9.2.1/../../../../arm-none-eabi/lib/thumb/v6-m/nofp/libc_nano.a(lib_a-nano-vfprintf_float.o) (_printf_common)
/usr/local/Cellar/arm-none-eabi-gcc/9-2019-q4-major/gcc/bin/../lib/gcc/arm-none-eabi/9.2.1/../../../../arm-none-eabi/lib/thumb/v6-m/nofp/libc_nano.a(lib_a-strlen.o)
                              /usr/local/Cellar/arm-none-eabi-gcc/9-2019-q4-major/gcc/bin/../lib/gcc/arm-none-eabi/9.2.1/../../../../arm-none-eabi/lib/thumb/v6-m/nofp/libc_nano.a(lib_a-nano-vfprintf_float.o) (strlen)
/usr/local/Cellar/arm-none-eabi-gcc/9-2019-q4-major/gcc/bin/../lib/gcc/arm-none-eabi/9.2.1/../../../../arm-none-eabi/lib/thumb/v6-m/nofp/libc_nano.a(lib_a-dtoa.o)
                              /usr/local/Cellar/arm-none-eabi-gcc/9-2019-q4-major/gcc/bin/../lib/gcc/arm-none-eabi/9.2.1/../../../../arm-none-eabi/lib/thumb/v6-m/nofp/libc_nano.a(lib_a-nano-vfprintf_float.o) (_dtoa_r)
/usr/local/Cellar/arm-none-eabi-gcc/9-2019-q4-major/gcc/bin/../lib/gcc/arm-none-eabi/9.2.1/../../../../arm-none-eabi/lib/thumb/v6-m/nofp/libc_nano.a(lib_a-localeconv.o)
                              /usr/local/Cellar/arm-none-eabi-gcc/9-2019-q4-major/gcc/bin/../lib/gcc/arm-none-eabi/9.2.1/../../../../arm-none-eabi/lib/thumb/v6-m/nofp/libc_nano.a(lib_a-nano-vfprintf_float.o) (_localeconv_r)
/usr/local/Cellar/arm-none-eabi-gcc/9-2019-q4-major/gcc/bin/../lib/gcc/arm-none-eabi/9.2.1/../../../../arm-none-eabi/lib/thumb/v6-m/nofp/libc_nano.a(lib_a-malloc.o)
                              /usr/local/Cellar/arm-none-eabi-gcc/9-2019-q4-major/gcc/bin/../lib/gcc/arm-none-eabi/9.2.1/../../../../arm-none-eabi/lib/thumb/v6-m/nofp/libc_nano.a(lib_a-dtoa.o) (malloc)
/usr/local/Cellar/arm-none-eabi-gcc/9-2019-q4-major/gcc/bin/../lib/gcc/arm-none-eabi/9.2.1/../../../../arm-none-eabi/lib/thumb/v6-m/nofp/libc_nano.a(lib_a-memchr-stub.o)
                              /usr/local/Cellar/arm-none-eabi-gcc/9-2019-q4-major/gcc/bin/../lib/gcc/arm-none-eabi/9.2.1/../../../../arm-none-eabi/lib/thumb/v6-m/nofp/libc_nano.a(lib_a-nano-vfprintf_i.o) (memchr)
/usr/local/Cellar/arm-none-eabi-gcc/9-2019-q4-major/gcc/bin/../lib/gcc/arm-none-eabi/9.2.1/../../../../arm-none-eabi/lib/thumb/v6-m/nofp/libc_nano.a(lib_a-memcpy-stub.o)
                              /usr/local/Cellar/arm-none-eabi-gcc/9-2019-q4-major/gcc/bin/../lib/gcc/arm-none-eabi/9.2.1/../../../../arm-none-eabi/lib/thumb/v6-m/nofp/libc_nano.a(lib_a-dtoa.o) (memcpy)
/usr/local/Cellar/arm-none-eabi-gcc/9-2019-q4-major/gcc/bin/../lib/gcc/arm-none-eabi/9.2.1/../../../../arm-none-eabi/lib/thumb/v6-m/nofp/libc_nano.a(lib_a-mprec.o)
                              /usr/local/Cellar/arm-none-eabi-gcc/9-2019-q4-major/gcc/bin/../lib/gcc/arm-none-eabi/9.2.1/../../../../arm-none-eabi/lib/thumb/v6-m/nofp/libc_nano.a(lib_a-dtoa.o) (_Balloc)
/usr/local/Cellar/arm-none-eabi-gcc/9-2019-q4-major/gcc/bin/../lib/gcc/arm-none-eabi/9.2.1/../../../../arm-none-eabi/lib/thumb/v6-m/nofp/libc_nano.a(lib_a-nano-callocr.o)
[...]
Memory Configuration

Name             Origin             Length             Attributes
FLASH            0x0000000000018000 0x0000000000028000 xr
RAM              0x0000000020002000 0x0000000000002000 xrw
*default*        0x0000000000000000 0xffffffffffffffff

Linker script and memory map

LOAD /usr/local/Cellar/arm-none-eabi-gcc/9-2019-q4-major/gcc/bin/../lib/gcc/arm-none-eabi/9.2.1/thumb/v6-m/nofp/crti.o
LOAD /usr/local/Cellar/arm-none-eabi-gcc/9-2019-q4-major/gcc/bin/../lib/gcc/arm-none-eabi/9.2.1/thumb/v6-m/nofp/crtbegin.o
LOAD /usr/local/Cellar/arm-none-eabi-gcc/9-2019-q4-major/gcc/bin/../lib/gcc/arm-none-eabi/9.2.1/../../../../arm-none-eabi/lib/thumb/v6-m/nofp/crt0.o
LOAD /usr/local/Cellar/arm-none-eabi-gcc/9-2019-q4-major/gcc/bin/../lib/gcc/arm-none-eabi/9.2.1/../../../../arm-none-eabi/lib/thumb/v6-m/nofp/libc_nano.a
LOAD /usr/local/Cellar/arm-none-eabi-gcc/9-2019-q4-major/gcc/bin/../lib/gcc/arm-none-eabi/9.2.1/../../../../arm-none-eabi/lib/thumb/v6-m/nofp/libnosys.a
LOAD _build/system_nrf51.o
LOAD _build/main.o
LOAD _build/nrf_delay.o
LOAD _build/app_error.o
LOAD _build/app_fifo.o
LOAD _build/app_util_platform.o
LOAD _build/nrf_assert.o
LOAD _build/retarget.o
LOAD _build/app_uart_fifo.o
LOAD _build/nrf_drv_common.o
LOAD _build/nrf_drv_uart.o
LOAD _build/nrf_drv_twi.o
LOAD _build/i2c.o
LOAD _build/LSM303AGR.o
LOAD _build/app_timer.o
LOAD _build/ble_advdata.o
LOAD _build/ble_conn_params.o
LOAD _build/ble_lbs.o
LOAD _build/softdevice_handler.o
LOAD _build/nrf_drv_gpiote.o
LOAD _build/app_button.o
LOAD _build/gcc_startup_nrf51.o
LOAD /usr/local/Cellar/arm-none-eabi-gcc/9-2019-q4-major/gcc/bin/../lib/gcc/arm-none-eabi/9.2.1/../../../../arm-none-eabi/lib/thumb/v6-m/nofp/libm.a
START GROUP
LOAD /usr/local/Cellar/arm-none-eabi-gcc/9-2019-q4-major/gcc/bin/../lib/gcc/arm-none-eabi/9.2.1/thumb/v6-m/nofp/libgcc.a
LOAD /usr/local/Cellar/arm-none-eabi-gcc/9-2019-q4-major/gcc/bin/../lib/gcc/arm-none-eabi/9.2.1/../../../../arm-none-eabi/lib/thumb/v6-m/nofp/libc_nano.a
END GROUP
START GROUP
LOAD /usr/local/Cellar/arm-none-eabi-gcc/9-2019-q4-major/gcc/bin/../lib/gcc/arm-none-eabi/9.2.1/thumb/v6-m/nofp/libgcc.a
LOAD /usr/local/Cellar/arm-none-eabi-gcc/9-2019-q4-major/gcc/bin/../lib/gcc/arm-none-eabi/9.2.1/../../../../arm-none-eabi/lib/thumb/v6-m/nofp/libc_nano.a
END GROUP
LOAD /usr/local/Cellar/arm-none-eabi-gcc/9-2019-q4-major/gcc/bin/../lib/gcc/arm-none-eabi/9.2.1/thumb/v6-m/nofp/crtend.o
LOAD /usr/local/Cellar/arm-none-eabi-gcc/9-2019-q4-major/gcc/bin/../lib/gcc/arm-none-eabi/9.2.1/thumb/v6-m/nofp/crtn.o
START GROUP
LOAD /usr/local/Cellar/arm-none-eabi-gcc/9-2019-q4-major/gcc/bin/../lib/gcc/arm-none-eabi/9.2.1/thumb/v6-m/nofp/libgcc.a
LOAD /usr/local/Cellar/arm-none-eabi-gcc/9-2019-q4-major/gcc/bin/../lib/gcc/arm-none-eabi/9.2.1/../../../../arm-none-eabi/lib/thumb/v6-m/nofp/libc.a
LOAD /usr/local/Cellar/arm-none-eabi-gcc/9-2019-q4-major/gcc/bin/../lib/gcc/arm-none-eabi/9.2.1/../../../../arm-none-eabi/lib/thumb/v6-m/nofp/libnosys.a
END GROUP

.fs_data_out    0x0000000000000000        0x0
                [!provide]                        PROVIDE (__start_fs_data = .)
 *(fs_data)
                [!provide]                        PROVIDE (__stop_fs_data = .)

.text           0x0000000000018000     0xe2a4
 *(.Vectors)
 .Vectors       0x0000000000018000       0xc0 _build/gcc_startup_nrf51.o
                0x0000000000018000                __Vectors
 *(.text*)
 .text          0x00000000000180c0       0x48 /usr/local/Cellar/arm-none-eabi-gcc/9-2019-q4-major/gcc/bin/../lib/gcc/arm-none-eabi/9.2.1/thumb/v6-m/nofp/crtbegin.o
 .text          0x0000000000018108       0x78 /usr/local/Cellar/arm-none-eabi-gcc/9-2019-q4-major/gcc/bin/../lib/gcc/arm-none-eabi/9.2.1/../../../../arm-none-eabi/lib/thumb/v6-m/nofp/crt0.o
                0x0000000000018108                _mainCRTStartup
                0x0000000000018108                _start
 .text.exit     0x0000000000018180       0x2c /usr/local/Cellar/arm-none-eabi-gcc/9-2019-q4-major/gcc/bin/../lib/gcc/arm-none-eabi/9.2.1/../../../../arm-none-eabi/lib/thumb/v6-m/nofp/libc_nano.a(lib_a-exit.o)
                0x0000000000018180                exit
 .text.__libc_init_array
                0x00000000000181ac       0x48 /usr/local/Cellar/arm-none-eabi-gcc/9-2019-q4-major/gcc/bin/../lib/gcc/arm-none-eabi/9.2.1/../../../../arm-none-eabi/lib/thumb/v6-m/nofp/libc_nano.a(lib_a-init.o)
                0x00000000000181ac                __libc_init_array
 .text.memset   0x00000000000181f4       0x10 /usr/local/Cellar/arm-none-eabi-gcc/9-2019-q4-major/gcc/bin/../lib/gcc/arm-none-eabi/9.2.1/../../../../arm-none-eabi/lib/thumb/v6-m/nofp/libc_nano.a(lib_a-memset.o)
                0x00000000000181f4                memset
 .text.__cvt    0x0000000000018204       0xc6 /usr/local/Cellar/arm-none-eabi-gcc/9-2019-q4-major/gcc/bin/../lib/gcc/arm-none-eabi/9.2.1/../../../../arm-none-eabi/lib/thumb/v6-m/nofp/libc_nano.a(lib_a-nano-vfprintf_float.o)
                0x0000000000018204                __cvt
 .text.__exponent
                0x00000000000182ca       0x8e /usr/local/Cellar/arm-none-eabi-gcc/9-2019-q4-major/gcc/bin/../lib/gcc/arm-none-eabi/9.2.1/../../../../arm-none-eabi/lib/thumb/v6-m/nofp/libc_nano.a(lib_a-nano-vfprintf_float.o)
                0x00000000000182ca                __exponent
 .text._printf_float
                0x0000000000018358      0x49c /usr/local/Cellar/arm-none-eabi-gcc/9-2019-q4-major/gcc/bin/../lib/gcc/arm-none-eabi/9.2.1/../../../../arm-none-eabi/lib/thumb/v6-m/nofp/libc_nano.a(lib_a-nano-vfprintf_float.o)
                0x0000000000018358                _printf_float
 .text._printf_common
                0x00000000000187f4       0xde /usr/local/Cellar/arm-none-eabi-gcc/9-2019-q4-major/gcc/bin/../lib/gcc/arm-none-eabi/9.2.1/../../../../arm-none-eabi/lib/thumb/v6-m/nofp/libc_nano.a(lib_a-nano-vfprintf_i.o)
                0x00000000000187f4                _printf_common
 *fill*         0x00000000000188d2        0x2 
 .text._printf_i
                0x00000000000188d4      0x224 /usr/local/Cellar/arm-none-eabi-gcc/9-2019-q4-major/gcc/bin/../lib/gcc/arm-none-eabi/9.2.1/../../../../arm-none-eabi/lib/thumb/v6-m/nofp/libc_nano.a(lib_a-nano-vfprintf_i.o)
                0x00000000000188d4                _printf_i
 .text          0x0000000000018af8        0xe /usr/local/Cellar/arm-none-eabi-gcc/9-2019-q4-major/gcc/bin/../lib/gcc/arm-none-eabi/9.2.1/../../../../arm-none-eabi/lib/thumb/v6-m/nofp/libc_nano.a(lib_a-strlen.o)
                0x0000000000018af8                strlen
 .text.quorem   0x0000000000018b06      0x116 /usr/local/Cellar/arm-none-eabi-gcc/9-2019-q4-major/gcc/bin/../lib/gcc/arm-none-eabi/9.2.1/../../../../arm-none-eabi/lib/thumb/v6-m/nofp/libc_nano.a(lib_a-dtoa.o)
 .text._dtoa_r  0x0000000000018c1c      0xbcc /usr/local/Cellar/arm-none-eabi-gcc/9-2019-q4-major/gcc/bin/../lib/gcc/arm-none-eabi/9.2.1/../../../../arm-none-eabi/lib/thumb/v6-m/nofp/libc_nano.a(lib_a-dtoa.o)
                0x0000000000018c1c                _dtoa_r
 .text._localeconv_r
                0x00000000000197e8        0x8 /usr/local/Cellar/arm-none-eabi-gcc/9-2019-q4-major/gcc/bin/../lib/gcc/arm-none-eabi/9.2.1/../../../../arm-none-eabi/lib/thumb/v6-m/nofp/libc_nano.a(lib_a-localeconv.o)
                0x00000000000197e8                _localeconv_r
 .text.malloc   0x00000000000197f0       0x14 /usr/local/Cellar/arm-none-eabi-gcc/9-2019-q4-major/gcc/bin/../lib/gcc/arm-none-eabi/9.2.1/../../../../arm-none-eabi/lib/thumb/v6-m/nofp/libc_nano.a(lib_a-malloc.o)
                0x00000000000197f0                malloc
 .text.memchr   0x0000000000019804       0x16 /usr/local/Cellar/arm-none-eabi-gcc/9-2019-q4-major/gcc/bin/../lib/gcc/arm-none-eabi/9.2.1/../../../../arm-none-eabi/lib/thumb/v6-m/nofp/libc_nano.a(lib_a-memchr-stub.o)
                0x0000000000019804                memchr
 .text.memcpy   0x000000000001981a       0x12 /usr/local/Cellar/arm-none-eabi-gcc/9-2019-q4-major/gcc/bin/../lib/gcc/arm-none-eabi/9.2.1/../../../../arm-none-eabi/lib/thumb/v6-m/nofp/libc_nano.a(lib_a-memcpy-stub.o)
                0x000000000001981a                memcpy
 .text._Balloc  0x000000000001982c       0x70 /usr/local/Cellar/arm-none-eabi-gcc/9-2019-q4-major/gcc/bin/../lib/gcc/arm-none-eabi/9.2.1/../../../../arm-none-eabi/lib/thumb/v6-m/nofp/libc_nano.a(lib_a-mprec.o)
                0x000000000001982c                _Balloc
 .text._Bfree   0x000000000001989c       0x32 /usr/local/Cellar/arm-none-eabi-gcc/9-2019-q4-major/gcc/bin/../lib/gcc/arm-none-eabi/9.2.1/../../../../arm-none-eabi/lib/thumb/v6-m/nofp/libc_nano.a(lib_a-mprec.o)
                0x000000000001989c                _Bfree
 .text.__multadd
                0x00000000000198ce       0x7c /usr/local/Cellar/arm-none-eabi-gcc/9-2019-q4-major/gcc/bin/../lib/gcc/arm-none-eabi/9.2.1/../../../../arm-none-eabi/lib/thumb/v6-m/nofp/libc_nano.a(lib_a-mprec.o)
                0x00000000000198ce                __multadd
 .text.__hi0bits
                0x000000000001994a       0x34 /usr/local/Cellar/arm-none-eabi-gcc/9-2019-q4-major/gcc/bin/../lib/gcc/arm-none-eabi/9.2.1/../../../../arm-none-eabi/lib/thumb/v6-m/nofp/libc_nano.a(lib_a-mprec.o)
                0x000000000001994a                __hi0bits
 .text.__lo0bits
                0x000000000001997e       0x5c /usr/local/Cellar/arm-none-eabi-gcc/9-2019-q4-major/gcc/bin/../lib/gcc/arm-none-eabi/9.2.1/../../../../arm-none-eabi/lib/thumb/v6-m/nofp/libc_nano.a(lib_a-mprec.o)
                0x000000000001997e                __lo0bits
 .text.__i2b    0x00000000000199da       0x12 /usr/local/Cellar/arm-none-eabi-gcc/9-2019-q4-major/gcc/bin/../lib/gcc/arm-none-eabi/9.2.1/../../../../arm-none-eabi/lib/thumb/v6-m/nofp/libc_nano.a(lib_a-mprec.o)
                0x00000000000199da                __i2b
 .text.__multiply
                0x00000000000199ec      0x146 /usr/local/Cellar/arm-none-eabi-gcc/9-2019-q4-major/gcc/bin/../lib/gcc/arm-none-eabi/9.2.1/../../../../arm-none-eabi/lib/thumb/v6-m/nofp/libc_nano.a(lib_a-mprec.o)
                0x00000000000199ec                __multiply
 *fill*         0x0000000000019b32        0x2 
 .text.__pow5mult
                0x0000000000019b34       0xa0 /usr/local/Cellar/arm-none-eabi-gcc/9-2019-q4-major/gcc/bin/../lib/gcc/arm-none-eabi/9.2.1/../../../../arm-none-eabi/lib/thumb/v6-m/nofp/libc_nano.a(lib_a-mprec.o)
                0x0000000000019b34                __pow5mult
 .text.__lshift
                0x0000000000019bd4       0xc8 /usr/local/Cellar/arm-none-eabi-gcc/9-2019-q4-major/gcc/bin/../lib/gcc/arm-none-eabi/9.2.1/../../../../arm-none-eabi/lib/thumb/v6-m/nofp/libc_nano.a(lib_a-mprec.o)
                0x0000000000019bd4                __lshift
 .text.__mcmp   0x0000000000019c9c       0x36 /usr/local/Cellar/arm-none-eabi-gcc/9-2019-q4-major/gcc/bin/../lib/gcc/arm-none-eabi/9.2.1/../../../../arm-none-eabi/lib/thumb/v6-m/nofp/libc_nano.a(lib_a-mprec.o)
                0x0000000000019c9c                __mcmp
 .text.__mdiff  0x0000000000019cd2      0x106 /usr/local/Cellar/arm-none-eabi-gcc/9-2019-q4-major/gcc/bin/../lib/gcc/arm-none-eabi/9.2.1/../../../../arm-none-eabi/lib/thumb/v6-m/nofp/libc_nano.a(lib_a-mprec.o)
                0x0000000000019cd2                __mdiff
 .text.__d2b    0x0000000000019dd8       0xac /usr/local/Cellar/arm-none-eabi-gcc/9-2019-q4-major/gcc/bin/../lib/gcc/arm-none-eabi/9.2.1/../../../../arm-none-eabi/lib/thumb/v6-m/nofp/libc_nano.a(lib_a-mprec.o)
                0x0000000000019dd8                __d2b
 .text._calloc_r
                0x0000000000019e84       0x1c /usr/local/Cellar/arm-none-eabi-gcc/9-2019-q4-major/gcc/bin/../lib/gcc/arm-none-eabi/9.2.1/../../../../arm-none-eabi/lib/thumb/v6-m/nofp/libc_nano.a(lib_a-nano-callocr.o)
                0x0000000000019e84                _calloc_r
 .text._free_r  0x0000000000019ea0       0x94 /usr/local/Cellar/arm-none-eabi-gcc/9-2019-q4-major/gcc/bin/../lib/gcc/arm-none-eabi/9.2.1/../../../../arm-none-eabi/lib/thumb/v6-m/nofp/libc_nano.a(lib_a-nano-freer.o)
                0x0000000000019ea0                _free_r
 .text._malloc_r
                0x0000000000019f34       0xbc /usr/local/Cellar/arm-none-eabi-gcc/9-2019-q4-major/gcc/bin/../lib/gcc/arm-none-eabi/9.2.1/../../../../arm-none-eabi/lib/thumb/v6-m/nofp/libc_nano.a(lib_a-nano-mallocr.o)
                0x0000000000019f34                _malloc_r
 .text._sbrk_r  0x0000000000019ff0       0x24 /usr/local/Cellar/arm-none-eabi-gcc/9-2019-q4-major/gcc/bin/../lib/gcc/arm-none-eabi/9.2.1/../../../../arm-none-eabi/lib/thumb/v6-m/nofp/libc_nano.a(lib_a-sbrkr.o)
                0x0000000000019ff0                _sbrk_r
 .text.__ascii_mbtowc
                0x000000000001a014       0x24 /usr/local/Cellar/arm-none-eabi-gcc/9-2019-q4-major/gcc/bin/../lib/gcc/arm-none-eabi/9.2.1/../../../../arm-none-eabi/lib/thumb/v6-m/nofp/libc_nano.a(lib_a-mbtowc_r.o)
                0x000000000001a014                __ascii_mbtowc
 .text.__malloc_lock
                0x000000000001a038       0x10 /usr/local/Cellar/arm-none-eabi-gcc/9-2019-q4-major/gcc/bin/../lib/gcc/arm-none-eabi/9.2.1/../../../../arm-none-eabi/lib/thumb/v6-m/nofp/libc_nano.a(lib_a-mlock.o)
                0x000000000001a038                __malloc_lock
 .text.__malloc_unlock
                0x000000000001a048       0x10 /usr/local/Cellar/arm-none-eabi-gcc/9-2019-q4-major/gcc/bin/../lib/gcc/arm-none-eabi/9.2.1/../../../../arm-none-eabi/lib/thumb/v6-m/nofp/libc_nano.a(lib_a-mlock.o)
                0x000000000001a048                __malloc_unlock
 .text.__ascii_wctomb
                0x000000000001a058       0x1a /usr/local/Cellar/arm-none-eabi-gcc/9-2019-q4-major/gcc/bin/../lib/gcc/arm-none-eabi/9.2.1/../../../../arm-none-eabi/lib/thumb/v6-m/nofp/libc_nano.a(lib_a-wctomb_r.o)
                0x000000000001a058                __ascii_wctomb
 .text.__retarget_lock_init_recursive
                0x000000000001a072        0x2 /usr/local/Cellar/arm-none-eabi-gcc/9-2019-q4-major/gcc/bin/../lib/gcc/arm-none-eabi/9.2.1/../../../../arm-none-eabi/lib/thumb/v6-m/nofp/libc_nano.a(lib_a-lock.o)
                0x000000000001a072                __retarget_lock_init_recursive
 .text.__retarget_lock_acquire_recursive
                0x000000000001a074        0x2 /usr/local/Cellar/arm-none-eabi-gcc/9-2019-q4-major/gcc/bin/../lib/gcc/arm-none-eabi/9.2.1/../../../../arm-none-eabi/lib/thumb/v6-m/nofp/libc_nano.a(lib_a-lock.o)
                0x000000000001a074                __retarget_lock_acquire_recursive
 .text.__retarget_lock_release_recursive
                0x000000000001a076        0x2 /usr/local/Cellar/arm-none-eabi-gcc/9-2019-q4-major/gcc/bin/../lib/gcc/arm-none-eabi/9.2.1/../../../../arm-none-eabi/lib/thumb/v6-m/nofp/libc_nano.a(lib_a-lock.o)
                0x000000000001a076                __retarget_lock_release_recursive
 .text._sbrk    0x000000000001a078       0x1c /usr/local/Cellar/arm-none-eabi-gcc/9-2019-q4-major/gcc/bin/../lib/gcc/arm-none-eabi/9.2.1/../../../../arm-none-eabi/lib/thumb/v6-m/nofp/libnosys.a(sbrk.o)
                0x000000000001a078                _sbrk
 .text._exit    0x000000000001a094        0x4 /usr/local/Cellar/arm-none-eabi-gcc/9-2019-q4-major/gcc/bin/../lib/gcc/arm-none-eabi/9.2.1/../../../../arm-none-eabi/lib/thumb/v6-m/nofp/libnosys.a(_exit.o)
                0x000000000001a094                _exit
 .text.SystemInit
                0x000000000001a098       0x40 _build/system_nrf51.o
                0x000000000001a098                SystemInit
 .text.is_manual_peripheral_setup_needed
                0x000000000001a0d8       0x80 _build/system_nrf51.o
 .text.is_disabled_in_debug_needed
                0x000000000001a158       0x4c _build/system_nrf51.o
 .text.nrf_gpio_cfg
                0x000000000001a1a4       0x60 _build/main.o
 .text.nrf_gpio_cfg_output
                0x000000000001a204       0x24 _build/main.o
 .text.nrf_gpio_pin_set
                0x000000000001a228       0x20 _build/main.o
 .text.nrf_gpio_pin_clear
                0x000000000001a248       0x24 _build/main.o
 .text.sd_ble_gap_address_set
                0x000000000001a26c        0x8 _build/main.o
 .text.sd_ble_gap_address_get
                0x000000000001a274        0x8 _build/main.o
 .text.sd_ble_gap_adv_start
                0x000000000001a27c        0x8 _build/main.o
 .text.sd_ble_gap_disconnect
                0x000000000001a284        0x8 _build/main.o
 .text.sd_ble_gap_ppcp_set
                0x000000000001a28c        0x8 _build/main.o
 .text.sd_ble_gap_device_name_set
                0x000000000001a294        0x8 _build/main.o
 .text.sd_ble_gap_sec_params_reply
                0x000000000001a29c        0x8 _build/main.o
 .text.sd_ble_gatts_sys_attr_set
                0x000000000001a2a4        0x8 _build/main.o
 .text.sd_ble_enable
                0x000000000001a2ac        0x8 _build/main.o
 .text.uart_error_handle
                0x000000000001a2b4       0x44 _build/main.o
                0x000000000001a2b4                uart_error_handle
 .text.assert_nrf_callback
                0x000000000001a2f8       0x28 _build/main.o
                0x000000000001a2f8                assert_nrf_callback
 .text.leds_init
                0x000000000001a320       0x5e _build/main.o
 *fill*         0x000000000001a37e        0x2 
 .text.timers_init
                0x000000000001a380       0x3c _build/main.o
 .text.gap_params_init
                0x000000000001a3bc       0xb0 _build/main.o
 .text.advertising_init
                0x000000000001a46c       0x8c _build/main.o
 .text.led_write_handler
                0x000000000001a4f8       0x2c _build/main.o
 .text.services_init
                0x000000000001a524       0x44 _build/main.o
 .text.on_conn_params_evt
                0x000000000001a568       0x48 _build/main.o
 .text.conn_params_error_handler
                0x000000000001a5b0       0x20 _build/main.o
 .text.conn_params_init
                0x000000000001a5d0       0x7c _build/main.o
 .text.advertising_start
                0x000000000001a64c       0x64 _build/main.o
 .text.on_ble_evt
                0x000000000001a6b0      0x108 _build/main.o
 .text.ble_evt_dispatch
                0x000000000001a7b8       0x30 _build/main.o
 .text.ble_stack_init
                0x000000000001a7e8       0xe8 _build/main.o
 .text.button_event_handler
                0x000000000001a8d0       0x84 _build/main.o
 .text.buttons_init
                0x000000000001a954       0x44 _build/main.o
 .text.main     0x000000000001a998      0x2d0 _build/main.o
                0x000000000001a998                main
 .text.nrf_delay_ms
                0x000000000001ac68       0x4c _build/nrf_delay.o
                0x000000000001ac68                nrf_delay_ms
 .text.app_error_handler
                0x000000000001acb4       0x70 _build/app_error.o
                0x000000000001acb4                app_error_handler
 .text.fifo_length
                0x000000000001ad24       0x1e _build/app_fifo.o
 .text.fifo_put
                0x000000000001ad42       0x36 _build/app_fifo.o
 .text.fifo_get
                0x000000000001ad78       0x32 _build/app_fifo.o
 .text.app_fifo_init
                0x000000000001adaa       0x5a _build/app_fifo.o
                0x000000000001adaa                app_fifo_init
 .text.app_fifo_put
                0x000000000001ae04       0x3c _build/app_fifo.o
                0x000000000001ae04                app_fifo_put
 .text.app_fifo_get
                0x000000000001ae40       0x30 _build/app_fifo.o
                0x000000000001ae40                app_fifo_get
 .text._write   0x000000000001ae70       0x38 _build/retarget.o
                0x000000000001ae70                _write
 .text._read    0x000000000001aea8       0x26 _build/retarget.o
                0x000000000001aea8                _read
 .text.fifo_length
                0x000000000001aece       0x1e _build/app_uart_fifo.o
 .text.uart_event_handler
                0x000000000001aeec      0x104 _build/app_uart_fifo.o
 .text.app_uart_init
                0x000000000001aff0      0x11c _build/app_uart_fifo.o
                0x000000000001aff0                app_uart_init
 .text.app_uart_get
                0x000000000001b10c       0x50 _build/app_uart_fifo.o
                0x000000000001b10c                app_uart_get
 .text.app_uart_put
                0x000000000001b15c       0x4c _build/app_uart_fifo.o
                0x000000000001b15c                app_uart_put
 .text.NVIC_EnableIRQ
                0x000000000001b1a8       0x2c _build/nrf_drv_common.o
 .text.NVIC_ClearPendingIRQ
                0x000000000001b1d4       0x34 _build/nrf_drv_common.o
 .text.NVIC_SetPriority
                0x000000000001b208       0xdc _build/nrf_drv_common.o
 .text.nrf_drv_common_irq_enable
                0x000000000001b2e4       0x44 _build/nrf_drv_common.o
                0x000000000001b2e4                nrf_drv_common_irq_enable
 .text.nrf_uart_event_clear
                0x000000000001b328       0x22 _build/nrf_drv_uart.o
 .text.nrf_uart_event_check
                0x000000000001b34a       0x26 _build/nrf_drv_uart.o
 .text.nrf_uart_int_enable
                0x000000000001b370       0x1c _build/nrf_drv_uart.o
 .text.nrf_uart_int_enable_check
                0x000000000001b38c       0x24 _build/nrf_drv_uart.o
 .text.nrf_uart_int_disable
                0x000000000001b3b0       0x1c _build/nrf_drv_uart.o
 .text.nrf_uart_errorsrc_get_and_clear
                0x000000000001b3cc       0x26 _build/nrf_drv_uart.o
 .text.nrf_uart_enable
                0x000000000001b3f2       0x1a _build/nrf_drv_uart.o
 .text.nrf_uart_txrx_pins_set
                0x000000000001b40c       0x2c _build/nrf_drv_uart.o
 .text.nrf_uart_hwfc_pins_set
                0x000000000001b438       0x28 _build/nrf_drv_uart.o
 .text.nrf_uart_rxd_get
                0x000000000001b460       0x1a _build/nrf_drv_uart.o
 *fill*         0x000000000001b47a        0x2 
 .text.nrf_uart_txd_set
                0x000000000001b47c       0x24 _build/nrf_drv_uart.o
 .text.nrf_uart_task_trigger
                0x000000000001b4a0       0x22 _build/nrf_drv_uart.o
 *fill*         0x000000000001b4c2        0x2 
 .text.nrf_uart_configure
                0x000000000001b4c4       0x38 _build/nrf_drv_uart.o
 .text.nrf_uart_baudrate_set
                0x000000000001b4fc       0x20 _build/nrf_drv_uart.o
 .text.nrf_gpio_cfg
                0x000000000001b51c       0x60 _build/nrf_drv_uart.o
 .text.nrf_gpio_cfg_output
                0x000000000001b57c       0x24 _build/nrf_drv_uart.o
 .text.nrf_gpio_cfg_input
                0x000000000001b5a0       0x2c _build/nrf_drv_uart.o
 .text.nrf_gpio_pin_set
                0x000000000001b5cc       0x20 _build/nrf_drv_uart.o
 .text.apply_config
                0x000000000001b5ec       0x9c _build/nrf_drv_uart.o
 .text.interrupts_enable
                0x000000000001b688       0x34 _build/nrf_drv_uart.o
 .text.uart_enable
                0x000000000001b6bc       0x18 _build/nrf_drv_uart.o
 .text.nrf_drv_uart_init
                0x000000000001b6d4       0x78 _build/nrf_drv_uart.o
                0x000000000001b6d4                nrf_drv_uart_init
 .text.tx_byte  0x000000000001b74c       0x54 _build/nrf_drv_uart.o
 .text.nrf_drv_uart_tx
                0x000000000001b7a0       0xfc _build/nrf_drv_uart.o
                0x000000000001b7a0                nrf_drv_uart_tx
 .text.rx_byte  0x000000000001b89c       0x48 _build/nrf_drv_uart.o
 .text.rx_enable
                0x000000000001b8e4       0x34 _build/nrf_drv_uart.o
 .text.nrf_drv_uart_rx
                0x000000000001b918      0x15c _build/nrf_drv_uart.o
                0x000000000001b918                nrf_drv_uart_rx
 .text.nrf_drv_uart_rx_enable
                0x000000000001ba74       0x28 _build/nrf_drv_uart.o
                0x000000000001ba74                nrf_drv_uart_rx_enable
 .text.rx_done_event
                0x000000000001ba9c       0x44 _build/nrf_drv_uart.o
 .text.tx_done_event
                0x000000000001bae0       0x44 _build/nrf_drv_uart.o
 .text.UART0_IRQHandler
                0x000000000001bb24      0x19c _build/nrf_drv_uart.o
                0x000000000001bb24                UART0_IRQHandler
 .text.NVIC_GetPriority
                0x000000000001bcc0       0x7c _build/nrf_drv_twi.o
 .text.nrf_twi_task_set
                0x000000000001bd3c       0x22 _build/nrf_drv_twi.o
 .text.nrf_twi_event_clear
                0x000000000001bd5e       0x22 _build/nrf_drv_twi.o
 .text.nrf_twi_event_check
                0x000000000001bd80       0x26 _build/nrf_drv_twi.o
 .text.nrf_twi_shorts_set
                0x000000000001bda6       0x28 _build/nrf_drv_twi.o
 .text.nrf_twi_shorts_clear
                0x000000000001bdce       0x2a _build/nrf_drv_twi.o
 .text.nrf_twi_int_enable
                0x000000000001bdf8       0x1c _build/nrf_drv_twi.o
 .text.nrf_twi_int_disable
                0x000000000001be14       0x1c _build/nrf_drv_twi.o
 .text.nrf_twi_frequency_set
                0x000000000001be30       0x20 _build/nrf_drv_twi.o
 .text.nrf_twi_error_source_get
                0x000000000001be50       0x28 _build/nrf_drv_twi.o
 .text.nrf_twi_enable
                0x000000000001be78       0x1a _build/nrf_drv_twi.o
 *fill*         0x000000000001be92        0x2 
 .text.nrf_twi_pins_set
                0x000000000001be94       0x2c _build/nrf_drv_twi.o
 .text.nrf_twi_rxd_get
                0x000000000001bec0       0x1a _build/nrf_drv_twi.o
 *fill*         0x000000000001beda        0x2 
 .text.nrf_twi_txd_set
                0x000000000001bedc       0x24 _build/nrf_drv_twi.o
 .text.nrf_twi_address_set
                0x000000000001bf00       0x22 _build/nrf_drv_twi.o
 .text.sd_nvic_critical_region_enter
                0x000000000001bf22        0x8 _build/nrf_drv_twi.o
 .text.sd_nvic_critical_region_exit
                0x000000000001bf2a        0x8 _build/nrf_drv_twi.o
 *fill*         0x000000000001bf32        0x2 
 .text.current_int_priority_get
                0x000000000001bf34       0x3c _build/nrf_drv_twi.o
 .text.nrf_gpio_pin_set
                0x000000000001bf70       0x20 _build/nrf_drv_twi.o
 .text.nrf_gpio_pin_clear
                0x000000000001bf90       0x24 _build/nrf_drv_twi.o
 .text.nrf_gpio_pin_read
                0x000000000001bfb4       0x24 _build/nrf_drv_twi.o
 .text.state_machine
                0x000000000001bfd8       0xd0 _build/nrf_drv_twi.o
 .text.txrx_shorts_set_task_start
                0x000000000001c0a8       0xe8 _build/nrf_drv_twi.o
 .text.address_req
                0x000000000001c190       0xa8 _build/nrf_drv_twi.o
 .text.rx_address_req
                0x000000000001c238       0xa8 _build/nrf_drv_twi.o
 .text.rx_prepare
                0x000000000001c2e0       0x18 _build/nrf_drv_twi.o
 .text.rx_done  0x000000000001c2f8       0x64 _build/nrf_drv_twi.o
 .text.tx_prepare
                0x000000000001c35c       0x48 _build/nrf_drv_twi.o
 .text.tx_done  0x000000000001c3a4       0x4c _build/nrf_drv_twi.o
 .text.on_error
                0x000000000001c3f0       0x94 _build/nrf_drv_twi.o
 .text.ack_error
                0x000000000001c484       0x30 _build/nrf_drv_twi.o
 .text.twi_action_wait
                0x000000000001c4b4       0xb4 _build/nrf_drv_twi.o
 .text.twi_clear_bus
                0x000000000001c568      0x160 _build/nrf_drv_twi.o
 .text.twi_transfer
                0x000000000001c6c8      0x1e4 _build/nrf_drv_twi.o
 .text.nrf_drv_twi_init
                0x000000000001c8ac      0x110 _build/nrf_drv_twi.o
                0x000000000001c8ac                nrf_drv_twi_init
 .text.nrf_drv_twi_enable
                0x000000000001c9bc       0xb0 _build/nrf_drv_twi.o
                0x000000000001c9bc                nrf_drv_twi_enable
 .text.nrf_drv_twi_tx
                0x000000000001ca6c       0x3a _build/nrf_drv_twi.o
                0x000000000001ca6c                nrf_drv_twi_tx
 .text.nrf_drv_twi_rx
                0x000000000001caa6       0x3a _build/nrf_drv_twi.o
                0x000000000001caa6                nrf_drv_twi_rx
 .text.nrf_drv_twi_int_handler
                0x000000000001cae0      0x1a0 _build/nrf_drv_twi.o
 .text.SPI0_TWI0_IRQHandler
                0x000000000001cc80       0x18 _build/nrf_drv_twi.o
                0x000000000001cc80                SPI0_TWI0_IRQHandler
 .text.twi_handler
                0x000000000001cc98       0x88 _build/i2c.o
                0x000000000001cc98                twi_handler
 .text.i2cInit  0x000000000001cd20       0x68 _build/i2c.o
                0x000000000001cd20                i2cInit
 .text.i2cWrite
                0x000000000001cd88       0x6c _build/i2c.o
                0x000000000001cd88                i2cWrite
 .text.i2cRead  0x000000000001cdf4       0x94 _build/i2c.o
                0x000000000001cdf4                i2cRead
 .text.LSM303init
                0x000000000001ce88       0x28 _build/LSM303AGR.o
                0x000000000001ce88                LSM303init
 .text.LSM303getAccel
                0x000000000001ceb0      0x1e8 _build/LSM303AGR.o
                0x000000000001ceb0                LSM303getAccel
 .text.LSM303dataReady
                0x000000000001d098       0x38 _build/LSM303AGR.o
                0x000000000001d098                LSM303dataReady
 .text.LSM303bitsToMg
                0x000000000001d0d0       0x4c _build/LSM303AGR.o
                0x000000000001d0d0                LSM303bitsToMg
 .text.mgToDeg  0x000000000001d11c      0x1e8 _build/LSM303AGR.o
                0x000000000001d11c                mgToDeg
 .text.LSM303defaultCal
                0x000000000001d304       0x58 _build/LSM303AGR.o
                0x000000000001d304                LSM303defaultCal
 .text.LSM303calibrate
                0x000000000001d35c      0x208 _build/LSM303AGR.o
                0x000000000001d35c                LSM303calibrate
 .text.is_word_aligned
                0x000000000001d564       0x1c _build/app_timer.o
 .text.NVIC_EnableIRQ
                0x000000000001d580       0x2c _build/app_timer.o
 .text.NVIC_DisableIRQ
                0x000000000001d5ac       0x30 _build/app_timer.o
 .text.NVIC_SetPendingIRQ
                0x000000000001d5dc       0x34 _build/app_timer.o
 .text.NVIC_ClearPendingIRQ
                0x000000000001d610       0x34 _build/app_timer.o
 .text.NVIC_SetPriority
                0x000000000001d644       0xdc _build/app_timer.o
 .text.NVIC_GetPriority
                0x000000000001d720       0x7c _build/app_timer.o
 .text.current_int_priority_get
                0x000000000001d79c       0x3c _build/app_timer.o
 .text.rtc1_init
                0x000000000001d7d8       0x28 _build/app_timer.o
 .text.rtc1_start
                0x000000000001d800       0x6c _build/app_timer.o
 .text.rtc1_stop
                0x000000000001d86c       0x9c _build/app_timer.o
 .text.rtc1_counter_get
                0x000000000001d908       0x18 _build/app_timer.o
 .text.ticks_diff_get
                0x000000000001d920       0x1c _build/app_timer.o
 .text.rtc1_compare0_set
                0x000000000001d93c       0x20 _build/app_timer.o
 .text.timer_list_insert
                0x000000000001d95c       0xb0 _build/app_timer.o
 .text.timer_list_remove
                0x000000000001da0c       0xa4 _build/app_timer.o
 .text.timer_timeouts_check_sched
                0x000000000001dab0       0x10 _build/app_timer.o
 .text.timer_list_handler_sched
                0x000000000001dac0       0x10 _build/app_timer.o
 .text.timeout_handler_exec
                0x000000000001dad0       0x5c _build/app_timer.o
 .text.timer_timeouts_check
                0x000000000001db2c       0xcc _build/app_timer.o
 .text.elapsed_ticks_acquire
                0x000000000001dbf8       0x7c _build/app_timer.o
 .text.list_deletions_handler
                0x000000000001dc74       0xe0 _build/app_timer.o
 .text.expired_timers_handler
                0x000000000001dd54       0x9c _build/app_timer.o
 .text.list_insertions_handler
                0x000000000001ddf0      0x194 _build/app_timer.o
 .text.compare_reg_update
                0x000000000001df84       0xe4 _build/app_timer.o
 .text.timer_list_handler
                0x000000000001e068       0x8c _build/app_timer.o
 .text.user_op_enque
                0x000000000001e0f4       0x1e _build/app_timer.o
 .text.user_op_alloc
                0x000000000001e112       0x64 _build/app_timer.o
 *fill*         0x000000000001e176        0x2 
 .text.timer_start_op_schedule
                0x000000000001e178       0x84 _build/app_timer.o
 .text.timer_stop_op_schedule
                0x000000000001e1fc       0x64 _build/app_timer.o
 .text.RTC1_IRQHandler
                0x000000000001e260       0x50 _build/app_timer.o
                0x000000000001e260                RTC1_IRQHandler
 .text.SWI0_IRQHandler
                0x000000000001e2b0        0xe _build/app_timer.o
                0x000000000001e2b0                SWI0_IRQHandler
 *fill*         0x000000000001e2be        0x2 
 .text.app_timer_init
                0x000000000001e2c0      0x108 _build/app_timer.o
                0x000000000001e2c0                app_timer_init
 .text.app_timer_create
                0x000000000001e3c8       0x6c _build/app_timer.o
                0x000000000001e3c8                app_timer_create
 .text.user_id_get
                0x000000000001e434       0x32 _build/app_timer.o
 *fill*         0x000000000001e466        0x2 
 .text.app_timer_start
                0x000000000001e468       0x74 _build/app_timer.o
                0x000000000001e468                app_timer_start
 .text.app_timer_stop
                0x000000000001e4dc       0x50 _build/app_timer.o
                0x000000000001e4dc                app_timer_stop
 .text.sd_ble_gap_address_get
                0x000000000001e52c        0x8 _build/ble_advdata.o
 .text.sd_ble_gap_adv_data_set
                0x000000000001e534        0x8 _build/ble_advdata.o
 .text.sd_ble_gap_appearance_get
                0x000000000001e53c        0x8 _build/ble_advdata.o
 .text.sd_ble_gap_device_name_get
                0x000000000001e544        0x8 _build/ble_advdata.o
 .text.sd_ble_uuid_encode
                0x000000000001e54c        0x8 _build/ble_advdata.o
 .text.uint16_encode
                0x000000000001e554       0x32 _build/ble_advdata.o
 .text.tk_value_encode
                0x000000000001e586       0xac _build/ble_advdata.o
 .text.le_role_encode
                0x000000000001e632       0xd8 _build/ble_advdata.o
 .text.ble_device_addr_encode
                0x000000000001e70a       0xce _build/ble_advdata.o
 .text.name_encode
                0x000000000001e7d8      0x15c _build/ble_advdata.o
 .text.appearance_encode
                0x000000000001e934       0xa0 _build/ble_advdata.o
 .text.flags_encode
                0x000000000001e9d4       0x8a _build/ble_advdata.o
 .text.sec_mgr_oob_flags_encode
                0x000000000001ea5e       0x8a _build/ble_advdata.o
 .text.tx_power_level_encode
                0x000000000001eae8       0x8a _build/ble_advdata.o
 .text.uuid_list_sized_encode
                0x000000000001eb72      0x192 _build/ble_advdata.o
 .text.uuid_list_encode
                0x000000000001ed04       0x8a _build/ble_advdata.o
 *fill*         0x000000000001ed8e        0x2 
 .text.conn_int_check
                0x000000000001ed90       0x80 _build/ble_advdata.o
 .text.conn_int_encode
                0x000000000001ee10       0xc8 _build/ble_advdata.o
 .text.manuf_specific_data_encode
                0x000000000001eed8       0xe4 _build/ble_advdata.o
 .text.service_data_encode
                0x000000000001efbc      0x114 _build/ble_advdata.o
 .text.adv_data_encode
                0x000000000001f0d0      0x284 _build/ble_advdata.o
                0x000000000001f0d0                adv_data_encode
 .text.advdata_check
                0x000000000001f354       0x22 _build/ble_advdata.o
 .text.srdata_check
                0x000000000001f376       0x1e _build/ble_advdata.o
 .text.ble_advdata_set
                0x000000000001f394       0xd8 _build/ble_advdata.o
                0x000000000001f394                ble_advdata_set
 .text.sd_ble_gap_conn_param_update
                0x000000000001f46c        0x8 _build/ble_conn_params.o
 .text.sd_ble_gap_disconnect
                0x000000000001f474        0x8 _build/ble_conn_params.o
 .text.sd_ble_gap_ppcp_set
                0x000000000001f47c        0x8 _build/ble_conn_params.o
 .text.sd_ble_gap_ppcp_get
                0x000000000001f484        0x8 _build/ble_conn_params.o
 .text.uint16_decode
                0x000000000001f48c       0x26 _build/ble_conn_params.o
 .text.ble_srv_is_notification_enabled
                0x000000000001f4b2       0x2e _build/ble_conn_params.o
 .text.is_conn_params_ok
                0x000000000001f4e0       0x34 _build/ble_conn_params.o
 .text.update_timeout_handler
                0x000000000001f514       0xc4 _build/ble_conn_params.o
 .text.ble_conn_params_init
                0x000000000001f5d8       0xa4 _build/ble_conn_params.o
                0x000000000001f5d8                ble_conn_params_init
 .text.conn_params_negotiation
                0x000000000001f67c       0xb8 _build/ble_conn_params.o
 .text.on_connect
                0x000000000001f734       0x4c _build/ble_conn_params.o
 .text.on_disconnect
                0x000000000001f780       0x54 _build/ble_conn_params.o
 .text.on_write
                0x000000000001f7d4       0x6c _build/ble_conn_params.o
 .text.on_conn_params_update
                0x000000000001f840       0x2c _build/ble_conn_params.o
 .text.ble_conn_params_on_ble_evt
                0x000000000001f86c       0x54 _build/ble_conn_params.o
                0x000000000001f86c                ble_conn_params_on_ble_evt
 .text.sd_ble_gatts_service_add
                0x000000000001f8c0        0x8 _build/ble_lbs.o
 .text.sd_ble_gatts_characteristic_add
                0x000000000001f8c8        0x8 _build/ble_lbs.o
 .text.sd_ble_gatts_hvx
                0x000000000001f8d0        0x8 _build/ble_lbs.o
 .text.sd_ble_uuid_vs_add
                0x000000000001f8d8        0x8 _build/ble_lbs.o
 .text.on_connect
                0x000000000001f8e0       0x1a _build/ble_lbs.o
 .text.on_disconnect
                0x000000000001f8fa       0x1a _build/ble_lbs.o
 .text.on_write
                0x000000000001f914       0x42 _build/ble_lbs.o
 .text.ble_lbs_on_ble_evt
                0x000000000001f956       0x52 _build/ble_lbs.o
                0x000000000001f956                ble_lbs_on_ble_evt
 .text.led_char_add
                0x000000000001f9a8      0x130 _build/ble_lbs.o
 .text.button_char_add
                0x000000000001fad8      0x180 _build/ble_lbs.o
 .text.ble_lbs_init
                0x000000000001fc58       0xb8 _build/ble_lbs.o
                0x000000000001fc58                ble_lbs_init
 .text.ble_lbs_on_button_change
                0x000000000001fd10       0x58 _build/ble_lbs.o
                0x000000000001fd10                ble_lbs_on_button_change
 .text.sd_nvic_EnableIRQ
                0x000000000001fd68        0x8 _build/softdevice_handler.o
 .text.sd_evt_get
                0x000000000001fd70        0x8 _build/softdevice_handler.o
 .text.sd_softdevice_enable
                0x000000000001fd78        0x8 _build/softdevice_handler.o
 .text.is_word_aligned
                0x000000000001fd80       0x1c _build/softdevice_handler.o
 .text.sd_ble_evt_get
                0x000000000001fd9c        0x8 _build/softdevice_handler.o
 .text.softdevice_assertion_handler
                0x000000000001fda4       0x28 _build/softdevice_handler.o
                0x000000000001fda4                softdevice_assertion_handler
 .text.intern_softdevice_events_execute
                0x000000000001fdcc      0x10c _build/softdevice_handler.o
                0x000000000001fdcc                intern_softdevice_events_execute
 .text.softdevice_handler_init
                0x000000000001fed8       0x8c _build/softdevice_handler.o
                0x000000000001fed8                softdevice_handler_init
 .text.softdevice_ble_evt_handler_set
                0x000000000001ff64       0x28 _build/softdevice_handler.o
                0x000000000001ff64                softdevice_ble_evt_handler_set
 .text.SWI2_IRQHandler
                0x000000000001ff8c       0x48 _build/softdevice_handler.o
                0x000000000001ff8c                SWI2_IRQHandler
 .text.nrf_gpiote_event_is_set
                0x000000000001ffd4       0x2a _build/nrf_drv_gpiote.o
 .text.nrf_gpiote_event_clear
                0x000000000001fffe       0x24 _build/nrf_drv_gpiote.o
 *fill*         0x0000000000020022        0x2 
 .text.nrf_gpiote_event_addr_get
                0x0000000000020024       0x24 _build/nrf_drv_gpiote.o
 .text.nrf_gpiote_int_enable
                0x0000000000020048       0x20 _build/nrf_drv_gpiote.o
 .text.nrf_gpiote_int_disable
                0x0000000000020068       0x20 _build/nrf_drv_gpiote.o
 .text.nrf_gpiote_int_is_enabled
                0x0000000000020088       0x20 _build/nrf_drv_gpiote.o
 .text.nrf_gpiote_event_enable
                0x00000000000200a8       0x30 _build/nrf_drv_gpiote.o
 .text.nrf_gpiote_event_disable
                0x00000000000200d8       0x34 _build/nrf_drv_gpiote.o
 .text.nrf_gpiote_event_configure
                0x000000000002010c       0x70 _build/nrf_drv_gpiote.o
 .text.nrf_gpiote_event_pin_get
                0x000000000002017c       0x28 _build/nrf_drv_gpiote.o
 .text.nrf_gpiote_event_polarity_get
                0x00000000000201a4       0x28 _build/nrf_drv_gpiote.o
 .text.nrf_gpio_cfg
                0x00000000000201cc       0x60 _build/nrf_drv_gpiote.o
 .text.nrf_gpio_cfg_input
                0x000000000002022c       0x2c _build/nrf_drv_gpiote.o
 .text.nrf_gpio_cfg_watcher
                0x0000000000020258       0x34 _build/nrf_drv_gpiote.o
 .text.nrf_gpio_cfg_sense_set
                0x000000000002028c       0x60 _build/nrf_drv_gpiote.o
 .text.nrf_gpio_pin_read
                0x00000000000202ec       0x24 _build/nrf_drv_gpiote.o
 .text.nrf_gpio_pins_read
                0x0000000000020310       0x14 _build/nrf_drv_gpiote.o
 .text.nrf_gpio_pin_sense_get
                0x0000000000020324       0x26 _build/nrf_drv_gpiote.o
 *fill*         0x000000000002034a        0x2 
 .text.pin_in_use_by_te
                0x000000000002034c       0x48 _build/nrf_drv_gpiote.o
 .text.pin_in_use_by_port
                0x0000000000020394       0x30 _build/nrf_drv_gpiote.o
 .text.pin_in_use_by_gpiote
                0x00000000000203c4       0x2c _build/nrf_drv_gpiote.o
 .text.pin_in_use_by_te_set
                0x00000000000203f0       0x5c _build/nrf_drv_gpiote.o
 .text.pin_in_use_clear
                0x000000000002044c       0x24 _build/nrf_drv_gpiote.o
 .text.channel_port_get
                0x0000000000020470       0x24 _build/nrf_drv_gpiote.o
 .text.channel_handler_get
                0x0000000000020494       0x1c _build/nrf_drv_gpiote.o
 .text.channel_port_alloc
                0x00000000000204b0       0x84 _build/nrf_drv_gpiote.o
 .text.channel_free
                0x0000000000020534       0x40 _build/nrf_drv_gpiote.o
 .text.nrf_drv_gpiote_init
                0x0000000000020574       0x84 _build/nrf_drv_gpiote.o
                0x0000000000020574                nrf_drv_gpiote_init
 .text.nrf_drv_gpiote_is_init
                0x00000000000205f8       0x1c _build/nrf_drv_gpiote.o
                0x00000000000205f8                nrf_drv_gpiote_is_init
 .text.nrf_drv_gpiote_in_init
                0x0000000000020614       0xcc _build/nrf_drv_gpiote.o
                0x0000000000020614                nrf_drv_gpiote_in_init
 .text.nrf_drv_gpiote_in_event_enable
                0x00000000000206e0      0x10c _build/nrf_drv_gpiote.o
                0x00000000000206e0                nrf_drv_gpiote_in_event_enable
 .text.nrf_drv_gpiote_in_event_disable
                0x00000000000207ec       0x56 _build/nrf_drv_gpiote.o
                0x00000000000207ec                nrf_drv_gpiote_in_event_disable
 .text.nrf_drv_gpiote_in_is_set
                0x0000000000020842       0x20 _build/nrf_drv_gpiote.o
                0x0000000000020842                nrf_drv_gpiote_in_is_set
 *fill*         0x0000000000020862        0x2 
 .text.GPIOTE_IRQHandler
                0x0000000000020864      0x1dc _build/nrf_drv_gpiote.o
                0x0000000000020864                GPIOTE_IRQHandler
 .text.detection_delay_timeout_handler
                0x0000000000020a40       0xe0 _build/app_button.o
 .text.gpiote_event_handler
                0x0000000000020b20       0xa4 _build/app_button.o
 .text.app_button_init
                0x0000000000020bc4       0xf8 _build/app_button.o
                0x0000000000020bc4                app_button_init
 .text.app_button_enable
                0x0000000000020cbc       0x44 _build/app_button.o
                0x0000000000020cbc                app_button_enable
 .text.app_button_disable
                0x0000000000020d00       0x50 _build/app_button.o
                0x0000000000020d00                app_button_disable
 .text          0x0000000000020d50       0x54 _build/gcc_startup_nrf51.o
                0x0000000000020d50                Reset_Handler
                0x0000000000020d98                NMI_Handler
                0x0000000000020d9a                HardFault_Handler
                0x0000000000020d9c                SVC_Handler
                0x0000000000020d9e                PendSV_Handler
                0x0000000000020da0                SysTick_Handler
                0x0000000000020da2                TEMP_IRQHandler
                0x0000000000020da2                QDEC_IRQHandler
                0x0000000000020da2                SWI5_IRQHandler
                0x0000000000020da2                TIMER0_IRQHandler
                0x0000000000020da2                TIMER1_IRQHandler
                0x0000000000020da2                ECB_IRQHandler
                0x0000000000020da2                Default_Handler
                0x0000000000020da2                ADC_IRQHandler
                0x0000000000020da2                SWI3_IRQHandler
                0x0000000000020da2                CCM_AAR_IRQHandler
                0x0000000000020da2                WDT_IRQHandler
                0x0000000000020da2                RNG_IRQHandler
                0x0000000000020da2                SPI1_TWI1_IRQHandler
                0x0000000000020da2                TIMER2_IRQHandler
                0x0000000000020da2                SWI1_IRQHandler
                0x0000000000020da2                RTC0_IRQHandler
                0x0000000000020da2                POWER_CLOCK_IRQHandler
                0x0000000000020da2                RADIO_IRQHandler
                0x0000000000020da2                LPCOMP_IRQHandler
                0x0000000000020da2                SWI4_IRQHandler
 .text.atan     0x0000000000020da4      0x338 /usr/local/Cellar/arm-none-eabi-gcc/9-2019-q4-major/gcc/bin/../lib/gcc/arm-none-eabi/9.2.1/../../../../arm-none-eabi/lib/thumb/v6-m/nofp/libm.a(lib_a-s_atan.o)
                0x0000000000020da4                atan
 .text.fabs     0x00000000000210dc        0x8 /usr/local/Cellar/arm-none-eabi-gcc/9-2019-q4-major/gcc/bin/../lib/gcc/arm-none-eabi/9.2.1/../../../../arm-none-eabi/lib/thumb/v6-m/nofp/libm.a(lib_a-s_fabs.o)
                0x00000000000210dc                fabs
 .text.exp2     0x00000000000210e4       0x14 /usr/local/Cellar/arm-none-eabi-gcc/9-2019-q4-major/gcc/bin/../lib/gcc/arm-none-eabi/9.2.1/../../../../arm-none-eabi/lib/thumb/v6-m/nofp/libm.a(lib_a-w_exp2.o)
                0x00000000000210e4                exp2
 .text.pow      0x00000000000210f8      0x37c /usr/local/Cellar/arm-none-eabi-gcc/9-2019-q4-major/gcc/bin/../lib/gcc/arm-none-eabi/9.2.1/../../../../arm-none-eabi/lib/thumb/v6-m/nofp/libm.a(lib_a-w_pow.o)
                0x00000000000210f8                pow
 .text.sqrt     0x0000000000021474       0xc8 /usr/local/Cellar/arm-none-eabi-gcc/9-2019-q4-major/gcc/bin/../lib/gcc/arm-none-eabi/9.2.1/../../../../arm-none-eabi/lib/thumb/v6-m/nofp/libm.a(lib_a-w_sqrt.o)
                0x0000000000021474                sqrt
 .text.__ieee754_pow
                0x000000000002153c      0xad8 /usr/local/Cellar/arm-none-eabi-gcc/9-2019-q4-major/gcc/bin/../lib/gcc/arm-none-eabi/9.2.1/../../../../arm-none-eabi/lib/thumb/v6-m/nofp/libm.a(lib_a-e_pow.o)
                0x000000000002153c                __ieee754_pow
 .text.__ieee754_sqrt
                0x0000000000022014      0x1b0 /usr/local/Cellar/arm-none-eabi-gcc/9-2019-q4-major/gcc/bin/../lib/gcc/arm-none-eabi/9.2.1/../../../../arm-none-eabi/lib/thumb/v6-m/nofp/libm.a(lib_a-e_sqrt.o)
                0x0000000000022014                __ieee754_sqrt
 .text.finite   0x00000000000221c4       0x14 /usr/local/Cellar/arm-none-eabi-gcc/9-2019-q4-major/gcc/bin/../lib/gcc/arm-none-eabi/9.2.1/../../../../arm-none-eabi/lib/thumb/v6-m/nofp/libm.a(lib_a-s_finite.o)
                0x00000000000221c4                finite
 .text.matherr  0x00000000000221d8        0x4 /usr/local/Cellar/arm-none-eabi-gcc/9-2019-q4-major/gcc/bin/../lib/gcc/arm-none-eabi/9.2.1/../../../../arm-none-eabi/lib/thumb/v6-m/nofp/libm.a(lib_a-s_matherr.o)
                0x00000000000221d8                matherr
 .text.nan      0x00000000000221dc        0xc /usr/local/Cellar/arm-none-eabi-gcc/9-2019-q4-major/gcc/bin/../lib/gcc/arm-none-eabi/9.2.1/../../../../arm-none-eabi/lib/thumb/v6-m/nofp/libm.a(lib_a-s_nan.o)
                0x00000000000221dc                nan
 .text.rint     0x00000000000221e8      0x120 /usr/local/Cellar/arm-none-eabi-gcc/9-2019-q4-major/gcc/bin/../lib/gcc/arm-none-eabi/9.2.1/../../../../arm-none-eabi/lib/thumb/v6-m/nofp/libm.a(lib_a-s_rint.o)
                0x00000000000221e8                rint
 .text.scalbn   0x0000000000022308       0xf8 /usr/local/Cellar/arm-none-eabi-gcc/9-2019-q4-major/gcc/bin/../lib/gcc/arm-none-eabi/9.2.1/../../../../arm-none-eabi/lib/thumb/v6-m/nofp/libm.a(lib_a-s_scalbn.o)
                0x0000000000022308                scalbn
 .text          0x0000000000022400       0x14 /usr/local/Cellar/arm-none-eabi-gcc/9-2019-q4-major/gcc/bin/../lib/gcc/arm-none-eabi/9.2.1/thumb/v6-m/nofp/libgcc.a(_thumb1_case_uqi.o)
                0x0000000000022400                __gnu_thumb1_case_uqi
 .text          0x0000000000022414       0x14 /usr/local/Cellar/arm-none-eabi-gcc/9-2019-q4-major/gcc/bin/../lib/gcc/arm-none-eabi/9.2.1/thumb/v6-m/nofp/libgcc.a(_thumb1_case_shi.o)
                0x0000000000022414                __gnu_thumb1_case_shi
 .text          0x0000000000022428      0x114 /usr/local/Cellar/arm-none-eabi-gcc/9-2019-q4-major/gcc/bin/../lib/gcc/arm-none-eabi/9.2.1/thumb/v6-m/nofp/libgcc.a(_udivsi3.o)
                0x0000000000022428                __udivsi3
                0x0000000000022428                __aeabi_uidiv
                0x0000000000022534                __aeabi_uidivmod
 .text          0x000000000002253c      0x1d4 /usr/local/Cellar/arm-none-eabi-gcc/9-2019-q4-major/gcc/bin/../lib/gcc/arm-none-eabi/9.2.1/thumb/v6-m/nofp/libgcc.a(_divsi3.o)
                0x000000000002253c                __aeabi_idiv
                0x000000000002253c                __divsi3
                0x0000000000022708                __aeabi_idivmod
 .text          0x0000000000022710        0x4 /usr/local/Cellar/arm-none-eabi-gcc/9-2019-q4-major/gcc/bin/../lib/gcc/arm-none-eabi/9.2.1/thumb/v6-m/nofp/libgcc.a(_dvmd_tls.o)
                0x0000000000022710                __aeabi_ldiv0
                0x0000000000022710                __aeabi_idiv0
 .text          0x0000000000022714       0x7c /usr/local/Cellar/arm-none-eabi-gcc/9-2019-q4-major/gcc/bin/../lib/gcc/arm-none-eabi/9.2.1/thumb/v6-m/nofp/libgcc.a(_arm_cmpdf2.o)
                0x0000000000022714                __aeabi_cdrcmple
                0x0000000000022724                __aeabi_cdcmple
                0x0000000000022724                __aeabi_cdcmpeq
                0x0000000000022734                __aeabi_dcmpeq
                0x0000000000022740                __aeabi_dcmplt
                0x0000000000022754                __aeabi_dcmple
                0x0000000000022768                __aeabi_dcmpgt
                0x000000000002277c                __aeabi_dcmpge
 .text          0x0000000000022790       0x74 /usr/local/Cellar/arm-none-eabi-gcc/9-2019-q4-major/gcc/bin/../lib/gcc/arm-none-eabi/9.2.1/thumb/v6-m/nofp/libgcc.a(_arm_cmpsf2.o)
                0x0000000000022790                __aeabi_cfrcmple
                0x0000000000022798                __aeabi_cfcmple
                0x0000000000022798                __aeabi_cfcmpeq
                0x00000000000227a8                __aeabi_fcmpeq
                0x00000000000227b4                __aeabi_fcmplt
                0x00000000000227c8                __aeabi_fcmple
                0x00000000000227dc                __aeabi_fcmpgt
                0x00000000000227f0                __aeabi_fcmpge
 .text          0x0000000000022804      0x218 /usr/local/Cellar/arm-none-eabi-gcc/9-2019-q4-major/gcc/bin/../lib/gcc/arm-none-eabi/9.2.1/thumb/v6-m/nofp/libgcc.a(divsf3.o)
                0x0000000000022804                __aeabi_fdiv
 .text          0x0000000000022a1c       0x50 /usr/local/Cellar/arm-none-eabi-gcc/9-2019-q4-major/gcc/bin/../lib/gcc/arm-none-eabi/9.2.1/thumb/v6-m/nofp/libgcc.a(eqsf2.o)
                0x0000000000022a1c                __nesf2
                0x0000000000022a1c                __eqsf2
 .text          0x0000000000022a6c       0x98 /usr/local/Cellar/arm-none-eabi-gcc/9-2019-q4-major/gcc/bin/../lib/gcc/arm-none-eabi/9.2.1/thumb/v6-m/nofp/libgcc.a(gesf2.o)
                0x0000000000022a6c                __gtsf2
                0x0000000000022a6c                __gesf2
 .text          0x0000000000022b04       0x94 /usr/local/Cellar/arm-none-eabi-gcc/9-2019-q4-major/gcc/bin/../lib/gcc/arm-none-eabi/9.2.1/thumb/v6-m/nofp/libgcc.a(lesf2.o)
                0x0000000000022b04                __lesf2
                0x0000000000022b04                __ltsf2
 .text          0x0000000000022b98      0x234 /usr/local/Cellar/arm-none-eabi-gcc/9-2019-q4-major/gcc/bin/../lib/gcc/arm-none-eabi/9.2.1/thumb/v6-m/nofp/libgcc.a(mulsf3.o)
                0x0000000000022b98                __aeabi_fmul
 .text          0x0000000000022dcc      0x390 /usr/local/Cellar/arm-none-eabi-gcc/9-2019-q4-major/gcc/bin/../lib/gcc/arm-none-eabi/9.2.1/thumb/v6-m/nofp/libgcc.a(subsf3.o)
                0x0000000000022dcc                __aeabi_fsub
 .text          0x000000000002315c       0x8c /usr/local/Cellar/arm-none-eabi-gcc/9-2019-q4-major/gcc/bin/../lib/gcc/arm-none-eabi/9.2.1/thumb/v6-m/nofp/libgcc.a(floatsisf.o)
                0x000000000002315c                __aeabi_i2f
 .text          0x00000000000231e8      0x6d4 /usr/local/Cellar/arm-none-eabi-gcc/9-2019-q4-major/gcc/bin/../lib/gcc/arm-none-eabi/9.2.1/thumb/v6-m/nofp/libgcc.a(adddf3.o)
                0x00000000000231e8                __aeabi_dadd
 .text          0x00000000000238bc      0x5d0 /usr/local/Cellar/arm-none-eabi-gcc/9-2019-q4-major/gcc/bin/../lib/gcc/arm-none-eabi/9.2.1/thumb/v6-m/nofp/libgcc.a(divdf3.o)
                0x00000000000238bc                __aeabi_ddiv
 .text          0x0000000000023e8c       0x78 /usr/local/Cellar/arm-none-eabi-gcc/9-2019-q4-major/gcc/bin/../lib/gcc/arm-none-eabi/9.2.1/thumb/v6-m/nofp/libgcc.a(eqdf2.o)
                0x0000000000023e8c                __eqdf2
                0x0000000000023e8c                __nedf2
 .text          0x0000000000023f04       0xe4 /usr/local/Cellar/arm-none-eabi-gcc/9-2019-q4-major/gcc/bin/../lib/gcc/arm-none-eabi/9.2.1/thumb/v6-m/nofp/libgcc.a(gedf2.o)
                0x0000000000023f04                __gtdf2
                0x0000000000023f04                __gedf2
 .text          0x0000000000023fe8       0xe0 /usr/local/Cellar/arm-none-eabi-gcc/9-2019-q4-major/gcc/bin/../lib/gcc/arm-none-eabi/9.2.1/thumb/v6-m/nofp/libgcc.a(ledf2.o)
                0x0000000000023fe8                __ltdf2
                0x0000000000023fe8                __ledf2
 .text          0x00000000000240c8      0x4d8 /usr/local/Cellar/arm-none-eabi-gcc/9-2019-q4-major/gcc/bin/../lib/gcc/arm-none-eabi/9.2.1/thumb/v6-m/nofp/libgcc.a(muldf3.o)
                0x00000000000240c8                __aeabi_dmul
 .text          0x00000000000245a0      0x724 /usr/local/Cellar/arm-none-eabi-gcc/9-2019-q4-major/gcc/bin/../lib/gcc/arm-none-eabi/9.2.1/thumb/v6-m/nofp/libgcc.a(subdf3.o)
                0x00000000000245a0                __aeabi_dsub
 .text          0x0000000000024cc4       0x3c /usr/local/Cellar/arm-none-eabi-gcc/9-2019-q4-major/gcc/bin/../lib/gcc/arm-none-eabi/9.2.1/thumb/v6-m/nofp/libgcc.a(unorddf2.o)
                0x0000000000024cc4                __aeabi_dcmpun
 .text          0x0000000000024d00       0x6c /usr/local/Cellar/arm-none-eabi-gcc/9-2019-q4-major/gcc/bin/../lib/gcc/arm-none-eabi/9.2.1/thumb/v6-m/nofp/libgcc.a(fixdfsi.o)
                0x0000000000024d00                __aeabi_d2iz
 .text          0x0000000000024d6c       0x60 /usr/local/Cellar/arm-none-eabi-gcc/9-2019-q4-major/gcc/bin/../lib/gcc/arm-none-eabi/9.2.1/thumb/v6-m/nofp/libgcc.a(floatsidf.o)
                0x0000000000024d6c                __aeabi_i2d
 .text          0x0000000000024dcc       0x4c /usr/local/Cellar/arm-none-eabi-gcc/9-2019-q4-major/gcc/bin/../lib/gcc/arm-none-eabi/9.2.1/thumb/v6-m/nofp/libgcc.a(floatunsidf.o)
                0x0000000000024dcc                __aeabi_ui2d
 .text          0x0000000000024e18       0x90 /usr/local/Cellar/arm-none-eabi-gcc/9-2019-q4-major/gcc/bin/../lib/gcc/arm-none-eabi/9.2.1/thumb/v6-m/nofp/libgcc.a(extendsfdf2.o)
                0x0000000000024e18                __aeabi_f2d
 .text          0x0000000000024ea8      0x110 /usr/local/Cellar/arm-none-eabi-gcc/9-2019-q4-major/gcc/bin/../lib/gcc/arm-none-eabi/9.2.1/thumb/v6-m/nofp/libgcc.a(truncdfsf2.o)
                0x0000000000024ea8                __aeabi_d2f
 .text          0x0000000000024fb8       0x3c /usr/local/Cellar/arm-none-eabi-gcc/9-2019-q4-major/gcc/bin/../lib/gcc/arm-none-eabi/9.2.1/thumb/v6-m/nofp/libgcc.a(_clzsi2.o)
                0x0000000000024fb8                __clzsi2
 .text.__errno  0x0000000000024ff4        0xc /usr/local/Cellar/arm-none-eabi-gcc/9-2019-q4-major/gcc/bin/../lib/gcc/arm-none-eabi/9.2.1/../../../../arm-none-eabi/lib/thumb/v6-m/nofp/libc_nano.a(lib_a-errno.o)
                0x0000000000024ff4                __errno
 .text.printf   0x0000000000025000       0x34 /usr/local/Cellar/arm-none-eabi-gcc/9-2019-q4-major/gcc/bin/../lib/gcc/arm-none-eabi/9.2.1/../../../../arm-none-eabi/lib/thumb/v6-m/nofp/libc_nano.a(lib_a-printf.o)
                0x0000000000025000                printf
                0x0000000000025000                iprintf
 .text.std      0x0000000000025034       0x48 /usr/local/Cellar/arm-none-eabi-gcc/9-2019-q4-major/gcc/bin/../lib/gcc/arm-none-eabi/9.2.1/../../../../arm-none-eabi/lib/thumb/v6-m/nofp/libc_nano.a(lib_a-findfp.o)
 .text._cleanup_r
                0x000000000002507c       0x10 /usr/local/Cellar/arm-none-eabi-gcc/9-2019-q4-major/gcc/bin/../lib/gcc/arm-none-eabi/9.2.1/../../../../arm-none-eabi/lib/thumb/v6-m/nofp/libc_nano.a(lib_a-findfp.o)
                0x000000000002507c                _cleanup_r
 .text.__sfmoreglue
                0x000000000002508c       0x2c /usr/local/Cellar/arm-none-eabi-gcc/9-2019-q4-major/gcc/bin/../lib/gcc/arm-none-eabi/9.2.1/../../../../arm-none-eabi/lib/thumb/v6-m/nofp/libc_nano.a(lib_a-findfp.o)
                0x000000000002508c                __sfmoreglue
 .text.__sfp_lock_acquire
                0x00000000000250b8       0x10 /usr/local/Cellar/arm-none-eabi-gcc/9-2019-q4-major/gcc/bin/../lib/gcc/arm-none-eabi/9.2.1/../../../../arm-none-eabi/lib/thumb/v6-m/nofp/libc_nano.a(lib_a-findfp.o)
                0x00000000000250b8                __sfp_lock_acquire
 .text.__sfp_lock_release
                0x00000000000250c8       0x10 /usr/local/Cellar/arm-none-eabi-gcc/9-2019-q4-major/gcc/bin/../lib/gcc/arm-none-eabi/9.2.1/../../../../arm-none-eabi/lib/thumb/v6-m/nofp/libc_nano.a(lib_a-findfp.o)
                0x00000000000250c8                __sfp_lock_release
 .text.__sinit_lock_acquire
                0x00000000000250d8       0x10 /usr/local/Cellar/arm-none-eabi-gcc/9-2019-q4-major/gcc/bin/../lib/gcc/arm-none-eabi/9.2.1/../../../../arm-none-eabi/lib/thumb/v6-m/nofp/libc_nano.a(lib_a-findfp.o)
                0x00000000000250d8                __sinit_lock_acquire
 .text.__sinit_lock_release
                0x00000000000250e8       0x10 /usr/local/Cellar/arm-none-eabi-gcc/9-2019-q4-major/gcc/bin/../lib/gcc/arm-none-eabi/9.2.1/../../../../arm-none-eabi/lib/thumb/v6-m/nofp/libc_nano.a(lib_a-findfp.o)
                0x00000000000250e8                __sinit_lock_release
 .text.__sinit  0x00000000000250f8       0x70 /usr/local/Cellar/arm-none-eabi-gcc/9-2019-q4-major/gcc/bin/../lib/gcc/arm-none-eabi/9.2.1/../../../../arm-none-eabi/lib/thumb/v6-m/nofp/libc_nano.a(lib_a-findfp.o)
                0x00000000000250f8                __sinit
 .text.__sfp    0x0000000000025168       0x90 /usr/local/Cellar/arm-none-eabi-gcc/9-2019-q4-major/gcc/bin/../lib/gcc/arm-none-eabi/9.2.1/../../../../arm-none-eabi/lib/thumb/v6-m/nofp/libc_nano.a(lib_a-findfp.o)
                0x0000000000025168                __sfp
 .text._fwalk_reent
                0x00000000000251f8       0x40 /usr/local/Cellar/arm-none-eabi-gcc/9-2019-q4-major/gcc/bin/../lib/gcc/arm-none-eabi/9.2.1/../../../../arm-none-eabi/lib/thumb/v6-m/nofp/libc_nano.a(lib_a-fwalk.o)
                0x00000000000251f8                _fwalk_reent
 .text.__sfputc_r
                0x0000000000025238       0x2a /usr/local/Cellar/arm-none-eabi-gcc/9-2019-q4-major/gcc/bin/../lib/gcc/arm-none-eabi/9.2.1/../../../../arm-none-eabi/lib/thumb/v6-m/nofp/libc_nano.a(lib_a-nano-vfprintf.o)
 .text.__sfputs_r
                0x0000000000025262       0x24 /usr/local/Cellar/arm-none-eabi-gcc/9-2019-q4-major/gcc/bin/../lib/gcc/arm-none-eabi/9.2.1/../../../../arm-none-eabi/lib/thumb/v6-m/nofp/libc_nano.a(lib_a-nano-vfprintf.o)
                0x0000000000025262                __sfputs_r
 *fill*         0x0000000000025286        0x2 
 .text._vfprintf_r
                0x0000000000025288      0x274 /usr/local/Cellar/arm-none-eabi-gcc/9-2019-q4-major/gcc/bin/../lib/gcc/arm-none-eabi/9.2.1/../../../../arm-none-eabi/lib/thumb/v6-m/nofp/libc_nano.a(lib_a-nano-vfprintf.o)
                0x0000000000025288                _vfiprintf_r
                0x0000000000025288                _vfprintf_r
 .text.__sread  0x00000000000254fc       0x28 /usr/local/Cellar/arm-none-eabi-gcc/9-2019-q4-major/gcc/bin/../lib/gcc/arm-none-eabi/9.2.1/../../../../arm-none-eabi/lib/thumb/v6-m/nofp/libc_nano.a(lib_a-stdio.o)
                0x00000000000254fc                __sread
 .text.__swrite
                0x0000000000025524       0x38 /usr/local/Cellar/arm-none-eabi-gcc/9-2019-q4-major/gcc/bin/../lib/gcc/arm-none-eabi/9.2.1/../../../../arm-none-eabi/lib/thumb/v6-m/nofp/libc_nano.a(lib_a-stdio.o)
                0x0000000000025524                __swrite
 .text.__sseek  0x000000000002555c       0x2c /usr/local/Cellar/arm-none-eabi-gcc/9-2019-q4-major/gcc/bin/../lib/gcc/arm-none-eabi/9.2.1/../../../../arm-none-eabi/lib/thumb/v6-m/nofp/libc_nano.a(lib_a-stdio.o)
                0x000000000002555c                __sseek
 .text.__sclose
                0x0000000000025588        0xc /usr/local/Cellar/arm-none-eabi-gcc/9-2019-q4-major/gcc/bin/../lib/gcc/arm-none-eabi/9.2.1/../../../../arm-none-eabi/lib/thumb/v6-m/nofp/libc_nano.a(lib_a-stdio.o)
                0x0000000000025588                __sclose
 .text.__swbuf_r
                0x0000000000025594       0xac /usr/local/Cellar/arm-none-eabi-gcc/9-2019-q4-major/gcc/bin/../lib/gcc/arm-none-eabi/9.2.1/../../../../arm-none-eabi/lib/thumb/v6-m/nofp/libc_nano.a(lib_a-wbuf.o)
                0x0000000000025594                __swbuf_r
 .text._write_r
                0x0000000000025640       0x28 /usr/local/Cellar/arm-none-eabi-gcc/9-2019-q4-major/gcc/bin/../lib/gcc/arm-none-eabi/9.2.1/../../../../arm-none-eabi/lib/thumb/v6-m/nofp/libc_nano.a(lib_a-writer.o)
                0x0000000000025640                _write_r
 .text.__swsetup_r
                0x0000000000025668       0xf0 /usr/local/Cellar/arm-none-eabi-gcc/9-2019-q4-major/gcc/bin/../lib/gcc/arm-none-eabi/9.2.1/../../../../arm-none-eabi/lib/thumb/v6-m/nofp/libc_nano.a(lib_a-wsetup.o)
                0x0000000000025668                __swsetup_r
 .text._close_r
                0x0000000000025758       0x24 /usr/local/Cellar/arm-none-eabi-gcc/9-2019-q4-major/gcc/bin/../lib/gcc/arm-none-eabi/9.2.1/../../../../arm-none-eabi/lib/thumb/v6-m/nofp/libc_nano.a(lib_a-closer.o)
                0x0000000000025758                _close_r
 .text.__sflush_r
                0x000000000002577c      0x118 /usr/local/Cellar/arm-none-eabi-gcc/9-2019-q4-major/gcc/bin/../lib/gcc/arm-none-eabi/9.2.1/../../../../arm-none-eabi/lib/thumb/v6-m/nofp/libc_nano.a(lib_a-fflush.o)
                0x000000000002577c                __sflush_r
 .text._fflush_r
                0x0000000000025894       0x80 /usr/local/Cellar/arm-none-eabi-gcc/9-2019-q4-major/gcc/bin/../lib/gcc/arm-none-eabi/9.2.1/../../../../arm-none-eabi/lib/thumb/v6-m/nofp/libc_nano.a(lib_a-fflush.o)
                0x0000000000025894                _fflush_r
 .text._lseek_r
                0x0000000000025914       0x28 /usr/local/Cellar/arm-none-eabi-gcc/9-2019-q4-major/gcc/bin/../lib/gcc/arm-none-eabi/9.2.1/../../../../arm-none-eabi/lib/thumb/v6-m/nofp/libc_nano.a(lib_a-lseekr.o)
                0x0000000000025914                _lseek_r
 .text.__swhatbuf_r
                0x000000000002593c       0x50 /usr/local/Cellar/arm-none-eabi-gcc/9-2019-q4-major/gcc/bin/../lib/gcc/arm-none-eabi/9.2.1/../../../../arm-none-eabi/lib/thumb/v6-m/nofp/libc_nano.a(lib_a-makebuf.o)
                0x000000000002593c                __swhatbuf_r
 .text.__smakebuf_r
                0x000000000002598c       0x88 /usr/local/Cellar/arm-none-eabi-gcc/9-2019-q4-major/gcc/bin/../lib/gcc/arm-none-eabi/9.2.1/../../../../arm-none-eabi/lib/thumb/v6-m/nofp/libc_nano.a(lib_a-makebuf.o)
                0x000000000002598c                __smakebuf_r
 .text._read_r  0x0000000000025a14       0x28 /usr/local/Cellar/arm-none-eabi-gcc/9-2019-q4-major/gcc/bin/../lib/gcc/arm-none-eabi/9.2.1/../../../../arm-none-eabi/lib/thumb/v6-m/nofp/libc_nano.a(lib_a-readr.o)
                0x0000000000025a14                _read_r
 .text._fstat_r
                0x0000000000025a3c       0x24 /usr/local/Cellar/arm-none-eabi-gcc/9-2019-q4-major/gcc/bin/../lib/gcc/arm-none-eabi/9.2.1/../../../../arm-none-eabi/lib/thumb/v6-m/nofp/libc_nano.a(lib_a-fstatr.o)
                0x0000000000025a3c                _fstat_r
 .text._isatty_r
                0x0000000000025a60       0x24 /usr/local/Cellar/arm-none-eabi-gcc/9-2019-q4-major/gcc/bin/../lib/gcc/arm-none-eabi/9.2.1/../../../../arm-none-eabi/lib/thumb/v6-m/nofp/libc_nano.a(lib_a-isattyr.o)
                0x0000000000025a60                _isatty_r
 .text._close   0x0000000000025a84       0x10 /usr/local/Cellar/arm-none-eabi-gcc/9-2019-q4-major/gcc/bin/../lib/gcc/arm-none-eabi/9.2.1/../../../../arm-none-eabi/lib/thumb/v6-m/nofp/libnosys.a(close.o)
                0x0000000000025a84                _close
 .text._fstat   0x0000000000025a94       0x10 /usr/local/Cellar/arm-none-eabi-gcc/9-2019-q4-major/gcc/bin/../lib/gcc/arm-none-eabi/9.2.1/../../../../arm-none-eabi/lib/thumb/v6-m/nofp/libnosys.a(fstat.o)
                0x0000000000025a94                _fstat
 .text._isatty  0x0000000000025aa4       0x10 /usr/local/Cellar/arm-none-eabi-gcc/9-2019-q4-major/gcc/bin/../lib/gcc/arm-none-eabi/9.2.1/../../../../arm-none-eabi/lib/thumb/v6-m/nofp/libnosys.a(isatty.o)
                0x0000000000025aa4                _isatty
 .text._lseek   0x0000000000025ab4       0x10 /usr/local/Cellar/arm-none-eabi-gcc/9-2019-q4-major/gcc/bin/../lib/gcc/arm-none-eabi/9.2.1/../../../../arm-none-eabi/lib/thumb/v6-m/nofp/libnosys.a(lseek.o)
                0x0000000000025ab4                _lseek
 *(.init)
 .init          0x0000000000025ac4        0x4 /usr/local/Cellar/arm-none-eabi-gcc/9-2019-q4-major/gcc/bin/../lib/gcc/arm-none-eabi/9.2.1/thumb/v6-m/nofp/crti.o
                0x0000000000025ac4                _init
 .init          0x0000000000025ac8        0x8 /usr/local/Cellar/arm-none-eabi-gcc/9-2019-q4-major/gcc/bin/../lib/gcc/arm-none-eabi/9.2.1/thumb/v6-m/nofp/crtn.o
 *(.fini)
 .fini          0x0000000000025ad0        0x4 /usr/local/Cellar/arm-none-eabi-gcc/9-2019-q4-major/gcc/bin/../lib/gcc/arm-none-eabi/9.2.1/thumb/v6-m/nofp/crti.o
                0x0000000000025ad0                _fini
 .fini          0x0000000000025ad4        0x8 /usr/local/Cellar/arm-none-eabi-gcc/9-2019-q4-major/gcc/bin/../lib/gcc/arm-none-eabi/9.2.1/thumb/v6-m/nofp/crtn.o
 *crtbegin.o(.ctors)
 *crtbegin?.o(.ctors)
 *(EXCLUDE_FILE(*crtend.o *crtend?.o) .ctors)
 *(SORT_BY_NAME(.ctors.*))
 *(.ctors)
 *crtbegin.o(.dtors)
 *crtbegin?.o(.dtors)
 *(EXCLUDE_FILE(*crtend.o *crtend?.o) .dtors)
 *(SORT_BY_NAME(.dtors.*))
 *(.dtors)
 *(.rodata*)
 .rodata._global_impure_ptr
                0x0000000000025adc        0x4 /usr/local/Cellar/arm-none-eabi-gcc/9-2019-q4-major/gcc/bin/../lib/gcc/arm-none-eabi/9.2.1/../../../../arm-none-eabi/lib/thumb/v6-m/nofp/libc_nano.a(lib_a-impure.o)
                0x0000000000025adc                _global_impure_ptr
 .rodata._printf_float.str1.1
                0x0000000000025ae0       0x12 /usr/local/Cellar/arm-none-eabi-gcc/9-2019-q4-major/gcc/bin/../lib/gcc/arm-none-eabi/9.2.1/../../../../arm-none-eabi/lib/thumb/v6-m/nofp/libc_nano.a(lib_a-nano-vfprintf_float.o)
 .rodata._printf_i.str1.1
                0x0000000000025af2       0x22 /usr/local/Cellar/arm-none-eabi-gcc/9-2019-q4-major/gcc/bin/../lib/gcc/arm-none-eabi/9.2.1/../../../../arm-none-eabi/lib/thumb/v6-m/nofp/libc_nano.a(lib_a-nano-vfprintf_i.o)
 .rodata._dtoa_r.str1.1
                0x0000000000025b14        0xd /usr/local/Cellar/arm-none-eabi-gcc/9-2019-q4-major/gcc/bin/../lib/gcc/arm-none-eabi/9.2.1/../../../../arm-none-eabi/lib/thumb/v6-m/nofp/libc_nano.a(lib_a-dtoa.o)
                                          0xf (size before relaxing)
 *fill*         0x0000000000025b21        0x7 
 .rodata.__mprec_bigtens
                0x0000000000025b28       0x28 /usr/local/Cellar/arm-none-eabi-gcc/9-2019-q4-major/gcc/bin/../lib/gcc/arm-none-eabi/9.2.1/../../../../arm-none-eabi/lib/thumb/v6-m/nofp/libc_nano.a(lib_a-mprec.o)
                0x0000000000025b28                __mprec_bigtens
 .rodata.__mprec_tens
                0x0000000000025b50       0xc8 /usr/local/Cellar/arm-none-eabi-gcc/9-2019-q4-major/gcc/bin/../lib/gcc/arm-none-eabi/9.2.1/../../../../arm-none-eabi/lib/thumb/v6-m/nofp/libc_nano.a(lib_a-mprec.o)
                0x0000000000025b50                __mprec_tens
 .rodata.p05.6127
                0x0000000000025c18        0xc /usr/local/Cellar/arm-none-eabi-gcc/9-2019-q4-major/gcc/bin/../lib/gcc/arm-none-eabi/9.2.1/../../../../arm-none-eabi/lib/thumb/v6-m/nofp/libc_nano.a(lib_a-mprec.o)
 .rodata._setlocale_r.str1.1
                0x0000000000025c24        0x8 /usr/local/Cellar/arm-none-eabi-gcc/9-2019-q4-major/gcc/bin/../lib/gcc/arm-none-eabi/9.2.1/../../../../arm-none-eabi/lib/thumb/v6-m/nofp/libc_nano.a(lib_a-locale.o)
                                          0x9 (size before relaxing)
 .rodata.str1.1
                0x0000000000025c2c        0x2 /usr/local/Cellar/arm-none-eabi-gcc/9-2019-q4-major/gcc/bin/../lib/gcc/arm-none-eabi/9.2.1/../../../../arm-none-eabi/lib/thumb/v6-m/nofp/libc_nano.a(lib_a-locale.o)
 .rodata._ctype_
                0x0000000000025c2e      0x101 /usr/local/Cellar/arm-none-eabi-gcc/9-2019-q4-major/gcc/bin/../lib/gcc/arm-none-eabi/9.2.1/../../../../arm-none-eabi/lib/thumb/v6-m/nofp/libc_nano.a(lib_a-ctype_.o)
                0x0000000000025c2e                _ctype_
 *fill*         0x0000000000025d2f        0x1 
 .rodata.i2c    0x0000000000025d30        0x8 _build/main.o
 .rodata        0x0000000000025d38       0x8c _build/main.o
 .rodata        0x0000000000025dc4       0x20 _build/app_uart_fifo.o
 .rodata.m_default_config
                0x0000000000025de4       0x20 _build/nrf_drv_uart.o
 .rodata.m_default_config
                0x0000000000025e04       0x10 _build/nrf_drv_twi.o
 .rodata.m_idle
                0x0000000000025e14       0x10 _build/nrf_drv_twi.o
 .rodata.m_tx_suspended
                0x0000000000025e24       0x28 _build/nrf_drv_twi.o
 .rodata.m_rx_suspended
                0x0000000000025e4c       0x20 _build/nrf_drv_twi.o
 .rodata.m_stopped
                0x0000000000025e6c       0x18 _build/nrf_drv_twi.o
 .rodata.m_error
                0x0000000000025e84       0x18 _build/nrf_drv_twi.o
 .rodata.m_states_len
                0x0000000000025e9c       0x14 _build/nrf_drv_twi.o
 .rodata        0x0000000000025eb0       0x4d _build/nrf_drv_twi.o
 *fill*         0x0000000000025efd        0x3 
 .rodata        0x0000000000025f00       0x50 _build/i2c.o
 .rodata        0x0000000000025f50       0x7a _build/LSM303AGR.o
 *fill*         0x0000000000025fca        0x2 
 .rodata        0x0000000000025fcc       0x44 _build/app_timer.o
 .rodata.m_conn_params_timer_id
                0x0000000000026010        0x4 _build/ble_conn_params.o
 .rodata        0x0000000000026014       0x10 _build/ble_lbs.o
 .rodata        0x0000000000026024       0x62 _build/softdevice_handler.o
 *fill*         0x0000000000026086        0x2 
 .rodata.m_detection_delay_timer_id
                0x0000000000026088        0x4 _build/app_button.o
 *fill*         0x000000000002608c        0x4 
 .rodata.atanhi
                0x0000000000026090       0x20 /usr/local/Cellar/arm-none-eabi-gcc/9-2019-q4-major/gcc/bin/../lib/gcc/arm-none-eabi/9.2.1/../../../../arm-none-eabi/lib/thumb/v6-m/nofp/libm.a(lib_a-s_atan.o)
 .rodata.atanlo
                0x00000000000260b0       0x20 /usr/local/Cellar/arm-none-eabi-gcc/9-2019-q4-major/gcc/bin/../lib/gcc/arm-none-eabi/9.2.1/../../../../arm-none-eabi/lib/thumb/v6-m/nofp/libm.a(lib_a-s_atan.o)
 .rodata.pow.str1.4
                0x00000000000260d0        0x4 /usr/local/Cellar/arm-none-eabi-gcc/9-2019-q4-major/gcc/bin/../lib/gcc/arm-none-eabi/9.2.1/../../../../arm-none-eabi/lib/thumb/v6-m/nofp/libm.a(lib_a-w_pow.o)
 .rodata.sqrt.str1.4
                0x00000000000260d4        0x5 /usr/local/Cellar/arm-none-eabi-gcc/9-2019-q4-major/gcc/bin/../lib/gcc/arm-none-eabi/9.2.1/../../../../arm-none-eabi/lib/thumb/v6-m/nofp/libm.a(lib_a-w_sqrt.o)
 .rodata.__ieee754_pow.str1.4
                0x00000000000260d9        0x5 /usr/local/Cellar/arm-none-eabi-gcc/9-2019-q4-major/gcc/bin/../lib/gcc/arm-none-eabi/9.2.1/../../../../arm-none-eabi/lib/thumb/v6-m/nofp/libm.a(lib_a-e_pow.o)
                                          0x1 (size before relaxing)
 *fill*         0x00000000000260d9        0x7 
 .rodata.TWO52  0x00000000000260e0       0x10 /usr/local/Cellar/arm-none-eabi-gcc/9-2019-q4-major/gcc/bin/../lib/gcc/arm-none-eabi/9.2.1/../../../../arm-none-eabi/lib/thumb/v6-m/nofp/libm.a(lib_a-s_rint.o)
 .rodata        0x00000000000260f0       0x80 /usr/local/Cellar/arm-none-eabi-gcc/9-2019-q4-major/gcc/bin/../lib/gcc/arm-none-eabi/9.2.1/thumb/v6-m/nofp/libgcc.a(divsf3.o)
 .rodata        0x0000000000026170       0x40 /usr/local/Cellar/arm-none-eabi-gcc/9-2019-q4-major/gcc/bin/../lib/gcc/arm-none-eabi/9.2.1/thumb/v6-m/nofp/libgcc.a(mulsf3.o)
 .rodata        0x00000000000261b0       0x40 /usr/local/Cellar/arm-none-eabi-gcc/9-2019-q4-major/gcc/bin/../lib/gcc/arm-none-eabi/9.2.1/thumb/v6-m/nofp/libgcc.a(divdf3.o)
 .rodata        0x00000000000261f0       0x40 /usr/local/Cellar/arm-none-eabi-gcc/9-2019-q4-major/gcc/bin/../lib/gcc/arm-none-eabi/9.2.1/thumb/v6-m/nofp/libgcc.a(muldf3.o)
 .rodata.__sf_fake_stderr
                0x0000000000026230       0x20 /usr/local/Cellar/arm-none-eabi-gcc/9-2019-q4-major/gcc/bin/../lib/gcc/arm-none-eabi/9.2.1/../../../../arm-none-eabi/lib/thumb/v6-m/nofp/libc_nano.a(lib_a-findfp.o)
                0x0000000000026230                __sf_fake_stderr
 .rodata.__sf_fake_stdin
                0x0000000000026250       0x20 /usr/local/Cellar/arm-none-eabi-gcc/9-2019-q4-major/gcc/bin/../lib/gcc/arm-none-eabi/9.2.1/../../../../arm-none-eabi/lib/thumb/v6-m/nofp/libc_nano.a(lib_a-findfp.o)
                0x0000000000026250                __sf_fake_stdin
 .rodata.__sf_fake_stdout
                0x0000000000026270       0x20 /usr/local/Cellar/arm-none-eabi-gcc/9-2019-q4-major/gcc/bin/../lib/gcc/arm-none-eabi/9.2.1/../../../../arm-none-eabi/lib/thumb/v6-m/nofp/libc_nano.a(lib_a-findfp.o)
                0x0000000000026270                __sf_fake_stdout
 .rodata._vfprintf_r.str1.1
                0x0000000000026290       0x11 /usr/local/Cellar/arm-none-eabi-gcc/9-2019-q4-major/gcc/bin/../lib/gcc/arm-none-eabi/9.2.1/../../../../arm-none-eabi/lib/thumb/v6-m/nofp/libc_nano.a(lib_a-nano-vfprintf.o)
 *(.eh_frame*)
 *fill*         0x00000000000262a1        0x3 
 .eh_frame      0x00000000000262a4        0x0 /usr/local/Cellar/arm-none-eabi-gcc/9-2019-q4-major/gcc/bin/../lib/gcc/arm-none-eabi/9.2.1/thumb/v6-m/nofp/crtbegin.o
                0x00000000000262a4                . = ALIGN (0x4)

.glue_7         0x00000000000262a4        0x0
 .glue_7        0x00000000000262a4        0x0 linker stubs

.glue_7t        0x00000000000262a4        0x0
 .glue_7t       0x00000000000262a4        0x0 linker stubs

.vfp11_veneer   0x00000000000262a4        0x0
 .vfp11_veneer  0x00000000000262a4        0x0 linker stubs

.v4_bx          0x00000000000262a4        0x0
 .v4_bx         0x00000000000262a4        0x0 linker stubs

.iplt           0x00000000000262a4        0x0
 .iplt          0x00000000000262a4        0x0 /usr/local/Cellar/arm-none-eabi-gcc/9-2019-q4-major/gcc/bin/../lib/gcc/arm-none-eabi/9.2.1/thumb/v6-m/nofp/crtbegin.o

.ARM.extab      0x00000000000262a4        0x0
 *(.ARM.extab* .gnu.linkonce.armextab.*)
                0x00000000000262a4                . = ALIGN (0x4)
                0x00000000000262a4                __exidx_start = .

.ARM.exidx      0x00000000000262a4        0x8
 *(.ARM.exidx* .gnu.linkonce.armexidx.*)
 .ARM.exidx     0x00000000000262a4        0x8 /usr/local/Cellar/arm-none-eabi-gcc/9-2019-q4-major/gcc/bin/../lib/gcc/arm-none-eabi/9.2.1/../../../../arm-none-eabi/lib/thumb/v6-m/nofp/crt0.o
 .ARM.exidx     0x00000000000262ac        0x0 _build/gcc_startup_nrf51.o
                                          0x8 (size before relaxing)
                0x00000000000262ac                . = ALIGN (0x4)
                0x00000000000262ac                __exidx_end = .
                0x00000000000262ac                __etext = .

.rel.dyn        0x00000000000262ac        0x0
 .rel.iplt      0x00000000000262ac        0x0 /usr/local/Cellar/arm-none-eabi-gcc/9-2019-q4-major/gcc/bin/../lib/gcc/arm-none-eabi/9.2.1/thumb/v6-m/nofp/crtbegin.o

.data           0x0000000020002000      0x1fc load address 0x00000000000262ac
                0x0000000020002000                __data_start__ = .
 *(vtable)
 *(.data*)
 .data._impure_ptr
                0x0000000020002000        0x4 /usr/local/Cellar/arm-none-eabi-gcc/9-2019-q4-major/gcc/bin/../lib/gcc/arm-none-eabi/9.2.1/../../../../arm-none-eabi/lib/thumb/v6-m/nofp/libc_nano.a(lib_a-impure.o)
                0x0000000020002000                _impure_ptr
 .data.impure_data
                0x0000000020002004       0x60 /usr/local/Cellar/arm-none-eabi-gcc/9-2019-q4-major/gcc/bin/../lib/gcc/arm-none-eabi/9.2.1/../../../../arm-none-eabi/lib/thumb/v6-m/nofp/libc_nano.a(lib_a-impure.o)
 .data.__global_locale
                0x0000000020002064      0x16c /usr/local/Cellar/arm-none-eabi-gcc/9-2019-q4-major/gcc/bin/../lib/gcc/arm-none-eabi/9.2.1/../../../../arm-none-eabi/lib/thumb/v6-m/nofp/libc_nano.a(lib_a-locale.o)
                0x0000000020002064                __global_locale
 .data.m_conn_handle
                0x00000000200021d0        0x2 _build/main.o
 *fill*         0x00000000200021d2        0x2 
 .data.buttons.9138
                0x00000000200021d4        0x8 _build/main.o
 .data.mp_states
                0x00000000200021dc       0x14 _build/nrf_drv_twi.o
 .data.__fdlib_version
                0x00000000200021f0        0x1 /usr/local/Cellar/arm-none-eabi-gcc/9-2019-q4-major/gcc/bin/../lib/gcc/arm-none-eabi/9.2.1/../../../../arm-none-eabi/lib/thumb/v6-m/nofp/libm.a(lib_a-s_lib_ver.o)
                0x00000000200021f0                __fdlib_version
                0x00000000200021f4                . = ALIGN (0x4)
 *fill*         0x00000000200021f1        0x3 
                0x00000000200021f4                PROVIDE (__preinit_array_start = .)
 *(.preinit_array)
                0x00000000200021f4                PROVIDE (__preinit_array_end = .)
                0x00000000200021f4                . = ALIGN (0x4)
                0x00000000200021f4                PROVIDE (__init_array_start = .)
 *(SORT_BY_NAME(.init_array.*))
 *(.init_array)
 .init_array    0x00000000200021f4        0x4 /usr/local/Cellar/arm-none-eabi-gcc/9-2019-q4-major/gcc/bin/../lib/gcc/arm-none-eabi/9.2.1/thumb/v6-m/nofp/crtbegin.o
                0x00000000200021f8                PROVIDE (__init_array_end = .)
                0x00000000200021f8                . = ALIGN (0x4)
                [!provide]                        PROVIDE (__fini_array_start = .)
 *(SORT_BY_NAME(.fini_array.*))
 *(.fini_array)
 .fini_array    0x00000000200021f8        0x4 /usr/local/Cellar/arm-none-eabi-gcc/9-2019-q4-major/gcc/bin/../lib/gcc/arm-none-eabi/9.2.1/thumb/v6-m/nofp/crtbegin.o
                [!provide]                        PROVIDE (__fini_array_end = .)
 *(.jcr)
                0x00000000200021fc                . = ALIGN (0x4)
                0x00000000200021fc                __data_end__ = .

.igot.plt       0x00000000200021fc        0x0 load address 0x00000000000264a8
 .igot.plt      0x00000000200021fc        0x0 /usr/local/Cellar/arm-none-eabi-gcc/9-2019-q4-major/gcc/bin/../lib/gcc/arm-none-eabi/9.2.1/thumb/v6-m/nofp/crtbegin.o

.bss            0x00000000200021fc      0x524 load address 0x00000000000264a8
                0x00000000200021fc                . = ALIGN (0x4)
                0x00000000200021fc                __bss_start__ = .
 *(.bss*)
 .bss           0x00000000200021fc       0x1c /usr/local/Cellar/arm-none-eabi-gcc/9-2019-q4-major/gcc/bin/../lib/gcc/arm-none-eabi/9.2.1/thumb/v6-m/nofp/crtbegin.o
 .bss.__malloc_free_list
                0x0000000020002218        0x4 /usr/local/Cellar/arm-none-eabi-gcc/9-2019-q4-major/gcc/bin/../lib/gcc/arm-none-eabi/9.2.1/../../../../arm-none-eabi/lib/thumb/v6-m/nofp/libc_nano.a(lib_a-nano-mallocr.o)
                0x0000000020002218                __malloc_free_list
 .bss.__malloc_sbrk_start
                0x000000002000221c        0x4 /usr/local/Cellar/arm-none-eabi-gcc/9-2019-q4-major/gcc/bin/../lib/gcc/arm-none-eabi/9.2.1/../../../../arm-none-eabi/lib/thumb/v6-m/nofp/libc_nano.a(lib_a-nano-mallocr.o)
                0x000000002000221c                __malloc_sbrk_start
 .bss.heap_end.4144
                0x0000000020002220        0x4 /usr/local/Cellar/arm-none-eabi-gcc/9-2019-q4-major/gcc/bin/../lib/gcc/arm-none-eabi/9.2.1/../../../../arm-none-eabi/lib/thumb/v6-m/nofp/libnosys.a(sbrk.o)
 .bss.m_lbs     0x0000000020002224       0x1c _build/main.o
 .bss.APP_TIMER_BUF.9046
                0x0000000020002240      0x1c8 _build/main.o
 .bss.BLE_EVT_BUFFER.9116
                0x0000000020002408       0x48 _build/main.o
 .bss.rx_buf.9152
                0x0000000020002450        0x1 _build/main.o
 *fill*         0x0000000020002451        0x3 
 .bss.tx_buf.9153
                0x0000000020002454      0x100 _build/main.o
 .bss.m_event_handler
                0x0000000020002554        0x4 _build/app_uart_fifo.o
 .bss.tx_buffer
                0x0000000020002558        0x1 _build/app_uart_fifo.o
 .bss.tx_tmp    0x0000000020002559        0x1 _build/app_uart_fifo.o
 *fill*         0x000000002000255a        0x2 
 .bss.rx_buffer
                0x000000002000255c        0x1 _build/app_uart_fifo.o
 *fill*         0x000000002000255d        0x3 
 .bss.m_rx_fifo
                0x0000000020002560       0x10 _build/app_uart_fifo.o
 .bss.m_tx_fifo
                0x0000000020002570       0x10 _build/app_uart_fifo.o
 .bss.m_cb      0x0000000020002580       0x18 _build/nrf_drv_uart.o
 .bss.m_handlers
                0x0000000020002598        0x4 _build/nrf_drv_twi.o
 .bss.mp_contexts
                0x000000002000259c        0x4 _build/nrf_drv_twi.o
 .bss.m_cb      0x00000000200025a0       0x18 _build/nrf_drv_twi.o
 .bss.m_instances
                0x00000000200025b8        0x4 _build/nrf_drv_twi.o
 .bss.i2cInstance
                0x00000000200025bc        0x4 _build/i2c.o
 .bss.g_i2cDoRead
                0x00000000200025c0        0x1 _build/i2c.o
 .bss.g_i2cDoWrite
                0x00000000200025c1        0x1 _build/i2c.o
 .bss.g_numReadBytes
                0x00000000200025c2        0x1 _build/i2c.o
 *fill*         0x00000000200025c3        0x1 
 .bss.g_readDataPtr
                0x00000000200025c4        0x4 _build/i2c.o
 .bss.g_i2cAddress
                0x00000000200025c8        0x1 _build/i2c.o
 *fill*         0x00000000200025c9        0x3 
 .bss.writeRegData
                0x00000000200025cc        0x2 _build/LSM303AGR.o
 *fill*         0x00000000200025ce        0x2 
 .bss.LSM303calData
                0x00000000200025d0       0x28 _build/LSM303AGR.o
 .bss.m_user_array_size
                0x00000000200025f8        0x1 _build/app_timer.o
 *fill*         0x00000000200025f9        0x3 
 .bss.mp_users  0x00000000200025fc        0x4 _build/app_timer.o
 .bss.mp_timer_id_head
                0x0000000020002600        0x4 _build/app_timer.o
 .bss.m_ticks_latest
                0x0000000020002604        0x4 _build/app_timer.o
 .bss.m_ticks_elapsed
                0x0000000020002608        0x8 _build/app_timer.o
 .bss.m_ticks_elapsed_q_read_ind
                0x0000000020002610        0x1 _build/app_timer.o
 .bss.m_ticks_elapsed_q_write_ind
                0x0000000020002611        0x1 _build/app_timer.o
 *fill*         0x0000000020002612        0x2 
 .bss.m_evt_schedule_func
                0x0000000020002614        0x4 _build/app_timer.o
 .bss.m_rtc1_running
                0x0000000020002618        0x1 _build/app_timer.o
 .bss.m_rtc1_reset
                0x0000000020002619        0x1 _build/app_timer.o
 *fill*         0x000000002000261a        0x2 
 .bss.m_conn_params_config
                0x000000002000261c       0x1c _build/ble_conn_params.o
 .bss.m_preferred_conn_params
                0x0000000020002638        0x8 _build/ble_conn_params.o
 .bss.m_update_count
                0x0000000020002640        0x1 _build/ble_conn_params.o
 *fill*         0x0000000020002641        0x1 
 .bss.m_conn_handle
                0x0000000020002642        0x2 _build/ble_conn_params.o
 .bss.m_current_conn_params
                0x0000000020002644        0x8 _build/ble_conn_params.o
 .bss.m_conn_params_timer_id_data
                0x000000002000264c       0x20 _build/ble_conn_params.o
 .bss.m_change_param
                0x000000002000266c        0x1 _build/ble_conn_params.o
 *fill*         0x000000002000266d        0x3 
 .bss.m_evt_schedule_func
                0x0000000020002670        0x4 _build/softdevice_handler.o
 .bss.m_softdevice_enabled
                0x0000000020002674        0x1 _build/softdevice_handler.o
 *fill*         0x0000000020002675        0x3 
 .bss.mp_ble_evt_buffer
                0x0000000020002678        0x4 _build/softdevice_handler.o
 .bss.m_ble_evt_buffer_size
                0x000000002000267c        0x2 _build/softdevice_handler.o
 *fill*         0x000000002000267e        0x2 
 .bss.m_ble_evt_handler
                0x0000000020002680        0x4 _build/softdevice_handler.o
 .bss.m_sys_evt_handler
                0x0000000020002684        0x4 _build/softdevice_handler.o
 .bss.m_cb      0x0000000020002688       0x48 _build/nrf_drv_gpiote.o
 .bss.mp_buttons
                0x00000000200026d0        0x4 _build/app_button.o
 .bss.m_button_count
                0x00000000200026d4        0x1 _build/app_button.o
 *fill*         0x00000000200026d5        0x3 
 .bss.m_detection_delay
                0x00000000200026d8        0x4 _build/app_button.o
 .bss.m_detection_delay_timer_id_data
                0x00000000200026dc       0x20 _build/app_button.o
 .bss.m_pin_state
                0x00000000200026fc        0x4 _build/app_button.o
 .bss.m_pin_transition
                0x0000000020002700        0x4 _build/app_button.o
 *(COMMON)
 COMMON         0x0000000020002704        0x4 /usr/local/Cellar/arm-none-eabi-gcc/9-2019-q4-major/gcc/bin/../lib/gcc/arm-none-eabi/9.2.1/../../../../arm-none-eabi/lib/thumb/v6-m/nofp/libc_nano.a(lib_a-reent.o)
                0x0000000020002704                errno
 COMMON         0x0000000020002708        0x9 /usr/local/Cellar/arm-none-eabi-gcc/9-2019-q4-major/gcc/bin/../lib/gcc/arm-none-eabi/9.2.1/../../../../arm-none-eabi/lib/thumb/v6-m/nofp/libc_nano.a(lib_a-lock.o)
                0x0000000020002708                __lock___atexit_recursive_mutex
                0x0000000020002709                __lock___arc4random_mutex
                0x000000002000270a                __lock___env_recursive_mutex
                0x000000002000270b                __lock___sinit_recursive_mutex
                0x000000002000270c                __lock___malloc_recursive_mutex
                0x000000002000270d                __lock___at_quick_exit_mutex
                0x000000002000270e                __lock___dd_hash_mutex
                0x000000002000270f                __lock___tz_mutex
                0x0000000020002710                __lock___sfp_recursive_mutex
 *fill*         0x0000000020002711        0x3 
 COMMON         0x0000000020002714        0xc _build/app_error.o
                0x0000000020002714                m_p_file_name
                0x0000000020002718                m_error_code
                0x000000002000271c                m_line_num
                0x0000000020002720                . = ALIGN (0x4)
                0x0000000020002720                __bss_end__ = .

.heap           0x0000000020002720      0x800
                0x0000000020002720                __end__ = .
                0x0000000020002720                end = __end__
 *(.heap*)
 .heap          0x0000000020002720      0x800 _build/gcc_startup_nrf51.o
                0x0000000020002720                __HeapBase
                0x0000000020002f20                __HeapLimit = .

.stack_dummy    0x0000000020002720      0x800
 *(.stack*)
 .stack         0x0000000020002720      0x800 _build/gcc_startup_nrf51.o
                0x0000000020004000                __StackTop = (ORIGIN (RAM) + LENGTH (RAM))
                0x0000000020003800                __StackLimit = (__StackTop - SIZEOF (.stack_dummy))
                0x0000000020004000                PROVIDE (__stack = __StackTop)
                0x0000000000000001                ASSERT ((__StackLimit >= __HeapLimit), region RAM overflowed with stack)
OUTPUT(_build/nrf51822_xxaa_s110.out elf32-littlearm)

.ARM.attributes
                0x0000000000000000       0x28
 .ARM.attributes
                0x0000000000000000       0x1e /usr/local/Cellar/arm-none-eabi-gcc/9-2019-q4-major/gcc/bin/../lib/gcc/arm-none-eabi/9.2.1/thumb/v6-m/nofp/crti.o
 .ARM.attributes
                0x000000000000001e       0x2c /usr/local/Cellar/arm-none-eabi-gcc/9-2019-q4-major/gcc/bin/../lib/gcc/arm-none-eabi/9.2.1/thumb/v6-m/nofp/crtbegin.o
 .ARM.attributes
                0x000000000000004a       0x1b /usr/local/Cellar/arm-none-eabi-gcc/9-2019-q4-major/gcc/bin/../lib/gcc/arm-none-eabi/9.2.1/../../../../arm-none-eabi/lib/thumb/v6-m/nofp/crt0.o
 .ARM.attributes
                0x0000000000000065       0x2c /usr/local/Cellar/arm-none-eabi-gcc/9-2019-q4-major/gcc/bin/../lib/gcc/arm-none-eabi/9.2.1/../../../../arm-none-eabi/lib/thumb/v6-m/nofp/libc_nano.a(lib_a-exit.o)
 .ARM.attributes
                0x0000000000000091       0x2c /usr/local/Cellar/arm-none-eabi-gcc/9-2019-q4-major/gcc/bin/../lib/gcc/arm-none-eabi/9.2.1/../../../../arm-none-eabi/lib/thumb/v6-m/nofp/libc_nano.a(lib_a-impure.o)
 .ARM.attributes
                0x00000000000000bd       0x2c /usr/local/Cellar/arm-none-eabi-gcc/9-2019-q4-major/gcc/bin/../lib/gcc/arm-none-eabi/9.2.1/../../../../arm-none-eabi/lib/thumb/v6-m/nofp/libc_nano.a(lib_a-init.o)
 .ARM.attributes
                0x00000000000000e9       0x2c /usr/local/Cellar/arm-none-eabi-gcc/9-2019-q4-major/gcc/bin/../lib/gcc/arm-none-eabi/9.2.1/../../../../arm-none-eabi/lib/thumb/v6-m/nofp/libc_nano.a(lib_a-memset.o)
 .ARM.attributes
                0x0000000000000115       0x2c /usr/local/Cellar/arm-none-eabi-gcc/9-2019-q4-major/gcc/bin/../lib/gcc/arm-none-eabi/9.2.1/../../../../arm-none-eabi/lib/thumb/v6-m/nofp/libc_nano.a(lib_a-nano-vfprintf_float.o)
 .ARM.attributes
                0x0000000000000141       0x2c /usr/local/Cellar/arm-none-eabi-gcc/9-2019-q4-major/gcc/bin/../lib/gcc/arm-none-eabi/9.2.1/../../../../arm-none-eabi/lib/thumb/v6-m/nofp/libc_nano.a(lib_a-nano-vfprintf_i.o)
 .ARM.attributes
                0x000000000000016d       0x1c /usr/local/Cellar/arm-none-eabi-gcc/9-2019-q4-major/gcc/bin/../lib/gcc/arm-none-eabi/9.2.1/../../../../arm-none-eabi/lib/thumb/v6-m/nofp/libc_nano.a(lib_a-strlen.o)
 .ARM.attributes
                0x0000000000000189       0x2c /usr/local/Cellar/arm-none-eabi-gcc/9-2019-q4-major/gcc/bin/../lib/gcc/arm-none-eabi/9.2.1/../../../../arm-none-eabi/lib/thumb/v6-m/nofp/libc_nano.a(lib_a-dtoa.o)
 .ARM.attributes
                0x00000000000001b5       0x2c /usr/local/Cellar/arm-none-eabi-gcc/9-2019-q4-major/gcc/bin/../lib/gcc/arm-none-eabi/9.2.1/../../../../arm-none-eabi/lib/thumb/v6-m/nofp/libc_nano.a(lib_a-localeconv.o)
 .ARM.attributes
                0x00000000000001e1       0x2c /usr/local/Cellar/arm-none-eabi-gcc/9-2019-q4-major/gcc/bin/../lib/gcc/arm-none-eabi/9.2.1/../../../../arm-none-eabi/lib/thumb/v6-m/nofp/libc_nano.a(lib_a-malloc.o)
 .ARM.attributes
                0x000000000000020d       0x2c /usr/local/Cellar/arm-none-eabi-gcc/9-2019-q4-major/gcc/bin/../lib/gcc/arm-none-eabi/9.2.1/../../../../arm-none-eabi/lib/thumb/v6-m/nofp/libc_nano.a(lib_a-memchr-stub.o)
 .ARM.attributes
                0x0000000000000239       0x2c /usr/local/Cellar/arm-none-eabi-gcc/9-2019-q4-major/gcc/bin/../lib/gcc/arm-none-eabi/9.2.1/../../../../arm-none-eabi/lib/thumb/v6-m/nofp/libc_nano.a(lib_a-memcpy-stub.o)
 .ARM.attributes